Jul 31 00:24:15.677464 np0000032042 systemd[1]: Starting devstack@g-api.service - Devstack devstack@g-api.service...
Jul 31 00:24:15.681461 np0000032042 devstack@g-api.service[83243]: [uWSGI] getting INI configuration from /etc/glance/glance-uwsgi.ini
Jul 31 00:24:15.683639 np0000032042 devstack@g-api.service[83243]: *** Starting uWSGI 2.0.24-debian (64bit) on [Thu Jul 31 00:24:15 2025] ***
Jul 31 00:24:15.683639 np0000032042 devstack@g-api.service[83243]: compiled with version: 13.2.0 on 17 April 2024 16:23:48
Jul 31 00:24:15.683639 np0000032042 devstack@g-api.service[83243]: os: Linux-6.8.0-71-generic #71-Ubuntu SMP PREEMPT_DYNAMIC Tue Jul 22 16:52:38 UTC 2025
Jul 31 00:24:15.683639 np0000032042 devstack@g-api.service[83243]: nodename: np0000032042
Jul 31 00:24:15.683639 np0000032042 devstack@g-api.service[83243]: machine: x86_64
Jul 31 00:24:15.683639 np0000032042 devstack@g-api.service[83243]: clock source: unix
Jul 31 00:24:15.683639 np0000032042 devstack@g-api.service[83243]: pcre jit disabled
Jul 31 00:24:15.683639 np0000032042 devstack@g-api.service[83243]: detected number of CPU cores: 8
Jul 31 00:24:15.683639 np0000032042 devstack@g-api.service[83243]: current working directory: /
Jul 31 00:24:15.683639 np0000032042 devstack@g-api.service[83243]: detected binary path: /usr/bin/uwsgi-core
Jul 31 00:24:15.683639 np0000032042 devstack@g-api.service[83243]: your processes number limit is 31483
Jul 31 00:24:15.683639 np0000032042 devstack@g-api.service[83243]: your memory page size is 4096 bytes
Jul 31 00:24:15.683639 np0000032042 devstack@g-api.service[83243]: detected max file descriptor number: 2048
Jul 31 00:24:15.683639 np0000032042 devstack@g-api.service[83243]: lock engine: pthread robust mutexes
Jul 31 00:24:15.683911 np0000032042 devstack@g-api.service[83243]: thunder lock: enabled
Jul 31 00:24:15.683911 np0000032042 devstack@g-api.service[83243]: uwsgi socket 0 bound to TCP address 127.0.0.1:60999 fd 4
Jul 31 00:24:15.683911 np0000032042 devstack@g-api.service[83243]: Python version: 3.12.3 (main, Jun 18 2025, 17:59:45) [GCC 13.3.0]
Jul 31 00:24:15.683911 np0000032042 devstack@g-api.service[83243]: PEP 405 virtualenv detected: /opt/stack/data/venv
Jul 31 00:24:15.683911 np0000032042 devstack@g-api.service[83243]: Set PythonHome to /opt/stack/data/venv
Jul 31 00:24:15.711202 np0000032042 devstack@g-api.service[83243]: Python main interpreter initialized at 0x79515faa39e8
Jul 31 00:24:15.711202 np0000032042 devstack@g-api.service[83243]: python threads support enabled
Jul 31 00:24:15.711202 np0000032042 devstack@g-api.service[83243]: your server socket listen backlog is limited to 100 connections
Jul 31 00:24:15.711202 np0000032042 devstack@g-api.service[83243]: your mercy for graceful operations on workers is 80 seconds
Jul 31 00:24:15.711417 np0000032042 devstack@g-api.service[83243]: mapped 403077 bytes (393 KB) for 2 cores
Jul 31 00:24:15.711480 np0000032042 devstack@g-api.service[83243]: *** Operational MODE: preforking ***
Jul 31 00:24:15.711804 np0000032042 devstack@g-api.service[83243]: *** uWSGI is running in multiple interpreter mode ***
Jul 31 00:24:15.711804 np0000032042 devstack@g-api.service[83243]: spawned uWSGI master process (pid: 83243)
Jul 31 00:24:15.711883 np0000032042 systemd[1]: Started devstack@g-api.service - Devstack devstack@g-api.service.
Jul 31 00:24:15.712268 np0000032042 devstack@g-api.service[83243]: spawned uWSGI worker 1 (pid: 83244, cores: 1)
Jul 31 00:24:15.716443 np0000032042 devstack@g-api.service[83243]: spawned uWSGI worker 2 (pid: 83245, cores: 1)
Jul 31 00:24:15.716443 np0000032042 devstack@g-api.service[83243]: running "unix_signal:15 gracefully_kill_them_all" (master-start)...
Jul 31 00:24:16.389876 np0000032042 devstack@g-api.service[83244]: INFO glance.async_ [-] Threadpool model set to 'NativeThreadPoolModel'
Jul 31 00:24:16.421399 np0000032042 devstack@g-api.service[83245]: INFO glance.async_ [-] Threadpool model set to 'NativeThreadPoolModel'
Jul 31 00:24:16.450573 np0000032042 devstack@g-api.service[83244]: DEBUG oslo_concurrency.processutils [-] Running cmd (subprocess): grep -F node.session.scan /sbin/iscsiadm {{(pid=83244) execute /opt/stack/data/venv/lib/python3.12/site-packages/oslo_concurrency/processutils.py:349}}
Jul 31 00:24:16.456515 np0000032042 devstack@g-api.service[83244]: DEBUG oslo_concurrency.processutils [-] CMD "grep -F node.session.scan /sbin/iscsiadm" returned: 0 in 0.006s {{(pid=83244) execute /opt/stack/data/venv/lib/python3.12/site-packages/oslo_concurrency/processutils.py:372}}
Jul 31 00:24:16.486969 np0000032042 devstack@g-api.service[83245]: DEBUG oslo_concurrency.processutils [-] Running cmd (subprocess): grep -F node.session.scan /sbin/iscsiadm {{(pid=83245) execute /opt/stack/data/venv/lib/python3.12/site-packages/oslo_concurrency/processutils.py:349}}
Jul 31 00:24:16.492873 np0000032042 devstack@g-api.service[83245]: DEBUG oslo_concurrency.processutils [-] CMD "grep -F node.session.scan /sbin/iscsiadm" returned: 0 in 0.006s {{(pid=83245) execute /opt/stack/data/venv/lib/python3.12/site-packages/oslo_concurrency/processutils.py:372}}
Jul 31 00:24:16.507391 np0000032042 devstack@g-api.service[83244]: DEBUG glance_store.common.attachment_state_manager [-] Initialising _AttachmentStateManager {{(pid=83244) __init__ /opt/stack/data/venv/lib/python3.12/site-packages/glance_store/common/attachment_state_manager.py:86}}
Jul 31 00:24:16.541129 np0000032042 devstack@g-api.service[83245]: DEBUG glance_store.common.attachment_state_manager [-] Initialising _AttachmentStateManager {{(pid=83245) __init__ /opt/stack/data/venv/lib/python3.12/site-packages/glance_store/common/attachment_state_manager.py:86}}
Jul 31 00:24:16.736947 np0000032042 devstack@g-api.service[83244]: DEBUG glance_store.backend [-] Attempting to import store cinder {{(pid=83244) _load_store /opt/stack/data/venv/lib/python3.12/site-packages/glance_store/backend.py:216}}
Jul 31 00:24:16.737091 np0000032042 devstack@g-api.service[83244]: DEBUG glance_store.backend [-] Attempting to import store file {{(pid=83244) _load_store /opt/stack/data/venv/lib/python3.12/site-packages/glance_store/backend.py:216}}
Jul 31 00:24:16.737143 np0000032042 devstack@g-api.service[83244]: DEBUG glance_store.backend [-] Attempting to import store glance.store.cinder.Store {{(pid=83244) _load_store /opt/stack/data/venv/lib/python3.12/site-packages/glance_store/backend.py:216}}
Jul 31 00:24:16.737193 np0000032042 devstack@g-api.service[83245]: DEBUG glance_store.backend [-] Attempting to import store cinder {{(pid=83245) _load_store /opt/stack/data/venv/lib/python3.12/site-packages/glance_store/backend.py:216}}
Jul 31 00:24:16.737215 np0000032042 devstack@g-api.service[83244]: DEBUG glance_store.backend [-] Attempting to import store glance.store.filesystem.Store {{(pid=83244) _load_store /opt/stack/data/venv/lib/python3.12/site-packages/glance_store/backend.py:216}}
Jul 31 00:24:16.737274 np0000032042 devstack@g-api.service[83244]: DEBUG glance_store.backend [-] Attempting to import store glance.store.http.Store {{(pid=83244) _load_store /opt/stack/data/venv/lib/python3.12/site-packages/glance_store/backend.py:216}}
Jul 31 00:24:16.737334 np0000032042 devstack@g-api.service[83244]: DEBUG glance_store.backend [-] Attempting to import store glance.store.rbd.Store {{(pid=83244) _load_store /opt/stack/data/venv/lib/python3.12/site-packages/glance_store/backend.py:216}}
Jul 31 00:24:16.737390 np0000032042 devstack@g-api.service[83244]: DEBUG glance_store.backend [-] Attempting to import store glance.store.s3.Store {{(pid=83244) _load_store /opt/stack/data/venv/lib/python3.12/site-packages/glance_store/backend.py:216}}
Jul 31 00:24:16.737459 np0000032042 devstack@g-api.service[83244]: DEBUG glance_store.backend [-] Attempting to import store glance.store.swift.Store {{(pid=83244) _load_store /opt/stack/data/venv/lib/python3.12/site-packages/glance_store/backend.py:216}}
Jul 31 00:24:16.737535 np0000032042 devstack@g-api.service[83244]: DEBUG glance_store.backend [-] Attempting to import store glance.store.vmware_datastore.Store {{(pid=83244) _load_store /opt/stack/data/venv/lib/python3.12/site-packages/glance_store/backend.py:216}}
Jul 31 00:24:16.737574 np0000032042 devstack@g-api.service[83245]: DEBUG glance_store.backend [-] Attempting to import store file {{(pid=83245) _load_store /opt/stack/data/venv/lib/python3.12/site-packages/glance_store/backend.py:216}}
Jul 31 00:24:16.737616 np0000032042 devstack@g-api.service[83244]: DEBUG glance_store.backend [-] Attempting to import store http {{(pid=83244) _load_store /opt/stack/data/venv/lib/python3.12/site-packages/glance_store/backend.py:216}}
Jul 31 00:24:16.737694 np0000032042 devstack@g-api.service[83244]: DEBUG glance_store.backend [-] Attempting to import store no_conf {{(pid=83244) _load_store /opt/stack/data/venv/lib/python3.12/site-packages/glance_store/backend.py:216}}
Jul 31 00:24:16.737759 np0000032042 devstack@g-api.service[83245]: DEBUG glance_store.backend [-] Attempting to import store glance.store.cinder.Store {{(pid=83245) _load_store /opt/stack/data/venv/lib/python3.12/site-packages/glance_store/backend.py:216}}
Jul 31 00:24:16.737785 np0000032042 devstack@g-api.service[83244]: DEBUG glance_store.backend [-] Attempting to import store rbd {{(pid=83244) _load_store /opt/stack/data/venv/lib/python3.12/site-packages/glance_store/backend.py:216}}
Jul 31 00:24:16.737849 np0000032042 devstack@g-api.service[83244]: DEBUG glance_store.backend [-] Attempting to import store s3 {{(pid=83244) _load_store /opt/stack/data/venv/lib/python3.12/site-packages/glance_store/backend.py:216}}
Jul 31 00:24:16.737924 np0000032042 devstack@g-api.service[83245]: DEBUG glance_store.backend [-] Attempting to import store glance.store.filesystem.Store {{(pid=83245) _load_store /opt/stack/data/venv/lib/python3.12/site-packages/glance_store/backend.py:216}}
Jul 31 00:24:16.737951 np0000032042 devstack@g-api.service[83244]: DEBUG glance_store.backend [-] Attempting to import store swift {{(pid=83244) _load_store /opt/stack/data/venv/lib/python3.12/site-packages/glance_store/backend.py:216}}
Jul 31 00:24:16.738005 np0000032042 devstack@g-api.service[83244]: DEBUG glance_store.backend [-] Attempting to import store vmware {{(pid=83244) _load_store /opt/stack/data/venv/lib/python3.12/site-packages/glance_store/backend.py:216}}
Jul 31 00:24:16.738074 np0000032042 devstack@g-api.service[83245]: DEBUG glance_store.backend [-] Attempting to import store glance.store.http.Store {{(pid=83245) _load_store /opt/stack/data/venv/lib/python3.12/site-packages/glance_store/backend.py:216}}
Jul 31 00:24:16.738101 np0000032042 devstack@g-api.service[83244]: DEBUG glance_store.backend [-] Registering options for group glance_store {{(pid=83244) register_opts /opt/stack/data/venv/lib/python3.12/site-packages/glance_store/backend.py:145}}
Jul 31 00:24:16.738219 np0000032042 devstack@g-api.service[83245]: DEBUG glance_store.backend [-] Attempting to import store glance.store.rbd.Store {{(pid=83245) _load_store /opt/stack/data/venv/lib/python3.12/site-packages/glance_store/backend.py:216}}
Jul 31 00:24:16.738330 np0000032042 devstack@g-api.service[83245]: DEBUG glance_store.backend [-] Attempting to import store glance.store.s3.Store {{(pid=83245) _load_store /opt/stack/data/venv/lib/python3.12/site-packages/glance_store/backend.py:216}}
Jul 31 00:24:16.738357 np0000032042 devstack@g-api.service[83244]: DEBUG glance_store.backend [-] Registering options for group glance_store {{(pid=83244) register_opts /opt/stack/data/venv/lib/python3.12/site-packages/glance_store/backend.py:145}}
Jul 31 00:24:16.738455 np0000032042 devstack@g-api.service[83245]: DEBUG glance_store.backend [-] Attempting to import store glance.store.swift.Store {{(pid=83245) _load_store /opt/stack/data/venv/lib/python3.12/site-packages/glance_store/backend.py:216}}
Jul 31 00:24:16.738552 np0000032042 devstack@g-api.service[83245]: DEBUG glance_store.backend [-] Attempting to import store glance.store.vmware_datastore.Store {{(pid=83245) _load_store /opt/stack/data/venv/lib/python3.12/site-packages/glance_store/backend.py:216}}
Jul 31 00:24:16.738656 np0000032042 devstack@g-api.service[83245]: DEBUG glance_store.backend [-] Attempting to import store http {{(pid=83245) _load_store /opt/stack/data/venv/lib/python3.12/site-packages/glance_store/backend.py:216}}
Jul 31 00:24:16.738682 np0000032042 devstack@g-api.service[83244]: DEBUG glance_store.backend [-] Attempting to import store http {{(pid=83244) _load_store /opt/stack/data/venv/lib/python3.12/site-packages/glance_store/backend.py:216}}
Jul 31 00:24:16.741181 np0000032042 devstack@g-api.service[83245]: DEBUG glance_store.backend [-] Attempting to import store no_conf {{(pid=83245) _load_store /opt/stack/data/venv/lib/python3.12/site-packages/glance_store/backend.py:216}}
Jul 31 00:24:16.741181 np0000032042 devstack@g-api.service[83245]: DEBUG glance_store.backend [-] Attempting to import store rbd {{(pid=83245) _load_store /opt/stack/data/venv/lib/python3.12/site-packages/glance_store/backend.py:216}}
Jul 31 00:24:16.741287 np0000032042 devstack@g-api.service[83244]: DEBUG glance_store.capabilities [-] Store glance_store._drivers.http.Store doesn't support updating dynamic storage capabilities. Please overwrite 'update_capabilities' method of the store to implement updating logics if needed. {{(pid=83244) update_capabilities /opt/stack/data/venv/lib/python3.12/site-packages/glance_store/capabilities.py:91}}
Jul 31 00:24:16.741310 np0000032042 devstack@g-api.service[83245]: DEBUG glance_store.backend [-] Attempting to import store s3 {{(pid=83245) _load_store /opt/stack/data/venv/lib/python3.12/site-packages/glance_store/backend.py:216}}
Jul 31 00:24:16.741334 np0000032042 devstack@g-api.service[83244]: DEBUG glance_store.backend [-] Registering store http with schemes ('http', 'https') {{(pid=83244) create_stores /opt/stack/data/venv/lib/python3.12/site-packages/glance_store/backend.py:262}}
Jul 31 00:24:16.741352 np0000032042 devstack@g-api.service[83245]: DEBUG glance_store.backend [-] Attempting to import store swift {{(pid=83245) _load_store /opt/stack/data/venv/lib/python3.12/site-packages/glance_store/backend.py:216}}
Jul 31 00:24:16.741367 np0000032042 devstack@g-api.service[83244]: DEBUG glance_store.driver [-] Late loading location class glance_store._drivers.http.StoreLocation {{(pid=83244) get_store_location_class /opt/stack/data/venv/lib/python3.12/site-packages/glance_store/driver.py:136}}
Jul 31 00:24:16.741385 np0000032042 devstack@g-api.service[83245]: DEBUG glance_store.backend [-] Attempting to import store vmware {{(pid=83245) _load_store /opt/stack/data/venv/lib/python3.12/site-packages/glance_store/backend.py:216}}
Jul 31 00:24:16.741400 np0000032042 devstack@g-api.service[83244]: DEBUG glance_store.location [-] Registering scheme http with {'store': <glance_store._drivers.http.Store object at 0x79515b535fa0>, 'location_class': <class 'glance_store._drivers.http.StoreLocation'>, 'store_entry': 'http'} {{(pid=83244) register_scheme_map /opt/stack/data/venv/lib/python3.12/site-packages/glance_store/location.py:146}}
Jul 31 00:24:16.741416 np0000032042 devstack@g-api.service[83245]: DEBUG glance_store.backend [-] Registering options for group glance_store {{(pid=83245) register_opts /opt/stack/data/venv/lib/python3.12/site-packages/glance_store/backend.py:145}}
Jul 31 00:24:16.741432 np0000032042 devstack@g-api.service[83244]: DEBUG glance_store.location [-] Registering scheme https with {'store': <glance_store._drivers.http.Store object at 0x79515b535fa0>, 'location_class': <class 'glance_store._drivers.http.StoreLocation'>, 'store_entry': 'http'} {{(pid=83244) register_scheme_map /opt/stack/data/venv/lib/python3.12/site-packages/glance_store/location.py:146}}
Jul 31 00:24:16.741432 np0000032042 devstack@g-api.service[83244]: DEBUG glance_store.backend [-] Attempting to import store file {{(pid=83244) _load_store /opt/stack/data/venv/lib/python3.12/site-packages/glance_store/backend.py:216}}
Jul 31 00:24:16.741465 np0000032042 devstack@g-api.service[83245]: DEBUG glance_store.backend [-] Registering options for group glance_store {{(pid=83245) register_opts /opt/stack/data/venv/lib/python3.12/site-packages/glance_store/backend.py:145}}
Jul 31 00:24:16.741479 np0000032042 devstack@g-api.service[83244]: DEBUG glance_store.capabilities [-] Store glance_store._drivers.filesystem.Store doesn't support updating dynamic storage capabilities. Please overwrite 'update_capabilities' method of the store to implement updating logics if needed. {{(pid=83244) update_capabilities /opt/stack/data/venv/lib/python3.12/site-packages/glance_store/capabilities.py:91}}
Jul 31 00:24:16.741479 np0000032042 devstack@g-api.service[83244]: DEBUG glance_store.backend [-] Registering store file with schemes ('file', 'filesystem') {{(pid=83244) create_stores /opt/stack/data/venv/lib/python3.12/site-packages/glance_store/backend.py:262}}
Jul 31 00:24:16.741479 np0000032042 devstack@g-api.service[83244]: DEBUG glance_store.driver [-] Late loading location class glance_store._drivers.filesystem.StoreLocation {{(pid=83244) get_store_location_class /opt/stack/data/venv/lib/python3.12/site-packages/glance_store/driver.py:136}}
Jul 31 00:24:16.741479 np0000032042 devstack@g-api.service[83244]: DEBUG glance_store.location [-] Registering scheme file with {'store': <glance_store._drivers.filesystem.Store object at 0x79515ad07830>, 'location_class': <class 'glance_store._drivers.filesystem.StoreLocation'>, 'store_entry': 'file'} {{(pid=83244) register_scheme_map /opt/stack/data/venv/lib/python3.12/site-packages/glance_store/location.py:146}}
Jul 31 00:24:16.741541 np0000032042 devstack@g-api.service[83245]: DEBUG glance_store.backend [-] Attempting to import store http {{(pid=83245) _load_store /opt/stack/data/venv/lib/python3.12/site-packages/glance_store/backend.py:216}}
Jul 31 00:24:16.741556 np0000032042 devstack@g-api.service[83244]: DEBUG glance_store.location [-] Registering scheme filesystem with {'store': <glance_store._drivers.filesystem.Store object at 0x79515ad07830>, 'location_class': <class 'glance_store._drivers.filesystem.StoreLocation'>, 'store_entry': 'file'} {{(pid=83244) register_scheme_map /opt/stack/data/venv/lib/python3.12/site-packages/glance_store/location.py:146}}
Jul 31 00:24:16.741571 np0000032042 devstack@g-api.service[83245]: DEBUG glance_store.capabilities [-] Store glance_store._drivers.http.Store doesn't support updating dynamic storage capabilities. Please overwrite 'update_capabilities' method of the store to implement updating logics if needed. {{(pid=83245) update_capabilities /opt/stack/data/venv/lib/python3.12/site-packages/glance_store/capabilities.py:91}}
Jul 31 00:24:16.741571 np0000032042 devstack@g-api.service[83245]: DEBUG glance_store.backend [-] Registering store http with schemes ('http', 'https') {{(pid=83245) create_stores /opt/stack/data/venv/lib/python3.12/site-packages/glance_store/backend.py:262}}
Jul 31 00:24:16.741604 np0000032042 devstack@g-api.service[83244]: DEBUG glance.sqlite_migration [-] SQLite caching database not located, skipping migration {{(pid=83244) get_db_path /opt/stack/glance/glance/sqlite_migration.py:68}}
Jul 31 00:24:16.741618 np0000032042 devstack@g-api.service[83245]: DEBUG glance_store.driver [-] Late loading location class glance_store._drivers.http.StoreLocation {{(pid=83245) get_store_location_class /opt/stack/data/venv/lib/python3.12/site-packages/glance_store/driver.py:136}}
Jul 31 00:24:16.741618 np0000032042 devstack@g-api.service[83245]: DEBUG glance_store.location [-] Registering scheme http with {'store': <glance_store._drivers.http.Store object at 0x79515ad03110>, 'location_class': <class 'glance_store._drivers.http.StoreLocation'>, 'store_entry': 'http'} {{(pid=83245) register_scheme_map /opt/stack/data/venv/lib/python3.12/site-packages/glance_store/location.py:146}}
Jul 31 00:24:16.741618 np0000032042 devstack@g-api.service[83245]: DEBUG glance_store.location [-] Registering scheme https with {'store': <glance_store._drivers.http.Store object at 0x79515ad03110>, 'location_class': <class 'glance_store._drivers.http.StoreLocation'>, 'store_entry': 'http'} {{(pid=83245) register_scheme_map /opt/stack/data/venv/lib/python3.12/site-packages/glance_store/location.py:146}}
Jul 31 00:24:16.741618 np0000032042 devstack@g-api.service[83245]: DEBUG glance_store.backend [-] Attempting to import store file {{(pid=83245) _load_store /opt/stack/data/venv/lib/python3.12/site-packages/glance_store/backend.py:216}}
Jul 31 00:24:16.741675 np0000032042 devstack@g-api.service[83244]: WARNING glance.common.wsgi_app [-] Import methods are enabled but staging directory /tmp/staging/ does not exist; Imports will fail!
Jul 31 00:24:16.741692 np0000032042 devstack@g-api.service[83245]: DEBUG glance_store.capabilities [-] Store glance_store._drivers.filesystem.Store doesn't support updating dynamic storage capabilities. Please overwrite 'update_capabilities' method of the store to implement updating logics if needed. {{(pid=83245) update_capabilities /opt/stack/data/venv/lib/python3.12/site-packages/glance_store/capabilities.py:91}}
Jul 31 00:24:16.741692 np0000032042 devstack@g-api.service[83245]: DEBUG glance_store.backend [-] Registering store file with schemes ('file', 'filesystem') {{(pid=83245) create_stores /opt/stack/data/venv/lib/python3.12/site-packages/glance_store/backend.py:262}}
Jul 31 00:24:16.741692 np0000032042 devstack@g-api.service[83245]: DEBUG glance_store.driver [-] Late loading location class glance_store._drivers.filesystem.StoreLocation {{(pid=83245) get_store_location_class /opt/stack/data/venv/lib/python3.12/site-packages/glance_store/driver.py:136}}
Jul 31 00:24:16.741692 np0000032042 devstack@g-api.service[83245]: DEBUG glance_store.location [-] Registering scheme file with {'store': <glance_store._drivers.filesystem.Store object at 0x79515c8646e0>, 'location_class': <class 'glance_store._drivers.filesystem.StoreLocation'>, 'store_entry': 'file'} {{(pid=83245) register_scheme_map /opt/stack/data/venv/lib/python3.12/site-packages/glance_store/location.py:146}}
Jul 31 00:24:16.741692 np0000032042 devstack@g-api.service[83245]: DEBUG glance_store.location [-] Registering scheme filesystem with {'store': <glance_store._drivers.filesystem.Store object at 0x79515c8646e0>, 'location_class': <class 'glance_store._drivers.filesystem.StoreLocation'>, 'store_entry': 'file'} {{(pid=83245) register_scheme_map /opt/stack/data/venv/lib/python3.12/site-packages/glance_store/location.py:146}}
Jul 31 00:24:16.741692 np0000032042 devstack@g-api.service[83245]: DEBUG glance.sqlite_migration [-] SQLite caching database not located, skipping migration {{(pid=83245) get_db_path /opt/stack/glance/glance/sqlite_migration.py:68}}
Jul 31 00:24:16.741692 np0000032042 devstack@g-api.service[83245]: WARNING glance.common.wsgi_app [-] Import methods are enabled but staging directory /tmp/staging/ does not exist; Imports will fail!
Jul 31 00:24:16.995787 np0000032042 devstack@g-api.service[83245]: DEBUG glance.common.config [None req-c0d7bc1c-f9a3-46c6-abf4-97ca01e788f2 None None] Loading glance-api-keystone+cachemanagement from /etc/glance/glance-api-paste.ini {{(pid=83245) load_paste_app /opt/stack/glance/glance/common/config.py:750}}
Jul 31 00:24:16.997918 np0000032042 devstack@g-api.service[83244]: DEBUG glance.common.config [None req-d74ae549-718a-45e2-a5db-ef66e58f7cb9 None None] Loading glance-api-keystone+cachemanagement from /etc/glance/glance-api-paste.ini {{(pid=83244) load_paste_app /opt/stack/glance/glance/common/config.py:750}}
Jul 31 00:24:17.519868 np0000032042 devstack@g-api.service[83245]: INFO glance.image_cache [None req-c0d7bc1c-f9a3-46c6-abf4-97ca01e788f2 None None] Image cache loaded driver 'centralized_db'.
Jul 31 00:24:17.522176 np0000032042 devstack@g-api.service[83244]: INFO glance.image_cache [None req-d74ae549-718a-45e2-a5db-ef66e58f7cb9 None None] Image cache loaded driver 'centralized_db'.
Jul 31 00:24:17.553545 np0000032042 devstack@g-api.service[83245]: INFO dbcounter [None req-c0d7bc1c-f9a3-46c6-abf4-97ca01e788f2 None None] Registered counter for database glance
Jul 31 00:24:17.560042 np0000032042 devstack@g-api.service[83244]: INFO dbcounter [None req-d74ae549-718a-45e2-a5db-ef66e58f7cb9 None None] Registered counter for database glance
Jul 31 00:24:17.563620 np0000032042 devstack@g-api.service[83245]: DEBUG oslo_db.sqlalchemy.engines [None req-c0d7bc1c-f9a3-46c6-abf4-97ca01e788f2 None None] MySQL server mode set to STRICT_TRANS_TABLES,STRICT_ALL_TABLES,NO_ZERO_IN_DATE,NO_ZERO_DATE,ERROR_FOR_DIVISION_BY_ZERO,TRADITIONAL,NO_ENGINE_SUBSTITUTION {{(pid=83245) _check_effective_sql_mode /opt/stack/data/venv/lib/python3.12/site-packages/oslo_db/sqlalchemy/engines.py:397}}
Jul 31 00:24:17.570803 np0000032042 devstack@g-api.service[83244]: DEBUG oslo_db.sqlalchemy.engines [None req-d74ae549-718a-45e2-a5db-ef66e58f7cb9 None None] MySQL server mode set to STRICT_TRANS_TABLES,STRICT_ALL_TABLES,NO_ZERO_IN_DATE,NO_ZERO_DATE,ERROR_FOR_DIVISION_BY_ZERO,TRADITIONAL,NO_ENGINE_SUBSTITUTION {{(pid=83244) _check_effective_sql_mode /opt/stack/data/venv/lib/python3.12/site-packages/oslo_db/sqlalchemy/engines.py:397}}
Jul 31 00:24:17.581965 np0000032042 devstack@g-api.service[83245]: DEBUG dbcounter [-] [83245] Writer thread running {{(pid=83245) stat_writer /opt/stack/data/venv/lib/python3.12/site-packages/dbcounter.py:102}}
Jul 31 00:24:17.589197 np0000032042 devstack@g-api.service[83244]: DEBUG dbcounter [-] [83244] Writer thread running {{(pid=83244) stat_writer /opt/stack/data/venv/lib/python3.12/site-packages/dbcounter.py:102}}
Jul 31 00:24:17.591758 np0000032042 devstack@g-api.service[83244]: DEBUG glance.image_cache.drivers.centralized_db [None req-d74ae549-718a-45e2-a5db-ef66e58f7cb9 None None] Node reference is already recorded, ignoring it {{(pid=83244) configure /opt/stack/glance/glance/image_cache/drivers/centralized_db.py:71}}
Jul 31 00:24:17.593063 np0000032042 devstack@g-api.service[83245]: INFO glance.image_cache [None req-c0d7bc1c-f9a3-46c6-abf4-97ca01e788f2 None None] Image cache loaded driver 'centralized_db'.
Jul 31 00:24:17.598872 np0000032042 devstack@g-api.service[83244]: INFO glance.image_cache [None req-d74ae549-718a-45e2-a5db-ef66e58f7cb9 None None] Image cache loaded driver 'centralized_db'.
Jul 31 00:24:17.599054 np0000032042 devstack@g-api.service[83245]: DEBUG glance.image_cache.drivers.centralized_db [None req-c0d7bc1c-f9a3-46c6-abf4-97ca01e788f2 None None] Node reference is already recorded, ignoring it {{(pid=83245) configure /opt/stack/glance/glance/image_cache/drivers/centralized_db.py:71}}
Jul 31 00:24:17.603156 np0000032042 devstack@g-api.service[83245]: DEBUG glance.api.v2.cached_images [None req-c0d7bc1c-f9a3-46c6-abf4-97ca01e788f2 None None] Started cache worker thread {{(pid=83245) __init__ /opt/stack/glance/glance/api/v2/cached_images.py:69}}
Jul 31 00:24:17.603651 np0000032042 devstack@g-api.service[83245]: INFO glance.image_cache [None req-c0d7bc1c-f9a3-46c6-abf4-97ca01e788f2 None None] Image cache loaded driver 'centralized_db'.
Jul 31 00:24:17.604602 np0000032042 devstack@g-api.service[83244]: DEBUG glance.image_cache.drivers.centralized_db [None req-d74ae549-718a-45e2-a5db-ef66e58f7cb9 None None] Node reference is already recorded, ignoring it {{(pid=83244) configure /opt/stack/glance/glance/image_cache/drivers/centralized_db.py:71}}
Jul 31 00:24:17.608588 np0000032042 devstack@g-api.service[83244]: DEBUG glance.api.v2.cached_images [None req-d74ae549-718a-45e2-a5db-ef66e58f7cb9 None None] Started cache worker thread {{(pid=83244) __init__ /opt/stack/glance/glance/api/v2/cached_images.py:69}}
Jul 31 00:24:17.609082 np0000032042 devstack@g-api.service[83244]: INFO glance.image_cache [None req-d74ae549-718a-45e2-a5db-ef66e58f7cb9 None None] Image cache loaded driver 'centralized_db'.
Jul 31 00:24:17.609138 np0000032042 devstack@g-api.service[83245]: DEBUG glance.image_cache.drivers.centralized_db [None req-c0d7bc1c-f9a3-46c6-abf4-97ca01e788f2 None None] Node reference is already recorded, ignoring it {{(pid=83245) configure /opt/stack/glance/glance/image_cache/drivers/centralized_db.py:71}}
Jul 31 00:24:17.613151 np0000032042 devstack@g-api.service[83245]: INFO glance.api.middleware.cache_manage [None req-c0d7bc1c-f9a3-46c6-abf4-97ca01e788f2 None None] Initialized image cache management middleware
Jul 31 00:24:17.613271 np0000032042 devstack@g-api.service[83245]: INFO glance.image_cache [None req-c0d7bc1c-f9a3-46c6-abf4-97ca01e788f2 None None] Image cache loaded driver 'centralized_db'.
Jul 31 00:24:17.614748 np0000032042 devstack@g-api.service[83244]: DEBUG glance.image_cache.drivers.centralized_db [None req-d74ae549-718a-45e2-a5db-ef66e58f7cb9 None None] Node reference is already recorded, ignoring it {{(pid=83244) configure /opt/stack/glance/glance/image_cache/drivers/centralized_db.py:71}}
Jul 31 00:24:17.619352 np0000032042 devstack@g-api.service[83244]: INFO glance.api.middleware.cache_manage [None req-d74ae549-718a-45e2-a5db-ef66e58f7cb9 None None] Initialized image cache management middleware
Jul 31 00:24:17.619507 np0000032042 devstack@g-api.service[83244]: INFO glance.image_cache [None req-d74ae549-718a-45e2-a5db-ef66e58f7cb9 None None] Image cache loaded driver 'centralized_db'.
Jul 31 00:24:17.619792 np0000032042 devstack@g-api.service[83245]: DEBUG glance.image_cache.drivers.centralized_db [None req-c0d7bc1c-f9a3-46c6-abf4-97ca01e788f2 None None] Node reference is already recorded, ignoring it {{(pid=83245) configure /opt/stack/glance/glance/image_cache/drivers/centralized_db.py:71}}
Jul 31 00:24:17.622978 np0000032042 devstack@g-api.service[83245]: INFO glance.api.middleware.cache [None req-c0d7bc1c-f9a3-46c6-abf4-97ca01e788f2 None None] Initialized image cache middleware
Jul 31 00:24:17.627268 np0000032042 devstack@g-api.service[83244]: DEBUG glance.image_cache.drivers.centralized_db [None req-d74ae549-718a-45e2-a5db-ef66e58f7cb9 None None] Node reference is already recorded, ignoring it {{(pid=83244) configure /opt/stack/glance/glance/image_cache/drivers/centralized_db.py:71}}
Jul 31 00:24:17.628515 np0000032042 devstack@g-api.service[83245]: WARNING keystonemiddleware.auth_token [None req-c0d7bc1c-f9a3-46c6-abf4-97ca01e788f2 None None] AuthToken middleware is set with keystone_authtoken.service_token_roles_required set to False. This is backwards compatible but deprecated behaviour. Please set this to True.
Jul 31 00:24:17.630531 np0000032042 devstack@g-api.service[83244]: INFO glance.api.middleware.cache [None req-d74ae549-718a-45e2-a5db-ef66e58f7cb9 None None] Initialized image cache middleware
Jul 31 00:24:17.631914 np0000032042 devstack@g-api.service[83245]: WARNING keystonemiddleware.auth_token [None req-c0d7bc1c-f9a3-46c6-abf4-97ca01e788f2 None None] Configuring www_authenticate_uri to point to the public identity endpoint is required; clients may not be able to authenticate against an admin endpoint
Jul 31 00:24:17.635435 np0000032042 devstack@g-api.service[83245]: DEBUG glance.common.config [None req-c0d7bc1c-f9a3-46c6-abf4-97ca01e788f2 None None] ******************************************************************************** {{(pid=83245) log_opt_values /opt/stack/data/venv/lib/python3.12/site-packages/oslo_config/cfg.py:2804}}
Jul 31 00:24:17.635435 np0000032042 devstack@g-api.service[83245]: DEBUG glance.common.config [None req-c0d7bc1c-f9a3-46c6-abf4-97ca01e788f2 None None] Configuration options gathered from: {{(pid=83245) log_opt_values /opt/stack/data/venv/lib/python3.12/site-packages/oslo_config/cfg.py:2805}}
Jul 31 00:24:17.635750 np0000032042 devstack@g-api.service[83245]: DEBUG glance.common.config [None req-c0d7bc1c-f9a3-46c6-abf4-97ca01e788f2 None None] command line args: [] {{(pid=83245) log_opt_values /opt/stack/data/venv/lib/python3.12/site-packages/oslo_config/cfg.py:2806}}
Jul 31 00:24:17.635859 np0000032042 devstack@g-api.service[83244]: WARNING keystonemiddleware.auth_token [None req-d74ae549-718a-45e2-a5db-ef66e58f7cb9 None None] AuthToken middleware is set with keystone_authtoken.service_token_roles_required set to False. This is backwards compatible but deprecated behaviour. Please set this to True.
Jul 31 00:24:17.635914 np0000032042 devstack@g-api.service[83245]: DEBUG glance.common.config [None req-c0d7bc1c-f9a3-46c6-abf4-97ca01e788f2 None None] config files: ['/etc/glance/glance-image-import.conf', '/etc/glance/glance-api.conf'] {{(pid=83245) log_opt_values /opt/stack/data/venv/lib/python3.12/site-packages/oslo_config/cfg.py:2807}}
Jul 31 00:24:17.636007 np0000032042 devstack@g-api.service[83245]: DEBUG glance.common.config [None req-c0d7bc1c-f9a3-46c6-abf4-97ca01e788f2 None None] ================================================================================ {{(pid=83245) log_opt_values /opt/stack/data/venv/lib/python3.12/site-packages/oslo_config/cfg.py:2809}}
Jul 31 00:24:17.636147 np0000032042 devstack@g-api.service[83245]: DEBUG glance.common.config [None req-c0d7bc1c-f9a3-46c6-abf4-97ca01e788f2 None None] allow_anonymous_access         = False {{(pid=83245) log_opt_values /opt/stack/data/venv/lib/python3.12/site-packages/oslo_config/cfg.py:2817}}
Jul 31 00:24:17.636285 np0000032042 devstack@g-api.service[83245]: DEBUG glance.common.config [None req-c0d7bc1c-f9a3-46c6-abf4-97ca01e788f2 None None] api_limit_max                  = 1000 {{(pid=83245) log_opt_values /opt/stack/data/venv/lib/python3.12/site-packages/oslo_config/cfg.py:2817}}
Jul 31 00:24:17.636406 np0000032042 devstack@g-api.service[83245]: DEBUG glance.common.config [None req-c0d7bc1c-f9a3-46c6-abf4-97ca01e788f2 None None] backlog                        = 4096 {{(pid=83245) log_opt_values /opt/stack/data/venv/lib/python3.12/site-packages/oslo_config/cfg.py:2817}}
Jul 31 00:24:17.636561 np0000032042 devstack@g-api.service[83245]: DEBUG glance.common.config [None req-c0d7bc1c-f9a3-46c6-abf4-97ca01e788f2 None None] bind_host                      = 0.0.0.0 {{(pid=83245) log_opt_values /opt/stack/data/venv/lib/python3.12/site-packages/oslo_config/cfg.py:2817}}
Jul 31 00:24:17.636689 np0000032042 devstack@g-api.service[83245]: DEBUG glance.common.config [None req-c0d7bc1c-f9a3-46c6-abf4-97ca01e788f2 None None] bind_port                      = 19292 {{(pid=83245) log_opt_values /opt/stack/data/venv/lib/python3.12/site-packages/oslo_config/cfg.py:2817}}
Jul 31 00:24:17.636804 np0000032042 devstack@g-api.service[83245]: DEBUG glance.common.config [None req-c0d7bc1c-f9a3-46c6-abf4-97ca01e788f2 None None] client_socket_timeout          = 900 {{(pid=83245) log_opt_values /opt/stack/data/venv/lib/python3.12/site-packages/oslo_config/cfg.py:2817}}
Jul 31 00:24:17.636933 np0000032042 devstack@g-api.service[83245]: DEBUG glance.common.config [None req-c0d7bc1c-f9a3-46c6-abf4-97ca01e788f2 None None] config_dir                     = [] {{(pid=83245) log_opt_values /opt/stack/data/venv/lib/python3.12/site-packages/oslo_config/cfg.py:2817}}
Jul 31 00:24:17.637023 np0000032042 devstack@g-api.service[83245]: DEBUG glance.common.config [None req-c0d7bc1c-f9a3-46c6-abf4-97ca01e788f2 None None] config_file                    = ['/etc/glance/glance-image-import.conf', '/etc/glance/glance-api.conf'] {{(pid=83245) log_opt_values /opt/stack/data/venv/lib/python3.12/site-packages/oslo_config/cfg.py:2817}}
Jul 31 00:24:17.637140 np0000032042 devstack@g-api.service[83245]: DEBUG glance.common.config [None req-c0d7bc1c-f9a3-46c6-abf4-97ca01e788f2 None None] config_source                  = [] {{(pid=83245) log_opt_values /opt/stack/data/venv/lib/python3.12/site-packages/oslo_config/cfg.py:2817}}
Jul 31 00:24:17.637273 np0000032042 devstack@g-api.service[83245]: DEBUG glance.common.config [None req-c0d7bc1c-f9a3-46c6-abf4-97ca01e788f2 None None] control_exchange               = glance {{(pid=83245) log_opt_values /opt/stack/data/venv/lib/python3.12/site-packages/oslo_config/cfg.py:2817}}
Jul 31 00:24:17.637360 np0000032042 devstack@g-api.service[83245]: DEBUG glance.common.config [None req-c0d7bc1c-f9a3-46c6-abf4-97ca01e788f2 None None] debug                          = True {{(pid=83245) log_opt_values /opt/stack/data/venv/lib/python3.12/site-packages/oslo_config/cfg.py:2817}}
Jul 31 00:24:17.637584 np0000032042 devstack@g-api.service[83245]: DEBUG glance.common.config [None req-c0d7bc1c-f9a3-46c6-abf4-97ca01e788f2 None None] default_log_levels             = ['amqp=WARN', 'amqplib=WARN', 'boto=WARN', 'qpid=WARN', 'sqlalchemy=WARN', 'suds=INFO', 'oslo.messaging=INFO', 'oslo_messaging=INFO', 'iso8601=WARN', 'requests.packages.urllib3.connectionpool=WARN', 'urllib3.connectionpool=WARN', 'websocket=WARN', 'requests.packages.urllib3.util.retry=WARN', 'urllib3.util.retry=WARN', 'keystonemiddleware=WARN', 'routes.middleware=WARN', 'stevedore=WARN', 'taskflow=WARN', 'keystoneauth=WARN', 'oslo.cache=INFO', 'oslo_policy=INFO', 'dogpile.core.dogpile=INFO'] {{(pid=83245) log_opt_values /opt/stack/data/venv/lib/python3.12/site-packages/oslo_config/cfg.py:2817}}
Jul 31 00:24:17.637705 np0000032042 devstack@g-api.service[83245]: DEBUG glance.common.config [None req-c0d7bc1c-f9a3-46c6-abf4-97ca01e788f2 None None] default_publisher_id           = image.localhost {{(pid=83245) log_opt_values /opt/stack/data/venv/lib/python3.12/site-packages/oslo_config/cfg.py:2817}}
Jul 31 00:24:17.637819 np0000032042 devstack@g-api.service[83245]: DEBUG glance.common.config [None req-c0d7bc1c-f9a3-46c6-abf4-97ca01e788f2 None None] delayed_delete                 = False {{(pid=83245) log_opt_values /opt/stack/data/venv/lib/python3.12/site-packages/oslo_config/cfg.py:2817}}
Jul 31 00:24:17.637957 np0000032042 devstack@g-api.service[83245]: DEBUG glance.common.config [None req-c0d7bc1c-f9a3-46c6-abf4-97ca01e788f2 None None] digest_algorithm               = sha256 {{(pid=83245) log_opt_values /opt/stack/data/venv/lib/python3.12/site-packages/oslo_config/cfg.py:2817}}
Jul 31 00:24:17.638085 np0000032042 devstack@g-api.service[83245]: DEBUG glance.common.config [None req-c0d7bc1c-f9a3-46c6-abf4-97ca01e788f2 None None] disabled_notifications         = [] {{(pid=83245) log_opt_values /opt/stack/data/venv/lib/python3.12/site-packages/oslo_config/cfg.py:2817}}
Jul 31 00:24:17.638560 np0000032042 devstack@g-api.service[83245]: DEBUG glance.common.config [None req-c0d7bc1c-f9a3-46c6-abf4-97ca01e788f2 None None] do_secure_hash                 = True {{(pid=83245) log_opt_values /opt/stack/data/venv/lib/python3.12/site-packages/oslo_config/cfg.py:2817}}
Jul 31 00:24:17.638560 np0000032042 devstack@g-api.service[83245]: DEBUG glance.common.config [None req-c0d7bc1c-f9a3-46c6-abf4-97ca01e788f2 None None] enabled_backends               = None {{(pid=83245) log_opt_values /opt/stack/data/venv/lib/python3.12/site-packages/oslo_config/cfg.py:2817}}
Jul 31 00:24:17.638560 np0000032042 devstack@g-api.service[83245]: DEBUG glance.common.config [None req-c0d7bc1c-f9a3-46c6-abf4-97ca01e788f2 None None] enabled_import_methods         = ['glance-direct', 'web-download', 'copy-image'] {{(pid=83245) log_opt_values /opt/stack/data/venv/lib/python3.12/site-packages/oslo_config/cfg.py:2817}}
Jul 31 00:24:17.638673 np0000032042 devstack@g-api.service[83245]: DEBUG glance.common.config [None req-c0d7bc1c-f9a3-46c6-abf4-97ca01e788f2 None None] hashing_algorithm              = sha512 {{(pid=83245) log_opt_values /opt/stack/data/venv/lib/python3.12/site-packages/oslo_config/cfg.py:2817}}
Jul 31 00:24:17.638771 np0000032042 devstack@g-api.service[83245]: DEBUG glance.common.config [None req-c0d7bc1c-f9a3-46c6-abf4-97ca01e788f2 None None] http_keepalive                 = True {{(pid=83245) log_opt_values /opt/stack/data/venv/lib/python3.12/site-packages/oslo_config/cfg.py:2817}}
Jul 31 00:24:17.638884 np0000032042 devstack@g-api.service[83245]: DEBUG glance.common.config [None req-c0d7bc1c-f9a3-46c6-abf4-97ca01e788f2 None None] http_retries                   = 3 {{(pid=83245) log_opt_values /opt/stack/data/venv/lib/python3.12/site-packages/oslo_config/cfg.py:2817}}
Jul 31 00:24:17.639011 np0000032042 devstack@g-api.service[83244]: WARNING keystonemiddleware.auth_token [None req-d74ae549-718a-45e2-a5db-ef66e58f7cb9 None None] Configuring www_authenticate_uri to point to the public identity endpoint is required; clients may not be able to authenticate against an admin endpoint
Jul 31 00:24:17.639052 np0000032042 devstack@g-api.service[83245]: DEBUG glance.common.config [None req-c0d7bc1c-f9a3-46c6-abf4-97ca01e788f2 None None] image_cache_dir                = /opt/stack/data/glance/cache/ {{(pid=83245) log_opt_values /opt/stack/data/venv/lib/python3.12/site-packages/oslo_config/cfg.py:2817}}
Jul 31 00:24:17.639131 np0000032042 devstack@g-api.service[83245]: DEBUG glance.common.config [None req-c0d7bc1c-f9a3-46c6-abf4-97ca01e788f2 None None] image_cache_driver             = centralized_db {{(pid=83245) log_opt_values /opt/stack/data/venv/lib/python3.12/site-packages/oslo_config/cfg.py:2817}}
Jul 31 00:24:17.639264 np0000032042 devstack@g-api.service[83245]: DEBUG glance.common.config [None req-c0d7bc1c-f9a3-46c6-abf4-97ca01e788f2 None None] image_cache_max_size           = 10737418240 {{(pid=83245) log_opt_values /opt/stack/data/venv/lib/python3.12/site-packages/oslo_config/cfg.py:2817}}
Jul 31 00:24:17.639390 np0000032042 devstack@g-api.service[83245]: DEBUG glance.common.config [None req-c0d7bc1c-f9a3-46c6-abf4-97ca01e788f2 None None] image_cache_sqlite_db          = cache.db {{(pid=83245) log_opt_values /opt/stack/data/venv/lib/python3.12/site-packages/oslo_config/cfg.py:2817}}
Jul 31 00:24:17.639510 np0000032042 devstack@g-api.service[83245]: DEBUG glance.common.config [None req-c0d7bc1c-f9a3-46c6-abf4-97ca01e788f2 None None] image_cache_stall_time         = 86400 {{(pid=83245) log_opt_values /opt/stack/data/venv/lib/python3.12/site-packages/oslo_config/cfg.py:2817}}
Jul 31 00:24:17.639621 np0000032042 devstack@g-api.service[83245]: DEBUG glance.common.config [None req-c0d7bc1c-f9a3-46c6-abf4-97ca01e788f2 None None] image_location_quota           = 10 {{(pid=83245) log_opt_values /opt/stack/data/venv/lib/python3.12/site-packages/oslo_config/cfg.py:2817}}
Jul 31 00:24:17.639732 np0000032042 devstack@g-api.service[83245]: DEBUG glance.common.config [None req-c0d7bc1c-f9a3-46c6-abf4-97ca01e788f2 None None] image_member_quota             = 128 {{(pid=83245) log_opt_values /opt/stack/data/venv/lib/python3.12/site-packages/oslo_config/cfg.py:2817}}
Jul 31 00:24:17.639844 np0000032042 devstack@g-api.service[83245]: DEBUG glance.common.config [None req-c0d7bc1c-f9a3-46c6-abf4-97ca01e788f2 None None] image_property_quota           = 128 {{(pid=83245) log_opt_values /opt/stack/data/venv/lib/python3.12/site-packages/oslo_config/cfg.py:2817}}
Jul 31 00:24:17.639967 np0000032042 devstack@g-api.service[83245]: DEBUG glance.common.config [None req-c0d7bc1c-f9a3-46c6-abf4-97ca01e788f2 None None] image_size_cap                 = 1099511627776 {{(pid=83245) log_opt_values /opt/stack/data/venv/lib/python3.12/site-packages/oslo_config/cfg.py:2817}}
Jul 31 00:24:17.640079 np0000032042 devstack@g-api.service[83245]: DEBUG glance.common.config [None req-c0d7bc1c-f9a3-46c6-abf4-97ca01e788f2 None None] image_tag_quota                = 128 {{(pid=83245) log_opt_values /opt/stack/data/venv/lib/python3.12/site-packages/oslo_config/cfg.py:2817}}
Jul 31 00:24:17.640210 np0000032042 devstack@g-api.service[83245]: DEBUG glance.common.config [None req-c0d7bc1c-f9a3-46c6-abf4-97ca01e788f2 None None] instance_format                = [instance: %(uuid)s]  {{(pid=83245) log_opt_values /opt/stack/data/venv/lib/python3.12/site-packages/oslo_config/cfg.py:2817}}
Jul 31 00:24:17.640327 np0000032042 devstack@g-api.service[83245]: DEBUG glance.common.config [None req-c0d7bc1c-f9a3-46c6-abf4-97ca01e788f2 None None] instance_uuid_format           = [instance: %(uuid)s]  {{(pid=83245) log_opt_values /opt/stack/data/venv/lib/python3.12/site-packages/oslo_config/cfg.py:2817}}
Jul 31 00:24:17.640464 np0000032042 devstack@g-api.service[83245]: DEBUG glance.common.config [None req-c0d7bc1c-f9a3-46c6-abf4-97ca01e788f2 None None] limit_param_default            = 25 {{(pid=83245) log_opt_values /opt/stack/data/venv/lib/python3.12/site-packages/oslo_config/cfg.py:2817}}
Jul 31 00:24:17.641276 np0000032042 devstack@g-api.service[83245]: DEBUG glance.common.config [None req-c0d7bc1c-f9a3-46c6-abf4-97ca01e788f2 None None] log_color                      = False {{(pid=83245) log_opt_values /opt/stack/data/venv/lib/python3.12/site-packages/oslo_config/cfg.py:2817}}
Jul 31 00:24:17.641276 np0000032042 devstack@g-api.service[83245]: DEBUG glance.common.config [None req-c0d7bc1c-f9a3-46c6-abf4-97ca01e788f2 None None] log_config_append              = None {{(pid=83245) log_opt_values /opt/stack/data/venv/lib/python3.12/site-packages/oslo_config/cfg.py:2817}}
Jul 31 00:24:17.641276 np0000032042 devstack@g-api.service[83245]: DEBUG glance.common.config [None req-c0d7bc1c-f9a3-46c6-abf4-97ca01e788f2 None None] log_date_format                = %Y-%m-%d %H:%M:%S {{(pid=83245) log_opt_values /opt/stack/data/venv/lib/python3.12/site-packages/oslo_config/cfg.py:2817}}
Jul 31 00:24:17.641276 np0000032042 devstack@g-api.service[83245]: DEBUG glance.common.config [None req-c0d7bc1c-f9a3-46c6-abf4-97ca01e788f2 None None] log_dir                        = None {{(pid=83245) log_opt_values /opt/stack/data/venv/lib/python3.12/site-packages/oslo_config/cfg.py:2817}}
Jul 31 00:24:17.641276 np0000032042 devstack@g-api.service[83245]: DEBUG glance.common.config [None req-c0d7bc1c-f9a3-46c6-abf4-97ca01e788f2 None None] log_file                       = None {{(pid=83245) log_opt_values /opt/stack/data/venv/lib/python3.12/site-packages/oslo_config/cfg.py:2817}}
Jul 31 00:24:17.641276 np0000032042 devstack@g-api.service[83245]: DEBUG glance.common.config [None req-c0d7bc1c-f9a3-46c6-abf4-97ca01e788f2 None None] log_rotate_interval            = 1 {{(pid=83245) log_opt_values /opt/stack/data/venv/lib/python3.12/site-packages/oslo_config/cfg.py:2817}}
Jul 31 00:24:17.641497 np0000032042 devstack@g-api.service[83245]: DEBUG glance.common.config [None req-c0d7bc1c-f9a3-46c6-abf4-97ca01e788f2 None None] log_rotate_interval_type       = days {{(pid=83245) log_opt_values /opt/stack/data/venv/lib/python3.12/site-packages/oslo_config/cfg.py:2817}}
Jul 31 00:24:17.641552 np0000032042 devstack@g-api.service[83245]: DEBUG glance.common.config [None req-c0d7bc1c-f9a3-46c6-abf4-97ca01e788f2 None None] log_rotation_type              = none {{(pid=83245) log_opt_values /opt/stack/data/venv/lib/python3.12/site-packages/oslo_config/cfg.py:2817}}
Jul 31 00:24:17.641651 np0000032042 devstack@g-api.service[83245]: DEBUG glance.common.config [None req-c0d7bc1c-f9a3-46c6-abf4-97ca01e788f2 None None] logging_context_format_string  = %(color)s%(levelname)s %(name)s [%(global_request_id)s %(request_id)s %(project_name)s %(user_name)s%(color)s] %(instance)s%(color)s%(message)s {{(pid=83245) log_opt_values /opt/stack/data/venv/lib/python3.12/site-packages/oslo_config/cfg.py:2817}}
Jul 31 00:24:17.641738 np0000032042 devstack@g-api.service[83245]: DEBUG glance.common.config [None req-c0d7bc1c-f9a3-46c6-abf4-97ca01e788f2 None None] logging_debug_format_suffix    = {{(pid=%(process)d) %(funcName)s %(pathname)s:%(lineno)d}} {{(pid=83245) log_opt_values /opt/stack/data/venv/lib/python3.12/site-packages/oslo_config/cfg.py:2817}}
Jul 31 00:24:17.641775 np0000032042 devstack@g-api.service[83244]: DEBUG glance.common.config [None req-d74ae549-718a-45e2-a5db-ef66e58f7cb9 None None] ******************************************************************************** {{(pid=83244) log_opt_values /opt/stack/data/venv/lib/python3.12/site-packages/oslo_config/cfg.py:2804}}
Jul 31 00:24:17.641839 np0000032042 devstack@g-api.service[83244]: DEBUG glance.common.config [None req-d74ae549-718a-45e2-a5db-ef66e58f7cb9 None None] Configuration options gathered from: {{(pid=83244) log_opt_values /opt/stack/data/venv/lib/python3.12/site-packages/oslo_config/cfg.py:2805}}
Jul 31 00:24:17.641878 np0000032042 devstack@g-api.service[83245]: DEBUG glance.common.config [None req-c0d7bc1c-f9a3-46c6-abf4-97ca01e788f2 None None] logging_default_format_string  = %(color)s%(levelname)s %(name)s [-%(color)s] %(instance)s%(color)s%(message)s {{(pid=83245) log_opt_values /opt/stack/data/venv/lib/python3.12/site-packages/oslo_config/cfg.py:2817}}
Jul 31 00:24:17.641994 np0000032042 devstack@g-api.service[83245]: DEBUG glance.common.config [None req-c0d7bc1c-f9a3-46c6-abf4-97ca01e788f2 None None] logging_exception_prefix       = ERROR %(name)s %(instance)s {{(pid=83245) log_opt_values /opt/stack/data/venv/lib/python3.12/site-packages/oslo_config/cfg.py:2817}}
Jul 31 00:24:17.642082 np0000032042 devstack@g-api.service[83245]: DEBUG glance.common.config [None req-c0d7bc1c-f9a3-46c6-abf4-97ca01e788f2 None None] logging_user_identity_format   = %(user)s %(project)s %(domain)s %(system_scope)s %(user_domain)s %(project_domain)s {{(pid=83245) log_opt_values /opt/stack/data/venv/lib/python3.12/site-packages/oslo_config/cfg.py:2817}}
Jul 31 00:24:17.642119 np0000032042 devstack@g-api.service[83244]: DEBUG glance.common.config [None req-d74ae549-718a-45e2-a5db-ef66e58f7cb9 None None] command line args: [] {{(pid=83244) log_opt_values /opt/stack/data/venv/lib/python3.12/site-packages/oslo_config/cfg.py:2806}}
Jul 31 00:24:17.642202 np0000032042 devstack@g-api.service[83244]: DEBUG glance.common.config [None req-d74ae549-718a-45e2-a5db-ef66e58f7cb9 None None] config files: ['/etc/glance/glance-image-import.conf', '/etc/glance/glance-api.conf'] {{(pid=83244) log_opt_values /opt/stack/data/venv/lib/python3.12/site-packages/oslo_config/cfg.py:2807}}
