Jul 30 11:04:47.412002 np0000031993 systemd[1]: Starting devstack@g-api.service - Devstack devstack@g-api.service...
Jul 30 11:04:47.415606 np0000031993 devstack@g-api.service[79883]: [uWSGI] getting INI configuration from /etc/glance/glance-uwsgi.ini
Jul 30 11:04:47.417760 np0000031993 devstack@g-api.service[79883]: *** Starting uWSGI 2.0.24-debian (64bit) on [Wed Jul 30 11:04:47 2025] ***
Jul 30 11:04:47.417760 np0000031993 devstack@g-api.service[79883]: compiled with version: 13.2.0 on 17 April 2024 16:23:48
Jul 30 11:04:47.417760 np0000031993 devstack@g-api.service[79883]: os: Linux-6.8.0-71-generic #71-Ubuntu SMP PREEMPT_DYNAMIC Tue Jul 22 16:52:38 UTC 2025
Jul 30 11:04:47.417760 np0000031993 devstack@g-api.service[79883]: nodename: np0000031993
Jul 30 11:04:47.417760 np0000031993 devstack@g-api.service[79883]: machine: x86_64
Jul 30 11:04:47.417760 np0000031993 devstack@g-api.service[79883]: clock source: unix
Jul 30 11:04:47.417760 np0000031993 devstack@g-api.service[79883]: pcre jit disabled
Jul 30 11:04:47.417760 np0000031993 devstack@g-api.service[79883]: detected number of CPU cores: 8
Jul 30 11:04:47.417760 np0000031993 devstack@g-api.service[79883]: current working directory: /
Jul 30 11:04:47.417760 np0000031993 devstack@g-api.service[79883]: detected binary path: /usr/bin/uwsgi-core
Jul 30 11:04:47.417914 np0000031993 devstack@g-api.service[79883]: your processes number limit is 31482
Jul 30 11:04:47.417914 np0000031993 devstack@g-api.service[79883]: your memory page size is 4096 bytes
Jul 30 11:04:47.417914 np0000031993 devstack@g-api.service[79883]: detected max file descriptor number: 2048
Jul 30 11:04:47.417914 np0000031993 devstack@g-api.service[79883]: lock engine: pthread robust mutexes
Jul 30 11:04:47.417914 np0000031993 devstack@g-api.service[79883]: thunder lock: enabled
Jul 30 11:04:47.417983 np0000031993 devstack@g-api.service[79883]: uwsgi socket 0 bound to TCP address 127.0.0.1:60999 fd 4
Jul 30 11:04:47.418057 np0000031993 devstack@g-api.service[79883]: Python version: 3.12.3 (main, Jun 18 2025, 17:59:45) [GCC 13.3.0]
Jul 30 11:04:47.418057 np0000031993 devstack@g-api.service[79883]: PEP 405 virtualenv detected: /opt/stack/data/venv
Jul 30 11:04:47.418057 np0000031993 devstack@g-api.service[79883]: Set PythonHome to /opt/stack/data/venv
Jul 30 11:04:47.445629 np0000031993 devstack@g-api.service[79883]: Python main interpreter initialized at 0x7056b1aa39e8
Jul 30 11:04:47.445629 np0000031993 devstack@g-api.service[79883]: python threads support enabled
Jul 30 11:04:47.445629 np0000031993 devstack@g-api.service[79883]: your server socket listen backlog is limited to 100 connections
Jul 30 11:04:47.445629 np0000031993 devstack@g-api.service[79883]: your mercy for graceful operations on workers is 80 seconds
Jul 30 11:04:47.445862 np0000031993 devstack@g-api.service[79883]: mapped 403077 bytes (393 KB) for 2 cores
Jul 30 11:04:47.445950 np0000031993 devstack@g-api.service[79883]: *** Operational MODE: preforking ***
Jul 30 11:04:47.446105 np0000031993 devstack@g-api.service[79883]: *** uWSGI is running in multiple interpreter mode ***
Jul 30 11:04:47.446105 np0000031993 devstack@g-api.service[79883]: spawned uWSGI master process (pid: 79883)
Jul 30 11:04:47.446243 np0000031993 systemd[1]: Started devstack@g-api.service - Devstack devstack@g-api.service.
Jul 30 11:04:47.446789 np0000031993 devstack@g-api.service[79883]: spawned uWSGI worker 1 (pid: 79884, cores: 1)
Jul 30 11:04:47.446859 np0000031993 devstack@g-api.service[79883]: spawned uWSGI worker 2 (pid: 79885, cores: 1)
Jul 30 11:04:47.446900 np0000031993 devstack@g-api.service[79883]: running "unix_signal:15 gracefully_kill_them_all" (master-start)...
Jul 30 11:04:48.127518 np0000031993 devstack@g-api.service[79885]: INFO glance.async_ [-] Threadpool model set to 'NativeThreadPoolModel'
Jul 30 11:04:48.140019 np0000031993 devstack@g-api.service[79884]: INFO glance.async_ [-] Threadpool model set to 'NativeThreadPoolModel'
Jul 30 11:04:48.188217 np0000031993 devstack@g-api.service[79885]: DEBUG oslo_concurrency.processutils [-] Running cmd (subprocess): grep -F node.session.scan /sbin/iscsiadm {{(pid=79885) execute /opt/stack/data/venv/lib/python3.12/site-packages/oslo_concurrency/processutils.py:349}}
Jul 30 11:04:48.194871 np0000031993 devstack@g-api.service[79885]: DEBUG oslo_concurrency.processutils [-] CMD "grep -F node.session.scan /sbin/iscsiadm" returned: 0 in 0.007s {{(pid=79885) execute /opt/stack/data/venv/lib/python3.12/site-packages/oslo_concurrency/processutils.py:372}}
Jul 30 11:04:48.199694 np0000031993 devstack@g-api.service[79884]: DEBUG oslo_concurrency.processutils [-] Running cmd (subprocess): grep -F node.session.scan /sbin/iscsiadm {{(pid=79884) execute /opt/stack/data/venv/lib/python3.12/site-packages/oslo_concurrency/processutils.py:349}}
Jul 30 11:04:48.205826 np0000031993 devstack@g-api.service[79884]: DEBUG oslo_concurrency.processutils [-] CMD "grep -F node.session.scan /sbin/iscsiadm" returned: 0 in 0.006s {{(pid=79884) execute /opt/stack/data/venv/lib/python3.12/site-packages/oslo_concurrency/processutils.py:372}}
Jul 30 11:04:48.246815 np0000031993 devstack@g-api.service[79885]: DEBUG glance_store.common.attachment_state_manager [-] Initialising _AttachmentStateManager {{(pid=79885) __init__ /opt/stack/data/venv/lib/python3.12/site-packages/glance_store/common/attachment_state_manager.py:86}}
Jul 30 11:04:48.269338 np0000031993 devstack@g-api.service[79884]: DEBUG glance_store.common.attachment_state_manager [-] Initialising _AttachmentStateManager {{(pid=79884) __init__ /opt/stack/data/venv/lib/python3.12/site-packages/glance_store/common/attachment_state_manager.py:86}}
Jul 30 11:04:48.493349 np0000031993 devstack@g-api.service[79884]: DEBUG glance_store.backend [-] Attempting to import store cinder {{(pid=79884) _load_store /opt/stack/data/venv/lib/python3.12/site-packages/glance_store/backend.py:216}}
Jul 30 11:04:48.493481 np0000031993 devstack@g-api.service[79885]: DEBUG glance_store.backend [-] Attempting to import store cinder {{(pid=79885) _load_store /opt/stack/data/venv/lib/python3.12/site-packages/glance_store/backend.py:216}}
Jul 30 11:04:48.493481 np0000031993 devstack@g-api.service[79885]: DEBUG glance_store.backend [-] Attempting to import store file {{(pid=79885) _load_store /opt/stack/data/venv/lib/python3.12/site-packages/glance_store/backend.py:216}}
Jul 30 11:04:48.493527 np0000031993 devstack@g-api.service[79884]: DEBUG glance_store.backend [-] Attempting to import store file {{(pid=79884) _load_store /opt/stack/data/venv/lib/python3.12/site-packages/glance_store/backend.py:216}}
Jul 30 11:04:48.493546 np0000031993 devstack@g-api.service[79885]: DEBUG glance_store.backend [-] Attempting to import store glance.store.cinder.Store {{(pid=79885) _load_store /opt/stack/data/venv/lib/python3.12/site-packages/glance_store/backend.py:216}}
Jul 30 11:04:48.493565 np0000031993 devstack@g-api.service[79884]: DEBUG glance_store.backend [-] Attempting to import store glance.store.cinder.Store {{(pid=79884) _load_store /opt/stack/data/venv/lib/python3.12/site-packages/glance_store/backend.py:216}}
Jul 30 11:04:48.493581 np0000031993 devstack@g-api.service[79885]: DEBUG glance_store.backend [-] Attempting to import store glance.store.filesystem.Store {{(pid=79885) _load_store /opt/stack/data/venv/lib/python3.12/site-packages/glance_store/backend.py:216}}
Jul 30 11:04:48.493598 np0000031993 devstack@g-api.service[79884]: DEBUG glance_store.backend [-] Attempting to import store glance.store.filesystem.Store {{(pid=79884) _load_store /opt/stack/data/venv/lib/python3.12/site-packages/glance_store/backend.py:216}}
Jul 30 11:04:48.493650 np0000031993 devstack@g-api.service[79885]: DEBUG glance_store.backend [-] Attempting to import store glance.store.http.Store {{(pid=79885) _load_store /opt/stack/data/venv/lib/python3.12/site-packages/glance_store/backend.py:216}}
Jul 30 11:04:48.493680 np0000031993 devstack@g-api.service[79884]: DEBUG glance_store.backend [-] Attempting to import store glance.store.http.Store {{(pid=79884) _load_store /opt/stack/data/venv/lib/python3.12/site-packages/glance_store/backend.py:216}}
Jul 30 11:04:48.493698 np0000031993 devstack@g-api.service[79885]: DEBUG glance_store.backend [-] Attempting to import store glance.store.rbd.Store {{(pid=79885) _load_store /opt/stack/data/venv/lib/python3.12/site-packages/glance_store/backend.py:216}}
Jul 30 11:04:48.493714 np0000031993 devstack@g-api.service[79884]: DEBUG glance_store.backend [-] Attempting to import store glance.store.rbd.Store {{(pid=79884) _load_store /opt/stack/data/venv/lib/python3.12/site-packages/glance_store/backend.py:216}}
Jul 30 11:04:48.493752 np0000031993 devstack@g-api.service[79885]: DEBUG glance_store.backend [-] Attempting to import store glance.store.s3.Store {{(pid=79885) _load_store /opt/stack/data/venv/lib/python3.12/site-packages/glance_store/backend.py:216}}
Jul 30 11:04:48.493789 np0000031993 devstack@g-api.service[79884]: DEBUG glance_store.backend [-] Attempting to import store glance.store.s3.Store {{(pid=79884) _load_store /opt/stack/data/venv/lib/python3.12/site-packages/glance_store/backend.py:216}}
Jul 30 11:04:48.493818 np0000031993 devstack@g-api.service[79884]: DEBUG glance_store.backend [-] Attempting to import store glance.store.swift.Store {{(pid=79884) _load_store /opt/stack/data/venv/lib/python3.12/site-packages/glance_store/backend.py:216}}
Jul 30 11:04:48.493837 np0000031993 devstack@g-api.service[79885]: DEBUG glance_store.backend [-] Attempting to import store glance.store.swift.Store {{(pid=79885) _load_store /opt/stack/data/venv/lib/python3.12/site-packages/glance_store/backend.py:216}}
Jul 30 11:04:48.493875 np0000031993 devstack@g-api.service[79885]: DEBUG glance_store.backend [-] Attempting to import store glance.store.vmware_datastore.Store {{(pid=79885) _load_store /opt/stack/data/venv/lib/python3.12/site-packages/glance_store/backend.py:216}}
Jul 30 11:04:48.493900 np0000031993 devstack@g-api.service[79884]: DEBUG glance_store.backend [-] Attempting to import store glance.store.vmware_datastore.Store {{(pid=79884) _load_store /opt/stack/data/venv/lib/python3.12/site-packages/glance_store/backend.py:216}}
Jul 30 11:04:48.493930 np0000031993 devstack@g-api.service[79885]: DEBUG glance_store.backend [-] Attempting to import store http {{(pid=79885) _load_store /opt/stack/data/venv/lib/python3.12/site-packages/glance_store/backend.py:216}}
Jul 30 11:04:48.493951 np0000031993 devstack@g-api.service[79884]: DEBUG glance_store.backend [-] Attempting to import store http {{(pid=79884) _load_store /opt/stack/data/venv/lib/python3.12/site-packages/glance_store/backend.py:216}}
Jul 30 11:04:48.493980 np0000031993 devstack@g-api.service[79884]: DEBUG glance_store.backend [-] Attempting to import store no_conf {{(pid=79884) _load_store /opt/stack/data/venv/lib/python3.12/site-packages/glance_store/backend.py:216}}
Jul 30 11:04:48.494001 np0000031993 devstack@g-api.service[79885]: DEBUG glance_store.backend [-] Attempting to import store no_conf {{(pid=79885) _load_store /opt/stack/data/venv/lib/python3.12/site-packages/glance_store/backend.py:216}}
Jul 30 11:04:48.494031 np0000031993 devstack@g-api.service[79885]: DEBUG glance_store.backend [-] Attempting to import store rbd {{(pid=79885) _load_store /opt/stack/data/venv/lib/python3.12/site-packages/glance_store/backend.py:216}}
Jul 30 11:04:48.494052 np0000031993 devstack@g-api.service[79884]: DEBUG glance_store.backend [-] Attempting to import store rbd {{(pid=79884) _load_store /opt/stack/data/venv/lib/python3.12/site-packages/glance_store/backend.py:216}}
Jul 30 11:04:48.494083 np0000031993 devstack@g-api.service[79884]: DEBUG glance_store.backend [-] Attempting to import store s3 {{(pid=79884) _load_store /opt/stack/data/venv/lib/python3.12/site-packages/glance_store/backend.py:216}}
Jul 30 11:04:48.494109 np0000031993 devstack@g-api.service[79885]: DEBUG glance_store.backend [-] Attempting to import store s3 {{(pid=79885) _load_store /opt/stack/data/venv/lib/python3.12/site-packages/glance_store/backend.py:216}}
Jul 30 11:04:48.494128 np0000031993 devstack@g-api.service[79885]: DEBUG glance_store.backend [-] Attempting to import store swift {{(pid=79885) _load_store /opt/stack/data/venv/lib/python3.12/site-packages/glance_store/backend.py:216}}
Jul 30 11:04:48.494147 np0000031993 devstack@g-api.service[79884]: DEBUG glance_store.backend [-] Attempting to import store swift {{(pid=79884) _load_store /opt/stack/data/venv/lib/python3.12/site-packages/glance_store/backend.py:216}}
Jul 30 11:04:48.494180 np0000031993 devstack@g-api.service[79885]: DEBUG glance_store.backend [-] Attempting to import store vmware {{(pid=79885) _load_store /opt/stack/data/venv/lib/python3.12/site-packages/glance_store/backend.py:216}}
Jul 30 11:04:48.494200 np0000031993 devstack@g-api.service[79884]: DEBUG glance_store.backend [-] Attempting to import store vmware {{(pid=79884) _load_store /opt/stack/data/venv/lib/python3.12/site-packages/glance_store/backend.py:216}}
Jul 30 11:04:48.494244 np0000031993 devstack@g-api.service[79884]: DEBUG glance_store.backend [-] Registering options for group glance_store {{(pid=79884) register_opts /opt/stack/data/venv/lib/python3.12/site-packages/glance_store/backend.py:145}}
Jul 30 11:04:48.494266 np0000031993 devstack@g-api.service[79885]: DEBUG glance_store.backend [-] Registering options for group glance_store {{(pid=79885) register_opts /opt/stack/data/venv/lib/python3.12/site-packages/glance_store/backend.py:145}}
Jul 30 11:04:48.494431 np0000031993 devstack@g-api.service[79884]: DEBUG glance_store.backend [-] Registering options for group glance_store {{(pid=79884) register_opts /opt/stack/data/venv/lib/python3.12/site-packages/glance_store/backend.py:145}}
Jul 30 11:04:48.494453 np0000031993 devstack@g-api.service[79885]: DEBUG glance_store.backend [-] Registering options for group glance_store {{(pid=79885) register_opts /opt/stack/data/venv/lib/python3.12/site-packages/glance_store/backend.py:145}}
Jul 30 11:04:48.494712 np0000031993 devstack@g-api.service[79885]: DEBUG glance_store.backend [-] Attempting to import store http {{(pid=79885) _load_store /opt/stack/data/venv/lib/python3.12/site-packages/glance_store/backend.py:216}}
Jul 30 11:04:48.494732 np0000031993 devstack@g-api.service[79884]: DEBUG glance_store.backend [-] Attempting to import store http {{(pid=79884) _load_store /opt/stack/data/venv/lib/python3.12/site-packages/glance_store/backend.py:216}}
Jul 30 11:04:48.494904 np0000031993 devstack@g-api.service[79885]: DEBUG glance_store.capabilities [-] Store glance_store._drivers.http.Store doesn't support updating dynamic storage capabilities. Please overwrite 'update_capabilities' method of the store to implement updating logics if needed. {{(pid=79885) update_capabilities /opt/stack/data/venv/lib/python3.12/site-packages/glance_store/capabilities.py:91}}
Jul 30 11:04:48.494934 np0000031993 devstack@g-api.service[79884]: DEBUG glance_store.capabilities [-] Store glance_store._drivers.http.Store doesn't support updating dynamic storage capabilities. Please overwrite 'update_capabilities' method of the store to implement updating logics if needed. {{(pid=79884) update_capabilities /opt/stack/data/venv/lib/python3.12/site-packages/glance_store/capabilities.py:91}}
Jul 30 11:04:48.494955 np0000031993 devstack@g-api.service[79885]: DEBUG glance_store.backend [-] Registering store http with schemes ('http', 'https') {{(pid=79885) create_stores /opt/stack/data/venv/lib/python3.12/site-packages/glance_store/backend.py:262}}
Jul 30 11:04:48.494972 np0000031993 devstack@g-api.service[79884]: DEBUG glance_store.backend [-] Registering store http with schemes ('http', 'https') {{(pid=79884) create_stores /opt/stack/data/venv/lib/python3.12/site-packages/glance_store/backend.py:262}}
Jul 30 11:04:48.494988 np0000031993 devstack@g-api.service[79885]: DEBUG glance_store.driver [-] Late loading location class glance_store._drivers.http.StoreLocation {{(pid=79885) get_store_location_class /opt/stack/data/venv/lib/python3.12/site-packages/glance_store/driver.py:136}}
Jul 30 11:04:48.495007 np0000031993 devstack@g-api.service[79884]: DEBUG glance_store.driver [-] Late loading location class glance_store._drivers.http.StoreLocation {{(pid=79884) get_store_location_class /opt/stack/data/venv/lib/python3.12/site-packages/glance_store/driver.py:136}}
Jul 30 11:04:48.495038 np0000031993 devstack@g-api.service[79885]: DEBUG glance_store.location [-] Registering scheme http with {'store': <glance_store._drivers.http.Store object at 0x7056ace3a180>, 'location_class': <class 'glance_store._drivers.http.StoreLocation'>, 'store_entry': 'http'} {{(pid=79885) register_scheme_map /opt/stack/data/venv/lib/python3.12/site-packages/glance_store/location.py:146}}
Jul 30 11:04:48.495060 np0000031993 devstack@g-api.service[79884]: DEBUG glance_store.location [-] Registering scheme http with {'store': <glance_store._drivers.http.Store object at 0x7056ad2b9d00>, 'location_class': <class 'glance_store._drivers.http.StoreLocation'>, 'store_entry': 'http'} {{(pid=79884) register_scheme_map /opt/stack/data/venv/lib/python3.12/site-packages/glance_store/location.py:146}}
Jul 30 11:04:48.495082 np0000031993 devstack@g-api.service[79885]: DEBUG glance_store.location [-] Registering scheme https with {'store': <glance_store._drivers.http.Store object at 0x7056ace3a180>, 'location_class': <class 'glance_store._drivers.http.StoreLocation'>, 'store_entry': 'http'} {{(pid=79885) register_scheme_map /opt/stack/data/venv/lib/python3.12/site-packages/glance_store/location.py:146}}
Jul 30 11:04:48.495102 np0000031993 devstack@g-api.service[79884]: DEBUG glance_store.location [-] Registering scheme https with {'store': <glance_store._drivers.http.Store object at 0x7056ad2b9d00>, 'location_class': <class 'glance_store._drivers.http.StoreLocation'>, 'store_entry': 'http'} {{(pid=79884) register_scheme_map /opt/stack/data/venv/lib/python3.12/site-packages/glance_store/location.py:146}}
Jul 30 11:04:48.495122 np0000031993 devstack@g-api.service[79885]: DEBUG glance_store.backend [-] Attempting to import store file {{(pid=79885) _load_store /opt/stack/data/venv/lib/python3.12/site-packages/glance_store/backend.py:216}}
Jul 30 11:04:48.495137 np0000031993 devstack@g-api.service[79884]: DEBUG glance_store.backend [-] Attempting to import store file {{(pid=79884) _load_store /opt/stack/data/venv/lib/python3.12/site-packages/glance_store/backend.py:216}}
Jul 30 11:04:48.495402 np0000031993 devstack@g-api.service[79885]: DEBUG glance_store.capabilities [-] Store glance_store._drivers.filesystem.Store doesn't support updating dynamic storage capabilities. Please overwrite 'update_capabilities' method of the store to implement updating logics if needed. {{(pid=79885) update_capabilities /opt/stack/data/venv/lib/python3.12/site-packages/glance_store/capabilities.py:91}}
Jul 30 11:04:48.495437 np0000031993 devstack@g-api.service[79884]: DEBUG glance_store.capabilities [-] Store glance_store._drivers.filesystem.Store doesn't support updating dynamic storage capabilities. Please overwrite 'update_capabilities' method of the store to implement updating logics if needed. {{(pid=79884) update_capabilities /opt/stack/data/venv/lib/python3.12/site-packages/glance_store/capabilities.py:91}}
Jul 30 11:04:48.495457 np0000031993 devstack@g-api.service[79885]: DEBUG glance_store.backend [-] Registering store file with schemes ('file', 'filesystem') {{(pid=79885) create_stores /opt/stack/data/venv/lib/python3.12/site-packages/glance_store/backend.py:262}}
Jul 30 11:04:48.495477 np0000031993 devstack@g-api.service[79884]: DEBUG glance_store.backend [-] Registering store file with schemes ('file', 'filesystem') {{(pid=79884) create_stores /opt/stack/data/venv/lib/python3.12/site-packages/glance_store/backend.py:262}}
Jul 30 11:04:48.495496 np0000031993 devstack@g-api.service[79885]: DEBUG glance_store.driver [-] Late loading location class glance_store._drivers.filesystem.StoreLocation {{(pid=79885) get_store_location_class /opt/stack/data/venv/lib/python3.12/site-packages/glance_store/driver.py:136}}
Jul 30 11:04:48.495513 np0000031993 devstack@g-api.service[79884]: DEBUG glance_store.driver [-] Late loading location class glance_store._drivers.filesystem.StoreLocation {{(pid=79884) get_store_location_class /opt/stack/data/venv/lib/python3.12/site-packages/glance_store/driver.py:136}}
Jul 30 11:04:48.495529 np0000031993 devstack@g-api.service[79884]: DEBUG glance_store.location [-] Registering scheme file with {'store': <glance_store._drivers.filesystem.Store object at 0x7056ad602b10>, 'location_class': <class 'glance_store._drivers.filesystem.StoreLocation'>, 'store_entry': 'file'} {{(pid=79884) register_scheme_map /opt/stack/data/venv/lib/python3.12/site-packages/glance_store/location.py:146}}
Jul 30 11:04:48.495546 np0000031993 devstack@g-api.service[79885]: DEBUG glance_store.location [-] Registering scheme file with {'store': <glance_store._drivers.filesystem.Store object at 0x7056ad4baf90>, 'location_class': <class 'glance_store._drivers.filesystem.StoreLocation'>, 'store_entry': 'file'} {{(pid=79885) register_scheme_map /opt/stack/data/venv/lib/python3.12/site-packages/glance_store/location.py:146}}
Jul 30 11:04:48.495563 np0000031993 devstack@g-api.service[79884]: DEBUG glance_store.location [-] Registering scheme filesystem with {'store': <glance_store._drivers.filesystem.Store object at 0x7056ad602b10>, 'location_class': <class 'glance_store._drivers.filesystem.StoreLocation'>, 'store_entry': 'file'} {{(pid=79884) register_scheme_map /opt/stack/data/venv/lib/python3.12/site-packages/glance_store/location.py:146}}
Jul 30 11:04:48.495581 np0000031993 devstack@g-api.service[79885]: DEBUG glance_store.location [-] Registering scheme filesystem with {'store': <glance_store._drivers.filesystem.Store object at 0x7056ad4baf90>, 'location_class': <class 'glance_store._drivers.filesystem.StoreLocation'>, 'store_entry': 'file'} {{(pid=79885) register_scheme_map /opt/stack/data/venv/lib/python3.12/site-packages/glance_store/location.py:146}}
Jul 30 11:04:48.495819 np0000031993 devstack@g-api.service[79884]: DEBUG glance.sqlite_migration [-] SQLite caching database not located, skipping migration {{(pid=79884) get_db_path /opt/stack/glance/glance/sqlite_migration.py:68}}
Jul 30 11:04:48.495854 np0000031993 devstack@g-api.service[79885]: DEBUG glance.sqlite_migration [-] SQLite caching database not located, skipping migration {{(pid=79885) get_db_path /opt/stack/glance/glance/sqlite_migration.py:68}}
Jul 30 11:04:48.495980 np0000031993 devstack@g-api.service[79885]: WARNING glance.common.wsgi_app [-] Import methods are enabled but staging directory /tmp/staging/ does not exist; Imports will fail!
Jul 30 11:04:48.496054 np0000031993 devstack@g-api.service[79884]: WARNING glance.common.wsgi_app [-] Import methods are enabled but staging directory /tmp/staging/ does not exist; Imports will fail!
Jul 30 11:04:48.749371 np0000031993 devstack@g-api.service[79884]: DEBUG glance.common.config [None req-5d80ab02-eb16-4096-9a15-d4fcd4789ba5 None None] Loading glance-api-keystone+cachemanagement from /etc/glance/glance-api-paste.ini {{(pid=79884) load_paste_app /opt/stack/glance/glance/common/config.py:750}}
Jul 30 11:04:48.781021 np0000031993 devstack@g-api.service[79885]: DEBUG glance.common.config [None req-3160b5d9-3f3b-4f8b-af7f-c5bd2bddb366 None None] Loading glance-api-keystone+cachemanagement from /etc/glance/glance-api-paste.ini {{(pid=79885) load_paste_app /opt/stack/glance/glance/common/config.py:750}}
Jul 30 11:04:49.273937 np0000031993 devstack@g-api.service[79884]: INFO glance.image_cache [None req-5d80ab02-eb16-4096-9a15-d4fcd4789ba5 None None] Image cache loaded driver 'centralized_db'.
Jul 30 11:04:49.274225 np0000031993 devstack@g-api.service[79885]: INFO glance.image_cache [None req-3160b5d9-3f3b-4f8b-af7f-c5bd2bddb366 None None] Image cache loaded driver 'centralized_db'.
Jul 30 11:04:49.305908 np0000031993 devstack@g-api.service[79885]: INFO dbcounter [None req-3160b5d9-3f3b-4f8b-af7f-c5bd2bddb366 None None] Registered counter for database glance
Jul 30 11:04:49.306071 np0000031993 devstack@g-api.service[79884]: INFO dbcounter [None req-5d80ab02-eb16-4096-9a15-d4fcd4789ba5 None None] Registered counter for database glance
Jul 30 11:04:49.316798 np0000031993 devstack@g-api.service[79884]: DEBUG oslo_db.sqlalchemy.engines [None req-5d80ab02-eb16-4096-9a15-d4fcd4789ba5 None None] MySQL server mode set to STRICT_TRANS_TABLES,STRICT_ALL_TABLES,NO_ZERO_IN_DATE,NO_ZERO_DATE,ERROR_FOR_DIVISION_BY_ZERO,TRADITIONAL,NO_ENGINE_SUBSTITUTION {{(pid=79884) _check_effective_sql_mode /opt/stack/data/venv/lib/python3.12/site-packages/oslo_db/sqlalchemy/engines.py:397}}
Jul 30 11:04:49.316909 np0000031993 devstack@g-api.service[79885]: DEBUG oslo_db.sqlalchemy.engines [None req-3160b5d9-3f3b-4f8b-af7f-c5bd2bddb366 None None] MySQL server mode set to STRICT_TRANS_TABLES,STRICT_ALL_TABLES,NO_ZERO_IN_DATE,NO_ZERO_DATE,ERROR_FOR_DIVISION_BY_ZERO,TRADITIONAL,NO_ENGINE_SUBSTITUTION {{(pid=79885) _check_effective_sql_mode /opt/stack/data/venv/lib/python3.12/site-packages/oslo_db/sqlalchemy/engines.py:397}}
Jul 30 11:04:49.335046 np0000031993 devstack@g-api.service[79885]: DEBUG dbcounter [-] [79885] Writer thread running {{(pid=79885) stat_writer /opt/stack/data/venv/lib/python3.12/site-packages/dbcounter.py:102}}
Jul 30 11:04:49.335161 np0000031993 devstack@g-api.service[79884]: DEBUG dbcounter [-] [79884] Writer thread running {{(pid=79884) stat_writer /opt/stack/data/venv/lib/python3.12/site-packages/dbcounter.py:102}}
Jul 30 11:04:49.342522 np0000031993 devstack@g-api.service[79884]: DEBUG glance.image_cache.drivers.centralized_db [None req-5d80ab02-eb16-4096-9a15-d4fcd4789ba5 None None] Node reference is already recorded, ignoring it {{(pid=79884) configure /opt/stack/glance/glance/image_cache/drivers/centralized_db.py:71}}
Jul 30 11:04:49.347198 np0000031993 devstack@g-api.service[79885]: INFO glance.image_cache [None req-3160b5d9-3f3b-4f8b-af7f-c5bd2bddb366 None None] Image cache loaded driver 'centralized_db'.
Jul 30 11:04:49.347432 np0000031993 devstack@g-api.service[79884]: INFO glance.image_cache [None req-5d80ab02-eb16-4096-9a15-d4fcd4789ba5 None None] Image cache loaded driver 'centralized_db'.
Jul 30 11:04:49.353634 np0000031993 devstack@g-api.service[79885]: DEBUG glance.image_cache.drivers.centralized_db [None req-3160b5d9-3f3b-4f8b-af7f-c5bd2bddb366 None None] Node reference is already recorded, ignoring it {{(pid=79885) configure /opt/stack/glance/glance/image_cache/drivers/centralized_db.py:71}}
Jul 30 11:04:49.353897 np0000031993 devstack@g-api.service[79884]: DEBUG glance.image_cache.drivers.centralized_db [None req-5d80ab02-eb16-4096-9a15-d4fcd4789ba5 None None] Node reference is already recorded, ignoring it {{(pid=79884) configure /opt/stack/glance/glance/image_cache/drivers/centralized_db.py:71}}
Jul 30 11:04:49.357853 np0000031993 devstack@g-api.service[79885]: DEBUG glance.api.v2.cached_images [None req-3160b5d9-3f3b-4f8b-af7f-c5bd2bddb366 None None] Started cache worker thread {{(pid=79885) __init__ /opt/stack/glance/glance/api/v2/cached_images.py:69}}
Jul 30 11:04:49.358053 np0000031993 devstack@g-api.service[79884]: DEBUG glance.api.v2.cached_images [None req-5d80ab02-eb16-4096-9a15-d4fcd4789ba5 None None] Started cache worker thread {{(pid=79884) __init__ /opt/stack/glance/glance/api/v2/cached_images.py:69}}
Jul 30 11:04:49.358394 np0000031993 devstack@g-api.service[79885]: INFO glance.image_cache [None req-3160b5d9-3f3b-4f8b-af7f-c5bd2bddb366 None None] Image cache loaded driver 'centralized_db'.
Jul 30 11:04:49.358478 np0000031993 devstack@g-api.service[79884]: INFO glance.image_cache [None req-5d80ab02-eb16-4096-9a15-d4fcd4789ba5 None None] Image cache loaded driver 'centralized_db'.
Jul 30 11:04:49.364359 np0000031993 devstack@g-api.service[79885]: DEBUG glance.image_cache.drivers.centralized_db [None req-3160b5d9-3f3b-4f8b-af7f-c5bd2bddb366 None None] Node reference is already recorded, ignoring it {{(pid=79885) configure /opt/stack/glance/glance/image_cache/drivers/centralized_db.py:71}}
Jul 30 11:04:49.366759 np0000031993 devstack@g-api.service[79884]: DEBUG glance.image_cache.drivers.centralized_db [None req-5d80ab02-eb16-4096-9a15-d4fcd4789ba5 None None] Node reference is already recorded, ignoring it {{(pid=79884) configure /opt/stack/glance/glance/image_cache/drivers/centralized_db.py:71}}
Jul 30 11:04:49.368415 np0000031993 devstack@g-api.service[79885]: INFO glance.api.middleware.cache_manage [None req-3160b5d9-3f3b-4f8b-af7f-c5bd2bddb366 None None] Initialized image cache management middleware
Jul 30 11:04:49.368541 np0000031993 devstack@g-api.service[79885]: INFO glance.image_cache [None req-3160b5d9-3f3b-4f8b-af7f-c5bd2bddb366 None None] Image cache loaded driver 'centralized_db'.
Jul 30 11:04:49.373515 np0000031993 devstack@g-api.service[79884]: INFO glance.api.middleware.cache_manage [None req-5d80ab02-eb16-4096-9a15-d4fcd4789ba5 None None] Initialized image cache management middleware
Jul 30 11:04:49.373632 np0000031993 devstack@g-api.service[79884]: INFO glance.image_cache [None req-5d80ab02-eb16-4096-9a15-d4fcd4789ba5 None None] Image cache loaded driver 'centralized_db'.
Jul 30 11:04:49.374957 np0000031993 devstack@g-api.service[79885]: DEBUG glance.image_cache.drivers.centralized_db [None req-3160b5d9-3f3b-4f8b-af7f-c5bd2bddb366 None None] Node reference is already recorded, ignoring it {{(pid=79885) configure /opt/stack/glance/glance/image_cache/drivers/centralized_db.py:71}}
Jul 30 11:04:49.378947 np0000031993 devstack@g-api.service[79885]: INFO glance.api.middleware.cache [None req-3160b5d9-3f3b-4f8b-af7f-c5bd2bddb366 None None] Initialized image cache middleware
Jul 30 11:04:49.381457 np0000031993 devstack@g-api.service[79884]: DEBUG glance.image_cache.drivers.centralized_db [None req-5d80ab02-eb16-4096-9a15-d4fcd4789ba5 None None] Node reference is already recorded, ignoring it {{(pid=79884) configure /opt/stack/glance/glance/image_cache/drivers/centralized_db.py:71}}
Jul 30 11:04:49.383608 np0000031993 devstack@g-api.service[79885]: WARNING keystonemiddleware.auth_token [None req-3160b5d9-3f3b-4f8b-af7f-c5bd2bddb366 None None] AuthToken middleware is set with keystone_authtoken.service_token_roles_required set to False. This is backwards compatible but deprecated behaviour. Please set this to True.
Jul 30 11:04:49.385354 np0000031993 devstack@g-api.service[79884]: INFO glance.api.middleware.cache [None req-5d80ab02-eb16-4096-9a15-d4fcd4789ba5 None None] Initialized image cache middleware
Jul 30 11:04:49.386713 np0000031993 devstack@g-api.service[79885]: WARNING keystonemiddleware.auth_token [None req-3160b5d9-3f3b-4f8b-af7f-c5bd2bddb366 None None] Configuring www_authenticate_uri to point to the public identity endpoint is required; clients may not be able to authenticate against an admin endpoint
Jul 30 11:04:49.389394 np0000031993 devstack@g-api.service[79885]: DEBUG glance.common.config [None req-3160b5d9-3f3b-4f8b-af7f-c5bd2bddb366 None None] ******************************************************************************** {{(pid=79885) log_opt_values /opt/stack/data/venv/lib/python3.12/site-packages/oslo_config/cfg.py:2804}}
Jul 30 11:04:49.389483 np0000031993 devstack@g-api.service[79885]: DEBUG glance.common.config [None req-3160b5d9-3f3b-4f8b-af7f-c5bd2bddb366 None None] Configuration options gathered from: {{(pid=79885) log_opt_values /opt/stack/data/venv/lib/python3.12/site-packages/oslo_config/cfg.py:2805}}
Jul 30 11:04:49.389723 np0000031993 devstack@g-api.service[79885]: DEBUG glance.common.config [None req-3160b5d9-3f3b-4f8b-af7f-c5bd2bddb366 None None] command line args: [] {{(pid=79885) log_opt_values /opt/stack/data/venv/lib/python3.12/site-packages/oslo_config/cfg.py:2806}}
Jul 30 11:04:49.389824 np0000031993 devstack@g-api.service[79885]: DEBUG glance.common.config [None req-3160b5d9-3f3b-4f8b-af7f-c5bd2bddb366 None None] config files: ['/etc/glance/glance-image-import.conf', '/etc/glance/glance-api.conf'] {{(pid=79885) log_opt_values /opt/stack/data/venv/lib/python3.12/site-packages/oslo_config/cfg.py:2807}}
Jul 30 11:04:49.389881 np0000031993 devstack@g-api.service[79885]: DEBUG glance.common.config [None req-3160b5d9-3f3b-4f8b-af7f-c5bd2bddb366 None None] ================================================================================ {{(pid=79885) log_opt_values /opt/stack/data/venv/lib/python3.12/site-packages/oslo_config/cfg.py:2809}}
Jul 30 11:04:49.389981 np0000031993 devstack@g-api.service[79885]: DEBUG glance.common.config [None req-3160b5d9-3f3b-4f8b-af7f-c5bd2bddb366 None None] allow_anonymous_access         = False {{(pid=79885) log_opt_values /opt/stack/data/venv/lib/python3.12/site-packages/oslo_config/cfg.py:2817}}
Jul 30 11:04:49.390065 np0000031993 devstack@g-api.service[79885]: DEBUG glance.common.config [None req-3160b5d9-3f3b-4f8b-af7f-c5bd2bddb366 None None] api_limit_max                  = 1000 {{(pid=79885) log_opt_values /opt/stack/data/venv/lib/python3.12/site-packages/oslo_config/cfg.py:2817}}
Jul 30 11:04:49.390141 np0000031993 devstack@g-api.service[79885]: DEBUG glance.common.config [None req-3160b5d9-3f3b-4f8b-af7f-c5bd2bddb366 None None] backlog                        = 4096 {{(pid=79885) log_opt_values /opt/stack/data/venv/lib/python3.12/site-packages/oslo_config/cfg.py:2817}}
Jul 30 11:04:49.390256 np0000031993 devstack@g-api.service[79885]: DEBUG glance.common.config [None req-3160b5d9-3f3b-4f8b-af7f-c5bd2bddb366 None None] bind_host                      = 0.0.0.0 {{(pid=79885) log_opt_values /opt/stack/data/venv/lib/python3.12/site-packages/oslo_config/cfg.py:2817}}
Jul 30 11:04:49.390332 np0000031993 devstack@g-api.service[79885]: DEBUG glance.common.config [None req-3160b5d9-3f3b-4f8b-af7f-c5bd2bddb366 None None] bind_port                      = 19292 {{(pid=79885) log_opt_values /opt/stack/data/venv/lib/python3.12/site-packages/oslo_config/cfg.py:2817}}
Jul 30 11:04:49.390415 np0000031993 devstack@g-api.service[79885]: DEBUG glance.common.config [None req-3160b5d9-3f3b-4f8b-af7f-c5bd2bddb366 None None] client_socket_timeout          = 900 {{(pid=79885) log_opt_values /opt/stack/data/venv/lib/python3.12/site-packages/oslo_config/cfg.py:2817}}
Jul 30 11:04:49.390496 np0000031993 devstack@g-api.service[79885]: DEBUG glance.common.config [None req-3160b5d9-3f3b-4f8b-af7f-c5bd2bddb366 None None] config_dir                     = [] {{(pid=79885) log_opt_values /opt/stack/data/venv/lib/python3.12/site-packages/oslo_config/cfg.py:2817}}
Jul 30 11:04:49.390552 np0000031993 devstack@g-api.service[79885]: DEBUG glance.common.config [None req-3160b5d9-3f3b-4f8b-af7f-c5bd2bddb366 None None] config_file                    = ['/etc/glance/glance-image-import.conf', '/etc/glance/glance-api.conf'] {{(pid=79885) log_opt_values /opt/stack/data/venv/lib/python3.12/site-packages/oslo_config/cfg.py:2817}}
Jul 30 11:04:49.390623 np0000031993 devstack@g-api.service[79885]: DEBUG glance.common.config [None req-3160b5d9-3f3b-4f8b-af7f-c5bd2bddb366 None None] config_source                  = [] {{(pid=79885) log_opt_values /opt/stack/data/venv/lib/python3.12/site-packages/oslo_config/cfg.py:2817}}
Jul 30 11:04:49.390698 np0000031993 devstack@g-api.service[79885]: DEBUG glance.common.config [None req-3160b5d9-3f3b-4f8b-af7f-c5bd2bddb366 None None] control_exchange               = glance {{(pid=79885) log_opt_values /opt/stack/data/venv/lib/python3.12/site-packages/oslo_config/cfg.py:2817}}
Jul 30 11:04:49.390750 np0000031993 devstack@g-api.service[79885]: DEBUG glance.common.config [None req-3160b5d9-3f3b-4f8b-af7f-c5bd2bddb366 None None] debug                          = True {{(pid=79885) log_opt_values /opt/stack/data/venv/lib/python3.12/site-packages/oslo_config/cfg.py:2817}}
Jul 30 11:04:49.390883 np0000031993 devstack@g-api.service[79885]: DEBUG glance.common.config [None req-3160b5d9-3f3b-4f8b-af7f-c5bd2bddb366 None None] default_log_levels             = ['amqp=WARN', 'amqplib=WARN', 'boto=WARN', 'qpid=WARN', 'sqlalchemy=WARN', 'suds=INFO', 'oslo.messaging=INFO', 'oslo_messaging=INFO', 'iso8601=WARN', 'requests.packages.urllib3.connectionpool=WARN', 'urllib3.connectionpool=WARN', 'websocket=WARN', 'requests.packages.urllib3.util.retry=WARN', 'urllib3.util.retry=WARN', 'keystonemiddleware=WARN', 'routes.middleware=WARN', 'stevedore=WARN', 'taskflow=WARN', 'keystoneauth=WARN', 'oslo.cache=INFO', 'oslo_policy=INFO', 'dogpile.core.dogpile=INFO'] {{(pid=79885) log_opt_values /opt/stack/data/venv/lib/python3.12/site-packages/oslo_config/cfg.py:2817}}
Jul 30 11:04:49.390965 np0000031993 devstack@g-api.service[79885]: DEBUG glance.common.config [None req-3160b5d9-3f3b-4f8b-af7f-c5bd2bddb366 None None] default_publisher_id           = image.localhost {{(pid=79885) log_opt_values /opt/stack/data/venv/lib/python3.12/site-packages/oslo_config/cfg.py:2817}}
Jul 30 11:04:49.391010 np0000031993 devstack@g-api.service[79884]: WARNING keystonemiddleware.auth_token [None req-5d80ab02-eb16-4096-9a15-d4fcd4789ba5 None None] AuthToken middleware is set with keystone_authtoken.service_token_roles_required set to False. This is backwards compatible but deprecated behaviour. Please set this to True.
Jul 30 11:04:49.391036 np0000031993 devstack@g-api.service[79885]: DEBUG glance.common.config [None req-3160b5d9-3f3b-4f8b-af7f-c5bd2bddb366 None None] delayed_delete                 = False {{(pid=79885) log_opt_values /opt/stack/data/venv/lib/python3.12/site-packages/oslo_config/cfg.py:2817}}
Jul 30 11:04:49.391125 np0000031993 devstack@g-api.service[79885]: DEBUG glance.common.config [None req-3160b5d9-3f3b-4f8b-af7f-c5bd2bddb366 None None] digest_algorithm               = sha256 {{(pid=79885) log_opt_values /opt/stack/data/venv/lib/python3.12/site-packages/oslo_config/cfg.py:2817}}
Jul 30 11:04:49.391176 np0000031993 devstack@g-api.service[79885]: DEBUG glance.common.config [None req-3160b5d9-3f3b-4f8b-af7f-c5bd2bddb366 None None] disabled_notifications         = [] {{(pid=79885) log_opt_values /opt/stack/data/venv/lib/python3.12/site-packages/oslo_config/cfg.py:2817}}
Jul 30 11:04:49.391245 np0000031993 devstack@g-api.service[79885]: DEBUG glance.common.config [None req-3160b5d9-3f3b-4f8b-af7f-c5bd2bddb366 None None] do_secure_hash                 = True {{(pid=79885) log_opt_values /opt/stack/data/venv/lib/python3.12/site-packages/oslo_config/cfg.py:2817}}
Jul 30 11:04:49.391313 np0000031993 devstack@g-api.service[79885]: DEBUG glance.common.config [None req-3160b5d9-3f3b-4f8b-af7f-c5bd2bddb366 None None] enabled_backends               = None {{(pid=79885) log_opt_values /opt/stack/data/venv/lib/python3.12/site-packages/oslo_config/cfg.py:2817}}
Jul 30 11:04:49.391397 np0000031993 devstack@g-api.service[79885]: DEBUG glance.common.config [None req-3160b5d9-3f3b-4f8b-af7f-c5bd2bddb366 None None] enabled_import_methods         = ['glance-direct', 'web-download', 'copy-image'] {{(pid=79885) log_opt_values /opt/stack/data/venv/lib/python3.12/site-packages/oslo_config/cfg.py:2817}}
Jul 30 11:04:49.391479 np0000031993 devstack@g-api.service[79885]: DEBUG glance.common.config [None req-3160b5d9-3f3b-4f8b-af7f-c5bd2bddb366 None None] hashing_algorithm              = sha512 {{(pid=79885) log_opt_values /opt/stack/data/venv/lib/python3.12/site-packages/oslo_config/cfg.py:2817}}
Jul 30 11:04:49.391549 np0000031993 devstack@g-api.service[79885]: DEBUG glance.common.config [None req-3160b5d9-3f3b-4f8b-af7f-c5bd2bddb366 None None] http_keepalive                 = True {{(pid=79885) log_opt_values /opt/stack/data/venv/lib/python3.12/site-packages/oslo_config/cfg.py:2817}}
Jul 30 11:04:49.391618 np0000031993 devstack@g-api.service[79885]: DEBUG glance.common.config [None req-3160b5d9-3f3b-4f8b-af7f-c5bd2bddb366 None None] http_retries                   = 3 {{(pid=79885) log_opt_values /opt/stack/data/venv/lib/python3.12/site-packages/oslo_config/cfg.py:2817}}
Jul 30 11:04:49.391763 np0000031993 devstack@g-api.service[79885]: DEBUG glance.common.config [None req-3160b5d9-3f3b-4f8b-af7f-c5bd2bddb366 None None] image_cache_dir                = /opt/stack/data/glance/cache/ {{(pid=79885) log_opt_values /opt/stack/data/venv/lib/python3.12/site-packages/oslo_config/cfg.py:2817}}
Jul 30 11:04:49.391763 np0000031993 devstack@g-api.service[79885]: DEBUG glance.common.config [None req-3160b5d9-3f3b-4f8b-af7f-c5bd2bddb366 None None] image_cache_driver             = centralized_db {{(pid=79885) log_opt_values /opt/stack/data/venv/lib/python3.12/site-packages/oslo_config/cfg.py:2817}}
Jul 30 11:04:49.391850 np0000031993 devstack@g-api.service[79885]: DEBUG glance.common.config [None req-3160b5d9-3f3b-4f8b-af7f-c5bd2bddb366 None None] image_cache_max_size           = 10737418240 {{(pid=79885) log_opt_values /opt/stack/data/venv/lib/python3.12/site-packages/oslo_config/cfg.py:2817}}
Jul 30 11:04:49.391921 np0000031993 devstack@g-api.service[79885]: DEBUG glance.common.config [None req-3160b5d9-3f3b-4f8b-af7f-c5bd2bddb366 None None] image_cache_sqlite_db          = cache.db {{(pid=79885) log_opt_values /opt/stack/data/venv/lib/python3.12/site-packages/oslo_config/cfg.py:2817}}
Jul 30 11:04:49.391993 np0000031993 devstack@g-api.service[79885]: DEBUG glance.common.config [None req-3160b5d9-3f3b-4f8b-af7f-c5bd2bddb366 None None] image_cache_stall_time         = 86400 {{(pid=79885) log_opt_values /opt/stack/data/venv/lib/python3.12/site-packages/oslo_config/cfg.py:2817}}
Jul 30 11:04:49.392063 np0000031993 devstack@g-api.service[79885]: DEBUG glance.common.config [None req-3160b5d9-3f3b-4f8b-af7f-c5bd2bddb366 None None] image_location_quota           = 10 {{(pid=79885) log_opt_values /opt/stack/data/venv/lib/python3.12/site-packages/oslo_config/cfg.py:2817}}
Jul 30 11:04:49.392135 np0000031993 devstack@g-api.service[79885]: DEBUG glance.common.config [None req-3160b5d9-3f3b-4f8b-af7f-c5bd2bddb366 None None] image_member_quota             = 128 {{(pid=79885) log_opt_values /opt/stack/data/venv/lib/python3.12/site-packages/oslo_config/cfg.py:2817}}
Jul 30 11:04:49.392206 np0000031993 devstack@g-api.service[79885]: DEBUG glance.common.config [None req-3160b5d9-3f3b-4f8b-af7f-c5bd2bddb366 None None] image_property_quota           = 128 {{(pid=79885) log_opt_values /opt/stack/data/venv/lib/python3.12/site-packages/oslo_config/cfg.py:2817}}
Jul 30 11:04:49.392274 np0000031993 devstack@g-api.service[79885]: DEBUG glance.common.config [None req-3160b5d9-3f3b-4f8b-af7f-c5bd2bddb366 None None] image_size_cap                 = 1099511627776 {{(pid=79885) log_opt_values /opt/stack/data/venv/lib/python3.12/site-packages/oslo_config/cfg.py:2817}}
Jul 30 11:04:49.392351 np0000031993 devstack@g-api.service[79885]: DEBUG glance.common.config [None req-3160b5d9-3f3b-4f8b-af7f-c5bd2bddb366 None None] image_tag_quota                = 128 {{(pid=79885) log_opt_values /opt/stack/data/venv/lib/python3.12/site-packages/oslo_config/cfg.py:2817}}
Jul 30 11:04:49.392427 np0000031993 devstack@g-api.service[79885]: DEBUG glance.common.config [None req-3160b5d9-3f3b-4f8b-af7f-c5bd2bddb366 None None] instance_format                = [instance: %(uuid)s]  {{(pid=79885) log_opt_values /opt/stack/data/venv/lib/python3.12/site-packages/oslo_config/cfg.py:2817}}
Jul 30 11:04:49.392499 np0000031993 devstack@g-api.service[79885]: DEBUG glance.common.config [None req-3160b5d9-3f3b-4f8b-af7f-c5bd2bddb366 None None] instance_uuid_format           = [instance: %(uuid)s]  {{(pid=79885) log_opt_values /opt/stack/data/venv/lib/python3.12/site-packages/oslo_config/cfg.py:2817}}
Jul 30 11:04:49.392569 np0000031993 devstack@g-api.service[79885]: DEBUG glance.common.config [None req-3160b5d9-3f3b-4f8b-af7f-c5bd2bddb366 None None] limit_param_default            = 25 {{(pid=79885) log_opt_values /opt/stack/data/venv/lib/python3.12/site-packages/oslo_config/cfg.py:2817}}
Jul 30 11:04:49.392644 np0000031993 devstack@g-api.service[79885]: DEBUG glance.common.config [None req-3160b5d9-3f3b-4f8b-af7f-c5bd2bddb366 None None] log_color                      = False {{(pid=79885) log_opt_values /opt/stack/data/venv/lib/python3.12/site-packages/oslo_config/cfg.py:2817}}
Jul 30 11:04:49.392718 np0000031993 devstack@g-api.service[79885]: DEBUG glance.common.config [None req-3160b5d9-3f3b-4f8b-af7f-c5bd2bddb366 None None] log_config_append              = None {{(pid=79885) log_opt_values /opt/stack/data/venv/lib/python3.12/site-packages/oslo_config/cfg.py:2817}}
Jul 30 11:04:49.392804 np0000031993 devstack@g-api.service[79885]: DEBUG glance.common.config [None req-3160b5d9-3f3b-4f8b-af7f-c5bd2bddb366 None None] log_date_format                = %Y-%m-%d %H:%M:%S {{(pid=79885) log_opt_values /opt/stack/data/venv/lib/python3.12/site-packages/oslo_config/cfg.py:2817}}
Jul 30 11:04:49.392878 np0000031993 devstack@g-api.service[79885]: DEBUG glance.common.config [None req-3160b5d9-3f3b-4f8b-af7f-c5bd2bddb366 None None] log_dir                        = None {{(pid=79885) log_opt_values /opt/stack/data/venv/lib/python3.12/site-packages/oslo_config/cfg.py:2817}}
Jul 30 11:04:49.392951 np0000031993 devstack@g-api.service[79885]: DEBUG glance.common.config [None req-3160b5d9-3f3b-4f8b-af7f-c5bd2bddb366 None None] log_file                       = None {{(pid=79885) log_opt_values /opt/stack/data/venv/lib/python3.12/site-packages/oslo_config/cfg.py:2817}}
Jul 30 11:04:49.393020 np0000031993 devstack@g-api.service[79885]: DEBUG glance.common.config [None req-3160b5d9-3f3b-4f8b-af7f-c5bd2bddb366 None None] log_rotate_interval            = 1 {{(pid=79885) log_opt_values /opt/stack/data/venv/lib/python3.12/site-packages/oslo_config/cfg.py:2817}}
Jul 30 11:04:49.393095 np0000031993 devstack@g-api.service[79885]: DEBUG glance.common.config [None req-3160b5d9-3f3b-4f8b-af7f-c5bd2bddb366 None None] log_rotate_interval_type       = days {{(pid=79885) log_opt_values /opt/stack/data/venv/lib/python3.12/site-packages/oslo_config/cfg.py:2817}}
Jul 30 11:04:49.393166 np0000031993 devstack@g-api.service[79885]: DEBUG glance.common.config [None req-3160b5d9-3f3b-4f8b-af7f-c5bd2bddb366 None None] log_rotation_type              = none {{(pid=79885) log_opt_values /opt/stack/data/venv/lib/python3.12/site-packages/oslo_config/cfg.py:2817}}
Jul 30 11:04:49.393223 np0000031993 devstack@g-api.service[79885]: DEBUG glance.common.config [None req-3160b5d9-3f3b-4f8b-af7f-c5bd2bddb366 None None] logging_context_format_string  = %(color)s%(levelname)s %(name)s [%(global_request_id)s %(request_id)s %(project_name)s %(user_name)s%(color)s] %(instance)s%(color)s%(message)s {{(pid=79885) log_opt_values /opt/stack/data/venv/lib/python3.12/site-packages/oslo_config/cfg.py:2817}}
Jul 30 11:04:49.393277 np0000031993 devstack@g-api.service[79885]: DEBUG glance.common.config [None req-3160b5d9-3f3b-4f8b-af7f-c5bd2bddb366 None None] logging_debug_format_suffix    = {{(pid=%(process)d) %(funcName)s %(pathname)s:%(lineno)d}} {{(pid=79885) log_opt_values /opt/stack/data/venv/lib/python3.12/site-packages/oslo_config/cfg.py:2817}}
Jul 30 11:04:49.393351 np0000031993 devstack@g-api.service[79885]: DEBUG glance.common.config [None req-3160b5d9-3f3b-4f8b-af7f-c5bd2bddb366 None None] logging_default_format_string  = %(color)s%(levelname)s %(name)s [-%(color)s] %(instance)s%(color)s%(message)s {{(pid=79885) log_opt_values /opt/stack/data/venv/lib/python3.12/site-packages/oslo_config/cfg.py:2817}}
Jul 30 11:04:49.393433 np0000031993 devstack@g-api.service[79885]: DEBUG glance.common.config [None req-3160b5d9-3f3b-4f8b-af7f-c5bd2bddb366 None None] logging_exception_prefix       = ERROR %(name)s %(instance)s {{(pid=79885) log_opt_values /opt/stack/data/venv/lib/python3.12/site-packages/oslo_config/cfg.py:2817}}
Jul 30 11:04:49.393486 np0000031993 devstack@g-api.service[79885]: DEBUG glance.common.config [None req-3160b5d9-3f3b-4f8b-af7f-c5bd2bddb366 None None] logging_user_identity_format   = %(user)s %(project)s %(domain)s %(system_scope)s %(user_domain)s %(project_domain)s {{(pid=79885) log_opt_values /opt/stack/data/venv/lib/python3.12/site-packages/oslo_config/cfg.py:2817}}
Jul 30 11:04:49.393556 np0000031993 devstack@g-api.service[79885]: DEBUG glance.common.config [None req-3160b5d9-3f3b-4f8b-af7f-c5bd2bddb366 None None] max_header_line                = 16384 {{(pid=79885) log_opt_values /opt/stack/data/venv/lib/python3.12/site-packages/oslo_config/cfg.py:2817}}
Jul 30 11:04:49.393627 np0000031993 devstack@g-api.service[79885]: DEBUG glance.common.config [None req-3160b5d9-3f3b-4f8b-af7f-c5bd2bddb366 None None] max_logfile_count              = 30 {{(pid=79885) log_opt_values /opt/stack/data/venv/lib/python3.12/site-packages/oslo_config/cfg.py:2817}}
Jul 30 11:04:49.393696 np0000031993 devstack@g-api.service[79885]: DEBUG glance.common.config [None req-3160b5d9-3f3b-4f8b-af7f-c5bd2bddb366 None None] max_logfile_size_mb            = 200 {{(pid=79885) log_opt_values /opt/stack/data/venv/lib/python3.12/site-packages/oslo_config/cfg.py:2817}}
Jul 30 11:04:49.393762 np0000031993 devstack@g-api.service[79885]: DEBUG glance.common.config [None req-3160b5d9-3f3b-4f8b-af7f-c5bd2bddb366 None None] max_request_id_length          = 64 {{(pid=79885) log_opt_values /opt/stack/data/venv/lib/python3.12/site-packages/oslo_config/cfg.py:2817}}
Jul 30 11:04:49.393837 np0000031993 devstack@g-api.service[79885]: DEBUG glance.common.config [None req-3160b5d9-3f3b-4f8b-af7f-c5bd2bddb366 None None] metadata_encryption_key        = **** {{(pid=79885) log_opt_values /opt/stack/data/venv/lib/python3.12/site-packages/oslo_config/cfg.py:2817}}
