Jul 29 14:44:48.943621 np0000031954 systemd[1]: Starting devstack@g-api.service - Devstack devstack@g-api.service...
Jul 29 14:44:48.946757 np0000031954 devstack@g-api.service[80094]: [uWSGI] getting INI configuration from /etc/glance/glance-uwsgi.ini
Jul 29 14:44:48.948624 np0000031954 devstack@g-api.service[80094]: *** Starting uWSGI 2.0.24-debian (64bit) on [Tue Jul 29 14:44:48 2025] ***
Jul 29 14:44:48.948624 np0000031954 devstack@g-api.service[80094]: compiled with version: 13.2.0 on 17 April 2024 16:23:48
Jul 29 14:44:48.948624 np0000031954 devstack@g-api.service[80094]: os: Linux-6.8.0-71-generic #71-Ubuntu SMP PREEMPT_DYNAMIC Tue Jul 22 16:52:38 UTC 2025
Jul 29 14:44:48.948624 np0000031954 devstack@g-api.service[80094]: nodename: np0000031954
Jul 29 14:44:48.948624 np0000031954 devstack@g-api.service[80094]: machine: x86_64
Jul 29 14:44:48.948624 np0000031954 devstack@g-api.service[80094]: clock source: unix
Jul 29 14:44:48.948624 np0000031954 devstack@g-api.service[80094]: pcre jit disabled
Jul 29 14:44:48.948624 np0000031954 devstack@g-api.service[80094]: detected number of CPU cores: 8
Jul 29 14:44:48.948624 np0000031954 devstack@g-api.service[80094]: current working directory: /
Jul 29 14:44:48.948624 np0000031954 devstack@g-api.service[80094]: detected binary path: /usr/bin/uwsgi-core
Jul 29 14:44:48.948767 np0000031954 devstack@g-api.service[80094]: your processes number limit is 31482
Jul 29 14:44:48.948767 np0000031954 devstack@g-api.service[80094]: your memory page size is 4096 bytes
Jul 29 14:44:48.948767 np0000031954 devstack@g-api.service[80094]: detected max file descriptor number: 2048
Jul 29 14:44:48.948767 np0000031954 devstack@g-api.service[80094]: lock engine: pthread robust mutexes
Jul 29 14:44:48.948767 np0000031954 devstack@g-api.service[80094]: thunder lock: enabled
Jul 29 14:44:48.948832 np0000031954 devstack@g-api.service[80094]: uwsgi socket 0 bound to TCP address 127.0.0.1:60999 fd 4
Jul 29 14:44:48.948847 np0000031954 devstack@g-api.service[80094]: Python version: 3.12.3 (main, Jun 18 2025, 17:59:45) [GCC 13.3.0]
Jul 29 14:44:48.948861 np0000031954 devstack@g-api.service[80094]: PEP 405 virtualenv detected: /opt/stack/data/venv
Jul 29 14:44:48.948861 np0000031954 devstack@g-api.service[80094]: Set PythonHome to /opt/stack/data/venv
Jul 29 14:44:48.974905 np0000031954 devstack@g-api.service[80094]: Python main interpreter initialized at 0x796602ea39e8
Jul 29 14:44:48.974933 np0000031954 devstack@g-api.service[80094]: python threads support enabled
Jul 29 14:44:48.974933 np0000031954 devstack@g-api.service[80094]: your server socket listen backlog is limited to 100 connections
Jul 29 14:44:48.974933 np0000031954 devstack@g-api.service[80094]: your mercy for graceful operations on workers is 80 seconds
Jul 29 14:44:48.975177 np0000031954 devstack@g-api.service[80094]: mapped 403077 bytes (393 KB) for 2 cores
Jul 29 14:44:48.975249 np0000031954 devstack@g-api.service[80094]: *** Operational MODE: preforking ***
Jul 29 14:44:48.975399 np0000031954 devstack@g-api.service[80094]: *** uWSGI is running in multiple interpreter mode ***
Jul 29 14:44:48.975399 np0000031954 devstack@g-api.service[80094]: spawned uWSGI master process (pid: 80094)
Jul 29 14:44:48.975459 np0000031954 systemd[1]: Started devstack@g-api.service - Devstack devstack@g-api.service.
Jul 29 14:44:48.975767 np0000031954 devstack@g-api.service[80094]: spawned uWSGI worker 1 (pid: 80095, cores: 1)
Jul 29 14:44:48.976453 np0000031954 devstack@g-api.service[80094]: spawned uWSGI worker 2 (pid: 80096, cores: 1)
Jul 29 14:44:48.976453 np0000031954 devstack@g-api.service[80094]: running "unix_signal:15 gracefully_kill_them_all" (master-start)...
Jul 29 14:44:49.572471 np0000031954 devstack@g-api.service[80095]: INFO glance.async_ [-] Threadpool model set to 'NativeThreadPoolModel'
Jul 29 14:44:49.572644 np0000031954 devstack@g-api.service[80096]: INFO glance.async_ [-] Threadpool model set to 'NativeThreadPoolModel'
Jul 29 14:44:49.624158 np0000031954 devstack@g-api.service[80096]: DEBUG oslo_concurrency.processutils [-] Running cmd (subprocess): grep -F node.session.scan /sbin/iscsiadm {{(pid=80096) execute /opt/stack/data/venv/lib/python3.12/site-packages/oslo_concurrency/processutils.py:349}}
Jul 29 14:44:49.624223 np0000031954 devstack@g-api.service[80095]: DEBUG oslo_concurrency.processutils [-] Running cmd (subprocess): grep -F node.session.scan /sbin/iscsiadm {{(pid=80095) execute /opt/stack/data/venv/lib/python3.12/site-packages/oslo_concurrency/processutils.py:349}}
Jul 29 14:44:49.629723 np0000031954 devstack@g-api.service[80096]: DEBUG oslo_concurrency.processutils [-] CMD "grep -F node.session.scan /sbin/iscsiadm" returned: 0 in 0.006s {{(pid=80096) execute /opt/stack/data/venv/lib/python3.12/site-packages/oslo_concurrency/processutils.py:372}}
Jul 29 14:44:49.629904 np0000031954 devstack@g-api.service[80095]: DEBUG oslo_concurrency.processutils [-] CMD "grep -F node.session.scan /sbin/iscsiadm" returned: 0 in 0.006s {{(pid=80095) execute /opt/stack/data/venv/lib/python3.12/site-packages/oslo_concurrency/processutils.py:372}}
Jul 29 14:44:49.674391 np0000031954 devstack@g-api.service[80095]: DEBUG glance_store.common.attachment_state_manager [-] Initialising _AttachmentStateManager {{(pid=80095) __init__ /opt/stack/data/venv/lib/python3.12/site-packages/glance_store/common/attachment_state_manager.py:86}}
Jul 29 14:44:49.674608 np0000031954 devstack@g-api.service[80096]: DEBUG glance_store.common.attachment_state_manager [-] Initialising _AttachmentStateManager {{(pid=80096) __init__ /opt/stack/data/venv/lib/python3.12/site-packages/glance_store/common/attachment_state_manager.py:86}}
Jul 29 14:44:49.876840 np0000031954 devstack@g-api.service[80096]: DEBUG glance_store.backend [-] Attempting to import store cinder {{(pid=80096) _load_store /opt/stack/data/venv/lib/python3.12/site-packages/glance_store/backend.py:216}}
Jul 29 14:44:49.876899 np0000031954 devstack@g-api.service[80095]: DEBUG glance_store.backend [-] Attempting to import store cinder {{(pid=80095) _load_store /opt/stack/data/venv/lib/python3.12/site-packages/glance_store/backend.py:216}}
Jul 29 14:44:49.876899 np0000031954 devstack@g-api.service[80095]: DEBUG glance_store.backend [-] Attempting to import store file {{(pid=80095) _load_store /opt/stack/data/venv/lib/python3.12/site-packages/glance_store/backend.py:216}}
Jul 29 14:44:49.876948 np0000031954 devstack@g-api.service[80096]: DEBUG glance_store.backend [-] Attempting to import store file {{(pid=80096) _load_store /opt/stack/data/venv/lib/python3.12/site-packages/glance_store/backend.py:216}}
Jul 29 14:44:49.876970 np0000031954 devstack@g-api.service[80096]: DEBUG glance_store.backend [-] Attempting to import store glance.store.cinder.Store {{(pid=80096) _load_store /opt/stack/data/venv/lib/python3.12/site-packages/glance_store/backend.py:216}}
Jul 29 14:44:49.876990 np0000031954 devstack@g-api.service[80095]: DEBUG glance_store.backend [-] Attempting to import store glance.store.cinder.Store {{(pid=80095) _load_store /opt/stack/data/venv/lib/python3.12/site-packages/glance_store/backend.py:216}}
Jul 29 14:44:49.877029 np0000031954 devstack@g-api.service[80096]: DEBUG glance_store.backend [-] Attempting to import store glance.store.filesystem.Store {{(pid=80096) _load_store /opt/stack/data/venv/lib/python3.12/site-packages/glance_store/backend.py:216}}
Jul 29 14:44:49.877050 np0000031954 devstack@g-api.service[80095]: DEBUG glance_store.backend [-] Attempting to import store glance.store.filesystem.Store {{(pid=80095) _load_store /opt/stack/data/venv/lib/python3.12/site-packages/glance_store/backend.py:216}}
Jul 29 14:44:49.877081 np0000031954 devstack@g-api.service[80096]: DEBUG glance_store.backend [-] Attempting to import store glance.store.http.Store {{(pid=80096) _load_store /opt/stack/data/venv/lib/python3.12/site-packages/glance_store/backend.py:216}}
Jul 29 14:44:49.877109 np0000031954 devstack@g-api.service[80095]: DEBUG glance_store.backend [-] Attempting to import store glance.store.http.Store {{(pid=80095) _load_store /opt/stack/data/venv/lib/python3.12/site-packages/glance_store/backend.py:216}}
Jul 29 14:44:49.877151 np0000031954 devstack@g-api.service[80096]: DEBUG glance_store.backend [-] Attempting to import store glance.store.rbd.Store {{(pid=80096) _load_store /opt/stack/data/venv/lib/python3.12/site-packages/glance_store/backend.py:216}}
Jul 29 14:44:49.877183 np0000031954 devstack@g-api.service[80095]: DEBUG glance_store.backend [-] Attempting to import store glance.store.rbd.Store {{(pid=80095) _load_store /opt/stack/data/venv/lib/python3.12/site-packages/glance_store/backend.py:216}}
Jul 29 14:44:49.877213 np0000031954 devstack@g-api.service[80096]: DEBUG glance_store.backend [-] Attempting to import store glance.store.s3.Store {{(pid=80096) _load_store /opt/stack/data/venv/lib/python3.12/site-packages/glance_store/backend.py:216}}
Jul 29 14:44:49.877234 np0000031954 devstack@g-api.service[80095]: DEBUG glance_store.backend [-] Attempting to import store glance.store.s3.Store {{(pid=80095) _load_store /opt/stack/data/venv/lib/python3.12/site-packages/glance_store/backend.py:216}}
Jul 29 14:44:49.877269 np0000031954 devstack@g-api.service[80095]: DEBUG glance_store.backend [-] Attempting to import store glance.store.swift.Store {{(pid=80095) _load_store /opt/stack/data/venv/lib/python3.12/site-packages/glance_store/backend.py:216}}
Jul 29 14:44:49.877288 np0000031954 devstack@g-api.service[80096]: DEBUG glance_store.backend [-] Attempting to import store glance.store.swift.Store {{(pid=80096) _load_store /opt/stack/data/venv/lib/python3.12/site-packages/glance_store/backend.py:216}}
Jul 29 14:44:49.877325 np0000031954 devstack@g-api.service[80095]: DEBUG glance_store.backend [-] Attempting to import store glance.store.vmware_datastore.Store {{(pid=80095) _load_store /opt/stack/data/venv/lib/python3.12/site-packages/glance_store/backend.py:216}}
Jul 29 14:44:49.877343 np0000031954 devstack@g-api.service[80096]: DEBUG glance_store.backend [-] Attempting to import store glance.store.vmware_datastore.Store {{(pid=80096) _load_store /opt/stack/data/venv/lib/python3.12/site-packages/glance_store/backend.py:216}}
Jul 29 14:44:49.877377 np0000031954 devstack@g-api.service[80096]: DEBUG glance_store.backend [-] Attempting to import store http {{(pid=80096) _load_store /opt/stack/data/venv/lib/python3.12/site-packages/glance_store/backend.py:216}}
Jul 29 14:44:49.877396 np0000031954 devstack@g-api.service[80095]: DEBUG glance_store.backend [-] Attempting to import store http {{(pid=80095) _load_store /opt/stack/data/venv/lib/python3.12/site-packages/glance_store/backend.py:216}}
Jul 29 14:44:49.877429 np0000031954 devstack@g-api.service[80095]: DEBUG glance_store.backend [-] Attempting to import store no_conf {{(pid=80095) _load_store /opt/stack/data/venv/lib/python3.12/site-packages/glance_store/backend.py:216}}
Jul 29 14:44:49.877450 np0000031954 devstack@g-api.service[80096]: DEBUG glance_store.backend [-] Attempting to import store no_conf {{(pid=80096) _load_store /opt/stack/data/venv/lib/python3.12/site-packages/glance_store/backend.py:216}}
Jul 29 14:44:49.877480 np0000031954 devstack@g-api.service[80096]: DEBUG glance_store.backend [-] Attempting to import store rbd {{(pid=80096) _load_store /opt/stack/data/venv/lib/python3.12/site-packages/glance_store/backend.py:216}}
Jul 29 14:44:49.877498 np0000031954 devstack@g-api.service[80095]: DEBUG glance_store.backend [-] Attempting to import store rbd {{(pid=80095) _load_store /opt/stack/data/venv/lib/python3.12/site-packages/glance_store/backend.py:216}}
Jul 29 14:44:49.877531 np0000031954 devstack@g-api.service[80095]: DEBUG glance_store.backend [-] Attempting to import store s3 {{(pid=80095) _load_store /opt/stack/data/venv/lib/python3.12/site-packages/glance_store/backend.py:216}}
Jul 29 14:44:49.877550 np0000031954 devstack@g-api.service[80096]: DEBUG glance_store.backend [-] Attempting to import store s3 {{(pid=80096) _load_store /opt/stack/data/venv/lib/python3.12/site-packages/glance_store/backend.py:216}}
Jul 29 14:44:49.877582 np0000031954 devstack@g-api.service[80095]: DEBUG glance_store.backend [-] Attempting to import store swift {{(pid=80095) _load_store /opt/stack/data/venv/lib/python3.12/site-packages/glance_store/backend.py:216}}
Jul 29 14:44:49.877600 np0000031954 devstack@g-api.service[80096]: DEBUG glance_store.backend [-] Attempting to import store swift {{(pid=80096) _load_store /opt/stack/data/venv/lib/python3.12/site-packages/glance_store/backend.py:216}}
Jul 29 14:44:49.877658 np0000031954 devstack@g-api.service[80095]: DEBUG glance_store.backend [-] Attempting to import store vmware {{(pid=80095) _load_store /opt/stack/data/venv/lib/python3.12/site-packages/glance_store/backend.py:216}}
Jul 29 14:44:49.877677 np0000031954 devstack@g-api.service[80096]: DEBUG glance_store.backend [-] Attempting to import store vmware {{(pid=80096) _load_store /opt/stack/data/venv/lib/python3.12/site-packages/glance_store/backend.py:216}}
Jul 29 14:44:49.877695 np0000031954 devstack@g-api.service[80095]: DEBUG glance_store.backend [-] Registering options for group glance_store {{(pid=80095) register_opts /opt/stack/data/venv/lib/python3.12/site-packages/glance_store/backend.py:145}}
Jul 29 14:44:49.877712 np0000031954 devstack@g-api.service[80096]: DEBUG glance_store.backend [-] Registering options for group glance_store {{(pid=80096) register_opts /opt/stack/data/venv/lib/python3.12/site-packages/glance_store/backend.py:145}}
Jul 29 14:44:49.877857 np0000031954 devstack@g-api.service[80095]: DEBUG glance_store.backend [-] Registering options for group glance_store {{(pid=80095) register_opts /opt/stack/data/venv/lib/python3.12/site-packages/glance_store/backend.py:145}}
Jul 29 14:44:49.877877 np0000031954 devstack@g-api.service[80096]: DEBUG glance_store.backend [-] Registering options for group glance_store {{(pid=80096) register_opts /opt/stack/data/venv/lib/python3.12/site-packages/glance_store/backend.py:145}}
Jul 29 14:44:49.878140 np0000031954 devstack@g-api.service[80095]: DEBUG glance_store.backend [-] Attempting to import store file {{(pid=80095) _load_store /opt/stack/data/venv/lib/python3.12/site-packages/glance_store/backend.py:216}}
Jul 29 14:44:49.878160 np0000031954 devstack@g-api.service[80096]: DEBUG glance_store.backend [-] Attempting to import store file {{(pid=80096) _load_store /opt/stack/data/venv/lib/python3.12/site-packages/glance_store/backend.py:216}}
Jul 29 14:44:49.878460 np0000031954 devstack@g-api.service[80096]: DEBUG glance_store.capabilities [-] Store glance_store._drivers.filesystem.Store doesn't support updating dynamic storage capabilities. Please overwrite 'update_capabilities' method of the store to implement updating logics if needed. {{(pid=80096) update_capabilities /opt/stack/data/venv/lib/python3.12/site-packages/glance_store/capabilities.py:91}}
Jul 29 14:44:49.878481 np0000031954 devstack@g-api.service[80095]: DEBUG glance_store.capabilities [-] Store glance_store._drivers.filesystem.Store doesn't support updating dynamic storage capabilities. Please overwrite 'update_capabilities' method of the store to implement updating logics if needed. {{(pid=80095) update_capabilities /opt/stack/data/venv/lib/python3.12/site-packages/glance_store/capabilities.py:91}}
Jul 29 14:44:49.878500 np0000031954 devstack@g-api.service[80096]: DEBUG glance_store.backend [-] Registering store file with schemes ('file', 'filesystem') {{(pid=80096) create_stores /opt/stack/data/venv/lib/python3.12/site-packages/glance_store/backend.py:262}}
Jul 29 14:44:49.878520 np0000031954 devstack@g-api.service[80095]: DEBUG glance_store.backend [-] Registering store file with schemes ('file', 'filesystem') {{(pid=80095) create_stores /opt/stack/data/venv/lib/python3.12/site-packages/glance_store/backend.py:262}}
Jul 29 14:44:49.878537 np0000031954 devstack@g-api.service[80096]: DEBUG glance_store.driver [-] Late loading location class glance_store._drivers.filesystem.StoreLocation {{(pid=80096) get_store_location_class /opt/stack/data/venv/lib/python3.12/site-packages/glance_store/driver.py:136}}
Jul 29 14:44:49.878555 np0000031954 devstack@g-api.service[80095]: DEBUG glance_store.driver [-] Late loading location class glance_store._drivers.filesystem.StoreLocation {{(pid=80095) get_store_location_class /opt/stack/data/venv/lib/python3.12/site-packages/glance_store/driver.py:136}}
Jul 29 14:44:49.878596 np0000031954 devstack@g-api.service[80096]: DEBUG glance_store.location [-] Registering scheme file with {'store': <glance_store._drivers.filesystem.Store object at 0x7965ff865520>, 'location_class': <class 'glance_store._drivers.filesystem.StoreLocation'>, 'store_entry': 'file'} {{(pid=80096) register_scheme_map /opt/stack/data/venv/lib/python3.12/site-packages/glance_store/location.py:146}}
Jul 29 14:44:49.878617 np0000031954 devstack@g-api.service[80095]: DEBUG glance_store.location [-] Registering scheme file with {'store': <glance_store._drivers.filesystem.Store object at 0x7965ff33a870>, 'location_class': <class 'glance_store._drivers.filesystem.StoreLocation'>, 'store_entry': 'file'} {{(pid=80095) register_scheme_map /opt/stack/data/venv/lib/python3.12/site-packages/glance_store/location.py:146}}
Jul 29 14:44:49.878635 np0000031954 devstack@g-api.service[80096]: DEBUG glance_store.location [-] Registering scheme filesystem with {'store': <glance_store._drivers.filesystem.Store object at 0x7965ff865520>, 'location_class': <class 'glance_store._drivers.filesystem.StoreLocation'>, 'store_entry': 'file'} {{(pid=80096) register_scheme_map /opt/stack/data/venv/lib/python3.12/site-packages/glance_store/location.py:146}}
Jul 29 14:44:49.878655 np0000031954 devstack@g-api.service[80095]: DEBUG glance_store.location [-] Registering scheme filesystem with {'store': <glance_store._drivers.filesystem.Store object at 0x7965ff33a870>, 'location_class': <class 'glance_store._drivers.filesystem.StoreLocation'>, 'store_entry': 'file'} {{(pid=80095) register_scheme_map /opt/stack/data/venv/lib/python3.12/site-packages/glance_store/location.py:146}}
Jul 29 14:44:49.878676 np0000031954 devstack@g-api.service[80096]: DEBUG glance_store.backend [-] Attempting to import store http {{(pid=80096) _load_store /opt/stack/data/venv/lib/python3.12/site-packages/glance_store/backend.py:216}}
Jul 29 14:44:49.878693 np0000031954 devstack@g-api.service[80095]: DEBUG glance_store.backend [-] Attempting to import store http {{(pid=80095) _load_store /opt/stack/data/venv/lib/python3.12/site-packages/glance_store/backend.py:216}}
Jul 29 14:44:49.878809 np0000031954 devstack@g-api.service[80095]: DEBUG glance_store.capabilities [-] Store glance_store._drivers.http.Store doesn't support updating dynamic storage capabilities. Please overwrite 'update_capabilities' method of the store to implement updating logics if needed. {{(pid=80095) update_capabilities /opt/stack/data/venv/lib/python3.12/site-packages/glance_store/capabilities.py:91}}
Jul 29 14:44:49.878829 np0000031954 devstack@g-api.service[80096]: DEBUG glance_store.capabilities [-] Store glance_store._drivers.http.Store doesn't support updating dynamic storage capabilities. Please overwrite 'update_capabilities' method of the store to implement updating logics if needed. {{(pid=80096) update_capabilities /opt/stack/data/venv/lib/python3.12/site-packages/glance_store/capabilities.py:91}}
Jul 29 14:44:49.878848 np0000031954 devstack@g-api.service[80095]: DEBUG glance_store.backend [-] Registering store http with schemes ('http', 'https') {{(pid=80095) create_stores /opt/stack/data/venv/lib/python3.12/site-packages/glance_store/backend.py:262}}
Jul 29 14:44:49.878868 np0000031954 devstack@g-api.service[80096]: DEBUG glance_store.backend [-] Registering store http with schemes ('http', 'https') {{(pid=80096) create_stores /opt/stack/data/venv/lib/python3.12/site-packages/glance_store/backend.py:262}}
Jul 29 14:44:49.878885 np0000031954 devstack@g-api.service[80095]: DEBUG glance_store.driver [-] Late loading location class glance_store._drivers.http.StoreLocation {{(pid=80095) get_store_location_class /opt/stack/data/venv/lib/python3.12/site-packages/glance_store/driver.py:136}}
Jul 29 14:44:49.878902 np0000031954 devstack@g-api.service[80096]: DEBUG glance_store.driver [-] Late loading location class glance_store._drivers.http.StoreLocation {{(pid=80096) get_store_location_class /opt/stack/data/venv/lib/python3.12/site-packages/glance_store/driver.py:136}}
Jul 29 14:44:49.878919 np0000031954 devstack@g-api.service[80095]: DEBUG glance_store.location [-] Registering scheme http with {'store': <glance_store._drivers.http.Store object at 0x7965fe98e270>, 'location_class': <class 'glance_store._drivers.http.StoreLocation'>, 'store_entry': 'http'} {{(pid=80095) register_scheme_map /opt/stack/data/venv/lib/python3.12/site-packages/glance_store/location.py:146}}
Jul 29 14:44:49.878939 np0000031954 devstack@g-api.service[80096]: DEBUG glance_store.location [-] Registering scheme http with {'store': <glance_store._drivers.http.Store object at 0x7965fea42f00>, 'location_class': <class 'glance_store._drivers.http.StoreLocation'>, 'store_entry': 'http'} {{(pid=80096) register_scheme_map /opt/stack/data/venv/lib/python3.12/site-packages/glance_store/location.py:146}}
Jul 29 14:44:49.878957 np0000031954 devstack@g-api.service[80095]: DEBUG glance_store.location [-] Registering scheme https with {'store': <glance_store._drivers.http.Store object at 0x7965fe98e270>, 'location_class': <class 'glance_store._drivers.http.StoreLocation'>, 'store_entry': 'http'} {{(pid=80095) register_scheme_map /opt/stack/data/venv/lib/python3.12/site-packages/glance_store/location.py:146}}
Jul 29 14:44:49.878981 np0000031954 devstack@g-api.service[80096]: DEBUG glance_store.location [-] Registering scheme https with {'store': <glance_store._drivers.http.Store object at 0x7965fea42f00>, 'location_class': <class 'glance_store._drivers.http.StoreLocation'>, 'store_entry': 'http'} {{(pid=80096) register_scheme_map /opt/stack/data/venv/lib/python3.12/site-packages/glance_store/location.py:146}}
Jul 29 14:44:49.879198 np0000031954 devstack@g-api.service[80095]: DEBUG glance.sqlite_migration [-] SQLite caching database not located, skipping migration {{(pid=80095) get_db_path /opt/stack/glance/glance/sqlite_migration.py:68}}
Jul 29 14:44:49.879218 np0000031954 devstack@g-api.service[80096]: DEBUG glance.sqlite_migration [-] SQLite caching database not located, skipping migration {{(pid=80096) get_db_path /opt/stack/glance/glance/sqlite_migration.py:68}}
Jul 29 14:44:49.879348 np0000031954 devstack@g-api.service[80096]: WARNING glance.common.wsgi_app [-] Import methods are enabled but staging directory /tmp/staging/ does not exist; Imports will fail!
Jul 29 14:44:49.879372 np0000031954 devstack@g-api.service[80095]: WARNING glance.common.wsgi_app [-] Import methods are enabled but staging directory /tmp/staging/ does not exist; Imports will fail!
Jul 29 14:44:50.105713 np0000031954 devstack@g-api.service[80096]: DEBUG glance.common.config [None req-1c4a4138-6531-4ae7-813d-5bda650e4d05 None None] Loading glance-api-keystone+cachemanagement from /etc/glance/glance-api-paste.ini {{(pid=80096) load_paste_app /opt/stack/glance/glance/common/config.py:750}}
Jul 29 14:44:50.105872 np0000031954 devstack@g-api.service[80095]: DEBUG glance.common.config [None req-c028d865-693e-47ad-a9c9-b059aa114097 None None] Loading glance-api-keystone+cachemanagement from /etc/glance/glance-api-paste.ini {{(pid=80095) load_paste_app /opt/stack/glance/glance/common/config.py:750}}
Jul 29 14:44:50.581531 np0000031954 devstack@g-api.service[80096]: INFO glance.image_cache [None req-1c4a4138-6531-4ae7-813d-5bda650e4d05 None None] Image cache loaded driver 'centralized_db'.
Jul 29 14:44:50.581818 np0000031954 devstack@g-api.service[80095]: INFO glance.image_cache [None req-c028d865-693e-47ad-a9c9-b059aa114097 None None] Image cache loaded driver 'centralized_db'.
Jul 29 14:44:50.613257 np0000031954 devstack@g-api.service[80096]: INFO dbcounter [None req-1c4a4138-6531-4ae7-813d-5bda650e4d05 None None] Registered counter for database glance
Jul 29 14:44:50.613305 np0000031954 devstack@g-api.service[80095]: INFO dbcounter [None req-c028d865-693e-47ad-a9c9-b059aa114097 None None] Registered counter for database glance
Jul 29 14:44:50.621156 np0000031954 devstack@g-api.service[80096]: DEBUG oslo_db.sqlalchemy.engines [None req-1c4a4138-6531-4ae7-813d-5bda650e4d05 None None] MySQL server mode set to STRICT_TRANS_TABLES,STRICT_ALL_TABLES,NO_ZERO_IN_DATE,NO_ZERO_DATE,ERROR_FOR_DIVISION_BY_ZERO,TRADITIONAL,NO_ENGINE_SUBSTITUTION {{(pid=80096) _check_effective_sql_mode /opt/stack/data/venv/lib/python3.12/site-packages/oslo_db/sqlalchemy/engines.py:397}}
Jul 29 14:44:50.621850 np0000031954 devstack@g-api.service[80095]: DEBUG oslo_db.sqlalchemy.engines [None req-c028d865-693e-47ad-a9c9-b059aa114097 None None] MySQL server mode set to STRICT_TRANS_TABLES,STRICT_ALL_TABLES,NO_ZERO_IN_DATE,NO_ZERO_DATE,ERROR_FOR_DIVISION_BY_ZERO,TRADITIONAL,NO_ENGINE_SUBSTITUTION {{(pid=80095) _check_effective_sql_mode /opt/stack/data/venv/lib/python3.12/site-packages/oslo_db/sqlalchemy/engines.py:397}}
Jul 29 14:44:50.637999 np0000031954 devstack@g-api.service[80096]: DEBUG dbcounter [-] [80096] Writer thread running {{(pid=80096) stat_writer /opt/stack/data/venv/lib/python3.12/site-packages/dbcounter.py:102}}
Jul 29 14:44:50.638694 np0000031954 devstack@g-api.service[80095]: DEBUG dbcounter [-] [80095] Writer thread running {{(pid=80095) stat_writer /opt/stack/data/venv/lib/python3.12/site-packages/dbcounter.py:102}}
Jul 29 14:44:50.643224 np0000031954 devstack@g-api.service[80095]: DEBUG glance.image_cache.drivers.centralized_db [None req-c028d865-693e-47ad-a9c9-b059aa114097 None None] Node reference is already recorded, ignoring it {{(pid=80095) configure /opt/stack/glance/glance/image_cache/drivers/centralized_db.py:71}}
Jul 29 14:44:50.647309 np0000031954 devstack@g-api.service[80096]: INFO glance.image_cache [None req-1c4a4138-6531-4ae7-813d-5bda650e4d05 None None] Image cache loaded driver 'centralized_db'.
Jul 29 14:44:50.647419 np0000031954 devstack@g-api.service[80095]: INFO glance.image_cache [None req-c028d865-693e-47ad-a9c9-b059aa114097 None None] Image cache loaded driver 'centralized_db'.
Jul 29 14:44:50.652603 np0000031954 devstack@g-api.service[80096]: DEBUG glance.image_cache.drivers.centralized_db [None req-1c4a4138-6531-4ae7-813d-5bda650e4d05 None None] Node reference is already recorded, ignoring it {{(pid=80096) configure /opt/stack/glance/glance/image_cache/drivers/centralized_db.py:71}}
Jul 29 14:44:50.652895 np0000031954 devstack@g-api.service[80095]: DEBUG glance.image_cache.drivers.centralized_db [None req-c028d865-693e-47ad-a9c9-b059aa114097 None None] Node reference is already recorded, ignoring it {{(pid=80095) configure /opt/stack/glance/glance/image_cache/drivers/centralized_db.py:71}}
Jul 29 14:44:50.656349 np0000031954 devstack@g-api.service[80096]: DEBUG glance.api.v2.cached_images [None req-1c4a4138-6531-4ae7-813d-5bda650e4d05 None None] Started cache worker thread {{(pid=80096) __init__ /opt/stack/glance/glance/api/v2/cached_images.py:69}}
Jul 29 14:44:50.656626 np0000031954 devstack@g-api.service[80095]: DEBUG glance.api.v2.cached_images [None req-c028d865-693e-47ad-a9c9-b059aa114097 None None] Started cache worker thread {{(pid=80095) __init__ /opt/stack/glance/glance/api/v2/cached_images.py:69}}
Jul 29 14:44:50.656811 np0000031954 devstack@g-api.service[80096]: INFO glance.image_cache [None req-1c4a4138-6531-4ae7-813d-5bda650e4d05 None None] Image cache loaded driver 'centralized_db'.
Jul 29 14:44:50.657009 np0000031954 devstack@g-api.service[80095]: INFO glance.image_cache [None req-c028d865-693e-47ad-a9c9-b059aa114097 None None] Image cache loaded driver 'centralized_db'.
Jul 29 14:44:50.661906 np0000031954 devstack@g-api.service[80096]: DEBUG glance.image_cache.drivers.centralized_db [None req-1c4a4138-6531-4ae7-813d-5bda650e4d05 None None] Node reference is already recorded, ignoring it {{(pid=80096) configure /opt/stack/glance/glance/image_cache/drivers/centralized_db.py:71}}
Jul 29 14:44:50.662214 np0000031954 devstack@g-api.service[80095]: DEBUG glance.image_cache.drivers.centralized_db [None req-c028d865-693e-47ad-a9c9-b059aa114097 None None] Node reference is already recorded, ignoring it {{(pid=80095) configure /opt/stack/glance/glance/image_cache/drivers/centralized_db.py:71}}
Jul 29 14:44:50.665602 np0000031954 devstack@g-api.service[80096]: INFO glance.api.middleware.cache_manage [None req-1c4a4138-6531-4ae7-813d-5bda650e4d05 None None] Initialized image cache management middleware
Jul 29 14:44:50.665708 np0000031954 devstack@g-api.service[80096]: INFO glance.image_cache [None req-1c4a4138-6531-4ae7-813d-5bda650e4d05 None None] Image cache loaded driver 'centralized_db'.
Jul 29 14:44:50.665855 np0000031954 devstack@g-api.service[80095]: INFO glance.api.middleware.cache_manage [None req-c028d865-693e-47ad-a9c9-b059aa114097 None None] Initialized image cache management middleware
Jul 29 14:44:50.665963 np0000031954 devstack@g-api.service[80095]: INFO glance.image_cache [None req-c028d865-693e-47ad-a9c9-b059aa114097 None None] Image cache loaded driver 'centralized_db'.
Jul 29 14:44:50.670633 np0000031954 devstack@g-api.service[80096]: DEBUG glance.image_cache.drivers.centralized_db [None req-1c4a4138-6531-4ae7-813d-5bda650e4d05 None None] Node reference is already recorded, ignoring it {{(pid=80096) configure /opt/stack/glance/glance/image_cache/drivers/centralized_db.py:71}}
Jul 29 14:44:50.674203 np0000031954 devstack@g-api.service[80096]: INFO glance.api.middleware.cache [None req-1c4a4138-6531-4ae7-813d-5bda650e4d05 None None] Initialized image cache middleware
Jul 29 14:44:50.674234 np0000031954 devstack@g-api.service[80095]: DEBUG glance.image_cache.drivers.centralized_db [None req-c028d865-693e-47ad-a9c9-b059aa114097 None None] Node reference is already recorded, ignoring it {{(pid=80095) configure /opt/stack/glance/glance/image_cache/drivers/centralized_db.py:71}}
Jul 29 14:44:50.677868 np0000031954 devstack@g-api.service[80095]: INFO glance.api.middleware.cache [None req-c028d865-693e-47ad-a9c9-b059aa114097 None None] Initialized image cache middleware
Jul 29 14:44:50.678663 np0000031954 devstack@g-api.service[80096]: WARNING keystonemiddleware.auth_token [None req-1c4a4138-6531-4ae7-813d-5bda650e4d05 None None] AuthToken middleware is set with keystone_authtoken.service_token_roles_required set to False. This is backwards compatible but deprecated behaviour. Please set this to True.
Jul 29 14:44:50.681515 np0000031954 devstack@g-api.service[80096]: WARNING keystonemiddleware.auth_token [None req-1c4a4138-6531-4ae7-813d-5bda650e4d05 None None] Configuring www_authenticate_uri to point to the public identity endpoint is required; clients may not be able to authenticate against an admin endpoint
Jul 29 14:44:50.682343 np0000031954 devstack@g-api.service[80095]: WARNING keystonemiddleware.auth_token [None req-c028d865-693e-47ad-a9c9-b059aa114097 None None] AuthToken middleware is set with keystone_authtoken.service_token_roles_required set to False. This is backwards compatible but deprecated behaviour. Please set this to True.
Jul 29 14:44:50.684003 np0000031954 devstack@g-api.service[80096]: DEBUG glance.common.config [None req-1c4a4138-6531-4ae7-813d-5bda650e4d05 None None] ******************************************************************************** {{(pid=80096) log_opt_values /opt/stack/data/venv/lib/python3.12/site-packages/oslo_config/cfg.py:2804}}
Jul 29 14:44:50.684071 np0000031954 devstack@g-api.service[80096]: DEBUG glance.common.config [None req-1c4a4138-6531-4ae7-813d-5bda650e4d05 None None] Configuration options gathered from: {{(pid=80096) log_opt_values /opt/stack/data/venv/lib/python3.12/site-packages/oslo_config/cfg.py:2805}}
Jul 29 14:44:50.684305 np0000031954 devstack@g-api.service[80096]: DEBUG glance.common.config [None req-1c4a4138-6531-4ae7-813d-5bda650e4d05 None None] command line args: [] {{(pid=80096) log_opt_values /opt/stack/data/venv/lib/python3.12/site-packages/oslo_config/cfg.py:2806}}
Jul 29 14:44:50.684395 np0000031954 devstack@g-api.service[80096]: DEBUG glance.common.config [None req-1c4a4138-6531-4ae7-813d-5bda650e4d05 None None] config files: ['/etc/glance/glance-image-import.conf', '/etc/glance/glance-api.conf'] {{(pid=80096) log_opt_values /opt/stack/data/venv/lib/python3.12/site-packages/oslo_config/cfg.py:2807}}
Jul 29 14:44:50.684446 np0000031954 devstack@g-api.service[80096]: DEBUG glance.common.config [None req-1c4a4138-6531-4ae7-813d-5bda650e4d05 None None] ================================================================================ {{(pid=80096) log_opt_values /opt/stack/data/venv/lib/python3.12/site-packages/oslo_config/cfg.py:2809}}
Jul 29 14:44:50.684541 np0000031954 devstack@g-api.service[80096]: DEBUG glance.common.config [None req-1c4a4138-6531-4ae7-813d-5bda650e4d05 None None] allow_anonymous_access         = False {{(pid=80096) log_opt_values /opt/stack/data/venv/lib/python3.12/site-packages/oslo_config/cfg.py:2817}}
Jul 29 14:44:50.684616 np0000031954 devstack@g-api.service[80096]: DEBUG glance.common.config [None req-1c4a4138-6531-4ae7-813d-5bda650e4d05 None None] api_limit_max                  = 1000 {{(pid=80096) log_opt_values /opt/stack/data/venv/lib/python3.12/site-packages/oslo_config/cfg.py:2817}}
Jul 29 14:44:50.684688 np0000031954 devstack@g-api.service[80096]: DEBUG glance.common.config [None req-1c4a4138-6531-4ae7-813d-5bda650e4d05 None None] backlog                        = 4096 {{(pid=80096) log_opt_values /opt/stack/data/venv/lib/python3.12/site-packages/oslo_config/cfg.py:2817}}
Jul 29 14:44:50.684783 np0000031954 devstack@g-api.service[80096]: DEBUG glance.common.config [None req-1c4a4138-6531-4ae7-813d-5bda650e4d05 None None] bind_host                      = 0.0.0.0 {{(pid=80096) log_opt_values /opt/stack/data/venv/lib/python3.12/site-packages/oslo_config/cfg.py:2817}}
Jul 29 14:44:50.684863 np0000031954 devstack@g-api.service[80096]: DEBUG glance.common.config [None req-1c4a4138-6531-4ae7-813d-5bda650e4d05 None None] bind_port                      = 19292 {{(pid=80096) log_opt_values /opt/stack/data/venv/lib/python3.12/site-packages/oslo_config/cfg.py:2817}}
Jul 29 14:44:50.684935 np0000031954 devstack@g-api.service[80096]: DEBUG glance.common.config [None req-1c4a4138-6531-4ae7-813d-5bda650e4d05 None None] client_socket_timeout          = 900 {{(pid=80096) log_opt_values /opt/stack/data/venv/lib/python3.12/site-packages/oslo_config/cfg.py:2817}}
Jul 29 14:44:50.685010 np0000031954 devstack@g-api.service[80096]: DEBUG glance.common.config [None req-1c4a4138-6531-4ae7-813d-5bda650e4d05 None None] config_dir                     = [] {{(pid=80096) log_opt_values /opt/stack/data/venv/lib/python3.12/site-packages/oslo_config/cfg.py:2817}}
Jul 29 14:44:50.685065 np0000031954 devstack@g-api.service[80096]: DEBUG glance.common.config [None req-1c4a4138-6531-4ae7-813d-5bda650e4d05 None None] config_file                    = ['/etc/glance/glance-image-import.conf', '/etc/glance/glance-api.conf'] {{(pid=80096) log_opt_values /opt/stack/data/venv/lib/python3.12/site-packages/oslo_config/cfg.py:2817}}
Jul 29 14:44:50.685146 np0000031954 devstack@g-api.service[80096]: DEBUG glance.common.config [None req-1c4a4138-6531-4ae7-813d-5bda650e4d05 None None] config_source                  = [] {{(pid=80096) log_opt_values /opt/stack/data/venv/lib/python3.12/site-packages/oslo_config/cfg.py:2817}}
Jul 29 14:44:50.685165 np0000031954 devstack@g-api.service[80095]: WARNING keystonemiddleware.auth_token [None req-c028d865-693e-47ad-a9c9-b059aa114097 None None] Configuring www_authenticate_uri to point to the public identity endpoint is required; clients may not be able to authenticate against an admin endpoint
Jul 29 14:44:50.685230 np0000031954 devstack@g-api.service[80096]: DEBUG glance.common.config [None req-1c4a4138-6531-4ae7-813d-5bda650e4d05 None None] control_exchange               = glance {{(pid=80096) log_opt_values /opt/stack/data/venv/lib/python3.12/site-packages/oslo_config/cfg.py:2817}}
Jul 29 14:44:50.685281 np0000031954 devstack@g-api.service[80096]: DEBUG glance.common.config [None req-1c4a4138-6531-4ae7-813d-5bda650e4d05 None None] debug                          = True {{(pid=80096) log_opt_values /opt/stack/data/venv/lib/python3.12/site-packages/oslo_config/cfg.py:2817}}
Jul 29 14:44:50.685405 np0000031954 devstack@g-api.service[80096]: DEBUG glance.common.config [None req-1c4a4138-6531-4ae7-813d-5bda650e4d05 None None] default_log_levels             = ['amqp=WARN', 'amqplib=WARN', 'boto=WARN', 'qpid=WARN', 'sqlalchemy=WARN', 'suds=INFO', 'oslo.messaging=INFO', 'oslo_messaging=INFO', 'iso8601=WARN', 'requests.packages.urllib3.connectionpool=WARN', 'urllib3.connectionpool=WARN', 'websocket=WARN', 'requests.packages.urllib3.util.retry=WARN', 'urllib3.util.retry=WARN', 'keystonemiddleware=WARN', 'routes.middleware=WARN', 'stevedore=WARN', 'taskflow=WARN', 'keystoneauth=WARN', 'oslo.cache=INFO', 'oslo_policy=INFO', 'dogpile.core.dogpile=INFO'] {{(pid=80096) log_opt_values /opt/stack/data/venv/lib/python3.12/site-packages/oslo_config/cfg.py:2817}}
Jul 29 14:44:50.685475 np0000031954 devstack@g-api.service[80096]: DEBUG glance.common.config [None req-1c4a4138-6531-4ae7-813d-5bda650e4d05 None None] default_publisher_id           = image.localhost {{(pid=80096) log_opt_values /opt/stack/data/venv/lib/python3.12/site-packages/oslo_config/cfg.py:2817}}
Jul 29 14:44:50.685545 np0000031954 devstack@g-api.service[80096]: DEBUG glance.common.config [None req-1c4a4138-6531-4ae7-813d-5bda650e4d05 None None] delayed_delete                 = False {{(pid=80096) log_opt_values /opt/stack/data/venv/lib/python3.12/site-packages/oslo_config/cfg.py:2817}}
Jul 29 14:44:50.685616 np0000031954 devstack@g-api.service[80096]: DEBUG glance.common.config [None req-1c4a4138-6531-4ae7-813d-5bda650e4d05 None None] digest_algorithm               = sha256 {{(pid=80096) log_opt_values /opt/stack/data/venv/lib/python3.12/site-packages/oslo_config/cfg.py:2817}}
Jul 29 14:44:50.685687 np0000031954 devstack@g-api.service[80096]: DEBUG glance.common.config [None req-1c4a4138-6531-4ae7-813d-5bda650e4d05 None None] disabled_notifications         = [] {{(pid=80096) log_opt_values /opt/stack/data/venv/lib/python3.12/site-packages/oslo_config/cfg.py:2817}}
Jul 29 14:44:50.685756 np0000031954 devstack@g-api.service[80096]: DEBUG glance.common.config [None req-1c4a4138-6531-4ae7-813d-5bda650e4d05 None None] do_secure_hash                 = True {{(pid=80096) log_opt_values /opt/stack/data/venv/lib/python3.12/site-packages/oslo_config/cfg.py:2817}}
Jul 29 14:44:50.685824 np0000031954 devstack@g-api.service[80096]: DEBUG glance.common.config [None req-1c4a4138-6531-4ae7-813d-5bda650e4d05 None None] enabled_backends               = None {{(pid=80096) log_opt_values /opt/stack/data/venv/lib/python3.12/site-packages/oslo_config/cfg.py:2817}}
Jul 29 14:44:50.685906 np0000031954 devstack@g-api.service[80096]: DEBUG glance.common.config [None req-1c4a4138-6531-4ae7-813d-5bda650e4d05 None None] enabled_import_methods         = ['glance-direct', 'web-download', 'copy-image'] {{(pid=80096) log_opt_values /opt/stack/data/venv/lib/python3.12/site-packages/oslo_config/cfg.py:2817}}
Jul 29 14:44:50.685978 np0000031954 devstack@g-api.service[80096]: DEBUG glance.common.config [None req-1c4a4138-6531-4ae7-813d-5bda650e4d05 None None] hashing_algorithm              = sha512 {{(pid=80096) log_opt_values /opt/stack/data/venv/lib/python3.12/site-packages/oslo_config/cfg.py:2817}}
Jul 29 14:44:50.686047 np0000031954 devstack@g-api.service[80096]: DEBUG glance.common.config [None req-1c4a4138-6531-4ae7-813d-5bda650e4d05 None None] http_keepalive                 = True {{(pid=80096) log_opt_values /opt/stack/data/venv/lib/python3.12/site-packages/oslo_config/cfg.py:2817}}
Jul 29 14:44:50.686124 np0000031954 devstack@g-api.service[80096]: DEBUG glance.common.config [None req-1c4a4138-6531-4ae7-813d-5bda650e4d05 None None] http_retries                   = 3 {{(pid=80096) log_opt_values /opt/stack/data/venv/lib/python3.12/site-packages/oslo_config/cfg.py:2817}}
Jul 29 14:44:50.686201 np0000031954 devstack@g-api.service[80096]: DEBUG glance.common.config [None req-1c4a4138-6531-4ae7-813d-5bda650e4d05 None None] image_cache_dir                = /opt/stack/data/glance/cache/ {{(pid=80096) log_opt_values /opt/stack/data/venv/lib/python3.12/site-packages/oslo_config/cfg.py:2817}}
Jul 29 14:44:50.686273 np0000031954 devstack@g-api.service[80096]: DEBUG glance.common.config [None req-1c4a4138-6531-4ae7-813d-5bda650e4d05 None None] image_cache_driver             = centralized_db {{(pid=80096) log_opt_values /opt/stack/data/venv/lib/python3.12/site-packages/oslo_config/cfg.py:2817}}
Jul 29 14:44:50.686342 np0000031954 devstack@g-api.service[80096]: DEBUG glance.common.config [None req-1c4a4138-6531-4ae7-813d-5bda650e4d05 None None] image_cache_max_size           = 10737418240 {{(pid=80096) log_opt_values /opt/stack/data/venv/lib/python3.12/site-packages/oslo_config/cfg.py:2817}}
Jul 29 14:44:50.686413 np0000031954 devstack@g-api.service[80096]: DEBUG glance.common.config [None req-1c4a4138-6531-4ae7-813d-5bda650e4d05 None None] image_cache_sqlite_db          = cache.db {{(pid=80096) log_opt_values /opt/stack/data/venv/lib/python3.12/site-packages/oslo_config/cfg.py:2817}}
Jul 29 14:44:50.686483 np0000031954 devstack@g-api.service[80096]: DEBUG glance.common.config [None req-1c4a4138-6531-4ae7-813d-5bda650e4d05 None None] image_cache_stall_time         = 86400 {{(pid=80096) log_opt_values /opt/stack/data/venv/lib/python3.12/site-packages/oslo_config/cfg.py:2817}}
Jul 29 14:44:50.686550 np0000031954 devstack@g-api.service[80096]: DEBUG glance.common.config [None req-1c4a4138-6531-4ae7-813d-5bda650e4d05 None None] image_location_quota           = 10 {{(pid=80096) log_opt_values /opt/stack/data/venv/lib/python3.12/site-packages/oslo_config/cfg.py:2817}}
Jul 29 14:44:50.686616 np0000031954 devstack@g-api.service[80096]: DEBUG glance.common.config [None req-1c4a4138-6531-4ae7-813d-5bda650e4d05 None None] image_member_quota             = 128 {{(pid=80096) log_opt_values /opt/stack/data/venv/lib/python3.12/site-packages/oslo_config/cfg.py:2817}}
Jul 29 14:44:50.686683 np0000031954 devstack@g-api.service[80096]: DEBUG glance.common.config [None req-1c4a4138-6531-4ae7-813d-5bda650e4d05 None None] image_property_quota           = 128 {{(pid=80096) log_opt_values /opt/stack/data/venv/lib/python3.12/site-packages/oslo_config/cfg.py:2817}}
Jul 29 14:44:50.686751 np0000031954 devstack@g-api.service[80096]: DEBUG glance.common.config [None req-1c4a4138-6531-4ae7-813d-5bda650e4d05 None None] image_size_cap                 = 1099511627776 {{(pid=80096) log_opt_values /opt/stack/data/venv/lib/python3.12/site-packages/oslo_config/cfg.py:2817}}
Jul 29 14:44:50.686818 np0000031954 devstack@g-api.service[80096]: DEBUG glance.common.config [None req-1c4a4138-6531-4ae7-813d-5bda650e4d05 None None] image_tag_quota                = 128 {{(pid=80096) log_opt_values /opt/stack/data/venv/lib/python3.12/site-packages/oslo_config/cfg.py:2817}}
Jul 29 14:44:50.686888 np0000031954 devstack@g-api.service[80096]: DEBUG glance.common.config [None req-1c4a4138-6531-4ae7-813d-5bda650e4d05 None None] instance_format                = [instance: %(uuid)s]  {{(pid=80096) log_opt_values /opt/stack/data/venv/lib/python3.12/site-packages/oslo_config/cfg.py:2817}}
Jul 29 14:44:50.686957 np0000031954 devstack@g-api.service[80096]: DEBUG glance.common.config [None req-1c4a4138-6531-4ae7-813d-5bda650e4d05 None None] instance_uuid_format           = [instance: %(uuid)s]  {{(pid=80096) log_opt_values /opt/stack/data/venv/lib/python3.12/site-packages/oslo_config/cfg.py:2817}}
Jul 29 14:44:50.687024 np0000031954 devstack@g-api.service[80096]: DEBUG glance.common.config [None req-1c4a4138-6531-4ae7-813d-5bda650e4d05 None None] limit_param_default            = 25 {{(pid=80096) log_opt_values /opt/stack/data/venv/lib/python3.12/site-packages/oslo_config/cfg.py:2817}}
Jul 29 14:44:50.687096 np0000031954 devstack@g-api.service[80096]: DEBUG glance.common.config [None req-1c4a4138-6531-4ae7-813d-5bda650e4d05 None None] log_color                      = False {{(pid=80096) log_opt_values /opt/stack/data/venv/lib/python3.12/site-packages/oslo_config/cfg.py:2817}}
Jul 29 14:44:50.687182 np0000031954 devstack@g-api.service[80096]: DEBUG glance.common.config [None req-1c4a4138-6531-4ae7-813d-5bda650e4d05 None None] log_config_append              = None {{(pid=80096) log_opt_values /opt/stack/data/venv/lib/python3.12/site-packages/oslo_config/cfg.py:2817}}
Jul 29 14:44:50.687258 np0000031954 devstack@g-api.service[80096]: DEBUG glance.common.config [None req-1c4a4138-6531-4ae7-813d-5bda650e4d05 None None] log_date_format                = %Y-%m-%d %H:%M:%S {{(pid=80096) log_opt_values /opt/stack/data/venv/lib/python3.12/site-packages/oslo_config/cfg.py:2817}}
Jul 29 14:44:50.687331 np0000031954 devstack@g-api.service[80096]: DEBUG glance.common.config [None req-1c4a4138-6531-4ae7-813d-5bda650e4d05 None None] log_dir                        = None {{(pid=80096) log_opt_values /opt/stack/data/venv/lib/python3.12/site-packages/oslo_config/cfg.py:2817}}
Jul 29 14:44:50.687403 np0000031954 devstack@g-api.service[80096]: DEBUG glance.common.config [None req-1c4a4138-6531-4ae7-813d-5bda650e4d05 None None] log_file                       = None {{(pid=80096) log_opt_values /opt/stack/data/venv/lib/python3.12/site-packages/oslo_config/cfg.py:2817}}
Jul 29 14:44:50.687472 np0000031954 devstack@g-api.service[80096]: DEBUG glance.common.config [None req-1c4a4138-6531-4ae7-813d-5bda650e4d05 None None] log_rotate_interval            = 1 {{(pid=80096) log_opt_values /opt/stack/data/venv/lib/python3.12/site-packages/oslo_config/cfg.py:2817}}
Jul 29 14:44:50.687545 np0000031954 devstack@g-api.service[80096]: DEBUG glance.common.config [None req-1c4a4138-6531-4ae7-813d-5bda650e4d05 None None] log_rotate_interval_type       = days {{(pid=80096) log_opt_values /opt/stack/data/venv/lib/python3.12/site-packages/oslo_config/cfg.py:2817}}
Jul 29 14:44:50.687617 np0000031954 devstack@g-api.service[80096]: DEBUG glance.common.config [None req-1c4a4138-6531-4ae7-813d-5bda650e4d05 None None] log_rotation_type              = none {{(pid=80096) log_opt_values /opt/stack/data/venv/lib/python3.12/site-packages/oslo_config/cfg.py:2817}}
Jul 29 14:44:50.687671 np0000031954 devstack@g-api.service[80096]: DEBUG glance.common.config [None req-1c4a4138-6531-4ae7-813d-5bda650e4d05 None None] logging_context_format_string  = %(color)s%(levelname)s %(name)s [%(global_request_id)s %(request_id)s %(project_name)s %(user_name)s%(color)s] %(instance)s%(color)s%(message)s {{(pid=80096) log_opt_values /opt/stack/data/venv/lib/python3.12/site-packages/oslo_config/cfg.py:2817}}
Jul 29 14:44:50.687723 np0000031954 devstack@g-api.service[80096]: DEBUG glance.common.config [None req-1c4a4138-6531-4ae7-813d-5bda650e4d05 None None] logging_debug_format_suffix    = {{(pid=%(process)d) %(funcName)s %(pathname)s:%(lineno)d}} {{(pid=80096) log_opt_values /opt/stack/data/venv/lib/python3.12/site-packages/oslo_config/cfg.py:2817}}
Jul 29 14:44:50.687742 np0000031954 devstack@g-api.service[80095]: DEBUG glance.common.config [None req-c028d865-693e-47ad-a9c9-b059aa114097 None None] ******************************************************************************** {{(pid=80095) log_opt_values /opt/stack/data/venv/lib/python3.12/site-packages/oslo_config/cfg.py:2804}}
Jul 29 14:44:50.687796 np0000031954 devstack@g-api.service[80096]: DEBUG glance.common.config [None req-1c4a4138-6531-4ae7-813d-5bda650e4d05 None None] logging_default_format_string  = %(color)s%(levelname)s %(name)s [-%(color)s] %(instance)s%(color)s%(message)s {{(pid=80096) log_opt_values /opt/stack/data/venv/lib/python3.12/site-packages/oslo_config/cfg.py:2817}}
Jul 29 14:44:50.687818 np0000031954 devstack@g-api.service[80095]: DEBUG glance.common.config [None req-c028d865-693e-47ad-a9c9-b059aa114097 None None] Configuration options gathered from: {{(pid=80095) log_opt_values /opt/stack/data/venv/lib/python3.12/site-packages/oslo_config/cfg.py:2805}}
Jul 29 14:44:50.687867 np0000031954 devstack@g-api.service[80096]: DEBUG glance.common.config [None req-1c4a4138-6531-4ae7-813d-5bda650e4d05 None None] logging_exception_prefix       = ERROR %(name)s %(instance)s {{(pid=80096) log_opt_values /opt/stack/data/venv/lib/python3.12/site-packages/oslo_config/cfg.py:2817}}
Jul 29 14:44:50.687918 np0000031954 devstack@g-api.service[80096]: DEBUG glance.common.config [None req-1c4a4138-6531-4ae7-813d-5bda650e4d05 None None] logging_user_identity_format   = %(user)s %(project)s %(domain)s %(system_scope)s %(user_domain)s %(project_domain)s {{(pid=80096) log_opt_values /opt/stack/data/venv/lib/python3.12/site-packages/oslo_config/cfg.py:2817}}
Jul 29 14:44:50.687987 np0000031954 devstack@g-api.service[80096]: DEBUG glance.common.config [None req-1c4a4138-6531-4ae7-813d-5bda650e4d05 None None] max_header_line                = 16384 {{(pid=80096) log_opt_values /opt/stack/data/venv/lib/python3.12/site-packages/oslo_config/cfg.py:2817}}
Jul 29 14:44:50.688020 np0000031954 devstack@g-api.service[80095]: DEBUG glance.common.config [None req-c028d865-693e-47ad-a9c9-b059aa114097 None None] command line args: [] {{(pid=80095) log_opt_values /opt/stack/data/venv/lib/python3.12/site-packages/oslo_config/cfg.py:2806}}
