Jul 30 14:27:18.661306 np0000032012 systemd[1]: Starting devstack@g-api.service - Devstack devstack@g-api.service...
Jul 30 14:27:18.664770 np0000032012 devstack@g-api.service[79916]: [uWSGI] getting INI configuration from /etc/glance/glance-uwsgi.ini
Jul 30 14:27:18.666870 np0000032012 devstack@g-api.service[79916]: *** Starting uWSGI 2.0.24-debian (64bit) on [Wed Jul 30 14:27:18 2025] ***
Jul 30 14:27:18.666870 np0000032012 devstack@g-api.service[79916]: compiled with version: 13.2.0 on 17 April 2024 16:23:48
Jul 30 14:27:18.666870 np0000032012 devstack@g-api.service[79916]: os: Linux-6.8.0-71-generic #71-Ubuntu SMP PREEMPT_DYNAMIC Tue Jul 22 16:52:38 UTC 2025
Jul 30 14:27:18.666870 np0000032012 devstack@g-api.service[79916]: nodename: np0000032012
Jul 30 14:27:18.666870 np0000032012 devstack@g-api.service[79916]: machine: x86_64
Jul 30 14:27:18.666870 np0000032012 devstack@g-api.service[79916]: clock source: unix
Jul 30 14:27:18.666870 np0000032012 devstack@g-api.service[79916]: pcre jit disabled
Jul 30 14:27:18.666870 np0000032012 devstack@g-api.service[79916]: detected number of CPU cores: 8
Jul 30 14:27:18.666870 np0000032012 devstack@g-api.service[79916]: current working directory: /
Jul 30 14:27:18.666870 np0000032012 devstack@g-api.service[79916]: detected binary path: /usr/bin/uwsgi-core
Jul 30 14:27:18.666870 np0000032012 devstack@g-api.service[79916]: your processes number limit is 31483
Jul 30 14:27:18.666870 np0000032012 devstack@g-api.service[79916]: your memory page size is 4096 bytes
Jul 30 14:27:18.666870 np0000032012 devstack@g-api.service[79916]: detected max file descriptor number: 2048
Jul 30 14:27:18.666870 np0000032012 devstack@g-api.service[79916]: lock engine: pthread robust mutexes
Jul 30 14:27:18.667134 np0000032012 devstack@g-api.service[79916]: thunder lock: enabled
Jul 30 14:27:18.667134 np0000032012 devstack@g-api.service[79916]: uwsgi socket 0 bound to TCP address 127.0.0.1:60999 fd 4
Jul 30 14:27:18.667134 np0000032012 devstack@g-api.service[79916]: Python version: 3.12.3 (main, Jun 18 2025, 17:59:45) [GCC 13.3.0]
Jul 30 14:27:18.667134 np0000032012 devstack@g-api.service[79916]: PEP 405 virtualenv detected: /opt/stack/data/venv
Jul 30 14:27:18.667134 np0000032012 devstack@g-api.service[79916]: Set PythonHome to /opt/stack/data/venv
Jul 30 14:27:18.696430 np0000032012 devstack@g-api.service[79916]: Python main interpreter initialized at 0x740e7b8a39e8
Jul 30 14:27:18.696430 np0000032012 devstack@g-api.service[79916]: python threads support enabled
Jul 30 14:27:18.696430 np0000032012 devstack@g-api.service[79916]: your server socket listen backlog is limited to 100 connections
Jul 30 14:27:18.696544 np0000032012 devstack@g-api.service[79916]: your mercy for graceful operations on workers is 80 seconds
Jul 30 14:27:18.696623 np0000032012 devstack@g-api.service[79916]: mapped 403077 bytes (393 KB) for 2 cores
Jul 30 14:27:18.696674 np0000032012 devstack@g-api.service[79916]: *** Operational MODE: preforking ***
Jul 30 14:27:18.696810 np0000032012 devstack@g-api.service[79916]: *** uWSGI is running in multiple interpreter mode ***
Jul 30 14:27:18.696810 np0000032012 devstack@g-api.service[79916]: spawned uWSGI master process (pid: 79916)
Jul 30 14:27:18.696909 np0000032012 systemd[1]: Started devstack@g-api.service - Devstack devstack@g-api.service.
Jul 30 14:27:18.697222 np0000032012 devstack@g-api.service[79916]: spawned uWSGI worker 1 (pid: 79917, cores: 1)
Jul 30 14:27:18.697602 np0000032012 devstack@g-api.service[79916]: spawned uWSGI worker 2 (pid: 79918, cores: 1)
Jul 30 14:27:18.697644 np0000032012 devstack@g-api.service[79916]: running "unix_signal:15 gracefully_kill_them_all" (master-start)...
Jul 30 14:27:19.361172 np0000032012 devstack@g-api.service[79917]: INFO glance.async_ [-] Threadpool model set to 'NativeThreadPoolModel'
Jul 30 14:27:19.361613 np0000032012 devstack@g-api.service[79918]: INFO glance.async_ [-] Threadpool model set to 'NativeThreadPoolModel'
Jul 30 14:27:19.417604 np0000032012 devstack@g-api.service[79917]: DEBUG oslo_concurrency.processutils [-] Running cmd (subprocess): grep -F node.session.scan /sbin/iscsiadm {{(pid=79917) execute /opt/stack/data/venv/lib/python3.12/site-packages/oslo_concurrency/processutils.py:349}}
Jul 30 14:27:19.417710 np0000032012 devstack@g-api.service[79918]: DEBUG oslo_concurrency.processutils [-] Running cmd (subprocess): grep -F node.session.scan /sbin/iscsiadm {{(pid=79918) execute /opt/stack/data/venv/lib/python3.12/site-packages/oslo_concurrency/processutils.py:349}}
Jul 30 14:27:19.423218 np0000032012 devstack@g-api.service[79918]: DEBUG oslo_concurrency.processutils [-] CMD "grep -F node.session.scan /sbin/iscsiadm" returned: 0 in 0.006s {{(pid=79918) execute /opt/stack/data/venv/lib/python3.12/site-packages/oslo_concurrency/processutils.py:372}}
Jul 30 14:27:19.423613 np0000032012 devstack@g-api.service[79917]: DEBUG oslo_concurrency.processutils [-] CMD "grep -F node.session.scan /sbin/iscsiadm" returned: 0 in 0.006s {{(pid=79917) execute /opt/stack/data/venv/lib/python3.12/site-packages/oslo_concurrency/processutils.py:372}}
Jul 30 14:27:19.468958 np0000032012 devstack@g-api.service[79918]: DEBUG glance_store.common.attachment_state_manager [-] Initialising _AttachmentStateManager {{(pid=79918) __init__ /opt/stack/data/venv/lib/python3.12/site-packages/glance_store/common/attachment_state_manager.py:86}}
Jul 30 14:27:19.469051 np0000032012 devstack@g-api.service[79917]: DEBUG glance_store.common.attachment_state_manager [-] Initialising _AttachmentStateManager {{(pid=79917) __init__ /opt/stack/data/venv/lib/python3.12/site-packages/glance_store/common/attachment_state_manager.py:86}}
Jul 30 14:27:19.688237 np0000032012 devstack@g-api.service[79917]: DEBUG glance_store.backend [-] Attempting to import store cinder {{(pid=79917) _load_store /opt/stack/data/venv/lib/python3.12/site-packages/glance_store/backend.py:216}}
Jul 30 14:27:19.688362 np0000032012 devstack@g-api.service[79918]: DEBUG glance_store.backend [-] Attempting to import store cinder {{(pid=79918) _load_store /opt/stack/data/venv/lib/python3.12/site-packages/glance_store/backend.py:216}}
Jul 30 14:27:19.688395 np0000032012 devstack@g-api.service[79917]: DEBUG glance_store.backend [-] Attempting to import store file {{(pid=79917) _load_store /opt/stack/data/venv/lib/python3.12/site-packages/glance_store/backend.py:216}}
Jul 30 14:27:19.688418 np0000032012 devstack@g-api.service[79918]: DEBUG glance_store.backend [-] Attempting to import store file {{(pid=79918) _load_store /opt/stack/data/venv/lib/python3.12/site-packages/glance_store/backend.py:216}}
Jul 30 14:27:19.688442 np0000032012 devstack@g-api.service[79917]: DEBUG glance_store.backend [-] Attempting to import store glance.store.cinder.Store {{(pid=79917) _load_store /opt/stack/data/venv/lib/python3.12/site-packages/glance_store/backend.py:216}}
Jul 30 14:27:19.688752 np0000032012 devstack@g-api.service[79917]: DEBUG glance_store.backend [-] Attempting to import store glance.store.filesystem.Store {{(pid=79917) _load_store /opt/stack/data/venv/lib/python3.12/site-packages/glance_store/backend.py:216}}
Jul 30 14:27:19.688812 np0000032012 devstack@g-api.service[79918]: DEBUG glance_store.backend [-] Attempting to import store glance.store.cinder.Store {{(pid=79918) _load_store /opt/stack/data/venv/lib/python3.12/site-packages/glance_store/backend.py:216}}
Jul 30 14:27:19.688843 np0000032012 devstack@g-api.service[79917]: DEBUG glance_store.backend [-] Attempting to import store glance.store.http.Store {{(pid=79917) _load_store /opt/stack/data/venv/lib/python3.12/site-packages/glance_store/backend.py:216}}
Jul 30 14:27:19.688866 np0000032012 devstack@g-api.service[79918]: DEBUG glance_store.backend [-] Attempting to import store glance.store.filesystem.Store {{(pid=79918) _load_store /opt/stack/data/venv/lib/python3.12/site-packages/glance_store/backend.py:216}}
Jul 30 14:27:19.688892 np0000032012 devstack@g-api.service[79917]: DEBUG glance_store.backend [-] Attempting to import store glance.store.rbd.Store {{(pid=79917) _load_store /opt/stack/data/venv/lib/python3.12/site-packages/glance_store/backend.py:216}}
Jul 30 14:27:19.688924 np0000032012 devstack@g-api.service[79918]: DEBUG glance_store.backend [-] Attempting to import store glance.store.http.Store {{(pid=79918) _load_store /opt/stack/data/venv/lib/python3.12/site-packages/glance_store/backend.py:216}}
Jul 30 14:27:19.688958 np0000032012 devstack@g-api.service[79917]: DEBUG glance_store.backend [-] Attempting to import store glance.store.s3.Store {{(pid=79917) _load_store /opt/stack/data/venv/lib/python3.12/site-packages/glance_store/backend.py:216}}
Jul 30 14:27:19.688977 np0000032012 devstack@g-api.service[79918]: DEBUG glance_store.backend [-] Attempting to import store glance.store.rbd.Store {{(pid=79918) _load_store /opt/stack/data/venv/lib/python3.12/site-packages/glance_store/backend.py:216}}
Jul 30 14:27:19.688995 np0000032012 devstack@g-api.service[79917]: DEBUG glance_store.backend [-] Attempting to import store glance.store.swift.Store {{(pid=79917) _load_store /opt/stack/data/venv/lib/python3.12/site-packages/glance_store/backend.py:216}}
Jul 30 14:27:19.688995 np0000032012 devstack@g-api.service[79917]: DEBUG glance_store.backend [-] Attempting to import store glance.store.vmware_datastore.Store {{(pid=79917) _load_store /opt/stack/data/venv/lib/python3.12/site-packages/glance_store/backend.py:216}}
Jul 30 14:27:19.689042 np0000032012 devstack@g-api.service[79918]: DEBUG glance_store.backend [-] Attempting to import store glance.store.s3.Store {{(pid=79918) _load_store /opt/stack/data/venv/lib/python3.12/site-packages/glance_store/backend.py:216}}
Jul 30 14:27:19.689062 np0000032012 devstack@g-api.service[79917]: DEBUG glance_store.backend [-] Attempting to import store http {{(pid=79917) _load_store /opt/stack/data/venv/lib/python3.12/site-packages/glance_store/backend.py:216}}
Jul 30 14:27:19.689076 np0000032012 devstack@g-api.service[79918]: DEBUG glance_store.backend [-] Attempting to import store glance.store.swift.Store {{(pid=79918) _load_store /opt/stack/data/venv/lib/python3.12/site-packages/glance_store/backend.py:216}}
Jul 30 14:27:19.689094 np0000032012 devstack@g-api.service[79917]: DEBUG glance_store.backend [-] Attempting to import store no_conf {{(pid=79917) _load_store /opt/stack/data/venv/lib/python3.12/site-packages/glance_store/backend.py:216}}
Jul 30 14:27:19.689094 np0000032012 devstack@g-api.service[79917]: DEBUG glance_store.backend [-] Attempting to import store rbd {{(pid=79917) _load_store /opt/stack/data/venv/lib/python3.12/site-packages/glance_store/backend.py:216}}
Jul 30 14:27:19.689137 np0000032012 devstack@g-api.service[79918]: DEBUG glance_store.backend [-] Attempting to import store glance.store.vmware_datastore.Store {{(pid=79918) _load_store /opt/stack/data/venv/lib/python3.12/site-packages/glance_store/backend.py:216}}
Jul 30 14:27:19.689162 np0000032012 devstack@g-api.service[79917]: DEBUG glance_store.backend [-] Attempting to import store s3 {{(pid=79917) _load_store /opt/stack/data/venv/lib/python3.12/site-packages/glance_store/backend.py:216}}
Jul 30 14:27:19.689180 np0000032012 devstack@g-api.service[79918]: DEBUG glance_store.backend [-] Attempting to import store http {{(pid=79918) _load_store /opt/stack/data/venv/lib/python3.12/site-packages/glance_store/backend.py:216}}
Jul 30 14:27:19.689201 np0000032012 devstack@g-api.service[79917]: DEBUG glance_store.backend [-] Attempting to import store swift {{(pid=79917) _load_store /opt/stack/data/venv/lib/python3.12/site-packages/glance_store/backend.py:216}}
Jul 30 14:27:19.689201 np0000032012 devstack@g-api.service[79917]: DEBUG glance_store.backend [-] Attempting to import store vmware {{(pid=79917) _load_store /opt/stack/data/venv/lib/python3.12/site-packages/glance_store/backend.py:216}}
Jul 30 14:27:19.689231 np0000032012 devstack@g-api.service[79918]: DEBUG glance_store.backend [-] Attempting to import store no_conf {{(pid=79918) _load_store /opt/stack/data/venv/lib/python3.12/site-packages/glance_store/backend.py:216}}
Jul 30 14:27:19.689249 np0000032012 devstack@g-api.service[79917]: DEBUG glance_store.backend [-] Registering options for group glance_store {{(pid=79917) register_opts /opt/stack/data/venv/lib/python3.12/site-packages/glance_store/backend.py:145}}
Jul 30 14:27:19.689265 np0000032012 devstack@g-api.service[79918]: DEBUG glance_store.backend [-] Attempting to import store rbd {{(pid=79918) _load_store /opt/stack/data/venv/lib/python3.12/site-packages/glance_store/backend.py:216}}
Jul 30 14:27:19.689265 np0000032012 devstack@g-api.service[79918]: DEBUG glance_store.backend [-] Attempting to import store s3 {{(pid=79918) _load_store /opt/stack/data/venv/lib/python3.12/site-packages/glance_store/backend.py:216}}
Jul 30 14:27:19.689344 np0000032012 devstack@g-api.service[79917]: DEBUG glance_store.backend [-] Registering options for group glance_store {{(pid=79917) register_opts /opt/stack/data/venv/lib/python3.12/site-packages/glance_store/backend.py:145}}
Jul 30 14:27:19.689364 np0000032012 devstack@g-api.service[79918]: DEBUG glance_store.backend [-] Attempting to import store swift {{(pid=79918) _load_store /opt/stack/data/venv/lib/python3.12/site-packages/glance_store/backend.py:216}}
Jul 30 14:27:19.689424 np0000032012 devstack@g-api.service[79918]: DEBUG glance_store.backend [-] Attempting to import store vmware {{(pid=79918) _load_store /opt/stack/data/venv/lib/python3.12/site-packages/glance_store/backend.py:216}}
Jul 30 14:27:19.689509 np0000032012 devstack@g-api.service[79918]: DEBUG glance_store.backend [-] Registering options for group glance_store {{(pid=79918) register_opts /opt/stack/data/venv/lib/python3.12/site-packages/glance_store/backend.py:145}}
Jul 30 14:27:19.689621 np0000032012 devstack@g-api.service[79917]: DEBUG glance_store.backend [-] Attempting to import store http {{(pid=79917) _load_store /opt/stack/data/venv/lib/python3.12/site-packages/glance_store/backend.py:216}}
Jul 30 14:27:19.689726 np0000032012 devstack@g-api.service[79918]: DEBUG glance_store.backend [-] Registering options for group glance_store {{(pid=79918) register_opts /opt/stack/data/venv/lib/python3.12/site-packages/glance_store/backend.py:145}}
Jul 30 14:27:19.689798 np0000032012 devstack@g-api.service[79917]: DEBUG glance_store.capabilities [-] Store glance_store._drivers.http.Store doesn't support updating dynamic storage capabilities. Please overwrite 'update_capabilities' method of the store to implement updating logics if needed. {{(pid=79917) update_capabilities /opt/stack/data/venv/lib/python3.12/site-packages/glance_store/capabilities.py:91}}
Jul 30 14:27:19.689844 np0000032012 devstack@g-api.service[79917]: DEBUG glance_store.backend [-] Registering store http with schemes ('http', 'https') {{(pid=79917) create_stores /opt/stack/data/venv/lib/python3.12/site-packages/glance_store/backend.py:262}}
Jul 30 14:27:19.689898 np0000032012 devstack@g-api.service[79917]: DEBUG glance_store.driver [-] Late loading location class glance_store._drivers.http.StoreLocation {{(pid=79917) get_store_location_class /opt/stack/data/venv/lib/python3.12/site-packages/glance_store/driver.py:136}}
Jul 30 14:27:19.689979 np0000032012 devstack@g-api.service[79917]: DEBUG glance_store.location [-] Registering scheme http with {'store': <glance_store._drivers.http.Store object at 0x740e7730d700>, 'location_class': <class 'glance_store._drivers.http.StoreLocation'>, 'store_entry': 'http'} {{(pid=79917) register_scheme_map /opt/stack/data/venv/lib/python3.12/site-packages/glance_store/location.py:146}}
Jul 30 14:27:19.690037 np0000032012 devstack@g-api.service[79917]: DEBUG glance_store.location [-] Registering scheme https with {'store': <glance_store._drivers.http.Store object at 0x740e7730d700>, 'location_class': <class 'glance_store._drivers.http.StoreLocation'>, 'store_entry': 'http'} {{(pid=79917) register_scheme_map /opt/stack/data/venv/lib/python3.12/site-packages/glance_store/location.py:146}}
Jul 30 14:27:19.690084 np0000032012 devstack@g-api.service[79917]: DEBUG glance_store.backend [-] Attempting to import store file {{(pid=79917) _load_store /opt/stack/data/venv/lib/python3.12/site-packages/glance_store/backend.py:216}}
Jul 30 14:27:19.690146 np0000032012 devstack@g-api.service[79918]: DEBUG glance_store.backend [-] Attempting to import store http {{(pid=79918) _load_store /opt/stack/data/venv/lib/python3.12/site-packages/glance_store/backend.py:216}}
Jul 30 14:27:19.690433 np0000032012 devstack@g-api.service[79918]: DEBUG glance_store.capabilities [-] Store glance_store._drivers.http.Store doesn't support updating dynamic storage capabilities. Please overwrite 'update_capabilities' method of the store to implement updating logics if needed. {{(pid=79918) update_capabilities /opt/stack/data/venv/lib/python3.12/site-packages/glance_store/capabilities.py:91}}
Jul 30 14:27:19.690515 np0000032012 devstack@g-api.service[79917]: DEBUG glance_store.capabilities [-] Store glance_store._drivers.filesystem.Store doesn't support updating dynamic storage capabilities. Please overwrite 'update_capabilities' method of the store to implement updating logics if needed. {{(pid=79917) update_capabilities /opt/stack/data/venv/lib/python3.12/site-packages/glance_store/capabilities.py:91}}
Jul 30 14:27:19.690542 np0000032012 devstack@g-api.service[79918]: DEBUG glance_store.backend [-] Registering store http with schemes ('http', 'https') {{(pid=79918) create_stores /opt/stack/data/venv/lib/python3.12/site-packages/glance_store/backend.py:262}}
Jul 30 14:27:19.690560 np0000032012 devstack@g-api.service[79917]: DEBUG glance_store.backend [-] Registering store file with schemes ('file', 'filesystem') {{(pid=79917) create_stores /opt/stack/data/venv/lib/python3.12/site-packages/glance_store/backend.py:262}}
Jul 30 14:27:19.690578 np0000032012 devstack@g-api.service[79918]: DEBUG glance_store.driver [-] Late loading location class glance_store._drivers.http.StoreLocation {{(pid=79918) get_store_location_class /opt/stack/data/venv/lib/python3.12/site-packages/glance_store/driver.py:136}}
Jul 30 14:27:19.690600 np0000032012 devstack@g-api.service[79917]: DEBUG glance_store.driver [-] Late loading location class glance_store._drivers.filesystem.StoreLocation {{(pid=79917) get_store_location_class /opt/stack/data/venv/lib/python3.12/site-packages/glance_store/driver.py:136}}
Jul 30 14:27:19.690619 np0000032012 devstack@g-api.service[79918]: DEBUG glance_store.location [-] Registering scheme http with {'store': <glance_store._drivers.http.Store object at 0x740e775447a0>, 'location_class': <class 'glance_store._drivers.http.StoreLocation'>, 'store_entry': 'http'} {{(pid=79918) register_scheme_map /opt/stack/data/venv/lib/python3.12/site-packages/glance_store/location.py:146}}
Jul 30 14:27:19.690638 np0000032012 devstack@g-api.service[79917]: DEBUG glance_store.location [-] Registering scheme file with {'store': <glance_store._drivers.filesystem.Store object at 0x740e77415820>, 'location_class': <class 'glance_store._drivers.filesystem.StoreLocation'>, 'store_entry': 'file'} {{(pid=79917) register_scheme_map /opt/stack/data/venv/lib/python3.12/site-packages/glance_store/location.py:146}}
Jul 30 14:27:19.690638 np0000032012 devstack@g-api.service[79917]: DEBUG glance_store.location [-] Registering scheme filesystem with {'store': <glance_store._drivers.filesystem.Store object at 0x740e77415820>, 'location_class': <class 'glance_store._drivers.filesystem.StoreLocation'>, 'store_entry': 'file'} {{(pid=79917) register_scheme_map /opt/stack/data/venv/lib/python3.12/site-packages/glance_store/location.py:146}}
Jul 30 14:27:19.690674 np0000032012 devstack@g-api.service[79918]: DEBUG glance_store.location [-] Registering scheme https with {'store': <glance_store._drivers.http.Store object at 0x740e775447a0>, 'location_class': <class 'glance_store._drivers.http.StoreLocation'>, 'store_entry': 'http'} {{(pid=79918) register_scheme_map /opt/stack/data/venv/lib/python3.12/site-packages/glance_store/location.py:146}}
Jul 30 14:27:19.690674 np0000032012 devstack@g-api.service[79918]: DEBUG glance_store.backend [-] Attempting to import store file {{(pid=79918) _load_store /opt/stack/data/venv/lib/python3.12/site-packages/glance_store/backend.py:216}}
Jul 30 14:27:19.690858 np0000032012 devstack@g-api.service[79917]: DEBUG glance.sqlite_migration [-] SQLite caching database not located, skipping migration {{(pid=79917) get_db_path /opt/stack/glance/glance/sqlite_migration.py:68}}
Jul 30 14:27:19.690988 np0000032012 devstack@g-api.service[79918]: DEBUG glance_store.capabilities [-] Store glance_store._drivers.filesystem.Store doesn't support updating dynamic storage capabilities. Please overwrite 'update_capabilities' method of the store to implement updating logics if needed. {{(pid=79918) update_capabilities /opt/stack/data/venv/lib/python3.12/site-packages/glance_store/capabilities.py:91}}
Jul 30 14:27:19.691046 np0000032012 devstack@g-api.service[79918]: DEBUG glance_store.backend [-] Registering store file with schemes ('file', 'filesystem') {{(pid=79918) create_stores /opt/stack/data/venv/lib/python3.12/site-packages/glance_store/backend.py:262}}
Jul 30 14:27:19.691076 np0000032012 devstack@g-api.service[79917]: WARNING glance.common.wsgi_app [-] Import methods are enabled but staging directory /tmp/staging/ does not exist; Imports will fail!
Jul 30 14:27:19.691098 np0000032012 devstack@g-api.service[79918]: DEBUG glance_store.driver [-] Late loading location class glance_store._drivers.filesystem.StoreLocation {{(pid=79918) get_store_location_class /opt/stack/data/venv/lib/python3.12/site-packages/glance_store/driver.py:136}}
Jul 30 14:27:19.691185 np0000032012 devstack@g-api.service[79918]: DEBUG glance_store.location [-] Registering scheme file with {'store': <glance_store._drivers.filesystem.Store object at 0x740e771ee7e0>, 'location_class': <class 'glance_store._drivers.filesystem.StoreLocation'>, 'store_entry': 'file'} {{(pid=79918) register_scheme_map /opt/stack/data/venv/lib/python3.12/site-packages/glance_store/location.py:146}}
Jul 30 14:27:19.691262 np0000032012 devstack@g-api.service[79918]: DEBUG glance_store.location [-] Registering scheme filesystem with {'store': <glance_store._drivers.filesystem.Store object at 0x740e771ee7e0>, 'location_class': <class 'glance_store._drivers.filesystem.StoreLocation'>, 'store_entry': 'file'} {{(pid=79918) register_scheme_map /opt/stack/data/venv/lib/python3.12/site-packages/glance_store/location.py:146}}
Jul 30 14:27:19.691449 np0000032012 devstack@g-api.service[79918]: DEBUG glance.sqlite_migration [-] SQLite caching database not located, skipping migration {{(pid=79918) get_db_path /opt/stack/glance/glance/sqlite_migration.py:68}}
Jul 30 14:27:19.691923 np0000032012 devstack@g-api.service[79918]: WARNING glance.common.wsgi_app [-] Import methods are enabled but staging directory /tmp/staging/ does not exist; Imports will fail!
Jul 30 14:27:19.945732 np0000032012 devstack@g-api.service[79918]: DEBUG glance.common.config [None req-9371eba9-393c-4510-addb-9fa8110187ce None None] Loading glance-api-keystone+cachemanagement from /etc/glance/glance-api-paste.ini {{(pid=79918) load_paste_app /opt/stack/glance/glance/common/config.py:750}}
Jul 30 14:27:19.945821 np0000032012 devstack@g-api.service[79917]: DEBUG glance.common.config [None req-32807ff5-b08b-402c-86a8-69ae58aff839 None None] Loading glance-api-keystone+cachemanagement from /etc/glance/glance-api-paste.ini {{(pid=79917) load_paste_app /opt/stack/glance/glance/common/config.py:750}}
Jul 30 14:27:20.470007 np0000032012 devstack@g-api.service[79917]: INFO glance.image_cache [None req-32807ff5-b08b-402c-86a8-69ae58aff839 None None] Image cache loaded driver 'centralized_db'.
Jul 30 14:27:20.470316 np0000032012 devstack@g-api.service[79918]: INFO glance.image_cache [None req-9371eba9-393c-4510-addb-9fa8110187ce None None] Image cache loaded driver 'centralized_db'.
Jul 30 14:27:20.502363 np0000032012 devstack@g-api.service[79917]: INFO dbcounter [None req-32807ff5-b08b-402c-86a8-69ae58aff839 None None] Registered counter for database glance
Jul 30 14:27:20.504373 np0000032012 devstack@g-api.service[79918]: INFO dbcounter [None req-9371eba9-393c-4510-addb-9fa8110187ce None None] Registered counter for database glance
Jul 30 14:27:20.511143 np0000032012 devstack@g-api.service[79917]: DEBUG oslo_db.sqlalchemy.engines [None req-32807ff5-b08b-402c-86a8-69ae58aff839 None None] MySQL server mode set to STRICT_TRANS_TABLES,STRICT_ALL_TABLES,NO_ZERO_IN_DATE,NO_ZERO_DATE,ERROR_FOR_DIVISION_BY_ZERO,TRADITIONAL,NO_ENGINE_SUBSTITUTION {{(pid=79917) _check_effective_sql_mode /opt/stack/data/venv/lib/python3.12/site-packages/oslo_db/sqlalchemy/engines.py:397}}
Jul 30 14:27:20.512754 np0000032012 devstack@g-api.service[79918]: DEBUG oslo_db.sqlalchemy.engines [None req-9371eba9-393c-4510-addb-9fa8110187ce None None] MySQL server mode set to STRICT_TRANS_TABLES,STRICT_ALL_TABLES,NO_ZERO_IN_DATE,NO_ZERO_DATE,ERROR_FOR_DIVISION_BY_ZERO,TRADITIONAL,NO_ENGINE_SUBSTITUTION {{(pid=79918) _check_effective_sql_mode /opt/stack/data/venv/lib/python3.12/site-packages/oslo_db/sqlalchemy/engines.py:397}}
Jul 30 14:27:20.528037 np0000032012 devstack@g-api.service[79917]: DEBUG dbcounter [-] [79917] Writer thread running {{(pid=79917) stat_writer /opt/stack/data/venv/lib/python3.12/site-packages/dbcounter.py:102}}
Jul 30 14:27:20.529758 np0000032012 devstack@g-api.service[79918]: DEBUG dbcounter [-] [79918] Writer thread running {{(pid=79918) stat_writer /opt/stack/data/venv/lib/python3.12/site-packages/dbcounter.py:102}}
Jul 30 14:27:20.533966 np0000032012 devstack@g-api.service[79918]: DEBUG glance.image_cache.drivers.centralized_db [None req-9371eba9-393c-4510-addb-9fa8110187ce None None] Node reference is already recorded, ignoring it {{(pid=79918) configure /opt/stack/glance/glance/image_cache/drivers/centralized_db.py:71}}
Jul 30 14:27:20.539142 np0000032012 devstack@g-api.service[79917]: INFO glance.image_cache [None req-32807ff5-b08b-402c-86a8-69ae58aff839 None None] Image cache loaded driver 'centralized_db'.
Jul 30 14:27:20.539215 np0000032012 devstack@g-api.service[79918]: INFO glance.image_cache [None req-9371eba9-393c-4510-addb-9fa8110187ce None None] Image cache loaded driver 'centralized_db'.
Jul 30 14:27:20.545090 np0000032012 devstack@g-api.service[79918]: DEBUG glance.image_cache.drivers.centralized_db [None req-9371eba9-393c-4510-addb-9fa8110187ce None None] Node reference is already recorded, ignoring it {{(pid=79918) configure /opt/stack/glance/glance/image_cache/drivers/centralized_db.py:71}}
Jul 30 14:27:20.545443 np0000032012 devstack@g-api.service[79917]: DEBUG glance.image_cache.drivers.centralized_db [None req-32807ff5-b08b-402c-86a8-69ae58aff839 None None] Node reference is already recorded, ignoring it {{(pid=79917) configure /opt/stack/glance/glance/image_cache/drivers/centralized_db.py:71}}
Jul 30 14:27:20.548917 np0000032012 devstack@g-api.service[79918]: DEBUG glance.api.v2.cached_images [None req-9371eba9-393c-4510-addb-9fa8110187ce None None] Started cache worker thread {{(pid=79918) __init__ /opt/stack/glance/glance/api/v2/cached_images.py:69}}
Jul 30 14:27:20.549320 np0000032012 devstack@g-api.service[79918]: INFO glance.image_cache [None req-9371eba9-393c-4510-addb-9fa8110187ce None None] Image cache loaded driver 'centralized_db'.
Jul 30 14:27:20.549783 np0000032012 devstack@g-api.service[79917]: DEBUG glance.api.v2.cached_images [None req-32807ff5-b08b-402c-86a8-69ae58aff839 None None] Started cache worker thread {{(pid=79917) __init__ /opt/stack/glance/glance/api/v2/cached_images.py:69}}
Jul 30 14:27:20.550329 np0000032012 devstack@g-api.service[79917]: INFO glance.image_cache [None req-32807ff5-b08b-402c-86a8-69ae58aff839 None None] Image cache loaded driver 'centralized_db'.
Jul 30 14:27:20.554726 np0000032012 devstack@g-api.service[79918]: DEBUG glance.image_cache.drivers.centralized_db [None req-9371eba9-393c-4510-addb-9fa8110187ce None None] Node reference is already recorded, ignoring it {{(pid=79918) configure /opt/stack/glance/glance/image_cache/drivers/centralized_db.py:71}}
Jul 30 14:27:20.558151 np0000032012 devstack@g-api.service[79917]: DEBUG glance.image_cache.drivers.centralized_db [None req-32807ff5-b08b-402c-86a8-69ae58aff839 None None] Node reference is already recorded, ignoring it {{(pid=79917) configure /opt/stack/glance/glance/image_cache/drivers/centralized_db.py:71}}
Jul 30 14:27:20.558757 np0000032012 devstack@g-api.service[79918]: INFO glance.api.middleware.cache_manage [None req-9371eba9-393c-4510-addb-9fa8110187ce None None] Initialized image cache management middleware
Jul 30 14:27:20.558865 np0000032012 devstack@g-api.service[79918]: INFO glance.image_cache [None req-9371eba9-393c-4510-addb-9fa8110187ce None None] Image cache loaded driver 'centralized_db'.
Jul 30 14:27:20.562479 np0000032012 devstack@g-api.service[79917]: INFO glance.api.middleware.cache_manage [None req-32807ff5-b08b-402c-86a8-69ae58aff839 None None] Initialized image cache management middleware
Jul 30 14:27:20.562586 np0000032012 devstack@g-api.service[79917]: INFO glance.image_cache [None req-32807ff5-b08b-402c-86a8-69ae58aff839 None None] Image cache loaded driver 'centralized_db'.
Jul 30 14:27:20.564304 np0000032012 devstack@g-api.service[79918]: DEBUG glance.image_cache.drivers.centralized_db [None req-9371eba9-393c-4510-addb-9fa8110187ce None None] Node reference is already recorded, ignoring it {{(pid=79918) configure /opt/stack/glance/glance/image_cache/drivers/centralized_db.py:71}}
Jul 30 14:27:20.568226 np0000032012 devstack@g-api.service[79918]: INFO glance.api.middleware.cache [None req-9371eba9-393c-4510-addb-9fa8110187ce None None] Initialized image cache middleware
Jul 30 14:27:20.568481 np0000032012 devstack@g-api.service[79917]: DEBUG glance.image_cache.drivers.centralized_db [None req-32807ff5-b08b-402c-86a8-69ae58aff839 None None] Node reference is already recorded, ignoring it {{(pid=79917) configure /opt/stack/glance/glance/image_cache/drivers/centralized_db.py:71}}
Jul 30 14:27:20.573972 np0000032012 devstack@g-api.service[79918]: WARNING keystonemiddleware.auth_token [None req-9371eba9-393c-4510-addb-9fa8110187ce None None] AuthToken middleware is set with keystone_authtoken.service_token_roles_required set to False. This is backwards compatible but deprecated behaviour. Please set this to True.
Jul 30 14:27:20.574086 np0000032012 devstack@g-api.service[79917]: INFO glance.api.middleware.cache [None req-32807ff5-b08b-402c-86a8-69ae58aff839 None None] Initialized image cache middleware
Jul 30 14:27:20.576956 np0000032012 devstack@g-api.service[79918]: WARNING keystonemiddleware.auth_token [None req-9371eba9-393c-4510-addb-9fa8110187ce None None] Configuring www_authenticate_uri to point to the public identity endpoint is required; clients may not be able to authenticate against an admin endpoint
Jul 30 14:27:20.579893 np0000032012 devstack@g-api.service[79918]: DEBUG glance.common.config [None req-9371eba9-393c-4510-addb-9fa8110187ce None None] ******************************************************************************** {{(pid=79918) log_opt_values /opt/stack/data/venv/lib/python3.12/site-packages/oslo_config/cfg.py:2804}}
Jul 30 14:27:20.579977 np0000032012 devstack@g-api.service[79918]: DEBUG glance.common.config [None req-9371eba9-393c-4510-addb-9fa8110187ce None None] Configuration options gathered from: {{(pid=79918) log_opt_values /opt/stack/data/venv/lib/python3.12/site-packages/oslo_config/cfg.py:2805}}
Jul 30 14:27:20.580274 np0000032012 devstack@g-api.service[79918]: DEBUG glance.common.config [None req-9371eba9-393c-4510-addb-9fa8110187ce None None] command line args: [] {{(pid=79918) log_opt_values /opt/stack/data/venv/lib/python3.12/site-packages/oslo_config/cfg.py:2806}}
Jul 30 14:27:20.580374 np0000032012 devstack@g-api.service[79918]: DEBUG glance.common.config [None req-9371eba9-393c-4510-addb-9fa8110187ce None None] config files: ['/etc/glance/glance-image-import.conf', '/etc/glance/glance-api.conf'] {{(pid=79918) log_opt_values /opt/stack/data/venv/lib/python3.12/site-packages/oslo_config/cfg.py:2807}}
Jul 30 14:27:20.580428 np0000032012 devstack@g-api.service[79918]: DEBUG glance.common.config [None req-9371eba9-393c-4510-addb-9fa8110187ce None None] ================================================================================ {{(pid=79918) log_opt_values /opt/stack/data/venv/lib/python3.12/site-packages/oslo_config/cfg.py:2809}}
Jul 30 14:27:20.580533 np0000032012 devstack@g-api.service[79918]: DEBUG glance.common.config [None req-9371eba9-393c-4510-addb-9fa8110187ce None None] allow_anonymous_access         = False {{(pid=79918) log_opt_values /opt/stack/data/venv/lib/python3.12/site-packages/oslo_config/cfg.py:2817}}
Jul 30 14:27:20.580610 np0000032012 devstack@g-api.service[79918]: DEBUG glance.common.config [None req-9371eba9-393c-4510-addb-9fa8110187ce None None] api_limit_max                  = 1000 {{(pid=79918) log_opt_values /opt/stack/data/venv/lib/python3.12/site-packages/oslo_config/cfg.py:2817}}
Jul 30 14:27:20.580684 np0000032012 devstack@g-api.service[79918]: DEBUG glance.common.config [None req-9371eba9-393c-4510-addb-9fa8110187ce None None] backlog                        = 4096 {{(pid=79918) log_opt_values /opt/stack/data/venv/lib/python3.12/site-packages/oslo_config/cfg.py:2817}}
Jul 30 14:27:20.580782 np0000032012 devstack@g-api.service[79918]: DEBUG glance.common.config [None req-9371eba9-393c-4510-addb-9fa8110187ce None None] bind_host                      = 0.0.0.0 {{(pid=79918) log_opt_values /opt/stack/data/venv/lib/python3.12/site-packages/oslo_config/cfg.py:2817}}
Jul 30 14:27:20.580876 np0000032012 devstack@g-api.service[79918]: DEBUG glance.common.config [None req-9371eba9-393c-4510-addb-9fa8110187ce None None] bind_port                      = 19292 {{(pid=79918) log_opt_values /opt/stack/data/venv/lib/python3.12/site-packages/oslo_config/cfg.py:2817}}
Jul 30 14:27:20.580986 np0000032012 devstack@g-api.service[79918]: DEBUG glance.common.config [None req-9371eba9-393c-4510-addb-9fa8110187ce None None] client_socket_timeout          = 900 {{(pid=79918) log_opt_values /opt/stack/data/venv/lib/python3.12/site-packages/oslo_config/cfg.py:2817}}
Jul 30 14:27:20.581085 np0000032012 devstack@g-api.service[79918]: DEBUG glance.common.config [None req-9371eba9-393c-4510-addb-9fa8110187ce None None] config_dir                     = [] {{(pid=79918) log_opt_values /opt/stack/data/venv/lib/python3.12/site-packages/oslo_config/cfg.py:2817}}
Jul 30 14:27:20.581170 np0000032012 devstack@g-api.service[79918]: DEBUG glance.common.config [None req-9371eba9-393c-4510-addb-9fa8110187ce None None] config_file                    = ['/etc/glance/glance-image-import.conf', '/etc/glance/glance-api.conf'] {{(pid=79918) log_opt_values /opt/stack/data/venv/lib/python3.12/site-packages/oslo_config/cfg.py:2817}}
Jul 30 14:27:20.581250 np0000032012 devstack@g-api.service[79918]: DEBUG glance.common.config [None req-9371eba9-393c-4510-addb-9fa8110187ce None None] config_source                  = [] {{(pid=79918) log_opt_values /opt/stack/data/venv/lib/python3.12/site-packages/oslo_config/cfg.py:2817}}
Jul 30 14:27:20.581333 np0000032012 devstack@g-api.service[79918]: DEBUG glance.common.config [None req-9371eba9-393c-4510-addb-9fa8110187ce None None] control_exchange               = glance {{(pid=79918) log_opt_values /opt/stack/data/venv/lib/python3.12/site-packages/oslo_config/cfg.py:2817}}
Jul 30 14:27:20.581387 np0000032012 devstack@g-api.service[79918]: DEBUG glance.common.config [None req-9371eba9-393c-4510-addb-9fa8110187ce None None] debug                          = True {{(pid=79918) log_opt_values /opt/stack/data/venv/lib/python3.12/site-packages/oslo_config/cfg.py:2817}}
Jul 30 14:27:20.581515 np0000032012 devstack@g-api.service[79918]: DEBUG glance.common.config [None req-9371eba9-393c-4510-addb-9fa8110187ce None None] default_log_levels             = ['amqp=WARN', 'amqplib=WARN', 'boto=WARN', 'qpid=WARN', 'sqlalchemy=WARN', 'suds=INFO', 'oslo.messaging=INFO', 'oslo_messaging=INFO', 'iso8601=WARN', 'requests.packages.urllib3.connectionpool=WARN', 'urllib3.connectionpool=WARN', 'websocket=WARN', 'requests.packages.urllib3.util.retry=WARN', 'urllib3.util.retry=WARN', 'keystonemiddleware=WARN', 'routes.middleware=WARN', 'stevedore=WARN', 'taskflow=WARN', 'keystoneauth=WARN', 'oslo.cache=INFO', 'oslo_policy=INFO', 'dogpile.core.dogpile=INFO'] {{(pid=79918) log_opt_values /opt/stack/data/venv/lib/python3.12/site-packages/oslo_config/cfg.py:2817}}
Jul 30 14:27:20.581587 np0000032012 devstack@g-api.service[79918]: DEBUG glance.common.config [None req-9371eba9-393c-4510-addb-9fa8110187ce None None] default_publisher_id           = image.localhost {{(pid=79918) log_opt_values /opt/stack/data/venv/lib/python3.12/site-packages/oslo_config/cfg.py:2817}}
Jul 30 14:27:20.581658 np0000032012 devstack@g-api.service[79918]: DEBUG glance.common.config [None req-9371eba9-393c-4510-addb-9fa8110187ce None None] delayed_delete                 = False {{(pid=79918) log_opt_values /opt/stack/data/venv/lib/python3.12/site-packages/oslo_config/cfg.py:2817}}
Jul 30 14:27:20.581732 np0000032012 devstack@g-api.service[79918]: DEBUG glance.common.config [None req-9371eba9-393c-4510-addb-9fa8110187ce None None] digest_algorithm               = sha256 {{(pid=79918) log_opt_values /opt/stack/data/venv/lib/python3.12/site-packages/oslo_config/cfg.py:2817}}
Jul 30 14:27:20.581803 np0000032012 devstack@g-api.service[79918]: DEBUG glance.common.config [None req-9371eba9-393c-4510-addb-9fa8110187ce None None] disabled_notifications         = [] {{(pid=79918) log_opt_values /opt/stack/data/venv/lib/python3.12/site-packages/oslo_config/cfg.py:2817}}
Jul 30 14:27:20.581871 np0000032012 devstack@g-api.service[79918]: DEBUG glance.common.config [None req-9371eba9-393c-4510-addb-9fa8110187ce None None] do_secure_hash                 = True {{(pid=79918) log_opt_values /opt/stack/data/venv/lib/python3.12/site-packages/oslo_config/cfg.py:2817}}
Jul 30 14:27:20.581947 np0000032012 devstack@g-api.service[79918]: DEBUG glance.common.config [None req-9371eba9-393c-4510-addb-9fa8110187ce None None] enabled_backends               = None {{(pid=79918) log_opt_values /opt/stack/data/venv/lib/python3.12/site-packages/oslo_config/cfg.py:2817}}
Jul 30 14:27:20.582028 np0000032012 devstack@g-api.service[79918]: DEBUG glance.common.config [None req-9371eba9-393c-4510-addb-9fa8110187ce None None] enabled_import_methods         = ['glance-direct', 'web-download', 'copy-image'] {{(pid=79918) log_opt_values /opt/stack/data/venv/lib/python3.12/site-packages/oslo_config/cfg.py:2817}}
Jul 30 14:27:20.582100 np0000032012 devstack@g-api.service[79918]: DEBUG glance.common.config [None req-9371eba9-393c-4510-addb-9fa8110187ce None None] hashing_algorithm              = sha512 {{(pid=79918) log_opt_values /opt/stack/data/venv/lib/python3.12/site-packages/oslo_config/cfg.py:2817}}
Jul 30 14:27:20.582179 np0000032012 devstack@g-api.service[79918]: DEBUG glance.common.config [None req-9371eba9-393c-4510-addb-9fa8110187ce None None] http_keepalive                 = True {{(pid=79918) log_opt_values /opt/stack/data/venv/lib/python3.12/site-packages/oslo_config/cfg.py:2817}}
Jul 30 14:27:20.582247 np0000032012 devstack@g-api.service[79918]: DEBUG glance.common.config [None req-9371eba9-393c-4510-addb-9fa8110187ce None None] http_retries                   = 3 {{(pid=79918) log_opt_values /opt/stack/data/venv/lib/python3.12/site-packages/oslo_config/cfg.py:2817}}
Jul 30 14:27:20.582321 np0000032012 devstack@g-api.service[79918]: DEBUG glance.common.config [None req-9371eba9-393c-4510-addb-9fa8110187ce None None] image_cache_dir                = /opt/stack/data/glance/cache/ {{(pid=79918) log_opt_values /opt/stack/data/venv/lib/python3.12/site-packages/oslo_config/cfg.py:2817}}
Jul 30 14:27:20.582393 np0000032012 devstack@g-api.service[79918]: DEBUG glance.common.config [None req-9371eba9-393c-4510-addb-9fa8110187ce None None] image_cache_driver             = centralized_db {{(pid=79918) log_opt_values /opt/stack/data/venv/lib/python3.12/site-packages/oslo_config/cfg.py:2817}}
Jul 30 14:27:20.582461 np0000032012 devstack@g-api.service[79918]: DEBUG glance.common.config [None req-9371eba9-393c-4510-addb-9fa8110187ce None None] image_cache_max_size           = 10737418240 {{(pid=79918) log_opt_values /opt/stack/data/venv/lib/python3.12/site-packages/oslo_config/cfg.py:2817}}
Jul 30 14:27:20.582533 np0000032012 devstack@g-api.service[79918]: DEBUG glance.common.config [None req-9371eba9-393c-4510-addb-9fa8110187ce None None] image_cache_sqlite_db          = cache.db {{(pid=79918) log_opt_values /opt/stack/data/venv/lib/python3.12/site-packages/oslo_config/cfg.py:2817}}
Jul 30 14:27:20.582603 np0000032012 devstack@g-api.service[79918]: DEBUG glance.common.config [None req-9371eba9-393c-4510-addb-9fa8110187ce None None] image_cache_stall_time         = 86400 {{(pid=79918) log_opt_values /opt/stack/data/venv/lib/python3.12/site-packages/oslo_config/cfg.py:2817}}
Jul 30 14:27:20.582671 np0000032012 devstack@g-api.service[79918]: DEBUG glance.common.config [None req-9371eba9-393c-4510-addb-9fa8110187ce None None] image_location_quota           = 10 {{(pid=79918) log_opt_values /opt/stack/data/venv/lib/python3.12/site-packages/oslo_config/cfg.py:2817}}
Jul 30 14:27:20.582740 np0000032012 devstack@g-api.service[79918]: DEBUG glance.common.config [None req-9371eba9-393c-4510-addb-9fa8110187ce None None] image_member_quota             = 128 {{(pid=79918) log_opt_values /opt/stack/data/venv/lib/python3.12/site-packages/oslo_config/cfg.py:2817}}
Jul 30 14:27:20.582775 np0000032012 devstack@g-api.service[79917]: WARNING keystonemiddleware.auth_token [None req-32807ff5-b08b-402c-86a8-69ae58aff839 None None] AuthToken middleware is set with keystone_authtoken.service_token_roles_required set to False. This is backwards compatible but deprecated behaviour. Please set this to True.
Jul 30 14:27:20.582808 np0000032012 devstack@g-api.service[79918]: DEBUG glance.common.config [None req-9371eba9-393c-4510-addb-9fa8110187ce None None] image_property_quota           = 128 {{(pid=79918) log_opt_values /opt/stack/data/venv/lib/python3.12/site-packages/oslo_config/cfg.py:2817}}
Jul 30 14:27:20.582875 np0000032012 devstack@g-api.service[79918]: DEBUG glance.common.config [None req-9371eba9-393c-4510-addb-9fa8110187ce None None] image_size_cap                 = 1099511627776 {{(pid=79918) log_opt_values /opt/stack/data/venv/lib/python3.12/site-packages/oslo_config/cfg.py:2817}}
Jul 30 14:27:20.582950 np0000032012 devstack@g-api.service[79918]: DEBUG glance.common.config [None req-9371eba9-393c-4510-addb-9fa8110187ce None None] image_tag_quota                = 128 {{(pid=79918) log_opt_values /opt/stack/data/venv/lib/python3.12/site-packages/oslo_config/cfg.py:2817}}
Jul 30 14:27:20.583021 np0000032012 devstack@g-api.service[79918]: DEBUG glance.common.config [None req-9371eba9-393c-4510-addb-9fa8110187ce None None] instance_format                = [instance: %(uuid)s]  {{(pid=79918) log_opt_values /opt/stack/data/venv/lib/python3.12/site-packages/oslo_config/cfg.py:2817}}
Jul 30 14:27:20.583091 np0000032012 devstack@g-api.service[79918]: DEBUG glance.common.config [None req-9371eba9-393c-4510-addb-9fa8110187ce None None] instance_uuid_format           = [instance: %(uuid)s]  {{(pid=79918) log_opt_values /opt/stack/data/venv/lib/python3.12/site-packages/oslo_config/cfg.py:2817}}
Jul 30 14:27:20.583173 np0000032012 devstack@g-api.service[79918]: DEBUG glance.common.config [None req-9371eba9-393c-4510-addb-9fa8110187ce None None] limit_param_default            = 25 {{(pid=79918) log_opt_values /opt/stack/data/venv/lib/python3.12/site-packages/oslo_config/cfg.py:2817}}
Jul 30 14:27:20.583272 np0000032012 devstack@g-api.service[79918]: DEBUG glance.common.config [None req-9371eba9-393c-4510-addb-9fa8110187ce None None] log_color                      = False {{(pid=79918) log_opt_values /opt/stack/data/venv/lib/python3.12/site-packages/oslo_config/cfg.py:2817}}
Jul 30 14:27:20.583372 np0000032012 devstack@g-api.service[79918]: DEBUG glance.common.config [None req-9371eba9-393c-4510-addb-9fa8110187ce None None] log_config_append              = None {{(pid=79918) log_opt_values /opt/stack/data/venv/lib/python3.12/site-packages/oslo_config/cfg.py:2817}}
Jul 30 14:27:20.583471 np0000032012 devstack@g-api.service[79918]: DEBUG glance.common.config [None req-9371eba9-393c-4510-addb-9fa8110187ce None None] log_date_format                = %Y-%m-%d %H:%M:%S {{(pid=79918) log_opt_values /opt/stack/data/venv/lib/python3.12/site-packages/oslo_config/cfg.py:2817}}
Jul 30 14:27:20.583554 np0000032012 devstack@g-api.service[79918]: DEBUG glance.common.config [None req-9371eba9-393c-4510-addb-9fa8110187ce None None] log_dir                        = None {{(pid=79918) log_opt_values /opt/stack/data/venv/lib/python3.12/site-packages/oslo_config/cfg.py:2817}}
Jul 30 14:27:20.583627 np0000032012 devstack@g-api.service[79918]: DEBUG glance.common.config [None req-9371eba9-393c-4510-addb-9fa8110187ce None None] log_file                       = None {{(pid=79918) log_opt_values /opt/stack/data/venv/lib/python3.12/site-packages/oslo_config/cfg.py:2817}}
Jul 30 14:27:20.583697 np0000032012 devstack@g-api.service[79918]: DEBUG glance.common.config [None req-9371eba9-393c-4510-addb-9fa8110187ce None None] log_rotate_interval            = 1 {{(pid=79918) log_opt_values /opt/stack/data/venv/lib/python3.12/site-packages/oslo_config/cfg.py:2817}}
Jul 30 14:27:20.583771 np0000032012 devstack@g-api.service[79918]: DEBUG glance.common.config [None req-9371eba9-393c-4510-addb-9fa8110187ce None None] log_rotate_interval_type       = days {{(pid=79918) log_opt_values /opt/stack/data/venv/lib/python3.12/site-packages/oslo_config/cfg.py:2817}}
Jul 30 14:27:20.583843 np0000032012 devstack@g-api.service[79918]: DEBUG glance.common.config [None req-9371eba9-393c-4510-addb-9fa8110187ce None None] log_rotation_type              = none {{(pid=79918) log_opt_values /opt/stack/data/venv/lib/python3.12/site-packages/oslo_config/cfg.py:2817}}
Jul 30 14:27:20.583900 np0000032012 devstack@g-api.service[79918]: DEBUG glance.common.config [None req-9371eba9-393c-4510-addb-9fa8110187ce None None] logging_context_format_string  = %(color)s%(levelname)s %(name)s [%(global_request_id)s %(request_id)s %(project_name)s %(user_name)s%(color)s] %(instance)s%(color)s%(message)s {{(pid=79918) log_opt_values /opt/stack/data/venv/lib/python3.12/site-packages/oslo_config/cfg.py:2817}}
Jul 30 14:27:20.583958 np0000032012 devstack@g-api.service[79918]: DEBUG glance.common.config [None req-9371eba9-393c-4510-addb-9fa8110187ce None None] logging_debug_format_suffix    = {{(pid=%(process)d) %(funcName)s %(pathname)s:%(lineno)d}} {{(pid=79918) log_opt_values /opt/stack/data/venv/lib/python3.12/site-packages/oslo_config/cfg.py:2817}}
Jul 30 14:27:20.584033 np0000032012 devstack@g-api.service[79918]: DEBUG glance.common.config [None req-9371eba9-393c-4510-addb-9fa8110187ce None None] logging_default_format_string  = %(color)s%(levelname)s %(name)s [-%(color)s] %(instance)s%(color)s%(message)s {{(pid=79918) log_opt_values /opt/stack/data/venv/lib/python3.12/site-packages/oslo_config/cfg.py:2817}}
Jul 30 14:27:20.584190 np0000032012 devstack@g-api.service[79918]: DEBUG glance.common.config [None req-9371eba9-393c-4510-addb-9fa8110187ce None None] logging_exception_prefix       = ERROR %(name)s %(instance)s {{(pid=79918) log_opt_values /opt/stack/data/venv/lib/python3.12/site-packages/oslo_config/cfg.py:2817}}
Jul 30 14:27:20.584243 np0000032012 devstack@g-api.service[79918]: DEBUG glance.common.config [None req-9371eba9-393c-4510-addb-9fa8110187ce None None] logging_user_identity_format   = %(user)s %(project)s %(domain)s %(system_scope)s %(user_domain)s %(project_domain)s {{(pid=79918) log_opt_values /opt/stack/data/venv/lib/python3.12/site-packages/oslo_config/cfg.py:2817}}
Jul 30 14:27:20.584383 np0000032012 devstack@g-api.service[79918]: DEBUG glance.common.config [None req-9371eba9-393c-4510-addb-9fa8110187ce None None] max_header_line                = 16384 {{(pid=79918) log_opt_values /opt/stack/data/venv/lib/python3.12/site-packages/oslo_config/cfg.py:2817}}
Jul 30 14:27:20.584454 np0000032012 devstack@g-api.service[79918]: DEBUG glance.common.config [None req-9371eba9-393c-4510-addb-9fa8110187ce None None] max_logfile_count              = 30 {{(pid=79918) log_opt_values /opt/stack/data/venv/lib/python3.12/site-packages/oslo_config/cfg.py:2817}}
Jul 30 14:27:20.584523 np0000032012 devstack@g-api.service[79918]: DEBUG glance.common.config [None req-9371eba9-393c-4510-addb-9fa8110187ce None None] max_logfile_size_mb            = 200 {{(pid=79918) log_opt_values /opt/stack/data/venv/lib/python3.12/site-packages/oslo_config/cfg.py:2817}}
Jul 30 14:27:20.584593 np0000032012 devstack@g-api.service[79918]: DEBUG glance.common.config [None req-9371eba9-393c-4510-addb-9fa8110187ce None None] max_request_id_length          = 64 {{(pid=79918) log_opt_values /opt/stack/data/venv/lib/python3.12/site-packages/oslo_config/cfg.py:2817}}
Jul 30 14:27:20.584661 np0000032012 devstack@g-api.service[79918]: DEBUG glance.common.config [None req-9371eba9-393c-4510-addb-9fa8110187ce None None] metadata_encryption_key        = **** {{(pid=79918) log_opt_values /opt/stack/data/venv/lib/python3.12/site-packages/oslo_config/cfg.py:2817}}
