Jul 30 14:29:20.712289 np0000032012 devstack@placement-api.service[71337]: DEBUG placement.objects.allocation_candidate [req-03a58162-4411-4eab-9aa7-894b1951cd56 req-3aa8d72a-e9e5-45e1-9f7f-0a56a9f7e450 service nova] Merging candidates yields 1 allocation requests and 1 provider summaries {{(pid=71337) _merge_candidates /opt/stack/placement/placement/objects/allocation_candidate.py:841}}
Jul 30 14:29:20.713179 np0000032012 devstack@placement-api.service[71337]: INFO placement.requestlog [req-03a58162-4411-4eab-9aa7-894b1951cd56 req-3aa8d72a-e9e5-45e1-9f7f-0a56a9f7e450 service nova] 192.168.1.138 "GET /placement/allocation_candidates?limit=1000&resources=DISK_GB%3A1%2CMEMORY_MB%3A192%2CVCPU%3A1&root_required=%21COMPUTE_STATUS_DISABLED" status: 200 len: 2422 microversion: 1.36
Jul 30 14:29:20.713352 np0000032012 devstack@placement-api.service[71337]: [pid: 71337|app: 0|req: 9/17] 192.168.1.138 () {68 vars in 1636 bytes} [Wed Jul 30 14:29:20 2025] GET /placement/allocation_candidates?limit=1000&resources=DISK_GB%3A1%2CMEMORY_MB%3A192%2CVCPU%3A1&root_required=%21COMPUTE_STATUS_DISABLED => generated 2422 bytes in 64 msecs (HTTP/1.1 200) 8 headers in 297 bytes (1 switches on core 0)
Jul 30 14:29:20.713635 np0000032012 devstack@placement-api.service[71336]: DEBUG placement.objects.allocation_candidate [req-b8478418-d727-4376-90a4-a9e77510a970 req-04d17a2c-b9d8-463d-97cd-47521dab1509 service nova] RequestGroup(use_same_provider=False, resources={DISK_GB:1, MEMORY_MB:192, VCPU:1}, traits=(), aggregates=[]) (suffix '') returned 1 matches {{(pid=71336) _get_by_requests /opt/stack/placement/placement/objects/allocation_candidate.py:157}}
Jul 30 14:29:20.714040 np0000032012 devstack@placement-api.service[71336]: DEBUG placement.objects.allocation_candidate [req-b8478418-d727-4376-90a4-a9e77510a970 req-04d17a2c-b9d8-463d-97cd-47521dab1509 service nova] Merging candidates yields 1 allocation requests and 1 provider summaries {{(pid=71336) _merge_candidates /opt/stack/placement/placement/objects/allocation_candidate.py:841}}
Jul 30 14:29:20.715394 np0000032012 devstack@placement-api.service[71336]: INFO placement.requestlog [req-b8478418-d727-4376-90a4-a9e77510a970 req-04d17a2c-b9d8-463d-97cd-47521dab1509 service nova] 192.168.1.138 "GET /placement/allocation_candidates?limit=1000&resources=DISK_GB%3A1%2CMEMORY_MB%3A192%2CVCPU%3A1&root_required=%21COMPUTE_STATUS_DISABLED" status: 200 len: 2422 microversion: 1.36
Jul 30 14:29:20.715674 np0000032012 devstack@placement-api.service[71336]: [pid: 71336|app: 0|req: 9/18] 192.168.1.138 () {68 vars in 1636 bytes} [Wed Jul 30 14:29:20 2025] GET /placement/allocation_candidates?limit=1000&resources=DISK_GB%3A1%2CMEMORY_MB%3A192%2CVCPU%3A1&root_required=%21COMPUTE_STATUS_DISABLED => generated 2422 bytes in 180 msecs (HTTP/1.1 200) 8 headers in 297 bytes (1 switches on core 0)
Jul 30 14:29:20.768668 np0000032012 devstack@placement-api.service[71337]: DEBUG placement.requestlog [req-03a58162-4411-4eab-9aa7-894b1951cd56 req-300f3561-a933-4a93-8f50-ef10f1e3a104 None None] Starting request: 192.168.1.138 "GET /placement/allocations/ba843ede-92c2-49e7-9f50-72ed185d62ed" {{(pid=71337) __call__ /opt/stack/placement/placement/requestlog.py:55}}
Jul 30 14:29:20.775585 np0000032012 devstack@placement-api.service[71337]: INFO placement.requestlog [req-03a58162-4411-4eab-9aa7-894b1951cd56 req-300f3561-a933-4a93-8f50-ef10f1e3a104 service nova] 192.168.1.138 "GET /placement/allocations/ba843ede-92c2-49e7-9f50-72ed185d62ed" status: 200 len: 19 microversion: 1.28
Jul 30 14:29:20.775748 np0000032012 devstack@placement-api.service[71337]: [pid: 71337|app: 0|req: 10/19] 192.168.1.138 () {68 vars in 1512 bytes} [Wed Jul 30 14:29:20 2025] GET /placement/allocations/ba843ede-92c2-49e7-9f50-72ed185d62ed => generated 19 bytes in 7 msecs (HTTP/1.1 200) 8 headers in 295 bytes (1 switches on core 0)
Jul 30 14:29:20.782884 np0000032012 devstack@placement-api.service[71336]: DEBUG placement.requestlog [req-b8478418-d727-4376-90a4-a9e77510a970 req-55fc8d4f-cea4-4d92-bf15-ffa2d80bec28 None None] Starting request: 192.168.1.138 "GET /placement/allocations/92df3dfd-c1d7-48c3-a694-66496032ef9c" {{(pid=71336) __call__ /opt/stack/placement/placement/requestlog.py:55}}
Jul 30 14:29:20.782958 np0000032012 devstack@placement-api.service[71337]: DEBUG placement.requestlog [req-03a58162-4411-4eab-9aa7-894b1951cd56 req-2a004c93-9a24-4ec8-8476-5a44828cbac1 None None] Starting request: 192.168.1.138 "PUT /placement/allocations/ba843ede-92c2-49e7-9f50-72ed185d62ed" {{(pid=71337) __call__ /opt/stack/placement/placement/requestlog.py:55}}
Jul 30 14:29:20.789835 np0000032012 devstack@placement-api.service[71336]: INFO placement.requestlog [req-b8478418-d727-4376-90a4-a9e77510a970 req-55fc8d4f-cea4-4d92-bf15-ffa2d80bec28 service nova] 192.168.1.138 "GET /placement/allocations/92df3dfd-c1d7-48c3-a694-66496032ef9c" status: 200 len: 19 microversion: 1.28
Jul 30 14:29:20.789993 np0000032012 devstack@placement-api.service[71336]: [pid: 71336|app: 0|req: 10/20] 192.168.1.138 () {68 vars in 1512 bytes} [Wed Jul 30 14:29:20 2025] GET /placement/allocations/92df3dfd-c1d7-48c3-a694-66496032ef9c => generated 19 bytes in 8 msecs (HTTP/1.1 200) 8 headers in 295 bytes (1 switches on core 0)
Jul 30 14:29:20.798484 np0000032012 devstack@placement-api.service[71336]: DEBUG placement.requestlog [req-b8478418-d727-4376-90a4-a9e77510a970 req-9c332329-4798-4a9b-bccd-7a9211c0634f None None] Starting request: 192.168.1.138 "PUT /placement/allocations/92df3dfd-c1d7-48c3-a694-66496032ef9c" {{(pid=71336) __call__ /opt/stack/placement/placement/requestlog.py:55}}
Jul 30 14:29:20.822446 np0000032012 devstack@placement-api.service[71337]: DEBUG placement.handlers.allocation [req-03a58162-4411-4eab-9aa7-894b1951cd56 req-2a004c93-9a24-4ec8-8476-5a44828cbac1 service nova] Successfully wrote allocations [<placement.objects.allocation.Allocation object at 0x7c6c7fbc3b90>, <placement.objects.allocation.Allocation object at 0x7c6c804c6cf0>, <placement.objects.allocation.Allocation object at 0x7c6c7fa5ab40>] {{(pid=71337) _update_consumers_and_create_allocations /opt/stack/placement/placement/handlers/allocation.py:462}}
Jul 30 14:29:20.825752 np0000032012 devstack@placement-api.service[71337]: INFO placement.requestlog [req-03a58162-4411-4eab-9aa7-894b1951cd56 req-2a004c93-9a24-4ec8-8476-5a44828cbac1 service nova] 192.168.1.138 "PUT /placement/allocations/ba843ede-92c2-49e7-9f50-72ed185d62ed" status: 204 len: 0 microversion: 1.36
Jul 30 14:29:20.825932 np0000032012 devstack@placement-api.service[71337]: [pid: 71337|app: 0|req: 11/21] 192.168.1.138 () {72 vars in 1565 bytes} [Wed Jul 30 14:29:20 2025] PUT /placement/allocations/ba843ede-92c2-49e7-9f50-72ed185d62ed => generated 0 bytes in 43 msecs (HTTP/1.1 204) 5 headers in 199 bytes (2 switches on core 0)
Jul 30 14:29:20.844772 np0000032012 devstack@placement-api.service[71336]: DEBUG placement.handlers.allocation [req-b8478418-d727-4376-90a4-a9e77510a970 req-9c332329-4798-4a9b-bccd-7a9211c0634f service nova] Successfully wrote allocations [<placement.objects.allocation.Allocation object at 0x7c6c7fbc5250>, <placement.objects.allocation.Allocation object at 0x7c6c7fbc7f20>, <placement.objects.allocation.Allocation object at 0x7c6c7fbec4a0>] {{(pid=71336) _update_consumers_and_create_allocations /opt/stack/placement/placement/handlers/allocation.py:462}}
Jul 30 14:29:20.847912 np0000032012 devstack@placement-api.service[71336]: INFO placement.requestlog [req-b8478418-d727-4376-90a4-a9e77510a970 req-9c332329-4798-4a9b-bccd-7a9211c0634f service nova] 192.168.1.138 "PUT /placement/allocations/92df3dfd-c1d7-48c3-a694-66496032ef9c" status: 204 len: 0 microversion: 1.36
Jul 30 14:29:20.848098 np0000032012 devstack@placement-api.service[71336]: [pid: 71336|app: 0|req: 11/22] 192.168.1.138 () {72 vars in 1565 bytes} [Wed Jul 30 14:29:20 2025] PUT /placement/allocations/92df3dfd-c1d7-48c3-a694-66496032ef9c => generated 0 bytes in 49 msecs (HTTP/1.1 204) 5 headers in 199 bytes (2 switches on core 0)
Jul 30 14:29:21.865590 np0000032012 devstack@placement-api.service[71337]: DEBUG placement.requestlog [req-d508bd3c-ed59-473c-8124-dbb69813d6fd req-d54266a2-5ea0-4bab-a7f4-e6c10e35d1a4 None None] Starting request: 192.168.1.138 "GET /placement/allocation_candidates?limit=1000&resources=DISK_GB%3A1%2CMEMORY_MB%3A192%2CVCPU%3A1&root_required=%21COMPUTE_STATUS_DISABLED" {{(pid=71337) __call__ /opt/stack/placement/placement/requestlog.py:55}}
Jul 30 14:29:21.879345 np0000032012 devstack@placement-api.service[71337]: DEBUG placement.objects.research_context [req-d508bd3c-ed59-473c-8124-dbb69813d6fd req-d54266a2-5ea0-4bab-a7f4-e6c10e35d1a4 service nova] getting providers with 1 DISK_GB {{(pid=71337) __init__ /opt/stack/placement/placement/objects/research_context.py:137}}
Jul 30 14:29:21.881543 np0000032012 devstack@placement-api.service[71337]: DEBUG placement.objects.research_context [req-d508bd3c-ed59-473c-8124-dbb69813d6fd req-d54266a2-5ea0-4bab-a7f4-e6c10e35d1a4 service nova] getting providers with 192 MEMORY_MB {{(pid=71337) __init__ /opt/stack/placement/placement/objects/research_context.py:137}}
Jul 30 14:29:21.883333 np0000032012 devstack@placement-api.service[71337]: DEBUG placement.objects.research_context [req-d508bd3c-ed59-473c-8124-dbb69813d6fd req-d54266a2-5ea0-4bab-a7f4-e6c10e35d1a4 service nova] getting providers with 1 VCPU {{(pid=71337) __init__ /opt/stack/placement/placement/objects/research_context.py:137}}
Jul 30 14:29:21.885095 np0000032012 devstack@placement-api.service[71337]: DEBUG placement.objects.research_context [req-d508bd3c-ed59-473c-8124-dbb69813d6fd req-d54266a2-5ea0-4bab-a7f4-e6c10e35d1a4 service nova] found 1 providers with available 1 DISK_GB {{(pid=71337) get_provider_ids_matching /opt/stack/placement/placement/objects/research_context.py:569}}
Jul 30 14:29:21.885196 np0000032012 devstack@placement-api.service[71337]: DEBUG placement.objects.research_context [req-d508bd3c-ed59-473c-8124-dbb69813d6fd req-d54266a2-5ea0-4bab-a7f4-e6c10e35d1a4 service nova] found 1 providers with available 192 MEMORY_MB {{(pid=71337) get_provider_ids_matching /opt/stack/placement/placement/objects/research_context.py:569}}
Jul 30 14:29:21.885277 np0000032012 devstack@placement-api.service[71337]: DEBUG placement.objects.research_context [req-d508bd3c-ed59-473c-8124-dbb69813d6fd req-d54266a2-5ea0-4bab-a7f4-e6c10e35d1a4 service nova] found 1 providers after filtering by previous result {{(pid=71337) get_provider_ids_matching /opt/stack/placement/placement/objects/research_context.py:600}}
Jul 30 14:29:21.885337 np0000032012 devstack@placement-api.service[71337]: DEBUG placement.objects.research_context [req-d508bd3c-ed59-473c-8124-dbb69813d6fd req-d54266a2-5ea0-4bab-a7f4-e6c10e35d1a4 service nova] found 1 providers with available 1 VCPU {{(pid=71337) get_provider_ids_matching /opt/stack/placement/placement/objects/research_context.py:569}}
Jul 30 14:29:21.885399 np0000032012 devstack@placement-api.service[71337]: DEBUG placement.objects.research_context [req-d508bd3c-ed59-473c-8124-dbb69813d6fd req-d54266a2-5ea0-4bab-a7f4-e6c10e35d1a4 service nova] found 1 providers after filtering by previous result {{(pid=71337) get_provider_ids_matching /opt/stack/placement/placement/objects/research_context.py:600}}
Jul 30 14:29:21.889385 np0000032012 devstack@placement-api.service[71337]: DEBUG placement.objects.allocation_candidate [req-d508bd3c-ed59-473c-8124-dbb69813d6fd req-d54266a2-5ea0-4bab-a7f4-e6c10e35d1a4 service nova] RequestGroup(use_same_provider=False, resources={DISK_GB:1, MEMORY_MB:192, VCPU:1}, traits=(), aggregates=[]) (suffix '') returned 1 matches {{(pid=71337) _get_by_requests /opt/stack/placement/placement/objects/allocation_candidate.py:157}}
Jul 30 14:29:21.889508 np0000032012 devstack@placement-api.service[71337]: DEBUG placement.objects.allocation_candidate [req-d508bd3c-ed59-473c-8124-dbb69813d6fd req-d54266a2-5ea0-4bab-a7f4-e6c10e35d1a4 service nova] Merging candidates yields 1 allocation requests and 1 provider summaries {{(pid=71337) _merge_candidates /opt/stack/placement/placement/objects/allocation_candidate.py:841}}
Jul 30 14:29:21.890168 np0000032012 devstack@placement-api.service[71337]: INFO placement.requestlog [req-d508bd3c-ed59-473c-8124-dbb69813d6fd req-d54266a2-5ea0-4bab-a7f4-e6c10e35d1a4 service nova] 192.168.1.138 "GET /placement/allocation_candidates?limit=1000&resources=DISK_GB%3A1%2CMEMORY_MB%3A192%2CVCPU%3A1&root_required=%21COMPUTE_STATUS_DISABLED" status: 200 len: 2424 microversion: 1.36
Jul 30 14:29:21.890354 np0000032012 devstack@placement-api.service[71337]: [pid: 71337|app: 0|req: 12/23] 192.168.1.138 () {68 vars in 1636 bytes} [Wed Jul 30 14:29:21 2025] GET /placement/allocation_candidates?limit=1000&resources=DISK_GB%3A1%2CMEMORY_MB%3A192%2CVCPU%3A1&root_required=%21COMPUTE_STATUS_DISABLED => generated 2424 bytes in 25 msecs (HTTP/1.1 200) 8 headers in 297 bytes (1 switches on core 0)
Jul 30 14:29:21.912656 np0000032012 devstack@placement-api.service[71336]: DEBUG placement.requestlog [req-d508bd3c-ed59-473c-8124-dbb69813d6fd req-8bd4ac10-35f8-4a66-9106-8cea5a1a802d None None] Starting request: 192.168.1.138 "GET /placement/allocations/ce8a45cb-2be9-47c1-965d-8b521f1ec854" {{(pid=71336) __call__ /opt/stack/placement/placement/requestlog.py:55}}
Jul 30 14:29:21.917373 np0000032012 devstack@placement-api.service[71336]: INFO placement.requestlog [req-d508bd3c-ed59-473c-8124-dbb69813d6fd req-8bd4ac10-35f8-4a66-9106-8cea5a1a802d service nova] 192.168.1.138 "GET /placement/allocations/ce8a45cb-2be9-47c1-965d-8b521f1ec854" status: 200 len: 19 microversion: 1.28
Jul 30 14:29:21.917843 np0000032012 devstack@placement-api.service[71336]: [pid: 71336|app: 0|req: 12/24] 192.168.1.138 () {68 vars in 1512 bytes} [Wed Jul 30 14:29:21 2025] GET /placement/allocations/ce8a45cb-2be9-47c1-965d-8b521f1ec854 => generated 19 bytes in 5 msecs (HTTP/1.1 200) 8 headers in 295 bytes (1 switches on core 0)
Jul 30 14:29:21.923775 np0000032012 devstack@placement-api.service[71337]: DEBUG placement.requestlog [req-d508bd3c-ed59-473c-8124-dbb69813d6fd req-9cd52601-a39f-40c9-bdd5-3a298c7edace None None] Starting request: 192.168.1.138 "PUT /placement/allocations/ce8a45cb-2be9-47c1-965d-8b521f1ec854" {{(pid=71337) __call__ /opt/stack/placement/placement/requestlog.py:55}}
Jul 30 14:29:21.953788 np0000032012 devstack@placement-api.service[71337]: DEBUG placement.handlers.allocation [req-d508bd3c-ed59-473c-8124-dbb69813d6fd req-9cd52601-a39f-40c9-bdd5-3a298c7edace service nova] Successfully wrote allocations [<placement.objects.allocation.Allocation object at 0x7c6c804c6ed0>, <placement.objects.allocation.Allocation object at 0x7c6c7fc27710>, <placement.objects.allocation.Allocation object at 0x7c6c7fc263f0>] {{(pid=71337) _update_consumers_and_create_allocations /opt/stack/placement/placement/handlers/allocation.py:462}}
Jul 30 14:29:21.956181 np0000032012 devstack@placement-api.service[71337]: INFO placement.requestlog [req-d508bd3c-ed59-473c-8124-dbb69813d6fd req-9cd52601-a39f-40c9-bdd5-3a298c7edace service nova] 192.168.1.138 "PUT /placement/allocations/ce8a45cb-2be9-47c1-965d-8b521f1ec854" status: 204 len: 0 microversion: 1.36
Jul 30 14:29:21.956361 np0000032012 devstack@placement-api.service[71337]: [pid: 71337|app: 0|req: 13/25] 192.168.1.138 () {72 vars in 1565 bytes} [Wed Jul 30 14:29:21 2025] PUT /placement/allocations/ce8a45cb-2be9-47c1-965d-8b521f1ec854 => generated 0 bytes in 32 msecs (HTTP/1.1 204) 5 headers in 199 bytes (1 switches on core 0)
Jul 30 14:29:22.204022 np0000032012 devstack@placement-api.service[71336]: DEBUG placement.requestlog [req-b8478418-d727-4376-90a4-a9e77510a970 req-5fa46dbb-5817-4096-8a1f-dcd4d3fc094c None None] Starting request: 192.168.1.138 "GET /placement/allocations/92df3dfd-c1d7-48c3-a694-66496032ef9c" {{(pid=71336) __call__ /opt/stack/placement/placement/requestlog.py:55}}
Jul 30 14:29:22.210844 np0000032012 devstack@placement-api.service[71336]: INFO placement.requestlog [req-b8478418-d727-4376-90a4-a9e77510a970 req-5fa46dbb-5817-4096-8a1f-dcd4d3fc094c service nova] 192.168.1.138 "GET /placement/allocations/92df3dfd-c1d7-48c3-a694-66496032ef9c" status: 200 len: 257 microversion: 1.28
Jul 30 14:29:22.211009 np0000032012 devstack@placement-api.service[71336]: [pid: 71336|app: 0|req: 13/26] 192.168.1.138 () {68 vars in 1510 bytes} [Wed Jul 30 14:29:22 2025] GET /placement/allocations/92df3dfd-c1d7-48c3-a694-66496032ef9c => generated 257 bytes in 7 msecs (HTTP/1.1 200) 8 headers in 296 bytes (1 switches on core 0)
Jul 30 14:29:22.296728 np0000032012 devstack@placement-api.service[71337]: DEBUG placement.requestlog [req-03a58162-4411-4eab-9aa7-894b1951cd56 req-b591204b-1bbc-4b37-8805-214d9914c3bf None None] Starting request: 192.168.1.138 "GET /placement/allocations/ba843ede-92c2-49e7-9f50-72ed185d62ed" {{(pid=71337) __call__ /opt/stack/placement/placement/requestlog.py:55}}
Jul 30 14:29:22.302322 np0000032012 devstack@placement-api.service[71337]: INFO placement.requestlog [req-03a58162-4411-4eab-9aa7-894b1951cd56 req-b591204b-1bbc-4b37-8805-214d9914c3bf service nova] 192.168.1.138 "GET /placement/allocations/ba843ede-92c2-49e7-9f50-72ed185d62ed" status: 200 len: 257 microversion: 1.28
Jul 30 14:29:22.302551 np0000032012 devstack@placement-api.service[71337]: [pid: 71337|app: 0|req: 14/27] 192.168.1.138 () {68 vars in 1510 bytes} [Wed Jul 30 14:29:22 2025] GET /placement/allocations/ba843ede-92c2-49e7-9f50-72ed185d62ed => generated 257 bytes in 6 msecs (HTTP/1.1 200) 8 headers in 296 bytes (1 switches on core 0)
Jul 30 14:29:23.226598 np0000032012 devstack@placement-api.service[71336]: DEBUG placement.requestlog [req-b8478418-d727-4376-90a4-a9e77510a970 req-70be79f5-100d-42ab-b0cc-84757cb0d525 None None] Starting request: 192.168.1.138 "GET /placement/resource_providers/448dc162-4e7b-4de3-949c-75273315f4fd/allocations" {{(pid=71336) __call__ /opt/stack/placement/placement/requestlog.py:55}}
Jul 30 14:29:23.233612 np0000032012 devstack@placement-api.service[71336]: INFO placement.requestlog [req-b8478418-d727-4376-90a4-a9e77510a970 req-70be79f5-100d-42ab-b0cc-84757cb0d525 service nova] 192.168.1.138 "GET /placement/resource_providers/448dc162-4e7b-4de3-949c-75273315f4fd/allocations" status: 200 len: 352 microversion: 1.0
Jul 30 14:29:23.233768 np0000032012 devstack@placement-api.service[71336]: [pid: 71336|app: 0|req: 14/28] 192.168.1.138 () {66 vars in 1523 bytes} [Wed Jul 30 14:29:23 2025] GET /placement/resource_providers/448dc162-4e7b-4de3-949c-75273315f4fd/allocations => generated 352 bytes in 7 msecs (HTTP/1.1 200) 6 headers in 224 bytes (1 switches on core 0)
Jul 30 14:29:23.239047 np0000032012 devstack@placement-api.service[71337]: DEBUG placement.requestlog [req-b8478418-d727-4376-90a4-a9e77510a970 req-f308a12a-16a6-41dd-b4b9-d7c073ddc9cd None None] Starting request: 192.168.1.138 "GET /placement/allocations/ce8a45cb-2be9-47c1-965d-8b521f1ec854" {{(pid=71337) __call__ /opt/stack/placement/placement/requestlog.py:55}}
Jul 30 14:29:23.245159 np0000032012 devstack@placement-api.service[71337]: INFO placement.requestlog [req-b8478418-d727-4376-90a4-a9e77510a970 req-f308a12a-16a6-41dd-b4b9-d7c073ddc9cd service nova] 192.168.1.138 "GET /placement/allocations/ce8a45cb-2be9-47c1-965d-8b521f1ec854" status: 200 len: 257 microversion: 1.28
Jul 30 14:29:23.245159 np0000032012 devstack@placement-api.service[71337]: [pid: 71337|app: 0|req: 15/29] 192.168.1.138 () {68 vars in 1510 bytes} [Wed Jul 30 14:29:23 2025] GET /placement/allocations/ce8a45cb-2be9-47c1-965d-8b521f1ec854 => generated 257 bytes in 5 msecs (HTTP/1.1 200) 8 headers in 296 bytes (1 switches on core 0)
Jul 30 14:29:23.249618 np0000032012 devstack@placement-api.service[71336]: DEBUG placement.requestlog [req-b8478418-d727-4376-90a4-a9e77510a970 req-679a395d-1dcc-44b2-9363-998543948b4d None None] Starting request: 192.168.1.138 "GET /placement/allocations/ba843ede-92c2-49e7-9f50-72ed185d62ed" {{(pid=71336) __call__ /opt/stack/placement/placement/requestlog.py:55}}
Jul 30 14:29:23.251657 np0000032012 devstack@placement-api.service[71337]: DEBUG placement.requestlog [req-60da2901-412f-47b9-b864-a908f278a917 req-d5bc68e0-a1a0-4a1d-9acc-f1bed6ffc2f3 None None] Starting request: 192.168.1.138 "GET /placement/allocation_candidates?limit=1000&resources=DISK_GB%3A1%2CMEMORY_MB%3A192%2CVCPU%3A1&root_required=%21COMPUTE_STATUS_DISABLED" {{(pid=71337) __call__ /opt/stack/placement/placement/requestlog.py:55}}
Jul 30 14:29:23.255042 np0000032012 devstack@placement-api.service[71336]: INFO placement.requestlog [req-b8478418-d727-4376-90a4-a9e77510a970 req-679a395d-1dcc-44b2-9363-998543948b4d service nova] 192.168.1.138 "GET /placement/allocations/ba843ede-92c2-49e7-9f50-72ed185d62ed" status: 200 len: 257 microversion: 1.28
Jul 30 14:29:23.255133 np0000032012 devstack@placement-api.service[71336]: [pid: 71336|app: 0|req: 15/30] 192.168.1.138 () {68 vars in 1510 bytes} [Wed Jul 30 14:29:23 2025] GET /placement/allocations/ba843ede-92c2-49e7-9f50-72ed185d62ed => generated 257 bytes in 5 msecs (HTTP/1.1 200) 8 headers in 296 bytes (1 switches on core 0)
Jul 30 14:29:23.260868 np0000032012 devstack@placement-api.service[71336]: DEBUG placement.requestlog [req-b8478418-d727-4376-90a4-a9e77510a970 req-20b2967c-ff0a-4c88-94b2-e44eea44308b None None] Starting request: 192.168.1.138 "GET /placement/allocations/92df3dfd-c1d7-48c3-a694-66496032ef9c" {{(pid=71336) __call__ /opt/stack/placement/placement/requestlog.py:55}}
Jul 30 14:29:23.265463 np0000032012 devstack@placement-api.service[71336]: INFO placement.requestlog [req-b8478418-d727-4376-90a4-a9e77510a970 req-20b2967c-ff0a-4c88-94b2-e44eea44308b service nova] 192.168.1.138 "GET /placement/allocations/92df3dfd-c1d7-48c3-a694-66496032ef9c" status: 200 len: 257 microversion: 1.28
Jul 30 14:29:23.265723 np0000032012 devstack@placement-api.service[71336]: [pid: 71336|app: 0|req: 16/31] 192.168.1.138 () {68 vars in 1510 bytes} [Wed Jul 30 14:29:23 2025] GET /placement/allocations/92df3dfd-c1d7-48c3-a694-66496032ef9c => generated 257 bytes in 5 msecs (HTTP/1.1 200) 8 headers in 296 bytes (2 switches on core 0)
Jul 30 14:29:23.274140 np0000032012 devstack@placement-api.service[71337]: DEBUG placement.objects.research_context [req-60da2901-412f-47b9-b864-a908f278a917 req-d5bc68e0-a1a0-4a1d-9acc-f1bed6ffc2f3 service nova] getting providers with 1 DISK_GB {{(pid=71337) __init__ /opt/stack/placement/placement/objects/research_context.py:137}}
Jul 30 14:29:23.276224 np0000032012 devstack@placement-api.service[71337]: DEBUG placement.objects.research_context [req-60da2901-412f-47b9-b864-a908f278a917 req-d5bc68e0-a1a0-4a1d-9acc-f1bed6ffc2f3 service nova] getting providers with 192 MEMORY_MB {{(pid=71337) __init__ /opt/stack/placement/placement/objects/research_context.py:137}}
Jul 30 14:29:23.278284 np0000032012 devstack@placement-api.service[71337]: DEBUG placement.objects.research_context [req-60da2901-412f-47b9-b864-a908f278a917 req-d5bc68e0-a1a0-4a1d-9acc-f1bed6ffc2f3 service nova] getting providers with 1 VCPU {{(pid=71337) __init__ /opt/stack/placement/placement/objects/research_context.py:137}}
Jul 30 14:29:23.280248 np0000032012 devstack@placement-api.service[71337]: DEBUG placement.objects.research_context [req-60da2901-412f-47b9-b864-a908f278a917 req-d5bc68e0-a1a0-4a1d-9acc-f1bed6ffc2f3 service nova] found 1 providers with available 1 DISK_GB {{(pid=71337) get_provider_ids_matching /opt/stack/placement/placement/objects/research_context.py:569}}
Jul 30 14:29:23.280332 np0000032012 devstack@placement-api.service[71337]: DEBUG placement.objects.research_context [req-60da2901-412f-47b9-b864-a908f278a917 req-d5bc68e0-a1a0-4a1d-9acc-f1bed6ffc2f3 service nova] found 1 providers with available 192 MEMORY_MB {{(pid=71337) get_provider_ids_matching /opt/stack/placement/placement/objects/research_context.py:569}}
Jul 30 14:29:23.280399 np0000032012 devstack@placement-api.service[71337]: DEBUG placement.objects.research_context [req-60da2901-412f-47b9-b864-a908f278a917 req-d5bc68e0-a1a0-4a1d-9acc-f1bed6ffc2f3 service nova] found 1 providers after filtering by previous result {{(pid=71337) get_provider_ids_matching /opt/stack/placement/placement/objects/research_context.py:600}}
Jul 30 14:29:23.280455 np0000032012 devstack@placement-api.service[71337]: DEBUG placement.objects.research_context [req-60da2901-412f-47b9-b864-a908f278a917 req-d5bc68e0-a1a0-4a1d-9acc-f1bed6ffc2f3 service nova] found 1 providers with available 1 VCPU {{(pid=71337) get_provider_ids_matching /opt/stack/placement/placement/objects/research_context.py:569}}
Jul 30 14:29:23.280516 np0000032012 devstack@placement-api.service[71337]: DEBUG placement.objects.research_context [req-60da2901-412f-47b9-b864-a908f278a917 req-d5bc68e0-a1a0-4a1d-9acc-f1bed6ffc2f3 service nova] found 1 providers after filtering by previous result {{(pid=71337) get_provider_ids_matching /opt/stack/placement/placement/objects/research_context.py:600}}
Jul 30 14:29:23.284273 np0000032012 devstack@placement-api.service[71337]: DEBUG placement.objects.allocation_candidate [req-60da2901-412f-47b9-b864-a908f278a917 req-d5bc68e0-a1a0-4a1d-9acc-f1bed6ffc2f3 service nova] RequestGroup(use_same_provider=False, resources={DISK_GB:1, MEMORY_MB:192, VCPU:1}, traits=(), aggregates=[]) (suffix '') returned 1 matches {{(pid=71337) _get_by_requests /opt/stack/placement/placement/objects/allocation_candidate.py:157}}
Jul 30 14:29:23.284393 np0000032012 devstack@placement-api.service[71337]: DEBUG placement.objects.allocation_candidate [req-60da2901-412f-47b9-b864-a908f278a917 req-d5bc68e0-a1a0-4a1d-9acc-f1bed6ffc2f3 service nova] Merging candidates yields 1 allocation requests and 1 provider summaries {{(pid=71337) _merge_candidates /opt/stack/placement/placement/objects/allocation_candidate.py:841}}
Jul 30 14:29:23.285021 np0000032012 devstack@placement-api.service[71337]: INFO placement.requestlog [req-60da2901-412f-47b9-b864-a908f278a917 req-d5bc68e0-a1a0-4a1d-9acc-f1bed6ffc2f3 service nova] 192.168.1.138 "GET /placement/allocation_candidates?limit=1000&resources=DISK_GB%3A1%2CMEMORY_MB%3A192%2CVCPU%3A1&root_required=%21COMPUTE_STATUS_DISABLED" status: 200 len: 2424 microversion: 1.36
Jul 30 14:29:23.285198 np0000032012 devstack@placement-api.service[71337]: [pid: 71337|app: 0|req: 16/32] 192.168.1.138 () {68 vars in 1636 bytes} [Wed Jul 30 14:29:23 2025] GET /placement/allocation_candidates?limit=1000&resources=DISK_GB%3A1%2CMEMORY_MB%3A192%2CVCPU%3A1&root_required=%21COMPUTE_STATUS_DISABLED => generated 2424 bytes in 33 msecs (HTTP/1.1 200) 8 headers in 297 bytes (2 switches on core 0)
Jul 30 14:29:23.305558 np0000032012 devstack@placement-api.service[71336]: DEBUG placement.requestlog [req-60da2901-412f-47b9-b864-a908f278a917 req-e0ac7167-8bf2-4522-b0e6-fc184c1a9f3a None None] Starting request: 192.168.1.138 "GET /placement/allocations/7587ff32-bd42-4999-962d-3d3b0d1d6f39" {{(pid=71336) __call__ /opt/stack/placement/placement/requestlog.py:55}}
Jul 30 14:29:23.311494 np0000032012 devstack@placement-api.service[71336]: INFO placement.requestlog [req-60da2901-412f-47b9-b864-a908f278a917 req-e0ac7167-8bf2-4522-b0e6-fc184c1a9f3a service nova] 192.168.1.138 "GET /placement/allocations/7587ff32-bd42-4999-962d-3d3b0d1d6f39" status: 200 len: 19 microversion: 1.28
Jul 30 14:29:23.311655 np0000032012 devstack@placement-api.service[71336]: [pid: 71336|app: 0|req: 17/33] 192.168.1.138 () {68 vars in 1512 bytes} [Wed Jul 30 14:29:23 2025] GET /placement/allocations/7587ff32-bd42-4999-962d-3d3b0d1d6f39 => generated 19 bytes in 6 msecs (HTTP/1.1 200) 8 headers in 295 bytes (1 switches on core 0)
Jul 30 14:29:23.317375 np0000032012 devstack@placement-api.service[71337]: DEBUG placement.requestlog [req-60da2901-412f-47b9-b864-a908f278a917 req-3ac28949-3dd2-4ca2-9d0c-839fde3138f4 None None] Starting request: 192.168.1.138 "PUT /placement/allocations/7587ff32-bd42-4999-962d-3d3b0d1d6f39" {{(pid=71337) __call__ /opt/stack/placement/placement/requestlog.py:55}}
Jul 30 14:29:23.346316 np0000032012 devstack@placement-api.service[71337]: DEBUG placement.handlers.allocation [req-60da2901-412f-47b9-b864-a908f278a917 req-3ac28949-3dd2-4ca2-9d0c-839fde3138f4 service nova] Successfully wrote allocations [<placement.objects.allocation.Allocation object at 0x7c6c7fc27950>, <placement.objects.allocation.Allocation object at 0x7c6c7fc26ed0>, <placement.objects.allocation.Allocation object at 0x7c6c7fc275f0>] {{(pid=71337) _update_consumers_and_create_allocations /opt/stack/placement/placement/handlers/allocation.py:462}}
Jul 30 14:29:23.348988 np0000032012 devstack@placement-api.service[71337]: INFO placement.requestlog [req-60da2901-412f-47b9-b864-a908f278a917 req-3ac28949-3dd2-4ca2-9d0c-839fde3138f4 service nova] 192.168.1.138 "PUT /placement/allocations/7587ff32-bd42-4999-962d-3d3b0d1d6f39" status: 204 len: 0 microversion: 1.36
Jul 30 14:29:23.349163 np0000032012 devstack@placement-api.service[71337]: [pid: 71337|app: 0|req: 17/34] 192.168.1.138 () {72 vars in 1565 bytes} [Wed Jul 30 14:29:23 2025] PUT /placement/allocations/7587ff32-bd42-4999-962d-3d3b0d1d6f39 => generated 0 bytes in 32 msecs (HTTP/1.1 204) 5 headers in 199 bytes (1 switches on core 0)
Jul 30 14:29:23.440164 np0000032012 devstack@placement-api.service[71336]: DEBUG placement.requestlog [req-d508bd3c-ed59-473c-8124-dbb69813d6fd req-a1333cc9-ca34-41f2-9777-199e349f481b None None] Starting request: 192.168.1.138 "GET /placement/allocations/ce8a45cb-2be9-47c1-965d-8b521f1ec854" {{(pid=71336) __call__ /opt/stack/placement/placement/requestlog.py:55}}
Jul 30 14:29:23.445109 np0000032012 devstack@placement-api.service[71336]: INFO placement.requestlog [req-d508bd3c-ed59-473c-8124-dbb69813d6fd req-a1333cc9-ca34-41f2-9777-199e349f481b service nova] 192.168.1.138 "GET /placement/allocations/ce8a45cb-2be9-47c1-965d-8b521f1ec854" status: 200 len: 257 microversion: 1.28
Jul 30 14:29:23.445294 np0000032012 devstack@placement-api.service[71336]: [pid: 71336|app: 0|req: 18/35] 192.168.1.138 () {68 vars in 1510 bytes} [Wed Jul 30 14:29:23 2025] GET /placement/allocations/ce8a45cb-2be9-47c1-965d-8b521f1ec854 => generated 257 bytes in 5 msecs (HTTP/1.1 200) 8 headers in 296 bytes (1 switches on core 0)
Jul 30 14:29:24.831891 np0000032012 devstack@placement-api.service[71337]: DEBUG placement.requestlog [req-60da2901-412f-47b9-b864-a908f278a917 req-0c53e71c-f302-4211-8e4c-2e75ee3886f3 None None] Starting request: 192.168.1.138 "GET /placement/allocations/7587ff32-bd42-4999-962d-3d3b0d1d6f39" {{(pid=71337) __call__ /opt/stack/placement/placement/requestlog.py:55}}
Jul 30 14:29:24.837340 np0000032012 devstack@placement-api.service[71337]: INFO placement.requestlog [req-60da2901-412f-47b9-b864-a908f278a917 req-0c53e71c-f302-4211-8e4c-2e75ee3886f3 service nova] 192.168.1.138 "GET /placement/allocations/7587ff32-bd42-4999-962d-3d3b0d1d6f39" status: 200 len: 257 microversion: 1.28
Jul 30 14:29:24.837500 np0000032012 devstack@placement-api.service[71337]: [pid: 71337|app: 0|req: 18/36] 192.168.1.138 () {68 vars in 1510 bytes} [Wed Jul 30 14:29:24 2025] GET /placement/allocations/7587ff32-bd42-4999-962d-3d3b0d1d6f39 => generated 257 bytes in 5 msecs (HTTP/1.1 200) 8 headers in 296 bytes (1 switches on core 0)
Jul 30 14:29:25.305023 np0000032012 devstack@placement-api.service[71336]: DEBUG placement.requestlog [req-03a58162-4411-4eab-9aa7-894b1951cd56 req-dd57fc2c-12e6-496a-82f3-22368c96eb7d None None] Starting request: 192.168.1.138 "GET /placement/resource_providers/448dc162-4e7b-4de3-949c-75273315f4fd/allocations" {{(pid=71336) __call__ /opt/stack/placement/placement/requestlog.py:55}}
Jul 30 14:29:25.312714 np0000032012 devstack@placement-api.service[71336]: INFO placement.requestlog [req-03a58162-4411-4eab-9aa7-894b1951cd56 req-dd57fc2c-12e6-496a-82f3-22368c96eb7d service nova] 192.168.1.138 "GET /placement/resource_providers/448dc162-4e7b-4de3-949c-75273315f4fd/allocations" status: 200 len: 452 microversion: 1.0
Jul 30 14:29:25.312714 np0000032012 devstack@placement-api.service[71336]: [pid: 71336|app: 0|req: 19/37] 192.168.1.138 () {66 vars in 1523 bytes} [Wed Jul 30 14:29:25 2025] GET /placement/resource_providers/448dc162-4e7b-4de3-949c-75273315f4fd/allocations => generated 452 bytes in 8 msecs (HTTP/1.1 200) 6 headers in 224 bytes (1 switches on core 0)
Jul 30 14:29:25.317502 np0000032012 devstack@placement-api.service[71337]: DEBUG placement.requestlog [req-03a58162-4411-4eab-9aa7-894b1951cd56 req-2c9b85bf-475c-4563-801d-bfaf584670bc None None] Starting request: 192.168.1.138 "GET /placement/allocations/ce8a45cb-2be9-47c1-965d-8b521f1ec854" {{(pid=71337) __call__ /opt/stack/placement/placement/requestlog.py:55}}
Jul 30 14:29:25.323039 np0000032012 devstack@placement-api.service[71337]: INFO placement.requestlog [req-03a58162-4411-4eab-9aa7-894b1951cd56 req-2c9b85bf-475c-4563-801d-bfaf584670bc service nova] 192.168.1.138 "GET /placement/allocations/ce8a45cb-2be9-47c1-965d-8b521f1ec854" status: 200 len: 257 microversion: 1.28
Jul 30 14:29:25.323276 np0000032012 devstack@placement-api.service[71337]: [pid: 71337|app: 0|req: 19/38] 192.168.1.138 () {68 vars in 1510 bytes} [Wed Jul 30 14:29:25 2025] GET /placement/allocations/ce8a45cb-2be9-47c1-965d-8b521f1ec854 => generated 257 bytes in 6 msecs (HTTP/1.1 200) 8 headers in 296 bytes (1 switches on core 0)
Jul 30 14:29:25.328356 np0000032012 devstack@placement-api.service[71336]: DEBUG placement.requestlog [req-03a58162-4411-4eab-9aa7-894b1951cd56 req-2641e679-93a9-4061-8797-fd545e036a45 None None] Starting request: 192.168.1.138 "GET /placement/allocations/ba843ede-92c2-49e7-9f50-72ed185d62ed" {{(pid=71336) __call__ /opt/stack/placement/placement/requestlog.py:55}}
Jul 30 14:29:25.334082 np0000032012 devstack@placement-api.service[71336]: INFO placement.requestlog [req-03a58162-4411-4eab-9aa7-894b1951cd56 req-2641e679-93a9-4061-8797-fd545e036a45 service nova] 192.168.1.138 "GET /placement/allocations/ba843ede-92c2-49e7-9f50-72ed185d62ed" status: 200 len: 257 microversion: 1.28
Jul 30 14:29:25.334334 np0000032012 devstack@placement-api.service[71336]: [pid: 71336|app: 0|req: 20/39] 192.168.1.138 () {68 vars in 1510 bytes} [Wed Jul 30 14:29:25 2025] GET /placement/allocations/ba843ede-92c2-49e7-9f50-72ed185d62ed => generated 257 bytes in 6 msecs (HTTP/1.1 200) 8 headers in 296 bytes (1 switches on core 0)
Jul 30 14:29:25.340468 np0000032012 devstack@placement-api.service[71337]: DEBUG placement.requestlog [req-03a58162-4411-4eab-9aa7-894b1951cd56 req-731cf40f-d6f8-4cc0-8b44-79b087022343 None None] Starting request: 192.168.1.138 "GET /placement/allocations/7587ff32-bd42-4999-962d-3d3b0d1d6f39" {{(pid=71337) __call__ /opt/stack/placement/placement/requestlog.py:55}}
Jul 30 14:29:25.345924 np0000032012 devstack@placement-api.service[71337]: INFO placement.requestlog [req-03a58162-4411-4eab-9aa7-894b1951cd56 req-731cf40f-d6f8-4cc0-8b44-79b087022343 service nova] 192.168.1.138 "GET /placement/allocations/7587ff32-bd42-4999-962d-3d3b0d1d6f39" status: 200 len: 257 microversion: 1.28
Jul 30 14:29:25.346079 np0000032012 devstack@placement-api.service[71337]: [pid: 71337|app: 0|req: 20/40] 192.168.1.138 () {68 vars in 1510 bytes} [Wed Jul 30 14:29:25 2025] GET /placement/allocations/7587ff32-bd42-4999-962d-3d3b0d1d6f39 => generated 257 bytes in 5 msecs (HTTP/1.1 200) 8 headers in 296 bytes (1 switches on core 0)
Jul 30 14:29:25.353519 np0000032012 devstack@placement-api.service[71336]: DEBUG placement.requestlog [req-03a58162-4411-4eab-9aa7-894b1951cd56 req-a2b7746d-3ddd-4aaf-9a27-d1c78770d1bb None None] Starting request: 192.168.1.138 "GET /placement/allocations/92df3dfd-c1d7-48c3-a694-66496032ef9c" {{(pid=71336) __call__ /opt/stack/placement/placement/requestlog.py:55}}
Jul 30 14:29:25.359956 np0000032012 devstack@placement-api.service[71336]: INFO placement.requestlog [req-03a58162-4411-4eab-9aa7-894b1951cd56 req-a2b7746d-3ddd-4aaf-9a27-d1c78770d1bb service nova] 192.168.1.138 "GET /placement/allocations/92df3dfd-c1d7-48c3-a694-66496032ef9c" status: 200 len: 257 microversion: 1.28
Jul 30 14:29:25.360127 np0000032012 devstack@placement-api.service[71336]: [pid: 71336|app: 0|req: 21/41] 192.168.1.138 () {68 vars in 1510 bytes} [Wed Jul 30 14:29:25 2025] GET /placement/allocations/92df3dfd-c1d7-48c3-a694-66496032ef9c => generated 257 bytes in 6 msecs (HTTP/1.1 200) 8 headers in 296 bytes (1 switches on core 0)
Jul 30 14:29:27.446391 np0000032012 devstack@placement-api.service[71337]: DEBUG placement.requestlog [req-d508bd3c-ed59-473c-8124-dbb69813d6fd req-d122129c-20f6-43ce-9198-0ce90baab172 None None] Starting request: 192.168.1.138 "GET /placement/resource_providers/448dc162-4e7b-4de3-949c-75273315f4fd/allocations" {{(pid=71337) __call__ /opt/stack/placement/placement/requestlog.py:55}}
Jul 30 14:29:27.459219 np0000032012 devstack@placement-api.service[71337]: INFO placement.requestlog [req-d508bd3c-ed59-473c-8124-dbb69813d6fd req-d122129c-20f6-43ce-9198-0ce90baab172 service nova] 192.168.1.138 "GET /placement/resource_providers/448dc162-4e7b-4de3-949c-75273315f4fd/allocations" status: 200 len: 452 microversion: 1.0
Jul 30 14:29:27.459406 np0000032012 devstack@placement-api.service[71337]: [pid: 71337|app: 0|req: 21/42] 192.168.1.138 () {66 vars in 1523 bytes} [Wed Jul 30 14:29:27 2025] GET /placement/resource_providers/448dc162-4e7b-4de3-949c-75273315f4fd/allocations => generated 452 bytes in 13 msecs (HTTP/1.1 200) 6 headers in 224 bytes (1 switches on core 0)
Jul 30 14:29:27.467449 np0000032012 devstack@placement-api.service[71336]: DEBUG placement.requestlog [req-d508bd3c-ed59-473c-8124-dbb69813d6fd req-29ccba5d-74b2-401d-945f-d670e230c510 None None] Starting request: 192.168.1.138 "GET /placement/allocations/ce8a45cb-2be9-47c1-965d-8b521f1ec854" {{(pid=71336) __call__ /opt/stack/placement/placement/requestlog.py:55}}
Jul 30 14:29:27.476847 np0000032012 devstack@placement-api.service[71336]: INFO placement.requestlog [req-d508bd3c-ed59-473c-8124-dbb69813d6fd req-29ccba5d-74b2-401d-945f-d670e230c510 service nova] 192.168.1.138 "GET /placement/allocations/ce8a45cb-2be9-47c1-965d-8b521f1ec854" status: 200 len: 257 microversion: 1.28
Jul 30 14:29:27.477050 np0000032012 devstack@placement-api.service[71336]: [pid: 71336|app: 0|req: 22/43] 192.168.1.138 () {68 vars in 1510 bytes} [Wed Jul 30 14:29:27 2025] GET /placement/allocations/ce8a45cb-2be9-47c1-965d-8b521f1ec854 => generated 257 bytes in 9 msecs (HTTP/1.1 200) 8 headers in 296 bytes (1 switches on core 0)
Jul 30 14:29:27.484631 np0000032012 devstack@placement-api.service[71337]: DEBUG placement.requestlog [req-d508bd3c-ed59-473c-8124-dbb69813d6fd req-3c2bff43-66fd-4750-9150-eb2f1d2d749e None None] Starting request: 192.168.1.138 "GET /placement/allocations/ba843ede-92c2-49e7-9f50-72ed185d62ed" {{(pid=71337) __call__ /opt/stack/placement/placement/requestlog.py:55}}
Jul 30 14:29:27.492861 np0000032012 devstack@placement-api.service[71337]: INFO placement.requestlog [req-d508bd3c-ed59-473c-8124-dbb69813d6fd req-3c2bff43-66fd-4750-9150-eb2f1d2d749e service nova] 192.168.1.138 "GET /placement/allocations/ba843ede-92c2-49e7-9f50-72ed185d62ed" status: 200 len: 257 microversion: 1.28
Jul 30 14:29:27.492861 np0000032012 devstack@placement-api.service[71337]: [pid: 71337|app: 0|req: 22/44] 192.168.1.138 () {68 vars in 1510 bytes} [Wed Jul 30 14:29:27 2025] GET /placement/allocations/ba843ede-92c2-49e7-9f50-72ed185d62ed => generated 257 bytes in 8 msecs (HTTP/1.1 200) 8 headers in 296 bytes (1 switches on core 0)
Jul 30 14:29:27.499692 np0000032012 devstack@placement-api.service[71336]: DEBUG placement.requestlog [req-d508bd3c-ed59-473c-8124-dbb69813d6fd req-b0d1fde1-7529-46e4-8bdd-3cd8db24c157 None None] Starting request: 192.168.1.138 "GET /placement/allocations/7587ff32-bd42-4999-962d-3d3b0d1d6f39" {{(pid=71336) __call__ /opt/stack/placement/placement/requestlog.py:55}}
Jul 30 14:29:27.505533 np0000032012 devstack@placement-api.service[71336]: INFO placement.requestlog [req-d508bd3c-ed59-473c-8124-dbb69813d6fd req-b0d1fde1-7529-46e4-8bdd-3cd8db24c157 service nova] 192.168.1.138 "GET /placement/allocations/7587ff32-bd42-4999-962d-3d3b0d1d6f39" status: 200 len: 257 microversion: 1.28
Jul 30 14:29:27.505753 np0000032012 devstack@placement-api.service[71336]: [pid: 71336|app: 0|req: 23/45] 192.168.1.138 () {68 vars in 1510 bytes} [Wed Jul 30 14:29:27 2025] GET /placement/allocations/7587ff32-bd42-4999-962d-3d3b0d1d6f39 => generated 257 bytes in 6 msecs (HTTP/1.1 200) 8 headers in 296 bytes (1 switches on core 0)
Jul 30 14:29:27.511751 np0000032012 devstack@placement-api.service[71337]: DEBUG placement.requestlog [req-d508bd3c-ed59-473c-8124-dbb69813d6fd req-ebe1d071-ef94-4dbd-acfd-7140d8ec353e None None] Starting request: 192.168.1.138 "GET /placement/allocations/92df3dfd-c1d7-48c3-a694-66496032ef9c" {{(pid=71337) __call__ /opt/stack/placement/placement/requestlog.py:55}}
Jul 30 14:29:27.517651 np0000032012 devstack@placement-api.service[71337]: INFO placement.requestlog [req-d508bd3c-ed59-473c-8124-dbb69813d6fd req-ebe1d071-ef94-4dbd-acfd-7140d8ec353e service nova] 192.168.1.138 "GET /placement/allocations/92df3dfd-c1d7-48c3-a694-66496032ef9c" status: 200 len: 257 microversion: 1.28
Jul 30 14:29:27.518045 np0000032012 devstack@placement-api.service[71337]: [pid: 71337|app: 0|req: 23/46] 192.168.1.138 () {68 vars in 1510 bytes} [Wed Jul 30 14:29:27 2025] GET /placement/allocations/92df3dfd-c1d7-48c3-a694-66496032ef9c => generated 257 bytes in 7 msecs (HTTP/1.1 200) 8 headers in 296 bytes (1 switches on core 0)
Jul 30 14:29:29.598434 np0000032012 devstack@placement-api.service[71336]: DEBUG placement.requestlog [req-60da2901-412f-47b9-b864-a908f278a917 req-af648999-4204-4b99-8fc2-3301a860a6f6 None None] Starting request: 192.168.1.138 "GET /placement/resource_providers/448dc162-4e7b-4de3-949c-75273315f4fd/allocations" {{(pid=71336) __call__ /opt/stack/placement/placement/requestlog.py:55}}
Jul 30 14:29:29.607715 np0000032012 devstack@placement-api.service[71336]: INFO placement.requestlog [req-60da2901-412f-47b9-b864-a908f278a917 req-af648999-4204-4b99-8fc2-3301a860a6f6 service nova] 192.168.1.138 "GET /placement/resource_providers/448dc162-4e7b-4de3-949c-75273315f4fd/allocations" status: 200 len: 452 microversion: 1.0
Jul 30 14:29:29.608067 np0000032012 devstack@placement-api.service[71336]: [pid: 71336|app: 0|req: 24/47] 192.168.1.138 () {66 vars in 1523 bytes} [Wed Jul 30 14:29:29 2025] GET /placement/resource_providers/448dc162-4e7b-4de3-949c-75273315f4fd/allocations => generated 452 bytes in 10 msecs (HTTP/1.1 200) 6 headers in 224 bytes (1 switches on core 0)
Jul 30 14:29:29.615614 np0000032012 devstack@placement-api.service[71337]: DEBUG placement.requestlog [req-60da2901-412f-47b9-b864-a908f278a917 req-eb484b78-68ec-4a3a-982a-9df610bd3446 None None] Starting request: 192.168.1.138 "GET /placement/allocations/ce8a45cb-2be9-47c1-965d-8b521f1ec854" {{(pid=71337) __call__ /opt/stack/placement/placement/requestlog.py:55}}
Jul 30 14:29:29.621551 np0000032012 devstack@placement-api.service[71337]: INFO placement.requestlog [req-60da2901-412f-47b9-b864-a908f278a917 req-eb484b78-68ec-4a3a-982a-9df610bd3446 service nova] 192.168.1.138 "GET /placement/allocations/ce8a45cb-2be9-47c1-965d-8b521f1ec854" status: 200 len: 257 microversion: 1.28
Jul 30 14:29:29.621768 np0000032012 devstack@placement-api.service[71337]: [pid: 71337|app: 0|req: 24/48] 192.168.1.138 () {68 vars in 1510 bytes} [Wed Jul 30 14:29:29 2025] GET /placement/allocations/ce8a45cb-2be9-47c1-965d-8b521f1ec854 => generated 257 bytes in 6 msecs (HTTP/1.1 200) 8 headers in 296 bytes (1 switches on core 0)
Jul 30 14:29:29.630942 np0000032012 devstack@placement-api.service[71336]: DEBUG placement.requestlog [req-60da2901-412f-47b9-b864-a908f278a917 req-497b2554-94ab-4a16-8693-3c7e9a861d9a None None] Starting request: 192.168.1.138 "GET /placement/allocations/ba843ede-92c2-49e7-9f50-72ed185d62ed" {{(pid=71336) __call__ /opt/stack/placement/placement/requestlog.py:55}}
Jul 30 14:29:29.638621 np0000032012 devstack@placement-api.service[71336]: INFO placement.requestlog [req-60da2901-412f-47b9-b864-a908f278a917 req-497b2554-94ab-4a16-8693-3c7e9a861d9a service nova] 192.168.1.138 "GET /placement/allocations/ba843ede-92c2-49e7-9f50-72ed185d62ed" status: 200 len: 257 microversion: 1.28
Jul 30 14:29:29.638621 np0000032012 devstack@placement-api.service[71336]: [pid: 71336|app: 0|req: 25/49] 192.168.1.138 () {68 vars in 1510 bytes} [Wed Jul 30 14:29:29 2025] GET /placement/allocations/ba843ede-92c2-49e7-9f50-72ed185d62ed => generated 257 bytes in 8 msecs (HTTP/1.1 200) 8 headers in 296 bytes (1 switches on core 0)
Jul 30 14:29:29.648449 np0000032012 devstack@placement-api.service[71337]: DEBUG placement.requestlog [req-60da2901-412f-47b9-b864-a908f278a917 req-25649388-1a16-4986-a6ce-5854735065b1 None None] Starting request: 192.168.1.138 "GET /placement/allocations/7587ff32-bd42-4999-962d-3d3b0d1d6f39" {{(pid=71337) __call__ /opt/stack/placement/placement/requestlog.py:55}}
Jul 30 14:29:29.660347 np0000032012 devstack@placement-api.service[71337]: INFO placement.requestlog [req-60da2901-412f-47b9-b864-a908f278a917 req-25649388-1a16-4986-a6ce-5854735065b1 service nova] 192.168.1.138 "GET /placement/allocations/7587ff32-bd42-4999-962d-3d3b0d1d6f39" status: 200 len: 257 microversion: 1.28
Jul 30 14:29:29.660585 np0000032012 devstack@placement-api.service[71337]: [pid: 71337|app: 0|req: 25/50] 192.168.1.138 () {68 vars in 1510 bytes} [Wed Jul 30 14:29:29 2025] GET /placement/allocations/7587ff32-bd42-4999-962d-3d3b0d1d6f39 => generated 257 bytes in 12 msecs (HTTP/1.1 200) 8 headers in 296 bytes (1 switches on core 0)
Jul 30 14:29:29.670476 np0000032012 devstack@placement-api.service[71336]: DEBUG placement.requestlog [req-60da2901-412f-47b9-b864-a908f278a917 req-10bf3254-18e9-422d-afef-a4bdede2d6ac None None] Starting request: 192.168.1.138 "GET /placement/allocations/92df3dfd-c1d7-48c3-a694-66496032ef9c" {{(pid=71336) __call__ /opt/stack/placement/placement/requestlog.py:55}}
Jul 30 14:29:29.675716 np0000032012 devstack@placement-api.service[71336]: INFO placement.requestlog [req-60da2901-412f-47b9-b864-a908f278a917 req-10bf3254-18e9-422d-afef-a4bdede2d6ac service nova] 192.168.1.138 "GET /placement/allocations/92df3dfd-c1d7-48c3-a694-66496032ef9c" status: 200 len: 257 microversion: 1.28
Jul 30 14:29:29.675970 np0000032012 devstack@placement-api.service[71336]: [pid: 71336|app: 0|req: 26/51] 192.168.1.138 () {68 vars in 1510 bytes} [Wed Jul 30 14:29:29 2025] GET /placement/allocations/92df3dfd-c1d7-48c3-a694-66496032ef9c => generated 257 bytes in 6 msecs (HTTP/1.1 200) 8 headers in 296 bytes (1 switches on core 0)
Jul 30 14:29:39.662165 np0000032012 devstack@placement-api.service[71337]: DEBUG dbcounter [-] [71337] Writing DB stats placement:SELECT=78,placement:INSERT=18,placement:DELETE=6,placement:UPDATE=6 {{(pid=71337) stat_writer /opt/stack/data/venv/lib/python3.12/site-packages/dbcounter.py:115}}
Jul 30 14:29:39.675076 np0000032012 devstack@placement-api.service[71336]: DEBUG dbcounter [-] [71336] Writing DB stats placement:SELECT=52,placement:INSERT=6,placement:DELETE=2,placement:UPDATE=2 {{(pid=71336) stat_writer /opt/stack/data/venv/lib/python3.12/site-packages/dbcounter.py:115}}
Jul 30 14:30:19.687693 np0000032012 devstack@placement-api.service[71337]: DEBUG placement.requestlog [req-3025f6ad-4fe6-4dbd-9a74-06d75329a815 req-50666ba0-38d4-48be-b3db-e56a97571cc4 None None] Starting request: 192.168.1.138 "GET /placement/resource_providers/448dc162-4e7b-4de3-949c-75273315f4fd/allocations" {{(pid=71337) __call__ /opt/stack/placement/placement/requestlog.py:55}}
Jul 30 14:30:19.701496 np0000032012 devstack@placement-api.service[71337]: INFO placement.requestlog [req-3025f6ad-4fe6-4dbd-9a74-06d75329a815 req-50666ba0-38d4-48be-b3db-e56a97571cc4 service nova] 192.168.1.138 "GET /placement/resource_providers/448dc162-4e7b-4de3-949c-75273315f4fd/allocations" status: 200 len: 452 microversion: 1.0
Jul 30 14:30:19.701678 np0000032012 devstack@placement-api.service[71337]: [pid: 71337|app: 0|req: 26/52] 192.168.1.138 () {66 vars in 1523 bytes} [Wed Jul 30 14:30:19 2025] GET /placement/resource_providers/448dc162-4e7b-4de3-949c-75273315f4fd/allocations => generated 452 bytes in 14 msecs (HTTP/1.1 200) 6 headers in 224 bytes (1 switches on core 0)
Jul 30 14:30:19.708149 np0000032012 devstack@placement-api.service[71336]: DEBUG placement.requestlog [req-3025f6ad-4fe6-4dbd-9a74-06d75329a815 req-7f55e8a3-8785-4645-9a6b-874d55446f62 None None] Starting request: 192.168.1.138 "GET /placement/resource_providers/448dc162-4e7b-4de3-949c-75273315f4fd/allocations" {{(pid=71336) __call__ /opt/stack/placement/placement/requestlog.py:55}}
Jul 30 14:30:19.716596 np0000032012 devstack@placement-api.service[71336]: INFO placement.requestlog [req-3025f6ad-4fe6-4dbd-9a74-06d75329a815 req-7f55e8a3-8785-4645-9a6b-874d55446f62 service nova] 192.168.1.138 "GET /placement/resource_providers/448dc162-4e7b-4de3-949c-75273315f4fd/allocations" status: 200 len: 452 microversion: 1.0
Jul 30 14:30:19.716761 np0000032012 devstack@placement-api.service[71336]: [pid: 71336|app: 0|req: 27/53] 192.168.1.138 () {66 vars in 1523 bytes} [Wed Jul 30 14:30:19 2025] GET /placement/resource_providers/448dc162-4e7b-4de3-949c-75273315f4fd/allocations => generated 452 bytes in 9 msecs (HTTP/1.1 200) 6 headers in 224 bytes (1 switches on core 0)
Jul 30 14:30:19.721011 np0000032012 devstack@placement-api.service[71337]: DEBUG placement.requestlog [req-3025f6ad-4fe6-4dbd-9a74-06d75329a815 req-36ee3a21-bb20-440c-84dd-c9697355f8d5 None None] Starting request: 192.168.1.138 "GET /placement/allocations/ce8a45cb-2be9-47c1-965d-8b521f1ec854" {{(pid=71337) __call__ /opt/stack/placement/placement/requestlog.py:55}}
