Jul 30 11:18:46.622214 np0000031994 devstack@n-api-meta.service[75793]: DEBUG nova.api.openstack.wsgi_app [-] oslo_messaging_rabbit.rabbit_quorum_max_memory_length = 0 {{(pid=75793) log_opt_values /opt/stack/data/venv/lib/python3.12/site-packages/oslo_config/cfg.py:2824}}
Jul 30 11:18:46.622293 np0000031994 devstack@n-api-meta.service[75793]: DEBUG nova.api.openstack.wsgi_app [-] oslo_messaging_rabbit.rabbit_quorum_queue = False {{(pid=75793) log_opt_values /opt/stack/data/venv/lib/python3.12/site-packages/oslo_config/cfg.py:2824}}
Jul 30 11:18:46.622372 np0000031994 devstack@n-api-meta.service[75793]: DEBUG nova.api.openstack.wsgi_app [-] oslo_messaging_rabbit.rabbit_retry_backoff = 2 {{(pid=75793) log_opt_values /opt/stack/data/venv/lib/python3.12/site-packages/oslo_config/cfg.py:2824}}
Jul 30 11:18:46.622450 np0000031994 devstack@n-api-meta.service[75793]: DEBUG nova.api.openstack.wsgi_app [-] oslo_messaging_rabbit.rabbit_retry_interval = 1 {{(pid=75793) log_opt_values /opt/stack/data/venv/lib/python3.12/site-packages/oslo_config/cfg.py:2824}}
Jul 30 11:18:46.622605 np0000031994 devstack@n-api-meta.service[75793]: DEBUG nova.api.openstack.wsgi_app [-] oslo_messaging_rabbit.rabbit_stream_fanout = False {{(pid=75793) log_opt_values /opt/stack/data/venv/lib/python3.12/site-packages/oslo_config/cfg.py:2824}}
Jul 30 11:18:46.622605 np0000031994 devstack@n-api-meta.service[75793]: DEBUG nova.api.openstack.wsgi_app [-] oslo_messaging_rabbit.rabbit_transient_queues_ttl = 1800 {{(pid=75793) log_opt_values /opt/stack/data/venv/lib/python3.12/site-packages/oslo_config/cfg.py:2824}}
Jul 30 11:18:46.622749 np0000031994 devstack@n-api-meta.service[75793]: DEBUG nova.api.openstack.wsgi_app [-] oslo_messaging_rabbit.rabbit_transient_quorum_queue = False {{(pid=75793) log_opt_values /opt/stack/data/venv/lib/python3.12/site-packages/oslo_config/cfg.py:2824}}
Jul 30 11:18:46.622749 np0000031994 devstack@n-api-meta.service[75793]: DEBUG nova.api.openstack.wsgi_app [-] oslo_messaging_rabbit.rpc_conn_pool_size = 30 {{(pid=75793) log_opt_values /opt/stack/data/venv/lib/python3.12/site-packages/oslo_config/cfg.py:2824}}
Jul 30 11:18:46.622840 np0000031994 devstack@n-api-meta.service[75793]: DEBUG nova.api.openstack.wsgi_app [-] oslo_messaging_rabbit.ssl      = False {{(pid=75793) log_opt_values /opt/stack/data/venv/lib/python3.12/site-packages/oslo_config/cfg.py:2824}}
Jul 30 11:18:46.622924 np0000031994 devstack@n-api-meta.service[75793]: DEBUG nova.api.openstack.wsgi_app [-] oslo_messaging_rabbit.ssl_ca_file =  {{(pid=75793) log_opt_values /opt/stack/data/venv/lib/python3.12/site-packages/oslo_config/cfg.py:2824}}
Jul 30 11:18:46.623006 np0000031994 devstack@n-api-meta.service[75793]: DEBUG nova.api.openstack.wsgi_app [-] oslo_messaging_rabbit.ssl_cert_file =  {{(pid=75793) log_opt_values /opt/stack/data/venv/lib/python3.12/site-packages/oslo_config/cfg.py:2824}}
Jul 30 11:18:46.623086 np0000031994 devstack@n-api-meta.service[75793]: DEBUG nova.api.openstack.wsgi_app [-] oslo_messaging_rabbit.ssl_enforce_fips_mode = False {{(pid=75793) log_opt_values /opt/stack/data/venv/lib/python3.12/site-packages/oslo_config/cfg.py:2824}}
Jul 30 11:18:46.623168 np0000031994 devstack@n-api-meta.service[75793]: DEBUG nova.api.openstack.wsgi_app [-] oslo_messaging_rabbit.ssl_key_file =  {{(pid=75793) log_opt_values /opt/stack/data/venv/lib/python3.12/site-packages/oslo_config/cfg.py:2824}}
Jul 30 11:18:46.623249 np0000031994 devstack@n-api-meta.service[75793]: DEBUG nova.api.openstack.wsgi_app [-] oslo_messaging_rabbit.ssl_version =  {{(pid=75793) log_opt_values /opt/stack/data/venv/lib/python3.12/site-packages/oslo_config/cfg.py:2824}}
Jul 30 11:18:46.623328 np0000031994 devstack@n-api-meta.service[75793]: DEBUG nova.api.openstack.wsgi_app [-] oslo_messaging_rabbit.use_queue_manager = False {{(pid=75793) log_opt_values /opt/stack/data/venv/lib/python3.12/site-packages/oslo_config/cfg.py:2824}}
Jul 30 11:18:46.623421 np0000031994 devstack@n-api-meta.service[75793]: DEBUG nova.api.openstack.wsgi_app [-] oslo_messaging_notifications.driver = ['messagingv2'] {{(pid=75793) log_opt_values /opt/stack/data/venv/lib/python3.12/site-packages/oslo_config/cfg.py:2824}}
Jul 30 11:18:46.623502 np0000031994 devstack@n-api-meta.service[75793]: DEBUG nova.api.openstack.wsgi_app [-] oslo_messaging_notifications.retry = -1 {{(pid=75793) log_opt_values /opt/stack/data/venv/lib/python3.12/site-packages/oslo_config/cfg.py:2824}}
Jul 30 11:18:46.623589 np0000031994 devstack@n-api-meta.service[75793]: DEBUG nova.api.openstack.wsgi_app [-] oslo_messaging_notifications.topics = ['notifications'] {{(pid=75793) log_opt_values /opt/stack/data/venv/lib/python3.12/site-packages/oslo_config/cfg.py:2824}}
Jul 30 11:18:46.623672 np0000031994 devstack@n-api-meta.service[75793]: DEBUG nova.api.openstack.wsgi_app [-] oslo_messaging_notifications.transport_url = **** {{(pid=75793) log_opt_values /opt/stack/data/venv/lib/python3.12/site-packages/oslo_config/cfg.py:2824}}
Jul 30 11:18:46.623761 np0000031994 devstack@n-api-meta.service[75793]: DEBUG nova.api.openstack.wsgi_app [-] oslo_reports.file_event_handler = None {{(pid=75793) log_opt_values /opt/stack/data/venv/lib/python3.12/site-packages/oslo_config/cfg.py:2824}}
Jul 30 11:18:46.623860 np0000031994 devstack@n-api-meta.service[75793]: DEBUG nova.api.openstack.wsgi_app [-] oslo_reports.file_event_handler_interval = 1 {{(pid=75793) log_opt_values /opt/stack/data/venv/lib/python3.12/site-packages/oslo_config/cfg.py:2824}}
Jul 30 11:18:46.623925 np0000031994 devstack@n-api-meta.service[75793]: DEBUG nova.api.openstack.wsgi_app [-] oslo_reports.log_dir           = None {{(pid=75793) log_opt_values /opt/stack/data/venv/lib/python3.12/site-packages/oslo_config/cfg.py:2824}}
Jul 30 11:18:46.623988 np0000031994 devstack@n-api-meta.service[75793]: DEBUG nova.api.openstack.wsgi_app [-] ******************************************************************************** {{(pid=75793) log_opt_values /opt/stack/data/venv/lib/python3.12/site-packages/oslo_config/cfg.py:2828}}
Jul 30 11:18:46.628730 np0000031994 devstack@n-api-meta.service[75792]: INFO dbcounter [None req-0cd54440-b119-46c0-b81a-2927bbc2e672 None None] Registered counter for database nova_api
Jul 30 11:18:46.639593 np0000031994 devstack@n-api-meta.service[75792]: DEBUG oslo_db.sqlalchemy.engines [None req-0cd54440-b119-46c0-b81a-2927bbc2e672 None None] MySQL server mode set to STRICT_TRANS_TABLES,STRICT_ALL_TABLES,NO_ZERO_IN_DATE,NO_ZERO_DATE,ERROR_FOR_DIVISION_BY_ZERO,TRADITIONAL,NO_ENGINE_SUBSTITUTION {{(pid=75792) _check_effective_sql_mode /opt/stack/data/venv/lib/python3.12/site-packages/oslo_db/sqlalchemy/engines.py:397}}
Jul 30 11:18:46.652210 np0000031994 devstack@n-api-meta.service[75793]: INFO dbcounter [None req-402f27ef-2433-4887-9f8a-c0db3c592db0 None None] Registered counter for database nova_api
Jul 30 11:18:46.663572 np0000031994 devstack@n-api-meta.service[75792]: DEBUG dbcounter [-] [75792] Writer thread running {{(pid=75792) stat_writer /opt/stack/data/venv/lib/python3.12/site-packages/dbcounter.py:102}}
Jul 30 11:18:46.667178 np0000031994 devstack@n-api-meta.service[75793]: DEBUG oslo_db.sqlalchemy.engines [None req-402f27ef-2433-4887-9f8a-c0db3c592db0 None None] MySQL server mode set to STRICT_TRANS_TABLES,STRICT_ALL_TABLES,NO_ZERO_IN_DATE,NO_ZERO_DATE,ERROR_FOR_DIVISION_BY_ZERO,TRADITIONAL,NO_ENGINE_SUBSTITUTION {{(pid=75793) _check_effective_sql_mode /opt/stack/data/venv/lib/python3.12/site-packages/oslo_db/sqlalchemy/engines.py:397}}
Jul 30 11:18:46.669851 np0000031994 devstack@n-api-meta.service[75792]: DEBUG nova.context [None req-0cd54440-b119-46c0-b81a-2927bbc2e672 None None] Found 2 cells: 00000000-0000-0000-0000-000000000000(cell0),8dcba01b-06c4-463a-ba1e-b8ef461b7031(cell1) {{(pid=75792) load_cells /opt/stack/nova/nova/context.py:472}}
Jul 30 11:18:46.670056 np0000031994 devstack@n-api-meta.service[75792]: INFO nova.utils [None req-0cd54440-b119-46c0-b81a-2927bbc2e672 None None] The cell worker thread pool MainProcess.cell_worker is initialized
Jul 30 11:18:46.671490 np0000031994 devstack@n-api-meta.service[75792]: DEBUG oslo_concurrency.lockutils [None req-0cd54440-b119-46c0-b81a-2927bbc2e672 None None] Acquiring lock "00000000-0000-0000-0000-000000000000" by "nova.context.set_target_cell.<locals>.get_or_set_cached_cell_and_set_connections" {{(pid=75792) inner /opt/stack/data/venv/lib/python3.12/site-packages/oslo_concurrency/lockutils.py:405}}
Jul 30 11:18:46.671657 np0000031994 devstack@n-api-meta.service[75792]: DEBUG oslo_concurrency.lockutils [None req-0cd54440-b119-46c0-b81a-2927bbc2e672 None None] Lock "00000000-0000-0000-0000-000000000000" acquired by "nova.context.set_target_cell.<locals>.get_or_set_cached_cell_and_set_connections" :: waited 0.000s {{(pid=75792) inner /opt/stack/data/venv/lib/python3.12/site-packages/oslo_concurrency/lockutils.py:410}}
Jul 30 11:18:46.673572 np0000031994 devstack@n-api-meta.service[75792]: DEBUG oslo_concurrency.lockutils [None req-0cd54440-b119-46c0-b81a-2927bbc2e672 None None] Lock "00000000-0000-0000-0000-000000000000" "released" by "nova.context.set_target_cell.<locals>.get_or_set_cached_cell_and_set_connections" :: held 0.002s {{(pid=75792) inner /opt/stack/data/venv/lib/python3.12/site-packages/oslo_concurrency/lockutils.py:424}}
Jul 30 11:18:46.673962 np0000031994 devstack@n-api-meta.service[75792]: DEBUG oslo_concurrency.lockutils [None req-0cd54440-b119-46c0-b81a-2927bbc2e672 None None] Acquiring lock "8dcba01b-06c4-463a-ba1e-b8ef461b7031" by "nova.context.set_target_cell.<locals>.get_or_set_cached_cell_and_set_connections" {{(pid=75792) inner /opt/stack/data/venv/lib/python3.12/site-packages/oslo_concurrency/lockutils.py:405}}
Jul 30 11:18:46.674100 np0000031994 devstack@n-api-meta.service[75792]: DEBUG oslo_concurrency.lockutils [None req-0cd54440-b119-46c0-b81a-2927bbc2e672 None None] Lock "8dcba01b-06c4-463a-ba1e-b8ef461b7031" acquired by "nova.context.set_target_cell.<locals>.get_or_set_cached_cell_and_set_connections" :: waited 0.000s {{(pid=75792) inner /opt/stack/data/venv/lib/python3.12/site-packages/oslo_concurrency/lockutils.py:410}}
Jul 30 11:18:46.674819 np0000031994 devstack@n-api-meta.service[75792]: DEBUG oslo_concurrency.lockutils [None req-0cd54440-b119-46c0-b81a-2927bbc2e672 None None] Lock "8dcba01b-06c4-463a-ba1e-b8ef461b7031" "released" by "nova.context.set_target_cell.<locals>.get_or_set_cached_cell_and_set_connections" :: held 0.001s {{(pid=75792) inner /opt/stack/data/venv/lib/python3.12/site-packages/oslo_concurrency/lockutils.py:424}}
Jul 30 11:18:46.675947 np0000031994 devstack@n-api-meta.service[75792]: INFO dbcounter [None req-0cd54440-b119-46c0-b81a-2927bbc2e672 None None] Registered counter for database nova_cell0
Jul 30 11:18:46.678845 np0000031994 devstack@n-api-meta.service[75792]: INFO dbcounter [None req-0cd54440-b119-46c0-b81a-2927bbc2e672 None None] Registered counter for database nova_cell1
Jul 30 11:18:46.682323 np0000031994 devstack@n-api-meta.service[75792]: DEBUG oslo_db.sqlalchemy.engines [None req-0cd54440-b119-46c0-b81a-2927bbc2e672 None None] MySQL server mode set to STRICT_TRANS_TABLES,STRICT_ALL_TABLES,NO_ZERO_IN_DATE,NO_ZERO_DATE,ERROR_FOR_DIVISION_BY_ZERO,TRADITIONAL,NO_ENGINE_SUBSTITUTION {{(pid=75792) _check_effective_sql_mode /opt/stack/data/venv/lib/python3.12/site-packages/oslo_db/sqlalchemy/engines.py:397}}
Jul 30 11:18:46.700226 np0000031994 devstack@n-api-meta.service[75793]: DEBUG dbcounter [-] [75793] Writer thread running {{(pid=75793) stat_writer /opt/stack/data/venv/lib/python3.12/site-packages/dbcounter.py:102}}
Jul 30 11:18:46.705823 np0000031994 devstack@n-api-meta.service[75793]: DEBUG nova.context [None req-402f27ef-2433-4887-9f8a-c0db3c592db0 None None] Found 2 cells: 00000000-0000-0000-0000-000000000000(cell0),8dcba01b-06c4-463a-ba1e-b8ef461b7031(cell1) {{(pid=75793) load_cells /opt/stack/nova/nova/context.py:472}}
Jul 30 11:18:46.705823 np0000031994 devstack@n-api-meta.service[75793]: INFO nova.utils [None req-402f27ef-2433-4887-9f8a-c0db3c592db0 None None] The cell worker thread pool MainProcess.cell_worker is initialized
Jul 30 11:18:46.705823 np0000031994 devstack@n-api-meta.service[75793]: DEBUG oslo_concurrency.lockutils [None req-402f27ef-2433-4887-9f8a-c0db3c592db0 None None] Acquiring lock "00000000-0000-0000-0000-000000000000" by "nova.context.set_target_cell.<locals>.get_or_set_cached_cell_and_set_connections" {{(pid=75793) inner /opt/stack/data/venv/lib/python3.12/site-packages/oslo_concurrency/lockutils.py:405}}
Jul 30 11:18:46.705823 np0000031994 devstack@n-api-meta.service[75793]: DEBUG oslo_concurrency.lockutils [None req-402f27ef-2433-4887-9f8a-c0db3c592db0 None None] Lock "00000000-0000-0000-0000-000000000000" acquired by "nova.context.set_target_cell.<locals>.get_or_set_cached_cell_and_set_connections" :: waited 0.000s {{(pid=75793) inner /opt/stack/data/venv/lib/python3.12/site-packages/oslo_concurrency/lockutils.py:410}}
Jul 30 11:18:46.705823 np0000031994 devstack@n-api-meta.service[75793]: DEBUG oslo_concurrency.lockutils [None req-402f27ef-2433-4887-9f8a-c0db3c592db0 None None] Lock "00000000-0000-0000-0000-000000000000" "released" by "nova.context.set_target_cell.<locals>.get_or_set_cached_cell_and_set_connections" :: held 0.000s {{(pid=75793) inner /opt/stack/data/venv/lib/python3.12/site-packages/oslo_concurrency/lockutils.py:424}}
Jul 30 11:18:46.705823 np0000031994 devstack@n-api-meta.service[75793]: DEBUG oslo_concurrency.lockutils [None req-402f27ef-2433-4887-9f8a-c0db3c592db0 None None] Acquiring lock "8dcba01b-06c4-463a-ba1e-b8ef461b7031" by "nova.context.set_target_cell.<locals>.get_or_set_cached_cell_and_set_connections" {{(pid=75793) inner /opt/stack/data/venv/lib/python3.12/site-packages/oslo_concurrency/lockutils.py:405}}
Jul 30 11:18:46.706057 np0000031994 devstack@n-api-meta.service[75793]: DEBUG oslo_concurrency.lockutils [None req-402f27ef-2433-4887-9f8a-c0db3c592db0 None None] Lock "8dcba01b-06c4-463a-ba1e-b8ef461b7031" acquired by "nova.context.set_target_cell.<locals>.get_or_set_cached_cell_and_set_connections" :: waited 0.000s {{(pid=75793) inner /opt/stack/data/venv/lib/python3.12/site-packages/oslo_concurrency/lockutils.py:410}}
Jul 30 11:18:46.706149 np0000031994 devstack@n-api-meta.service[75793]: DEBUG oslo_concurrency.lockutils [None req-402f27ef-2433-4887-9f8a-c0db3c592db0 None None] Lock "8dcba01b-06c4-463a-ba1e-b8ef461b7031" "released" by "nova.context.set_target_cell.<locals>.get_or_set_cached_cell_and_set_connections" :: held 0.001s {{(pid=75793) inner /opt/stack/data/venv/lib/python3.12/site-packages/oslo_concurrency/lockutils.py:424}}
Jul 30 11:18:46.707307 np0000031994 devstack@n-api-meta.service[75793]: INFO dbcounter [None req-402f27ef-2433-4887-9f8a-c0db3c592db0 None None] Registered counter for database nova_cell0
Jul 30 11:18:46.709929 np0000031994 devstack@n-api-meta.service[75793]: INFO dbcounter [None req-402f27ef-2433-4887-9f8a-c0db3c592db0 None None] Registered counter for database nova_cell1
Jul 30 11:18:46.716273 np0000031994 devstack@n-api-meta.service[75793]: DEBUG oslo_db.sqlalchemy.engines [None req-402f27ef-2433-4887-9f8a-c0db3c592db0 None None] MySQL server mode set to STRICT_TRANS_TABLES,STRICT_ALL_TABLES,NO_ZERO_IN_DATE,NO_ZERO_DATE,ERROR_FOR_DIVISION_BY_ZERO,TRADITIONAL,NO_ENGINE_SUBSTITUTION {{(pid=75793) _check_effective_sql_mode /opt/stack/data/venv/lib/python3.12/site-packages/oslo_db/sqlalchemy/engines.py:397}}
Jul 30 11:18:46.716463 np0000031994 devstack@n-api-meta.service[75793]: DEBUG oslo_db.sqlalchemy.engines [None req-402f27ef-2433-4887-9f8a-c0db3c592db0 None None] MySQL server mode set to STRICT_TRANS_TABLES,STRICT_ALL_TABLES,NO_ZERO_IN_DATE,NO_ZERO_DATE,ERROR_FOR_DIVISION_BY_ZERO,TRADITIONAL,NO_ENGINE_SUBSTITUTION {{(pid=75793) _check_effective_sql_mode /opt/stack/data/venv/lib/python3.12/site-packages/oslo_db/sqlalchemy/engines.py:397}}
Jul 30 11:18:46.757653 np0000031994 devstack@n-api-meta.service[75792]: DEBUG dbcounter [-] [75792] Writer thread running {{(pid=75792) stat_writer /opt/stack/data/venv/lib/python3.12/site-packages/dbcounter.py:102}}
Jul 30 11:18:46.760394 np0000031994 devstack@n-api-meta.service[75792]: DEBUG oslo_db.sqlalchemy.engines [None req-0cd54440-b119-46c0-b81a-2927bbc2e672 None None] MySQL server mode set to STRICT_TRANS_TABLES,STRICT_ALL_TABLES,NO_ZERO_IN_DATE,NO_ZERO_DATE,ERROR_FOR_DIVISION_BY_ZERO,TRADITIONAL,NO_ENGINE_SUBSTITUTION {{(pid=75792) _check_effective_sql_mode /opt/stack/data/venv/lib/python3.12/site-packages/oslo_db/sqlalchemy/engines.py:397}}
Jul 30 11:18:46.763386 np0000031994 devstack@n-api-meta.service[75792]: DEBUG dbcounter [-] [75792] Writer thread running {{(pid=75792) stat_writer /opt/stack/data/venv/lib/python3.12/site-packages/dbcounter.py:102}}
Jul 30 11:18:46.765331 np0000031994 devstack@n-api-meta.service[75792]: INFO dbcounter [None req-0cd54440-b119-46c0-b81a-2927bbc2e672 None None] Registered counter for database nova_cell0
Jul 30 11:18:46.770041 np0000031994 devstack@n-api-meta.service[75792]: DEBUG oslo_db.sqlalchemy.engines [None req-0cd54440-b119-46c0-b81a-2927bbc2e672 None None] MySQL server mode set to STRICT_TRANS_TABLES,STRICT_ALL_TABLES,NO_ZERO_IN_DATE,NO_ZERO_DATE,ERROR_FOR_DIVISION_BY_ZERO,TRADITIONAL,NO_ENGINE_SUBSTITUTION {{(pid=75792) _check_effective_sql_mode /opt/stack/data/venv/lib/python3.12/site-packages/oslo_db/sqlalchemy/engines.py:397}}
Jul 30 11:18:46.773666 np0000031994 devstack@n-api-meta.service[75792]: DEBUG dbcounter [-] [75792] Writer thread running {{(pid=75792) stat_writer /opt/stack/data/venv/lib/python3.12/site-packages/dbcounter.py:102}}
Jul 30 11:18:46.800380 np0000031994 devstack@n-api-meta.service[75793]: DEBUG dbcounter [-] [75793] Writer thread running {{(pid=75793) stat_writer /opt/stack/data/venv/lib/python3.12/site-packages/dbcounter.py:102}}
Jul 30 11:18:46.802595 np0000031994 devstack@n-api-meta.service[75793]: DEBUG dbcounter [-] [75793] Writer thread running {{(pid=75793) stat_writer /opt/stack/data/venv/lib/python3.12/site-packages/dbcounter.py:102}}
Jul 30 11:18:46.805003 np0000031994 devstack@n-api-meta.service[75793]: INFO dbcounter [None req-402f27ef-2433-4887-9f8a-c0db3c592db0 None None] Registered counter for database nova_cell0
Jul 30 11:18:46.808096 np0000031994 devstack@n-api-meta.service[75793]: DEBUG oslo_db.sqlalchemy.engines [None req-402f27ef-2433-4887-9f8a-c0db3c592db0 None None] MySQL server mode set to STRICT_TRANS_TABLES,STRICT_ALL_TABLES,NO_ZERO_IN_DATE,NO_ZERO_DATE,ERROR_FOR_DIVISION_BY_ZERO,TRADITIONAL,NO_ENGINE_SUBSTITUTION {{(pid=75793) _check_effective_sql_mode /opt/stack/data/venv/lib/python3.12/site-packages/oslo_db/sqlalchemy/engines.py:397}}
Jul 30 11:18:46.809844 np0000031994 devstack@n-api-meta.service[75792]: WARNING nova.api.metadata.handler [None req-0cd54440-b119-46c0-b81a-2927bbc2e672 None None] metadata_proxy_shared_secret is not configured, the metadata information returned by the proxy cannot be trusted
Jul 30 11:18:46.811503 np0000031994 devstack@n-api-meta.service[75792]: WSGI app 0 (mountpoint='') ready in 1 seconds on interpreter 0x7b108c8a39e8 pid: 75792 (default app)
Jul 30 11:18:46.813252 np0000031994 devstack@n-api-meta.service[75793]: DEBUG dbcounter [-] [75793] Writer thread running {{(pid=75793) stat_writer /opt/stack/data/venv/lib/python3.12/site-packages/dbcounter.py:102}}
Jul 30 11:18:46.832041 np0000031994 devstack@n-api-meta.service[75793]: WARNING nova.api.metadata.handler [None req-402f27ef-2433-4887-9f8a-c0db3c592db0 None None] metadata_proxy_shared_secret is not configured, the metadata information returned by the proxy cannot be trusted
Jul 30 11:18:46.833653 np0000031994 devstack@n-api-meta.service[75793]: WSGI app 0 (mountpoint='') ready in 1 seconds on interpreter 0x7b108c8a39e8 pid: 75793 (default app)
Jul 30 11:21:39.340217 np0000031994 devstack@n-api-meta.service[75792]: DEBUG nova.api.metadata.handler [None req-0cd54440-b119-46c0-b81a-2927bbc2e672 None None] Metadata request headers: {'Host': '10.241.128.103:8775', 'User-Agent': 'python-requests/2.32.4', 'Accept-Encoding': 'gzip, deflate', 'Accept': '*/*', 'Connection': 'keep-alive', 'X-Forwarded-For': '10.1.0.4', 'X-Instance-Id': 'b1046ba7-d1ea-4a18-917e-388039e72058', 'X-Tenant-Id': '1f3abaf8b3204fb5853b1c9193c1889c', 'X-Instance-Id-Signature': '141f886118cb9dd936638cd2ecd27e5fde35f00051d75773f6f409b0950afe63'} {{(pid=75792) __call__ /opt/stack/nova/nova/api/metadata/handler.py:109}}
Jul 30 11:21:39.343474 np0000031994 devstack@n-api-meta.service[75792]: DEBUG dbcounter [-] [75792] Writing DB stats nova_api:SELECT=1 {{(pid=75792) stat_writer /opt/stack/data/venv/lib/python3.12/site-packages/dbcounter.py:115}}
Jul 30 11:21:39.344123 np0000031994 devstack@n-api-meta.service[75792]: DEBUG dbcounter [-] [75792] Writing DB stats nova_cell0:SELECT=1 {{(pid=75792) stat_writer /opt/stack/data/venv/lib/python3.12/site-packages/dbcounter.py:115}}
Jul 30 11:21:39.344636 np0000031994 devstack@n-api-meta.service[75792]: DEBUG dbcounter [-] [75792] Writing DB stats nova_cell1:SELECT=1 {{(pid=75792) stat_writer /opt/stack/data/venv/lib/python3.12/site-packages/dbcounter.py:115}}
Jul 30 11:21:39.344952 np0000031994 devstack@n-api-meta.service[75792]: DEBUG dbcounter [-] [75792] Writing DB stats nova_cell0:SELECT=2,nova_cell0:INSERT=1 {{(pid=75792) stat_writer /opt/stack/data/venv/lib/python3.12/site-packages/dbcounter.py:115}}
Jul 30 11:21:39.353474 np0000031994 devstack@n-api-meta.service[75792]: DEBUG oslo_concurrency.lockutils [None req-a9d266f8-55d2-48df-8958-c5a6c49f6327 None None] Acquiring lock "8dcba01b-06c4-463a-ba1e-b8ef461b7031" by "nova.context.set_target_cell.<locals>.get_or_set_cached_cell_and_set_connections" {{(pid=75792) inner /opt/stack/data/venv/lib/python3.12/site-packages/oslo_concurrency/lockutils.py:405}}
Jul 30 11:21:39.353638 np0000031994 devstack@n-api-meta.service[75792]: DEBUG oslo_concurrency.lockutils [None req-a9d266f8-55d2-48df-8958-c5a6c49f6327 None None] Lock "8dcba01b-06c4-463a-ba1e-b8ef461b7031" acquired by "nova.context.set_target_cell.<locals>.get_or_set_cached_cell_and_set_connections" :: waited 0.000s {{(pid=75792) inner /opt/stack/data/venv/lib/python3.12/site-packages/oslo_concurrency/lockutils.py:410}}
Jul 30 11:21:39.353762 np0000031994 devstack@n-api-meta.service[75792]: DEBUG oslo_concurrency.lockutils [None req-a9d266f8-55d2-48df-8958-c5a6c49f6327 None None] Lock "8dcba01b-06c4-463a-ba1e-b8ef461b7031" "released" by "nova.context.set_target_cell.<locals>.get_or_set_cached_cell_and_set_connections" :: held 0.000s {{(pid=75792) inner /opt/stack/data/venv/lib/python3.12/site-packages/oslo_concurrency/lockutils.py:424}}
Jul 30 11:21:39.422340 np0000031994 devstack@n-api-meta.service[75793]: DEBUG nova.api.metadata.handler [None req-402f27ef-2433-4887-9f8a-c0db3c592db0 None None] Metadata request headers: {'Host': '10.241.128.103:8775', 'User-Agent': 'python-requests/2.32.4', 'Accept-Encoding': 'gzip, deflate', 'Accept': '*/*', 'Connection': 'keep-alive', 'X-Forwarded-For': '10.1.0.13', 'X-Instance-Id': '5e11632f-3072-4606-b8c7-3a6b714fc996', 'X-Tenant-Id': '43b20be858a7435f9f0854d69dde3c9e', 'X-Instance-Id-Signature': 'b56aee0a6f3dbedc9e030c82558f29a17845825c450f9cc95dbeb01d76d3d502'} {{(pid=75793) __call__ /opt/stack/nova/nova/api/metadata/handler.py:109}}
Jul 30 11:21:39.425348 np0000031994 devstack@n-api-meta.service[75793]: DEBUG dbcounter [-] [75793] Writing DB stats nova_api:SELECT=1 {{(pid=75793) stat_writer /opt/stack/data/venv/lib/python3.12/site-packages/dbcounter.py:115}}
Jul 30 11:21:39.426263 np0000031994 devstack@n-api-meta.service[75793]: DEBUG dbcounter [-] [75793] Writing DB stats nova_cell0:SELECT=1 {{(pid=75793) stat_writer /opt/stack/data/venv/lib/python3.12/site-packages/dbcounter.py:115}}
Jul 30 11:21:39.426687 np0000031994 devstack@n-api-meta.service[75793]: DEBUG dbcounter [-] [75793] Writing DB stats nova_cell1:SELECT=1 {{(pid=75793) stat_writer /opt/stack/data/venv/lib/python3.12/site-packages/dbcounter.py:115}}
Jul 30 11:21:39.427078 np0000031994 devstack@n-api-meta.service[75793]: DEBUG dbcounter [-] [75793] Writing DB stats nova_cell0:SELECT=1 {{(pid=75793) stat_writer /opt/stack/data/venv/lib/python3.12/site-packages/dbcounter.py:115}}
Jul 30 11:21:39.436017 np0000031994 devstack@n-api-meta.service[75793]: DEBUG oslo_concurrency.lockutils [None req-209b4578-f6cc-4f4c-84dc-7495dfbc30a5 None None] Acquiring lock "8dcba01b-06c4-463a-ba1e-b8ef461b7031" by "nova.context.set_target_cell.<locals>.get_or_set_cached_cell_and_set_connections" {{(pid=75793) inner /opt/stack/data/venv/lib/python3.12/site-packages/oslo_concurrency/lockutils.py:405}}
Jul 30 11:21:39.436191 np0000031994 devstack@n-api-meta.service[75793]: DEBUG oslo_concurrency.lockutils [None req-209b4578-f6cc-4f4c-84dc-7495dfbc30a5 None None] Lock "8dcba01b-06c4-463a-ba1e-b8ef461b7031" acquired by "nova.context.set_target_cell.<locals>.get_or_set_cached_cell_and_set_connections" :: waited 0.000s {{(pid=75793) inner /opt/stack/data/venv/lib/python3.12/site-packages/oslo_concurrency/lockutils.py:410}}
Jul 30 11:21:39.436309 np0000031994 devstack@n-api-meta.service[75793]: DEBUG oslo_concurrency.lockutils [None req-209b4578-f6cc-4f4c-84dc-7495dfbc30a5 None None] Lock "8dcba01b-06c4-463a-ba1e-b8ef461b7031" "released" by "nova.context.set_target_cell.<locals>.get_or_set_cached_cell_and_set_connections" :: held 0.000s {{(pid=75793) inner /opt/stack/data/venv/lib/python3.12/site-packages/oslo_concurrency/lockutils.py:424}}
Jul 30 11:21:39.477300 np0000031994 devstack@n-api-meta.service[75792]: WARNING neutronclient.v2_0.client [None req-a9d266f8-55d2-48df-8958-c5a6c49f6327 None None] The python binding code in neutronclient is deprecated in favor of OpenstackSDK, please use that as this will be removed in a future release.
Jul 30 11:21:39.560541 np0000031994 devstack@n-api-meta.service[75793]: WARNING neutronclient.v2_0.client [None req-209b4578-f6cc-4f4c-84dc-7495dfbc30a5 None None] The python binding code in neutronclient is deprecated in favor of OpenstackSDK, please use that as this will be removed in a future release.
Jul 30 11:21:39.639803 np0000031994 devstack@n-api-meta.service[75792]: [pid: 75792|app: 0|req: 1/1] 10.241.128.103 () {40 vars in 683 bytes} [Wed Jul 30 11:21:39 2025] GET /2009-04-04/meta-data/instance-id => generated 10 bytes in 301 msecs (HTTP/1.1 200) 3 headers in 99 bytes (1 switches on core 0)
Jul 30 11:21:39.689600 np0000031994 devstack@n-api-meta.service[75793]: [pid: 75793|app: 0|req: 1/2] 10.241.128.103 () {40 vars in 684 bytes} [Wed Jul 30 11:21:39 2025] GET /2009-04-04/meta-data/instance-id => generated 10 bytes in 269 msecs (HTTP/1.1 200) 3 headers in 99 bytes (1 switches on core 0)
Jul 30 11:21:39.796190 np0000031994 devstack@n-api-meta.service[75792]: DEBUG nova.api.metadata.handler [None req-a9d266f8-55d2-48df-8958-c5a6c49f6327 None None] Metadata request headers: {'Host': '10.241.128.103:8775', 'User-Agent': 'python-requests/2.32.4', 'Accept-Encoding': 'gzip, deflate', 'Accept': '*/*', 'Connection': 'keep-alive', 'X-Forwarded-For': '10.1.0.4', 'X-Instance-Id': 'b1046ba7-d1ea-4a18-917e-388039e72058', 'X-Tenant-Id': '1f3abaf8b3204fb5853b1c9193c1889c', 'X-Instance-Id-Signature': '141f886118cb9dd936638cd2ecd27e5fde35f00051d75773f6f409b0950afe63'} {{(pid=75792) __call__ /opt/stack/nova/nova/api/metadata/handler.py:109}}
Jul 30 11:21:39.798205 np0000031994 devstack@n-api-meta.service[75792]: DEBUG nova.api.metadata.handler [None req-a9d266f8-55d2-48df-8958-c5a6c49f6327 None None] Using cached metadata for instance b1046ba7-d1ea-4a18-917e-388039e72058 {{(pid=75792) get_metadata_by_instance_id /opt/stack/nova/nova/api/metadata/handler.py:84}}
Jul 30 11:21:39.798530 np0000031994 devstack@n-api-meta.service[75792]: [pid: 75792|app: 0|req: 2/3] 10.241.128.103 () {40 vars in 683 bytes} [Wed Jul 30 11:21:39 2025] GET /2009-04-04/meta-data/public-keys => generated 28 bytes in 3 msecs (HTTP/1.1 200) 3 headers in 99 bytes (1 switches on core 0)
Jul 30 11:21:39.833006 np0000031994 devstack@n-api-meta.service[75793]: DEBUG nova.api.metadata.handler [None req-209b4578-f6cc-4f4c-84dc-7495dfbc30a5 None None] Metadata request headers: {'Host': '10.241.128.103:8775', 'User-Agent': 'python-requests/2.32.4', 'Accept-Encoding': 'gzip, deflate', 'Accept': '*/*', 'Connection': 'keep-alive', 'X-Forwarded-For': '10.1.0.13', 'X-Instance-Id': '5e11632f-3072-4606-b8c7-3a6b714fc996', 'X-Tenant-Id': '43b20be858a7435f9f0854d69dde3c9e', 'X-Instance-Id-Signature': 'b56aee0a6f3dbedc9e030c82558f29a17845825c450f9cc95dbeb01d76d3d502'} {{(pid=75793) __call__ /opt/stack/nova/nova/api/metadata/handler.py:109}}
Jul 30 11:21:39.834926 np0000031994 devstack@n-api-meta.service[75793]: DEBUG nova.api.metadata.handler [None req-209b4578-f6cc-4f4c-84dc-7495dfbc30a5 None None] Using cached metadata for instance 5e11632f-3072-4606-b8c7-3a6b714fc996 {{(pid=75793) get_metadata_by_instance_id /opt/stack/nova/nova/api/metadata/handler.py:84}}
Jul 30 11:21:39.835254 np0000031994 devstack@n-api-meta.service[75793]: [pid: 75793|app: 0|req: 2/4] 10.241.128.103 () {40 vars in 684 bytes} [Wed Jul 30 11:21:39 2025] GET /2009-04-04/meta-data/public-keys => generated 28 bytes in 2 msecs (HTTP/1.1 200) 3 headers in 99 bytes (1 switches on core 0)
Jul 30 11:21:39.894069 np0000031994 devstack@n-api-meta.service[75792]: DEBUG nova.api.metadata.handler [None req-a9d266f8-55d2-48df-8958-c5a6c49f6327 None None] Metadata request headers: {'Host': '10.241.128.103:8775', 'User-Agent': 'python-requests/2.32.4', 'Accept-Encoding': 'gzip, deflate', 'Accept': '*/*', 'Connection': 'keep-alive', 'X-Forwarded-For': '10.1.0.4', 'X-Instance-Id': 'b1046ba7-d1ea-4a18-917e-388039e72058', 'X-Tenant-Id': '1f3abaf8b3204fb5853b1c9193c1889c', 'X-Instance-Id-Signature': '141f886118cb9dd936638cd2ecd27e5fde35f00051d75773f6f409b0950afe63'} {{(pid=75792) __call__ /opt/stack/nova/nova/api/metadata/handler.py:109}}
Jul 30 11:21:39.895112 np0000031994 devstack@n-api-meta.service[75792]: DEBUG nova.api.metadata.handler [None req-a9d266f8-55d2-48df-8958-c5a6c49f6327 None None] Using cached metadata for instance b1046ba7-d1ea-4a18-917e-388039e72058 {{(pid=75792) get_metadata_by_instance_id /opt/stack/nova/nova/api/metadata/handler.py:84}}
Jul 30 11:21:39.895415 np0000031994 devstack@n-api-meta.service[75792]: [pid: 75792|app: 0|req: 3/5] 10.241.128.103 () {40 vars in 711 bytes} [Wed Jul 30 11:21:39 2025] GET /2009-04-04/meta-data/public-keys/0/openssh-key => generated 204 bytes in 1 msecs (HTTP/1.1 200) 3 headers in 100 bytes (1 switches on core 0)
Jul 30 11:21:39.929721 np0000031994 devstack@n-api-meta.service[75793]: DEBUG nova.api.metadata.handler [None req-209b4578-f6cc-4f4c-84dc-7495dfbc30a5 None None] Metadata request headers: {'Host': '10.241.128.103:8775', 'User-Agent': 'python-requests/2.32.4', 'Accept-Encoding': 'gzip, deflate', 'Accept': '*/*', 'Connection': 'keep-alive', 'X-Forwarded-For': '10.1.0.13', 'X-Instance-Id': '5e11632f-3072-4606-b8c7-3a6b714fc996', 'X-Tenant-Id': '43b20be858a7435f9f0854d69dde3c9e', 'X-Instance-Id-Signature': 'b56aee0a6f3dbedc9e030c82558f29a17845825c450f9cc95dbeb01d76d3d502'} {{(pid=75793) __call__ /opt/stack/nova/nova/api/metadata/handler.py:109}}
Jul 30 11:21:39.930745 np0000031994 devstack@n-api-meta.service[75793]: DEBUG nova.api.metadata.handler [None req-209b4578-f6cc-4f4c-84dc-7495dfbc30a5 None None] Using cached metadata for instance 5e11632f-3072-4606-b8c7-3a6b714fc996 {{(pid=75793) get_metadata_by_instance_id /opt/stack/nova/nova/api/metadata/handler.py:84}}
Jul 30 11:21:39.931070 np0000031994 devstack@n-api-meta.service[75793]: [pid: 75793|app: 0|req: 3/6] 10.241.128.103 () {40 vars in 712 bytes} [Wed Jul 30 11:21:39 2025] GET /2009-04-04/meta-data/public-keys/0/openssh-key => generated 204 bytes in 1 msecs (HTTP/1.1 200) 3 headers in 100 bytes (1 switches on core 0)
Jul 30 11:21:40.014791 np0000031994 devstack@n-api-meta.service[75792]: DEBUG nova.api.metadata.handler [None req-a9d266f8-55d2-48df-8958-c5a6c49f6327 None None] Metadata request headers: {'Host': '10.241.128.103:8775', 'User-Agent': 'python-requests/2.32.4', 'Accept-Encoding': 'gzip, deflate', 'Accept': '*/*', 'Connection': 'keep-alive', 'X-Forwarded-For': '10.1.0.4', 'X-Instance-Id': 'b1046ba7-d1ea-4a18-917e-388039e72058', 'X-Tenant-Id': '1f3abaf8b3204fb5853b1c9193c1889c', 'X-Instance-Id-Signature': '141f886118cb9dd936638cd2ecd27e5fde35f00051d75773f6f409b0950afe63'} {{(pid=75792) __call__ /opt/stack/nova/nova/api/metadata/handler.py:109}}
Jul 30 11:21:40.015839 np0000031994 devstack@n-api-meta.service[75792]: DEBUG nova.api.metadata.handler [None req-a9d266f8-55d2-48df-8958-c5a6c49f6327 None None] Using cached metadata for instance b1046ba7-d1ea-4a18-917e-388039e72058 {{(pid=75792) get_metadata_by_instance_id /opt/stack/nova/nova/api/metadata/handler.py:84}}
Jul 30 11:21:40.016144 np0000031994 devstack@n-api-meta.service[75792]: [pid: 75792|app: 0|req: 4/7] 10.241.128.103 () {40 vars in 683 bytes} [Wed Jul 30 11:21:40 2025] GET /2009-04-04/meta-data/instance-id => generated 10 bytes in 1 msecs (HTTP/1.1 200) 3 headers in 99 bytes (1 switches on core 0)
Jul 30 11:21:40.047111 np0000031994 devstack@n-api-meta.service[75793]: DEBUG nova.api.metadata.handler [None req-209b4578-f6cc-4f4c-84dc-7495dfbc30a5 None None] Metadata request headers: {'Host': '10.241.128.103:8775', 'User-Agent': 'python-requests/2.32.4', 'Accept-Encoding': 'gzip, deflate', 'Accept': '*/*', 'Connection': 'keep-alive', 'X-Forwarded-For': '10.1.0.13', 'X-Instance-Id': '5e11632f-3072-4606-b8c7-3a6b714fc996', 'X-Tenant-Id': '43b20be858a7435f9f0854d69dde3c9e', 'X-Instance-Id-Signature': 'b56aee0a6f3dbedc9e030c82558f29a17845825c450f9cc95dbeb01d76d3d502'} {{(pid=75793) __call__ /opt/stack/nova/nova/api/metadata/handler.py:109}}
Jul 30 11:21:40.048129 np0000031994 devstack@n-api-meta.service[75793]: DEBUG nova.api.metadata.handler [None req-209b4578-f6cc-4f4c-84dc-7495dfbc30a5 None None] Using cached metadata for instance 5e11632f-3072-4606-b8c7-3a6b714fc996 {{(pid=75793) get_metadata_by_instance_id /opt/stack/nova/nova/api/metadata/handler.py:84}}
Jul 30 11:21:40.048425 np0000031994 devstack@n-api-meta.service[75793]: [pid: 75793|app: 0|req: 4/8] 10.241.128.103 () {40 vars in 684 bytes} [Wed Jul 30 11:21:40 2025] GET /2009-04-04/meta-data/instance-id => generated 10 bytes in 1 msecs (HTTP/1.1 200) 3 headers in 99 bytes (1 switches on core 0)
Jul 30 11:21:40.138039 np0000031994 devstack@n-api-meta.service[75792]: DEBUG nova.api.metadata.handler [None req-a9d266f8-55d2-48df-8958-c5a6c49f6327 None None] Metadata request headers: {'Host': '10.241.128.103:8775', 'User-Agent': 'python-requests/2.32.4', 'Accept-Encoding': 'gzip, deflate', 'Accept': '*/*', 'Connection': 'keep-alive', 'X-Forwarded-For': '10.1.0.4', 'X-Instance-Id': 'b1046ba7-d1ea-4a18-917e-388039e72058', 'X-Tenant-Id': '1f3abaf8b3204fb5853b1c9193c1889c', 'X-Instance-Id-Signature': '141f886118cb9dd936638cd2ecd27e5fde35f00051d75773f6f409b0950afe63'} {{(pid=75792) __call__ /opt/stack/nova/nova/api/metadata/handler.py:109}}
Jul 30 11:21:40.139088 np0000031994 devstack@n-api-meta.service[75792]: DEBUG nova.api.metadata.handler [None req-a9d266f8-55d2-48df-8958-c5a6c49f6327 None None] Using cached metadata for instance b1046ba7-d1ea-4a18-917e-388039e72058 {{(pid=75792) get_metadata_by_instance_id /opt/stack/nova/nova/api/metadata/handler.py:84}}
Jul 30 11:21:40.139399 np0000031994 devstack@n-api-meta.service[75792]: [pid: 75792|app: 0|req: 5/9] 10.241.128.103 () {40 vars in 693 bytes} [Wed Jul 30 11:21:40 2025] GET /2009-04-04/meta-data/ami-launch-index => generated 1 bytes in 1 msecs (HTTP/1.1 200) 3 headers in 98 bytes (1 switches on core 0)
Jul 30 11:21:40.168917 np0000031994 devstack@n-api-meta.service[75793]: DEBUG nova.api.metadata.handler [None req-209b4578-f6cc-4f4c-84dc-7495dfbc30a5 None None] Metadata request headers: {'Host': '10.241.128.103:8775', 'User-Agent': 'python-requests/2.32.4', 'Accept-Encoding': 'gzip, deflate', 'Accept': '*/*', 'Connection': 'keep-alive', 'X-Forwarded-For': '10.1.0.13', 'X-Instance-Id': '5e11632f-3072-4606-b8c7-3a6b714fc996', 'X-Tenant-Id': '43b20be858a7435f9f0854d69dde3c9e', 'X-Instance-Id-Signature': 'b56aee0a6f3dbedc9e030c82558f29a17845825c450f9cc95dbeb01d76d3d502'} {{(pid=75793) __call__ /opt/stack/nova/nova/api/metadata/handler.py:109}}
Jul 30 11:21:40.169922 np0000031994 devstack@n-api-meta.service[75793]: DEBUG nova.api.metadata.handler [None req-209b4578-f6cc-4f4c-84dc-7495dfbc30a5 None None] Using cached metadata for instance 5e11632f-3072-4606-b8c7-3a6b714fc996 {{(pid=75793) get_metadata_by_instance_id /opt/stack/nova/nova/api/metadata/handler.py:84}}
Jul 30 11:21:40.170227 np0000031994 devstack@n-api-meta.service[75793]: [pid: 75793|app: 0|req: 5/10] 10.241.128.103 () {40 vars in 694 bytes} [Wed Jul 30 11:21:40 2025] GET /2009-04-04/meta-data/ami-launch-index => generated 1 bytes in 1 msecs (HTTP/1.1 200) 3 headers in 98 bytes (1 switches on core 0)
Jul 30 11:21:40.258047 np0000031994 devstack@n-api-meta.service[75792]: DEBUG nova.api.metadata.handler [None req-a9d266f8-55d2-48df-8958-c5a6c49f6327 None None] Metadata request headers: {'Host': '10.241.128.103:8775', 'User-Agent': 'python-requests/2.32.4', 'Accept-Encoding': 'gzip, deflate', 'Accept': '*/*', 'Connection': 'keep-alive', 'X-Forwarded-For': '10.1.0.4', 'X-Instance-Id': 'b1046ba7-d1ea-4a18-917e-388039e72058', 'X-Tenant-Id': '1f3abaf8b3204fb5853b1c9193c1889c', 'X-Instance-Id-Signature': '141f886118cb9dd936638cd2ecd27e5fde35f00051d75773f6f409b0950afe63'} {{(pid=75792) __call__ /opt/stack/nova/nova/api/metadata/handler.py:109}}
Jul 30 11:21:40.259095 np0000031994 devstack@n-api-meta.service[75792]: DEBUG nova.api.metadata.handler [None req-a9d266f8-55d2-48df-8958-c5a6c49f6327 None None] Using cached metadata for instance b1046ba7-d1ea-4a18-917e-388039e72058 {{(pid=75792) get_metadata_by_instance_id /opt/stack/nova/nova/api/metadata/handler.py:84}}
Jul 30 11:21:40.259406 np0000031994 devstack@n-api-meta.service[75792]: [pid: 75792|app: 0|req: 6/11] 10.241.128.103 () {40 vars in 687 bytes} [Wed Jul 30 11:21:40 2025] GET /2009-04-04/meta-data/instance-type => generated 7 bytes in 1 msecs (HTTP/1.1 200) 3 headers in 98 bytes (1 switches on core 0)
Jul 30 11:21:40.285226 np0000031994 devstack@n-api-meta.service[75793]: DEBUG nova.api.metadata.handler [None req-209b4578-f6cc-4f4c-84dc-7495dfbc30a5 None None] Metadata request headers: {'Host': '10.241.128.103:8775', 'User-Agent': 'python-requests/2.32.4', 'Accept-Encoding': 'gzip, deflate', 'Accept': '*/*', 'Connection': 'keep-alive', 'X-Forwarded-For': '10.1.0.13', 'X-Instance-Id': '5e11632f-3072-4606-b8c7-3a6b714fc996', 'X-Tenant-Id': '43b20be858a7435f9f0854d69dde3c9e', 'X-Instance-Id-Signature': 'b56aee0a6f3dbedc9e030c82558f29a17845825c450f9cc95dbeb01d76d3d502'} {{(pid=75793) __call__ /opt/stack/nova/nova/api/metadata/handler.py:109}}
Jul 30 11:21:40.286247 np0000031994 devstack@n-api-meta.service[75793]: DEBUG nova.api.metadata.handler [None req-209b4578-f6cc-4f4c-84dc-7495dfbc30a5 None None] Using cached metadata for instance 5e11632f-3072-4606-b8c7-3a6b714fc996 {{(pid=75793) get_metadata_by_instance_id /opt/stack/nova/nova/api/metadata/handler.py:84}}
Jul 30 11:21:40.286549 np0000031994 devstack@n-api-meta.service[75793]: [pid: 75793|app: 0|req: 6/12] 10.241.128.103 () {40 vars in 688 bytes} [Wed Jul 30 11:21:40 2025] GET /2009-04-04/meta-data/instance-type => generated 7 bytes in 1 msecs (HTTP/1.1 200) 3 headers in 98 bytes (1 switches on core 0)
Jul 30 11:21:40.375947 np0000031994 devstack@n-api-meta.service[75792]: DEBUG nova.api.metadata.handler [None req-a9d266f8-55d2-48df-8958-c5a6c49f6327 None None] Metadata request headers: {'Host': '10.241.128.103:8775', 'User-Agent': 'python-requests/2.32.4', 'Accept-Encoding': 'gzip, deflate', 'Accept': '*/*', 'Connection': 'keep-alive', 'X-Forwarded-For': '10.1.0.4', 'X-Instance-Id': 'b1046ba7-d1ea-4a18-917e-388039e72058', 'X-Tenant-Id': '1f3abaf8b3204fb5853b1c9193c1889c', 'X-Instance-Id-Signature': '141f886118cb9dd936638cd2ecd27e5fde35f00051d75773f6f409b0950afe63'} {{(pid=75792) __call__ /opt/stack/nova/nova/api/metadata/handler.py:109}}
Jul 30 11:21:40.377029 np0000031994 devstack@n-api-meta.service[75792]: DEBUG nova.api.metadata.handler [None req-a9d266f8-55d2-48df-8958-c5a6c49f6327 None None] Using cached metadata for instance b1046ba7-d1ea-4a18-917e-388039e72058 {{(pid=75792) get_metadata_by_instance_id /opt/stack/nova/nova/api/metadata/handler.py:84}}
Jul 30 11:21:40.377324 np0000031994 devstack@n-api-meta.service[75792]: [pid: 75792|app: 0|req: 7/13] 10.241.128.103 () {40 vars in 681 bytes} [Wed Jul 30 11:21:40 2025] GET /2009-04-04/meta-data/local-ipv4 => generated 8 bytes in 2 msecs (HTTP/1.1 200) 3 headers in 98 bytes (1 switches on core 0)
Jul 30 11:21:40.402715 np0000031994 devstack@n-api-meta.service[75793]: DEBUG nova.api.metadata.handler [None req-209b4578-f6cc-4f4c-84dc-7495dfbc30a5 None None] Metadata request headers: {'Host': '10.241.128.103:8775', 'User-Agent': 'python-requests/2.32.4', 'Accept-Encoding': 'gzip, deflate', 'Accept': '*/*', 'Connection': 'keep-alive', 'X-Forwarded-For': '10.1.0.13', 'X-Instance-Id': '5e11632f-3072-4606-b8c7-3a6b714fc996', 'X-Tenant-Id': '43b20be858a7435f9f0854d69dde3c9e', 'X-Instance-Id-Signature': 'b56aee0a6f3dbedc9e030c82558f29a17845825c450f9cc95dbeb01d76d3d502'} {{(pid=75793) __call__ /opt/stack/nova/nova/api/metadata/handler.py:109}}
Jul 30 11:21:40.403763 np0000031994 devstack@n-api-meta.service[75793]: DEBUG nova.api.metadata.handler [None req-209b4578-f6cc-4f4c-84dc-7495dfbc30a5 None None] Using cached metadata for instance 5e11632f-3072-4606-b8c7-3a6b714fc996 {{(pid=75793) get_metadata_by_instance_id /opt/stack/nova/nova/api/metadata/handler.py:84}}
Jul 30 11:21:40.404080 np0000031994 devstack@n-api-meta.service[75793]: [pid: 75793|app: 0|req: 7/14] 10.241.128.103 () {40 vars in 682 bytes} [Wed Jul 30 11:21:40 2025] GET /2009-04-04/meta-data/local-ipv4 => generated 9 bytes in 1 msecs (HTTP/1.1 200) 3 headers in 98 bytes (1 switches on core 0)
Jul 30 11:21:40.605902 np0000031994 devstack@n-api-meta.service[75792]: DEBUG nova.api.metadata.handler [None req-a9d266f8-55d2-48df-8958-c5a6c49f6327 None None] Metadata request headers: {'Host': '10.241.128.103:8775', 'User-Agent': 'python-requests/2.32.4', 'Accept-Encoding': 'gzip, deflate', 'Accept': '*/*', 'Connection': 'keep-alive', 'X-Forwarded-For': '10.1.0.4', 'X-Instance-Id': 'b1046ba7-d1ea-4a18-917e-388039e72058', 'X-Tenant-Id': '1f3abaf8b3204fb5853b1c9193c1889c', 'X-Instance-Id-Signature': '141f886118cb9dd936638cd2ecd27e5fde35f00051d75773f6f409b0950afe63'} {{(pid=75792) __call__ /opt/stack/nova/nova/api/metadata/handler.py:109}}
Jul 30 11:21:40.607890 np0000031994 devstack@n-api-meta.service[75792]: DEBUG nova.api.metadata.handler [None req-a9d266f8-55d2-48df-8958-c5a6c49f6327 None None] Using cached metadata for instance b1046ba7-d1ea-4a18-917e-388039e72058 {{(pid=75792) get_metadata_by_instance_id /opt/stack/nova/nova/api/metadata/handler.py:84}}
Jul 30 11:21:40.608405 np0000031994 devstack@n-api-meta.service[75792]: [pid: 75792|app: 0|req: 8/15] 10.241.128.103 () {40 vars in 683 bytes} [Wed Jul 30 11:21:40 2025] GET /2009-04-04/meta-data/public-ipv4 => generated 12 bytes in 5 msecs (HTTP/1.1 200) 3 headers in 99 bytes (1 switches on core 0)
Jul 30 11:21:40.618269 np0000031994 devstack@n-api-meta.service[75793]: DEBUG nova.api.metadata.handler [None req-209b4578-f6cc-4f4c-84dc-7495dfbc30a5 None None] Metadata request headers: {'Host': '10.241.128.103:8775', 'User-Agent': 'python-requests/2.32.4', 'Accept-Encoding': 'gzip, deflate', 'Accept': '*/*', 'Connection': 'keep-alive', 'X-Forwarded-For': '10.1.0.13', 'X-Instance-Id': '5e11632f-3072-4606-b8c7-3a6b714fc996', 'X-Tenant-Id': '43b20be858a7435f9f0854d69dde3c9e', 'X-Instance-Id-Signature': 'b56aee0a6f3dbedc9e030c82558f29a17845825c450f9cc95dbeb01d76d3d502'} {{(pid=75793) __call__ /opt/stack/nova/nova/api/metadata/handler.py:109}}
Jul 30 11:21:40.620890 np0000031994 devstack@n-api-meta.service[75793]: DEBUG nova.api.metadata.handler [None req-209b4578-f6cc-4f4c-84dc-7495dfbc30a5 None None] Using cached metadata for instance 5e11632f-3072-4606-b8c7-3a6b714fc996 {{(pid=75793) get_metadata_by_instance_id /opt/stack/nova/nova/api/metadata/handler.py:84}}
Jul 30 11:21:40.621202 np0000031994 devstack@n-api-meta.service[75793]: [pid: 75793|app: 0|req: 8/16] 10.241.128.103 () {40 vars in 684 bytes} [Wed Jul 30 11:21:40 2025] GET /2009-04-04/meta-data/public-ipv4 => generated 12 bytes in 3 msecs (HTTP/1.1 200) 3 headers in 99 bytes (1 switches on core 0)
Jul 30 11:21:40.857148 np0000031994 devstack@n-api-meta.service[75792]: DEBUG nova.api.metadata.handler [None req-a9d266f8-55d2-48df-8958-c5a6c49f6327 None None] Metadata request headers: {'Host': '10.241.128.103:8775', 'User-Agent': 'python-requests/2.32.4', 'Accept-Encoding': 'gzip, deflate', 'Accept': '*/*', 'Connection': 'keep-alive', 'X-Forwarded-For': '10.1.0.4', 'X-Instance-Id': 'b1046ba7-d1ea-4a18-917e-388039e72058', 'X-Tenant-Id': '1f3abaf8b3204fb5853b1c9193c1889c', 'X-Instance-Id-Signature': '141f886118cb9dd936638cd2ecd27e5fde35f00051d75773f6f409b0950afe63'} {{(pid=75792) __call__ /opt/stack/nova/nova/api/metadata/handler.py:109}}
Jul 30 11:21:40.858499 np0000031994 devstack@n-api-meta.service[75792]: DEBUG nova.api.metadata.handler [None req-a9d266f8-55d2-48df-8958-c5a6c49f6327 None None] Using cached metadata for instance b1046ba7-d1ea-4a18-917e-388039e72058 {{(pid=75792) get_metadata_by_instance_id /opt/stack/nova/nova/api/metadata/handler.py:84}}
Jul 30 11:21:40.858499 np0000031994 devstack@n-api-meta.service[75792]: [pid: 75792|app: 0|req: 9/17] 10.241.128.103 () {40 vars in 677 bytes} [Wed Jul 30 11:21:40 2025] GET /2009-04-04/meta-data/hostname => generated 53 bytes in 2 msecs (HTTP/1.1 200) 3 headers in 99 bytes (1 switches on core 0)
Jul 30 11:21:40.880359 np0000031994 devstack@n-api-meta.service[75793]: DEBUG nova.api.metadata.handler [None req-209b4578-f6cc-4f4c-84dc-7495dfbc30a5 None None] Metadata request headers: {'Host': '10.241.128.103:8775', 'User-Agent': 'python-requests/2.32.4', 'Accept-Encoding': 'gzip, deflate', 'Accept': '*/*', 'Connection': 'keep-alive', 'X-Forwarded-For': '10.1.0.13', 'X-Instance-Id': '5e11632f-3072-4606-b8c7-3a6b714fc996', 'X-Tenant-Id': '43b20be858a7435f9f0854d69dde3c9e', 'X-Instance-Id-Signature': 'b56aee0a6f3dbedc9e030c82558f29a17845825c450f9cc95dbeb01d76d3d502'} {{(pid=75793) __call__ /opt/stack/nova/nova/api/metadata/handler.py:109}}
Jul 30 11:21:40.881396 np0000031994 devstack@n-api-meta.service[75793]: DEBUG nova.api.metadata.handler [None req-209b4578-f6cc-4f4c-84dc-7495dfbc30a5 None None] Using cached metadata for instance 5e11632f-3072-4606-b8c7-3a6b714fc996 {{(pid=75793) get_metadata_by_instance_id /opt/stack/nova/nova/api/metadata/handler.py:84}}
Jul 30 11:21:40.881713 np0000031994 devstack@n-api-meta.service[75793]: [pid: 75793|app: 0|req: 9/18] 10.241.128.103 () {40 vars in 678 bytes} [Wed Jul 30 11:21:40 2025] GET /2009-04-04/meta-data/hostname => generated 49 bytes in 1 msecs (HTTP/1.1 200) 3 headers in 99 bytes (1 switches on core 0)
Jul 30 11:21:40.977756 np0000031994 devstack@n-api-meta.service[75792]: DEBUG nova.api.metadata.handler [None req-a9d266f8-55d2-48df-8958-c5a6c49f6327 None None] Metadata request headers: {'Host': '10.241.128.103:8775', 'User-Agent': 'python-requests/2.32.4', 'Accept-Encoding': 'gzip, deflate', 'Accept': '*/*', 'Connection': 'keep-alive', 'X-Forwarded-For': '10.1.0.4', 'X-Instance-Id': 'b1046ba7-d1ea-4a18-917e-388039e72058', 'X-Tenant-Id': '1f3abaf8b3204fb5853b1c9193c1889c', 'X-Instance-Id-Signature': '141f886118cb9dd936638cd2ecd27e5fde35f00051d75773f6f409b0950afe63'} {{(pid=75792) __call__ /opt/stack/nova/nova/api/metadata/handler.py:109}}
Jul 30 11:21:40.980169 np0000031994 devstack@n-api-meta.service[75792]: DEBUG nova.api.metadata.handler [None req-a9d266f8-55d2-48df-8958-c5a6c49f6327 None None] Using cached metadata for instance b1046ba7-d1ea-4a18-917e-388039e72058 {{(pid=75792) get_metadata_by_instance_id /opt/stack/nova/nova/api/metadata/handler.py:84}}
Jul 30 11:21:40.980576 np0000031994 devstack@n-api-meta.service[75792]: [pid: 75792|app: 0|req: 10/19] 10.241.128.103 () {40 vars in 689 bytes} [Wed Jul 30 11:21:40 2025] GET /2009-04-04/meta-data/local-hostname => generated 53 bytes in 3 msecs (HTTP/1.1 200) 3 headers in 99 bytes (1 switches on core 0)
Jul 30 11:21:41.003370 np0000031994 devstack@n-api-meta.service[75793]: DEBUG nova.api.metadata.handler [None req-209b4578-f6cc-4f4c-84dc-7495dfbc30a5 None None] Metadata request headers: {'Host': '10.241.128.103:8775', 'User-Agent': 'python-requests/2.32.4', 'Accept-Encoding': 'gzip, deflate', 'Accept': '*/*', 'Connection': 'keep-alive', 'X-Forwarded-For': '10.1.0.13', 'X-Instance-Id': '5e11632f-3072-4606-b8c7-3a6b714fc996', 'X-Tenant-Id': '43b20be858a7435f9f0854d69dde3c9e', 'X-Instance-Id-Signature': 'b56aee0a6f3dbedc9e030c82558f29a17845825c450f9cc95dbeb01d76d3d502'} {{(pid=75793) __call__ /opt/stack/nova/nova/api/metadata/handler.py:109}}
Jul 30 11:21:41.004395 np0000031994 devstack@n-api-meta.service[75793]: DEBUG nova.api.metadata.handler [None req-209b4578-f6cc-4f4c-84dc-7495dfbc30a5 None None] Using cached metadata for instance 5e11632f-3072-4606-b8c7-3a6b714fc996 {{(pid=75793) get_metadata_by_instance_id /opt/stack/nova/nova/api/metadata/handler.py:84}}
Jul 30 11:21:41.004703 np0000031994 devstack@n-api-meta.service[75793]: [pid: 75793|app: 0|req: 10/20] 10.241.128.103 () {40 vars in 690 bytes} [Wed Jul 30 11:21:41 2025] GET /2009-04-04/meta-data/local-hostname => generated 49 bytes in 1 msecs (HTTP/1.1 200) 3 headers in 99 bytes (1 switches on core 0)
