Jul 30 06:48:16.378107 np0000031980 devstack@n-api-meta.service[74365]: DEBUG nova.api.openstack.wsgi_app [-] oslo_messaging_rabbit.rabbit_qos_prefetch_count = 0 {{(pid=74365) log_opt_values /opt/stack/data/venv/lib/python3.12/site-packages/oslo_config/cfg.py:2824}}
Jul 30 06:48:16.378193 np0000031980 devstack@n-api-meta.service[74365]: DEBUG nova.api.openstack.wsgi_app [-] oslo_messaging_rabbit.rabbit_quorum_delivery_limit = 0 {{(pid=74365) log_opt_values /opt/stack/data/venv/lib/python3.12/site-packages/oslo_config/cfg.py:2824}}
Jul 30 06:48:16.378273 np0000031980 devstack@n-api-meta.service[74365]: DEBUG nova.api.openstack.wsgi_app [-] oslo_messaging_rabbit.rabbit_quorum_max_memory_bytes = 0 {{(pid=74365) log_opt_values /opt/stack/data/venv/lib/python3.12/site-packages/oslo_config/cfg.py:2824}}
Jul 30 06:48:16.378353 np0000031980 devstack@n-api-meta.service[74365]: DEBUG nova.api.openstack.wsgi_app [-] oslo_messaging_rabbit.rabbit_quorum_max_memory_length = 0 {{(pid=74365) log_opt_values /opt/stack/data/venv/lib/python3.12/site-packages/oslo_config/cfg.py:2824}}
Jul 30 06:48:16.378432 np0000031980 devstack@n-api-meta.service[74365]: DEBUG nova.api.openstack.wsgi_app [-] oslo_messaging_rabbit.rabbit_quorum_queue = False {{(pid=74365) log_opt_values /opt/stack/data/venv/lib/python3.12/site-packages/oslo_config/cfg.py:2824}}
Jul 30 06:48:16.378512 np0000031980 devstack@n-api-meta.service[74365]: DEBUG nova.api.openstack.wsgi_app [-] oslo_messaging_rabbit.rabbit_retry_backoff = 2 {{(pid=74365) log_opt_values /opt/stack/data/venv/lib/python3.12/site-packages/oslo_config/cfg.py:2824}}
Jul 30 06:48:16.378592 np0000031980 devstack@n-api-meta.service[74365]: DEBUG nova.api.openstack.wsgi_app [-] oslo_messaging_rabbit.rabbit_retry_interval = 1 {{(pid=74365) log_opt_values /opt/stack/data/venv/lib/python3.12/site-packages/oslo_config/cfg.py:2824}}
Jul 30 06:48:16.378672 np0000031980 devstack@n-api-meta.service[74365]: DEBUG nova.api.openstack.wsgi_app [-] oslo_messaging_rabbit.rabbit_stream_fanout = False {{(pid=74365) log_opt_values /opt/stack/data/venv/lib/python3.12/site-packages/oslo_config/cfg.py:2824}}
Jul 30 06:48:16.378758 np0000031980 devstack@n-api-meta.service[74365]: DEBUG nova.api.openstack.wsgi_app [-] oslo_messaging_rabbit.rabbit_transient_queues_ttl = 1800 {{(pid=74365) log_opt_values /opt/stack/data/venv/lib/python3.12/site-packages/oslo_config/cfg.py:2824}}
Jul 30 06:48:16.378837 np0000031980 devstack@n-api-meta.service[74365]: DEBUG nova.api.openstack.wsgi_app [-] oslo_messaging_rabbit.rabbit_transient_quorum_queue = False {{(pid=74365) log_opt_values /opt/stack/data/venv/lib/python3.12/site-packages/oslo_config/cfg.py:2824}}
Jul 30 06:48:16.378916 np0000031980 devstack@n-api-meta.service[74365]: DEBUG nova.api.openstack.wsgi_app [-] oslo_messaging_rabbit.rpc_conn_pool_size = 30 {{(pid=74365) log_opt_values /opt/stack/data/venv/lib/python3.12/site-packages/oslo_config/cfg.py:2824}}
Jul 30 06:48:16.378996 np0000031980 devstack@n-api-meta.service[74365]: DEBUG nova.api.openstack.wsgi_app [-] oslo_messaging_rabbit.ssl      = False {{(pid=74365) log_opt_values /opt/stack/data/venv/lib/python3.12/site-packages/oslo_config/cfg.py:2824}}
Jul 30 06:48:16.379081 np0000031980 devstack@n-api-meta.service[74365]: DEBUG nova.api.openstack.wsgi_app [-] oslo_messaging_rabbit.ssl_ca_file =  {{(pid=74365) log_opt_values /opt/stack/data/venv/lib/python3.12/site-packages/oslo_config/cfg.py:2824}}
Jul 30 06:48:16.379172 np0000031980 devstack@n-api-meta.service[74365]: DEBUG nova.api.openstack.wsgi_app [-] oslo_messaging_rabbit.ssl_cert_file =  {{(pid=74365) log_opt_values /opt/stack/data/venv/lib/python3.12/site-packages/oslo_config/cfg.py:2824}}
Jul 30 06:48:16.379252 np0000031980 devstack@n-api-meta.service[74365]: DEBUG nova.api.openstack.wsgi_app [-] oslo_messaging_rabbit.ssl_enforce_fips_mode = False {{(pid=74365) log_opt_values /opt/stack/data/venv/lib/python3.12/site-packages/oslo_config/cfg.py:2824}}
Jul 30 06:48:16.379334 np0000031980 devstack@n-api-meta.service[74365]: DEBUG nova.api.openstack.wsgi_app [-] oslo_messaging_rabbit.ssl_key_file =  {{(pid=74365) log_opt_values /opt/stack/data/venv/lib/python3.12/site-packages/oslo_config/cfg.py:2824}}
Jul 30 06:48:16.379418 np0000031980 devstack@n-api-meta.service[74365]: DEBUG nova.api.openstack.wsgi_app [-] oslo_messaging_rabbit.ssl_version =  {{(pid=74365) log_opt_values /opt/stack/data/venv/lib/python3.12/site-packages/oslo_config/cfg.py:2824}}
Jul 30 06:48:16.379496 np0000031980 devstack@n-api-meta.service[74365]: DEBUG nova.api.openstack.wsgi_app [-] oslo_messaging_rabbit.use_queue_manager = False {{(pid=74365) log_opt_values /opt/stack/data/venv/lib/python3.12/site-packages/oslo_config/cfg.py:2824}}
Jul 30 06:48:16.379591 np0000031980 devstack@n-api-meta.service[74365]: DEBUG nova.api.openstack.wsgi_app [-] oslo_messaging_notifications.driver = ['messagingv2'] {{(pid=74365) log_opt_values /opt/stack/data/venv/lib/python3.12/site-packages/oslo_config/cfg.py:2824}}
Jul 30 06:48:16.379673 np0000031980 devstack@n-api-meta.service[74365]: DEBUG nova.api.openstack.wsgi_app [-] oslo_messaging_notifications.retry = -1 {{(pid=74365) log_opt_values /opt/stack/data/venv/lib/python3.12/site-packages/oslo_config/cfg.py:2824}}
Jul 30 06:48:16.379768 np0000031980 devstack@n-api-meta.service[74365]: DEBUG nova.api.openstack.wsgi_app [-] oslo_messaging_notifications.topics = ['notifications'] {{(pid=74365) log_opt_values /opt/stack/data/venv/lib/python3.12/site-packages/oslo_config/cfg.py:2824}}
Jul 30 06:48:16.379852 np0000031980 devstack@n-api-meta.service[74365]: DEBUG nova.api.openstack.wsgi_app [-] oslo_messaging_notifications.transport_url = **** {{(pid=74365) log_opt_values /opt/stack/data/venv/lib/python3.12/site-packages/oslo_config/cfg.py:2824}}
Jul 30 06:48:16.379935 np0000031980 devstack@n-api-meta.service[74365]: DEBUG nova.api.openstack.wsgi_app [-] oslo_reports.file_event_handler = None {{(pid=74365) log_opt_values /opt/stack/data/venv/lib/python3.12/site-packages/oslo_config/cfg.py:2824}}
Jul 30 06:48:16.380016 np0000031980 devstack@n-api-meta.service[74365]: DEBUG nova.api.openstack.wsgi_app [-] oslo_reports.file_event_handler_interval = 1 {{(pid=74365) log_opt_values /opt/stack/data/venv/lib/python3.12/site-packages/oslo_config/cfg.py:2824}}
Jul 30 06:48:16.380094 np0000031980 devstack@n-api-meta.service[74365]: DEBUG nova.api.openstack.wsgi_app [-] oslo_reports.log_dir           = None {{(pid=74365) log_opt_values /opt/stack/data/venv/lib/python3.12/site-packages/oslo_config/cfg.py:2824}}
Jul 30 06:48:16.380166 np0000031980 devstack@n-api-meta.service[74365]: DEBUG nova.api.openstack.wsgi_app [-] ******************************************************************************** {{(pid=74365) log_opt_values /opt/stack/data/venv/lib/python3.12/site-packages/oslo_config/cfg.py:2828}}
Jul 30 06:48:16.395072 np0000031980 devstack@n-api-meta.service[74364]: INFO dbcounter [None req-1dc1b9a7-5921-48e1-b6e2-616541fc0224 None None] Registered counter for database nova_api
Jul 30 06:48:16.405409 np0000031980 devstack@n-api-meta.service[74364]: DEBUG oslo_db.sqlalchemy.engines [None req-1dc1b9a7-5921-48e1-b6e2-616541fc0224 None None] MySQL server mode set to STRICT_TRANS_TABLES,STRICT_ALL_TABLES,NO_ZERO_IN_DATE,NO_ZERO_DATE,ERROR_FOR_DIVISION_BY_ZERO,TRADITIONAL,NO_ENGINE_SUBSTITUTION {{(pid=74364) _check_effective_sql_mode /opt/stack/data/venv/lib/python3.12/site-packages/oslo_db/sqlalchemy/engines.py:397}}
Jul 30 06:48:16.408190 np0000031980 devstack@n-api-meta.service[74365]: INFO dbcounter [None req-2c2e0c68-23c4-45f2-962a-d5793a532432 None None] Registered counter for database nova_api
Jul 30 06:48:16.418323 np0000031980 devstack@n-api-meta.service[74365]: DEBUG oslo_db.sqlalchemy.engines [None req-2c2e0c68-23c4-45f2-962a-d5793a532432 None None] MySQL server mode set to STRICT_TRANS_TABLES,STRICT_ALL_TABLES,NO_ZERO_IN_DATE,NO_ZERO_DATE,ERROR_FOR_DIVISION_BY_ZERO,TRADITIONAL,NO_ENGINE_SUBSTITUTION {{(pid=74365) _check_effective_sql_mode /opt/stack/data/venv/lib/python3.12/site-packages/oslo_db/sqlalchemy/engines.py:397}}
Jul 30 06:48:16.429635 np0000031980 devstack@n-api-meta.service[74364]: DEBUG dbcounter [-] [74364] Writer thread running {{(pid=74364) stat_writer /opt/stack/data/venv/lib/python3.12/site-packages/dbcounter.py:102}}
Jul 30 06:48:16.432535 np0000031980 devstack@n-api-meta.service[74364]: DEBUG nova.context [None req-1dc1b9a7-5921-48e1-b6e2-616541fc0224 None None] Found 2 cells: 00000000-0000-0000-0000-000000000000(cell0),f6a06c34-9de2-4c48-a891-6f93af90cc47(cell1) {{(pid=74364) load_cells /opt/stack/nova/nova/context.py:472}}
Jul 30 06:48:16.432731 np0000031980 devstack@n-api-meta.service[74364]: INFO nova.utils [None req-1dc1b9a7-5921-48e1-b6e2-616541fc0224 None None] The cell worker thread pool MainProcess.cell_worker is initialized
Jul 30 06:48:16.434341 np0000031980 devstack@n-api-meta.service[74364]: DEBUG oslo_concurrency.lockutils [None req-1dc1b9a7-5921-48e1-b6e2-616541fc0224 None None] Acquiring lock "00000000-0000-0000-0000-000000000000" by "nova.context.set_target_cell.<locals>.get_or_set_cached_cell_and_set_connections" {{(pid=74364) inner /opt/stack/data/venv/lib/python3.12/site-packages/oslo_concurrency/lockutils.py:405}}
Jul 30 06:48:16.434502 np0000031980 devstack@n-api-meta.service[74364]: DEBUG oslo_concurrency.lockutils [None req-1dc1b9a7-5921-48e1-b6e2-616541fc0224 None None] Lock "00000000-0000-0000-0000-000000000000" acquired by "nova.context.set_target_cell.<locals>.get_or_set_cached_cell_and_set_connections" :: waited 0.000s {{(pid=74364) inner /opt/stack/data/venv/lib/python3.12/site-packages/oslo_concurrency/lockutils.py:410}}
Jul 30 06:48:16.434940 np0000031980 devstack@n-api-meta.service[74364]: DEBUG oslo_concurrency.lockutils [None req-1dc1b9a7-5921-48e1-b6e2-616541fc0224 None None] Lock "00000000-0000-0000-0000-000000000000" "released" by "nova.context.set_target_cell.<locals>.get_or_set_cached_cell_and_set_connections" :: held 0.000s {{(pid=74364) inner /opt/stack/data/venv/lib/python3.12/site-packages/oslo_concurrency/lockutils.py:424}}
Jul 30 06:48:16.435273 np0000031980 devstack@n-api-meta.service[74364]: DEBUG oslo_concurrency.lockutils [None req-1dc1b9a7-5921-48e1-b6e2-616541fc0224 None None] Acquiring lock "f6a06c34-9de2-4c48-a891-6f93af90cc47" by "nova.context.set_target_cell.<locals>.get_or_set_cached_cell_and_set_connections" {{(pid=74364) inner /opt/stack/data/venv/lib/python3.12/site-packages/oslo_concurrency/lockutils.py:405}}
Jul 30 06:48:16.435405 np0000031980 devstack@n-api-meta.service[74364]: DEBUG oslo_concurrency.lockutils [None req-1dc1b9a7-5921-48e1-b6e2-616541fc0224 None None] Lock "f6a06c34-9de2-4c48-a891-6f93af90cc47" acquired by "nova.context.set_target_cell.<locals>.get_or_set_cached_cell_and_set_connections" :: waited 0.000s {{(pid=74364) inner /opt/stack/data/venv/lib/python3.12/site-packages/oslo_concurrency/lockutils.py:410}}
Jul 30 06:48:16.436140 np0000031980 devstack@n-api-meta.service[74364]: DEBUG oslo_concurrency.lockutils [None req-1dc1b9a7-5921-48e1-b6e2-616541fc0224 None None] Lock "f6a06c34-9de2-4c48-a891-6f93af90cc47" "released" by "nova.context.set_target_cell.<locals>.get_or_set_cached_cell_and_set_connections" :: held 0.001s {{(pid=74364) inner /opt/stack/data/venv/lib/python3.12/site-packages/oslo_concurrency/lockutils.py:424}}
Jul 30 06:48:16.437245 np0000031980 devstack@n-api-meta.service[74364]: INFO dbcounter [None req-1dc1b9a7-5921-48e1-b6e2-616541fc0224 None None] Registered counter for database nova_cell0
Jul 30 06:48:16.439201 np0000031980 devstack@n-api-meta.service[74364]: INFO dbcounter [None req-1dc1b9a7-5921-48e1-b6e2-616541fc0224 None None] Registered counter for database nova_cell1
Jul 30 06:48:16.441965 np0000031980 devstack@n-api-meta.service[74365]: DEBUG dbcounter [-] [74365] Writer thread running {{(pid=74365) stat_writer /opt/stack/data/venv/lib/python3.12/site-packages/dbcounter.py:102}}
Jul 30 06:48:16.443295 np0000031980 devstack@n-api-meta.service[74364]: DEBUG oslo_db.sqlalchemy.engines [None req-1dc1b9a7-5921-48e1-b6e2-616541fc0224 None None] MySQL server mode set to STRICT_TRANS_TABLES,STRICT_ALL_TABLES,NO_ZERO_IN_DATE,NO_ZERO_DATE,ERROR_FOR_DIVISION_BY_ZERO,TRADITIONAL,NO_ENGINE_SUBSTITUTION {{(pid=74364) _check_effective_sql_mode /opt/stack/data/venv/lib/python3.12/site-packages/oslo_db/sqlalchemy/engines.py:397}}
Jul 30 06:48:16.443993 np0000031980 devstack@n-api-meta.service[74365]: DEBUG nova.context [None req-2c2e0c68-23c4-45f2-962a-d5793a532432 None None] Found 2 cells: 00000000-0000-0000-0000-000000000000(cell0),f6a06c34-9de2-4c48-a891-6f93af90cc47(cell1) {{(pid=74365) load_cells /opt/stack/nova/nova/context.py:472}}
Jul 30 06:48:16.443993 np0000031980 devstack@n-api-meta.service[74365]: INFO nova.utils [None req-2c2e0c68-23c4-45f2-962a-d5793a532432 None None] The cell worker thread pool MainProcess.cell_worker is initialized
Jul 30 06:48:16.445277 np0000031980 devstack@n-api-meta.service[74365]: DEBUG oslo_concurrency.lockutils [None req-2c2e0c68-23c4-45f2-962a-d5793a532432 None None] Acquiring lock "00000000-0000-0000-0000-000000000000" by "nova.context.set_target_cell.<locals>.get_or_set_cached_cell_and_set_connections" {{(pid=74365) inner /opt/stack/data/venv/lib/python3.12/site-packages/oslo_concurrency/lockutils.py:405}}
Jul 30 06:48:16.445439 np0000031980 devstack@n-api-meta.service[74365]: DEBUG oslo_concurrency.lockutils [None req-2c2e0c68-23c4-45f2-962a-d5793a532432 None None] Lock "00000000-0000-0000-0000-000000000000" acquired by "nova.context.set_target_cell.<locals>.get_or_set_cached_cell_and_set_connections" :: waited 0.000s {{(pid=74365) inner /opt/stack/data/venv/lib/python3.12/site-packages/oslo_concurrency/lockutils.py:410}}
Jul 30 06:48:16.445774 np0000031980 devstack@n-api-meta.service[74365]: DEBUG oslo_concurrency.lockutils [None req-2c2e0c68-23c4-45f2-962a-d5793a532432 None None] Lock "00000000-0000-0000-0000-000000000000" "released" by "nova.context.set_target_cell.<locals>.get_or_set_cached_cell_and_set_connections" :: held 0.000s {{(pid=74365) inner /opt/stack/data/venv/lib/python3.12/site-packages/oslo_concurrency/lockutils.py:424}}
Jul 30 06:48:16.445806 np0000031980 devstack@n-api-meta.service[74364]: DEBUG oslo_db.sqlalchemy.engines [None req-1dc1b9a7-5921-48e1-b6e2-616541fc0224 None None] MySQL server mode set to STRICT_TRANS_TABLES,STRICT_ALL_TABLES,NO_ZERO_IN_DATE,NO_ZERO_DATE,ERROR_FOR_DIVISION_BY_ZERO,TRADITIONAL,NO_ENGINE_SUBSTITUTION {{(pid=74364) _check_effective_sql_mode /opt/stack/data/venv/lib/python3.12/site-packages/oslo_db/sqlalchemy/engines.py:397}}
Jul 30 06:48:16.446103 np0000031980 devstack@n-api-meta.service[74365]: DEBUG oslo_concurrency.lockutils [None req-2c2e0c68-23c4-45f2-962a-d5793a532432 None None] Acquiring lock "f6a06c34-9de2-4c48-a891-6f93af90cc47" by "nova.context.set_target_cell.<locals>.get_or_set_cached_cell_and_set_connections" {{(pid=74365) inner /opt/stack/data/venv/lib/python3.12/site-packages/oslo_concurrency/lockutils.py:405}}
Jul 30 06:48:16.446241 np0000031980 devstack@n-api-meta.service[74365]: DEBUG oslo_concurrency.lockutils [None req-2c2e0c68-23c4-45f2-962a-d5793a532432 None None] Lock "f6a06c34-9de2-4c48-a891-6f93af90cc47" acquired by "nova.context.set_target_cell.<locals>.get_or_set_cached_cell_and_set_connections" :: waited 0.000s {{(pid=74365) inner /opt/stack/data/venv/lib/python3.12/site-packages/oslo_concurrency/lockutils.py:410}}
Jul 30 06:48:16.446928 np0000031980 devstack@n-api-meta.service[74365]: DEBUG oslo_concurrency.lockutils [None req-2c2e0c68-23c4-45f2-962a-d5793a532432 None None] Lock "f6a06c34-9de2-4c48-a891-6f93af90cc47" "released" by "nova.context.set_target_cell.<locals>.get_or_set_cached_cell_and_set_connections" :: held 0.001s {{(pid=74365) inner /opt/stack/data/venv/lib/python3.12/site-packages/oslo_concurrency/lockutils.py:424}}
Jul 30 06:48:16.448070 np0000031980 devstack@n-api-meta.service[74365]: INFO dbcounter [None req-2c2e0c68-23c4-45f2-962a-d5793a532432 None None] Registered counter for database nova_cell0
Jul 30 06:48:16.449947 np0000031980 devstack@n-api-meta.service[74365]: INFO dbcounter [None req-2c2e0c68-23c4-45f2-962a-d5793a532432 None None] Registered counter for database nova_cell1
Jul 30 06:48:16.453857 np0000031980 devstack@n-api-meta.service[74365]: DEBUG oslo_db.sqlalchemy.engines [None req-2c2e0c68-23c4-45f2-962a-d5793a532432 None None] MySQL server mode set to STRICT_TRANS_TABLES,STRICT_ALL_TABLES,NO_ZERO_IN_DATE,NO_ZERO_DATE,ERROR_FOR_DIVISION_BY_ZERO,TRADITIONAL,NO_ENGINE_SUBSTITUTION {{(pid=74365) _check_effective_sql_mode /opt/stack/data/venv/lib/python3.12/site-packages/oslo_db/sqlalchemy/engines.py:397}}
Jul 30 06:48:16.505255 np0000031980 devstack@n-api-meta.service[74364]: DEBUG dbcounter [-] [74364] Writer thread running {{(pid=74364) stat_writer /opt/stack/data/venv/lib/python3.12/site-packages/dbcounter.py:102}}
Jul 30 06:48:16.509064 np0000031980 devstack@n-api-meta.service[74364]: DEBUG dbcounter [-] [74364] Writer thread running {{(pid=74364) stat_writer /opt/stack/data/venv/lib/python3.12/site-packages/dbcounter.py:102}}
Jul 30 06:48:16.511043 np0000031980 devstack@n-api-meta.service[74364]: INFO dbcounter [None req-1dc1b9a7-5921-48e1-b6e2-616541fc0224 None None] Registered counter for database nova_cell0
Jul 30 06:48:16.515167 np0000031980 devstack@n-api-meta.service[74364]: DEBUG oslo_db.sqlalchemy.engines [None req-1dc1b9a7-5921-48e1-b6e2-616541fc0224 None None] MySQL server mode set to STRICT_TRANS_TABLES,STRICT_ALL_TABLES,NO_ZERO_IN_DATE,NO_ZERO_DATE,ERROR_FOR_DIVISION_BY_ZERO,TRADITIONAL,NO_ENGINE_SUBSTITUTION {{(pid=74364) _check_effective_sql_mode /opt/stack/data/venv/lib/python3.12/site-packages/oslo_db/sqlalchemy/engines.py:397}}
Jul 30 06:48:16.518651 np0000031980 devstack@n-api-meta.service[74365]: DEBUG oslo_db.sqlalchemy.engines [None req-2c2e0c68-23c4-45f2-962a-d5793a532432 None None] MySQL server mode set to STRICT_TRANS_TABLES,STRICT_ALL_TABLES,NO_ZERO_IN_DATE,NO_ZERO_DATE,ERROR_FOR_DIVISION_BY_ZERO,TRADITIONAL,NO_ENGINE_SUBSTITUTION {{(pid=74365) _check_effective_sql_mode /opt/stack/data/venv/lib/python3.12/site-packages/oslo_db/sqlalchemy/engines.py:397}}
Jul 30 06:48:16.518712 np0000031980 devstack@n-api-meta.service[74364]: DEBUG dbcounter [-] [74364] Writer thread running {{(pid=74364) stat_writer /opt/stack/data/venv/lib/python3.12/site-packages/dbcounter.py:102}}
Jul 30 06:48:16.519018 np0000031980 devstack@n-api-meta.service[74365]: DEBUG dbcounter [-] [74365] Writer thread running {{(pid=74365) stat_writer /opt/stack/data/venv/lib/python3.12/site-packages/dbcounter.py:102}}
Jul 30 06:48:16.522611 np0000031980 devstack@n-api-meta.service[74365]: DEBUG dbcounter [-] [74365] Writer thread running {{(pid=74365) stat_writer /opt/stack/data/venv/lib/python3.12/site-packages/dbcounter.py:102}}
Jul 30 06:48:16.524415 np0000031980 devstack@n-api-meta.service[74365]: INFO dbcounter [None req-2c2e0c68-23c4-45f2-962a-d5793a532432 None None] Registered counter for database nova_cell0
Jul 30 06:48:16.528769 np0000031980 devstack@n-api-meta.service[74365]: DEBUG oslo_db.sqlalchemy.engines [None req-2c2e0c68-23c4-45f2-962a-d5793a532432 None None] MySQL server mode set to STRICT_TRANS_TABLES,STRICT_ALL_TABLES,NO_ZERO_IN_DATE,NO_ZERO_DATE,ERROR_FOR_DIVISION_BY_ZERO,TRADITIONAL,NO_ENGINE_SUBSTITUTION {{(pid=74365) _check_effective_sql_mode /opt/stack/data/venv/lib/python3.12/site-packages/oslo_db/sqlalchemy/engines.py:397}}
Jul 30 06:48:16.532903 np0000031980 devstack@n-api-meta.service[74365]: DEBUG dbcounter [-] [74365] Writer thread running {{(pid=74365) stat_writer /opt/stack/data/venv/lib/python3.12/site-packages/dbcounter.py:102}}
Jul 30 06:48:16.548419 np0000031980 devstack@n-api-meta.service[74364]: WARNING nova.api.metadata.handler [None req-1dc1b9a7-5921-48e1-b6e2-616541fc0224 None None] metadata_proxy_shared_secret is not configured, the metadata information returned by the proxy cannot be trusted
Jul 30 06:48:16.550076 np0000031980 devstack@n-api-meta.service[74364]: WSGI app 0 (mountpoint='') ready in 2 seconds on interpreter 0x75b8faaa39e8 pid: 74364 (default app)
Jul 30 06:48:16.555568 np0000031980 devstack@n-api-meta.service[74365]: WARNING nova.api.metadata.handler [None req-2c2e0c68-23c4-45f2-962a-d5793a532432 None None] metadata_proxy_shared_secret is not configured, the metadata information returned by the proxy cannot be trusted
Jul 30 06:48:16.557194 np0000031980 devstack@n-api-meta.service[74365]: WSGI app 0 (mountpoint='') ready in 2 seconds on interpreter 0x75b8faaa39e8 pid: 74365 (default app)
Jul 30 06:51:09.968658 np0000031980 devstack@n-api-meta.service[74364]: DEBUG nova.api.metadata.handler [None req-1dc1b9a7-5921-48e1-b6e2-616541fc0224 None None] Metadata request headers: {'Host': '192.168.1.111:8775', 'User-Agent': 'python-requests/2.32.4', 'Accept-Encoding': 'gzip, deflate', 'Accept': '*/*', 'Connection': 'keep-alive', 'X-Forwarded-For': '10.1.0.13', 'X-Instance-Id': 'e0def366-489b-4586-8da1-4bf8798b6212', 'X-Tenant-Id': 'b4fc26e110f14dd4a2164d0967df0d6c', 'X-Instance-Id-Signature': 'c072e34b4c34a744b99c7f23945be436462da72d56d6c698eb61af6d413a54b6'} {{(pid=74364) __call__ /opt/stack/nova/nova/api/metadata/handler.py:109}}
Jul 30 06:51:09.979469 np0000031980 devstack@n-api-meta.service[74364]: DEBUG dbcounter [-] [74364] Writing DB stats nova_api:SELECT=1 {{(pid=74364) stat_writer /opt/stack/data/venv/lib/python3.12/site-packages/dbcounter.py:115}}
Jul 30 06:51:09.980016 np0000031980 devstack@n-api-meta.service[74364]: DEBUG dbcounter [-] [74364] Writing DB stats nova_cell0:SELECT=1 {{(pid=74364) stat_writer /opt/stack/data/venv/lib/python3.12/site-packages/dbcounter.py:115}}
Jul 30 06:51:09.980371 np0000031980 devstack@n-api-meta.service[74364]: DEBUG dbcounter [-] [74364] Writing DB stats nova_cell1:SELECT=1 {{(pid=74364) stat_writer /opt/stack/data/venv/lib/python3.12/site-packages/dbcounter.py:115}}
Jul 30 06:51:09.980718 np0000031980 devstack@n-api-meta.service[74364]: DEBUG dbcounter [-] [74364] Writing DB stats nova_cell0:SELECT=2,nova_cell0:INSERT=1 {{(pid=74364) stat_writer /opt/stack/data/venv/lib/python3.12/site-packages/dbcounter.py:115}}
Jul 30 06:51:09.983555 np0000031980 devstack@n-api-meta.service[74364]: DEBUG oslo_concurrency.lockutils [None req-0152962b-1e52-4c40-9fb6-3b496c824e79 None None] Acquiring lock "f6a06c34-9de2-4c48-a891-6f93af90cc47" by "nova.context.set_target_cell.<locals>.get_or_set_cached_cell_and_set_connections" {{(pid=74364) inner /opt/stack/data/venv/lib/python3.12/site-packages/oslo_concurrency/lockutils.py:405}}
Jul 30 06:51:09.983740 np0000031980 devstack@n-api-meta.service[74364]: DEBUG oslo_concurrency.lockutils [None req-0152962b-1e52-4c40-9fb6-3b496c824e79 None None] Lock "f6a06c34-9de2-4c48-a891-6f93af90cc47" acquired by "nova.context.set_target_cell.<locals>.get_or_set_cached_cell_and_set_connections" :: waited 0.000s {{(pid=74364) inner /opt/stack/data/venv/lib/python3.12/site-packages/oslo_concurrency/lockutils.py:410}}
Jul 30 06:51:09.983858 np0000031980 devstack@n-api-meta.service[74364]: DEBUG oslo_concurrency.lockutils [None req-0152962b-1e52-4c40-9fb6-3b496c824e79 None None] Lock "f6a06c34-9de2-4c48-a891-6f93af90cc47" "released" by "nova.context.set_target_cell.<locals>.get_or_set_cached_cell_and_set_connections" :: held 0.000s {{(pid=74364) inner /opt/stack/data/venv/lib/python3.12/site-packages/oslo_concurrency/lockutils.py:424}}
Jul 30 06:51:10.109528 np0000031980 devstack@n-api-meta.service[74364]: WARNING neutronclient.v2_0.client [None req-0152962b-1e52-4c40-9fb6-3b496c824e79 None None] The python binding code in neutronclient is deprecated in favor of OpenstackSDK, please use that as this will be removed in a future release.
Jul 30 06:51:10.255743 np0000031980 devstack@n-api-meta.service[74364]: [pid: 74364|app: 0|req: 1/1] 192.168.1.111 () {40 vars in 682 bytes} [Wed Jul 30 06:51:09 2025] GET /2009-04-04/meta-data/instance-id => generated 10 bytes in 289 msecs (HTTP/1.1 200) 3 headers in 99 bytes (1 switches on core 0)
Jul 30 06:51:10.412540 np0000031980 devstack@n-api-meta.service[74365]: DEBUG nova.api.metadata.handler [None req-2c2e0c68-23c4-45f2-962a-d5793a532432 None None] Metadata request headers: {'Host': '192.168.1.111:8775', 'User-Agent': 'python-requests/2.32.4', 'Accept-Encoding': 'gzip, deflate', 'Accept': '*/*', 'Connection': 'keep-alive', 'X-Forwarded-For': '10.1.0.13', 'X-Instance-Id': 'e0def366-489b-4586-8da1-4bf8798b6212', 'X-Tenant-Id': 'b4fc26e110f14dd4a2164d0967df0d6c', 'X-Instance-Id-Signature': 'c072e34b4c34a744b99c7f23945be436462da72d56d6c698eb61af6d413a54b6'} {{(pid=74365) __call__ /opt/stack/nova/nova/api/metadata/handler.py:109}}
Jul 30 06:51:10.415170 np0000031980 devstack@n-api-meta.service[74365]: DEBUG dbcounter [-] [74365] Writing DB stats nova_api:SELECT=1 {{(pid=74365) stat_writer /opt/stack/data/venv/lib/python3.12/site-packages/dbcounter.py:115}}
Jul 30 06:51:10.415805 np0000031980 devstack@n-api-meta.service[74365]: DEBUG dbcounter [-] [74365] Writing DB stats nova_cell0:SELECT=1 {{(pid=74365) stat_writer /opt/stack/data/venv/lib/python3.12/site-packages/dbcounter.py:115}}
Jul 30 06:51:10.416325 np0000031980 devstack@n-api-meta.service[74365]: DEBUG dbcounter [-] [74365] Writing DB stats nova_cell1:SELECT=1 {{(pid=74365) stat_writer /opt/stack/data/venv/lib/python3.12/site-packages/dbcounter.py:115}}
Jul 30 06:51:10.416709 np0000031980 devstack@n-api-meta.service[74365]: DEBUG dbcounter [-] [74365] Writing DB stats nova_cell0:SELECT=1 {{(pid=74365) stat_writer /opt/stack/data/venv/lib/python3.12/site-packages/dbcounter.py:115}}
Jul 30 06:51:10.419150 np0000031980 devstack@n-api-meta.service[74365]: DEBUG nova.api.metadata.handler [None req-2c2e0c68-23c4-45f2-962a-d5793a532432 None None] Using cached metadata for instance e0def366-489b-4586-8da1-4bf8798b6212 {{(pid=74365) get_metadata_by_instance_id /opt/stack/nova/nova/api/metadata/handler.py:84}}
Jul 30 06:51:10.419734 np0000031980 devstack@n-api-meta.service[74365]: [pid: 74365|app: 0|req: 1/2] 192.168.1.111 () {40 vars in 682 bytes} [Wed Jul 30 06:51:10 2025] GET /2009-04-04/meta-data/public-keys => generated 27 bytes in 9 msecs (HTTP/1.1 200) 3 headers in 99 bytes (1 switches on core 0)
Jul 30 06:51:10.521370 np0000031980 devstack@n-api-meta.service[74364]: DEBUG nova.api.metadata.handler [None req-0152962b-1e52-4c40-9fb6-3b496c824e79 None None] Metadata request headers: {'Host': '192.168.1.111:8775', 'User-Agent': 'python-requests/2.32.4', 'Accept-Encoding': 'gzip, deflate', 'Accept': '*/*', 'Connection': 'keep-alive', 'X-Forwarded-For': '10.1.0.13', 'X-Instance-Id': 'e0def366-489b-4586-8da1-4bf8798b6212', 'X-Tenant-Id': 'b4fc26e110f14dd4a2164d0967df0d6c', 'X-Instance-Id-Signature': 'c072e34b4c34a744b99c7f23945be436462da72d56d6c698eb61af6d413a54b6'} {{(pid=74364) __call__ /opt/stack/nova/nova/api/metadata/handler.py:109}}
Jul 30 06:51:10.523285 np0000031980 devstack@n-api-meta.service[74364]: DEBUG nova.api.metadata.handler [None req-0152962b-1e52-4c40-9fb6-3b496c824e79 None None] Using cached metadata for instance e0def366-489b-4586-8da1-4bf8798b6212 {{(pid=74364) get_metadata_by_instance_id /opt/stack/nova/nova/api/metadata/handler.py:84}}
Jul 30 06:51:10.523711 np0000031980 devstack@n-api-meta.service[74364]: [pid: 74364|app: 0|req: 2/3] 192.168.1.111 () {40 vars in 710 bytes} [Wed Jul 30 06:51:10 2025] GET /2009-04-04/meta-data/public-keys/0/openssh-key => generated 204 bytes in 3 msecs (HTTP/1.1 200) 3 headers in 100 bytes (1 switches on core 0)
Jul 30 06:51:10.654626 np0000031980 devstack@n-api-meta.service[74365]: DEBUG nova.api.metadata.handler [None req-2c2e0c68-23c4-45f2-962a-d5793a532432 None None] Metadata request headers: {'Host': '192.168.1.111:8775', 'User-Agent': 'python-requests/2.32.4', 'Accept-Encoding': 'gzip, deflate', 'Accept': '*/*', 'Connection': 'keep-alive', 'X-Forwarded-For': '10.1.0.13', 'X-Instance-Id': 'e0def366-489b-4586-8da1-4bf8798b6212', 'X-Tenant-Id': 'b4fc26e110f14dd4a2164d0967df0d6c', 'X-Instance-Id-Signature': 'c072e34b4c34a744b99c7f23945be436462da72d56d6c698eb61af6d413a54b6'} {{(pid=74365) __call__ /opt/stack/nova/nova/api/metadata/handler.py:109}}
Jul 30 06:51:10.656327 np0000031980 devstack@n-api-meta.service[74365]: DEBUG nova.api.metadata.handler [None req-2c2e0c68-23c4-45f2-962a-d5793a532432 None None] Using cached metadata for instance e0def366-489b-4586-8da1-4bf8798b6212 {{(pid=74365) get_metadata_by_instance_id /opt/stack/nova/nova/api/metadata/handler.py:84}}
Jul 30 06:51:10.656669 np0000031980 devstack@n-api-meta.service[74365]: [pid: 74365|app: 0|req: 2/4] 192.168.1.111 () {40 vars in 682 bytes} [Wed Jul 30 06:51:10 2025] GET /2009-04-04/meta-data/instance-id => generated 10 bytes in 2 msecs (HTTP/1.1 200) 3 headers in 99 bytes (1 switches on core 0)
Jul 30 06:51:10.772725 np0000031980 devstack@n-api-meta.service[74364]: DEBUG nova.api.metadata.handler [None req-0152962b-1e52-4c40-9fb6-3b496c824e79 None None] Metadata request headers: {'Host': '192.168.1.111:8775', 'User-Agent': 'python-requests/2.32.4', 'Accept-Encoding': 'gzip, deflate', 'Accept': '*/*', 'Connection': 'keep-alive', 'X-Forwarded-For': '10.1.0.13', 'X-Instance-Id': 'e0def366-489b-4586-8da1-4bf8798b6212', 'X-Tenant-Id': 'b4fc26e110f14dd4a2164d0967df0d6c', 'X-Instance-Id-Signature': 'c072e34b4c34a744b99c7f23945be436462da72d56d6c698eb61af6d413a54b6'} {{(pid=74364) __call__ /opt/stack/nova/nova/api/metadata/handler.py:109}}
Jul 30 06:51:10.773806 np0000031980 devstack@n-api-meta.service[74364]: DEBUG nova.api.metadata.handler [None req-0152962b-1e52-4c40-9fb6-3b496c824e79 None None] Using cached metadata for instance e0def366-489b-4586-8da1-4bf8798b6212 {{(pid=74364) get_metadata_by_instance_id /opt/stack/nova/nova/api/metadata/handler.py:84}}
Jul 30 06:51:10.774125 np0000031980 devstack@n-api-meta.service[74364]: [pid: 74364|app: 0|req: 3/5] 192.168.1.111 () {40 vars in 692 bytes} [Wed Jul 30 06:51:10 2025] GET /2009-04-04/meta-data/ami-launch-index => generated 1 bytes in 1 msecs (HTTP/1.1 200) 3 headers in 98 bytes (1 switches on core 0)
Jul 30 06:51:10.898262 np0000031980 devstack@n-api-meta.service[74365]: DEBUG nova.api.metadata.handler [None req-2c2e0c68-23c4-45f2-962a-d5793a532432 None None] Metadata request headers: {'Host': '192.168.1.111:8775', 'User-Agent': 'python-requests/2.32.4', 'Accept-Encoding': 'gzip, deflate', 'Accept': '*/*', 'Connection': 'keep-alive', 'X-Forwarded-For': '10.1.0.13', 'X-Instance-Id': 'e0def366-489b-4586-8da1-4bf8798b6212', 'X-Tenant-Id': 'b4fc26e110f14dd4a2164d0967df0d6c', 'X-Instance-Id-Signature': 'c072e34b4c34a744b99c7f23945be436462da72d56d6c698eb61af6d413a54b6'} {{(pid=74365) __call__ /opt/stack/nova/nova/api/metadata/handler.py:109}}
Jul 30 06:51:10.899521 np0000031980 devstack@n-api-meta.service[74365]: DEBUG nova.api.metadata.handler [None req-2c2e0c68-23c4-45f2-962a-d5793a532432 None None] Using cached metadata for instance e0def366-489b-4586-8da1-4bf8798b6212 {{(pid=74365) get_metadata_by_instance_id /opt/stack/nova/nova/api/metadata/handler.py:84}}
Jul 30 06:51:10.899830 np0000031980 devstack@n-api-meta.service[74365]: [pid: 74365|app: 0|req: 3/6] 192.168.1.111 () {40 vars in 686 bytes} [Wed Jul 30 06:51:10 2025] GET /2009-04-04/meta-data/instance-type => generated 7 bytes in 2 msecs (HTTP/1.1 200) 3 headers in 98 bytes (1 switches on core 0)
Jul 30 06:51:11.029190 np0000031980 devstack@n-api-meta.service[74364]: DEBUG nova.api.metadata.handler [None req-0152962b-1e52-4c40-9fb6-3b496c824e79 None None] Metadata request headers: {'Host': '192.168.1.111:8775', 'User-Agent': 'python-requests/2.32.4', 'Accept-Encoding': 'gzip, deflate', 'Accept': '*/*', 'Connection': 'keep-alive', 'X-Forwarded-For': '10.1.0.13', 'X-Instance-Id': 'e0def366-489b-4586-8da1-4bf8798b6212', 'X-Tenant-Id': 'b4fc26e110f14dd4a2164d0967df0d6c', 'X-Instance-Id-Signature': 'c072e34b4c34a744b99c7f23945be436462da72d56d6c698eb61af6d413a54b6'} {{(pid=74364) __call__ /opt/stack/nova/nova/api/metadata/handler.py:109}}
Jul 30 06:51:11.030331 np0000031980 devstack@n-api-meta.service[74364]: DEBUG nova.api.metadata.handler [None req-0152962b-1e52-4c40-9fb6-3b496c824e79 None None] Using cached metadata for instance e0def366-489b-4586-8da1-4bf8798b6212 {{(pid=74364) get_metadata_by_instance_id /opt/stack/nova/nova/api/metadata/handler.py:84}}
Jul 30 06:51:11.030684 np0000031980 devstack@n-api-meta.service[74364]: [pid: 74364|app: 0|req: 4/7] 192.168.1.111 () {40 vars in 680 bytes} [Wed Jul 30 06:51:11 2025] GET /2009-04-04/meta-data/local-ipv4 => generated 9 bytes in 2 msecs (HTTP/1.1 200) 3 headers in 98 bytes (1 switches on core 0)
Jul 30 06:51:11.284446 np0000031980 devstack@n-api-meta.service[74365]: DEBUG nova.api.metadata.handler [None req-2c2e0c68-23c4-45f2-962a-d5793a532432 None None] Metadata request headers: {'Host': '192.168.1.111:8775', 'User-Agent': 'python-requests/2.32.4', 'Accept-Encoding': 'gzip, deflate', 'Accept': '*/*', 'Connection': 'keep-alive', 'X-Forwarded-For': '10.1.0.13', 'X-Instance-Id': 'e0def366-489b-4586-8da1-4bf8798b6212', 'X-Tenant-Id': 'b4fc26e110f14dd4a2164d0967df0d6c', 'X-Instance-Id-Signature': 'c072e34b4c34a744b99c7f23945be436462da72d56d6c698eb61af6d413a54b6'} {{(pid=74365) __call__ /opt/stack/nova/nova/api/metadata/handler.py:109}}
Jul 30 06:51:11.285727 np0000031980 devstack@n-api-meta.service[74365]: DEBUG nova.api.metadata.handler [None req-2c2e0c68-23c4-45f2-962a-d5793a532432 None None] Using cached metadata for instance e0def366-489b-4586-8da1-4bf8798b6212 {{(pid=74365) get_metadata_by_instance_id /opt/stack/nova/nova/api/metadata/handler.py:84}}
Jul 30 06:51:11.286044 np0000031980 devstack@n-api-meta.service[74365]: [pid: 74365|app: 0|req: 4/8] 192.168.1.111 () {40 vars in 682 bytes} [Wed Jul 30 06:51:11 2025] GET /2009-04-04/meta-data/public-ipv4 => generated 11 bytes in 2 msecs (HTTP/1.1 200) 3 headers in 99 bytes (1 switches on core 0)
Jul 30 06:51:11.564691 np0000031980 devstack@n-api-meta.service[74364]: DEBUG nova.api.metadata.handler [None req-0152962b-1e52-4c40-9fb6-3b496c824e79 None None] Metadata request headers: {'Host': '192.168.1.111:8775', 'User-Agent': 'python-requests/2.32.4', 'Accept-Encoding': 'gzip, deflate', 'Accept': '*/*', 'Connection': 'keep-alive', 'X-Forwarded-For': '10.1.0.13', 'X-Instance-Id': 'e0def366-489b-4586-8da1-4bf8798b6212', 'X-Tenant-Id': 'b4fc26e110f14dd4a2164d0967df0d6c', 'X-Instance-Id-Signature': 'c072e34b4c34a744b99c7f23945be436462da72d56d6c698eb61af6d413a54b6'} {{(pid=74364) __call__ /opt/stack/nova/nova/api/metadata/handler.py:109}}
Jul 30 06:51:11.566246 np0000031980 devstack@n-api-meta.service[74364]: DEBUG nova.api.metadata.handler [None req-0152962b-1e52-4c40-9fb6-3b496c824e79 None None] Using cached metadata for instance e0def366-489b-4586-8da1-4bf8798b6212 {{(pid=74364) get_metadata_by_instance_id /opt/stack/nova/nova/api/metadata/handler.py:84}}
Jul 30 06:51:11.566376 np0000031980 devstack@n-api-meta.service[74364]: [pid: 74364|app: 0|req: 5/9] 192.168.1.111 () {40 vars in 676 bytes} [Wed Jul 30 06:51:11 2025] GET /2009-04-04/meta-data/hostname => generated 49 bytes in 2 msecs (HTTP/1.1 200) 3 headers in 99 bytes (1 switches on core 0)
Jul 30 06:51:11.611779 np0000031980 devstack@n-api-meta.service[74365]: DEBUG nova.api.metadata.handler [None req-2c2e0c68-23c4-45f2-962a-d5793a532432 None None] Metadata request headers: {'Host': '192.168.1.111:8775', 'User-Agent': 'python-requests/2.32.4', 'Accept-Encoding': 'gzip, deflate', 'Accept': '*/*', 'Connection': 'keep-alive', 'X-Forwarded-For': '10.1.0.7', 'X-Instance-Id': 'd4a558dd-2e26-4682-8cdb-9a9ebe8d5dc3', 'X-Tenant-Id': '556a90dedabd47859203da2311cd5636', 'X-Instance-Id-Signature': 'ecae2adfd9c09eb039f28334e3fb55ae088b1cb8646a74e02fa07523e2ce1978'} {{(pid=74365) __call__ /opt/stack/nova/nova/api/metadata/handler.py:109}}
Jul 30 06:51:11.622953 np0000031980 devstack@n-api-meta.service[74365]: DEBUG oslo_concurrency.lockutils [None req-93d4f037-ddd4-4962-8fbb-ffdc21da2571 None None] Acquiring lock "f6a06c34-9de2-4c48-a891-6f93af90cc47" by "nova.context.set_target_cell.<locals>.get_or_set_cached_cell_and_set_connections" {{(pid=74365) inner /opt/stack/data/venv/lib/python3.12/site-packages/oslo_concurrency/lockutils.py:405}}
Jul 30 06:51:11.623138 np0000031980 devstack@n-api-meta.service[74365]: DEBUG oslo_concurrency.lockutils [None req-93d4f037-ddd4-4962-8fbb-ffdc21da2571 None None] Lock "f6a06c34-9de2-4c48-a891-6f93af90cc47" acquired by "nova.context.set_target_cell.<locals>.get_or_set_cached_cell_and_set_connections" :: waited 0.000s {{(pid=74365) inner /opt/stack/data/venv/lib/python3.12/site-packages/oslo_concurrency/lockutils.py:410}}
Jul 30 06:51:11.623265 np0000031980 devstack@n-api-meta.service[74365]: DEBUG oslo_concurrency.lockutils [None req-93d4f037-ddd4-4962-8fbb-ffdc21da2571 None None] Lock "f6a06c34-9de2-4c48-a891-6f93af90cc47" "released" by "nova.context.set_target_cell.<locals>.get_or_set_cached_cell_and_set_connections" :: held 0.000s {{(pid=74365) inner /opt/stack/data/venv/lib/python3.12/site-packages/oslo_concurrency/lockutils.py:424}}
Jul 30 06:51:11.705177 np0000031980 devstack@n-api-meta.service[74364]: DEBUG nova.api.metadata.handler [None req-0152962b-1e52-4c40-9fb6-3b496c824e79 None None] Metadata request headers: {'Host': '192.168.1.111:8775', 'User-Agent': 'python-requests/2.32.4', 'Accept-Encoding': 'gzip, deflate', 'Accept': '*/*', 'Connection': 'keep-alive', 'X-Forwarded-For': '10.1.0.13', 'X-Instance-Id': 'e0def366-489b-4586-8da1-4bf8798b6212', 'X-Tenant-Id': 'b4fc26e110f14dd4a2164d0967df0d6c', 'X-Instance-Id-Signature': 'c072e34b4c34a744b99c7f23945be436462da72d56d6c698eb61af6d413a54b6'} {{(pid=74364) __call__ /opt/stack/nova/nova/api/metadata/handler.py:109}}
Jul 30 06:51:11.706377 np0000031980 devstack@n-api-meta.service[74364]: DEBUG nova.api.metadata.handler [None req-0152962b-1e52-4c40-9fb6-3b496c824e79 None None] Using cached metadata for instance e0def366-489b-4586-8da1-4bf8798b6212 {{(pid=74364) get_metadata_by_instance_id /opt/stack/nova/nova/api/metadata/handler.py:84}}
Jul 30 06:51:11.706723 np0000031980 devstack@n-api-meta.service[74364]: [pid: 74364|app: 0|req: 6/10] 192.168.1.111 () {40 vars in 688 bytes} [Wed Jul 30 06:51:11 2025] GET /2009-04-04/meta-data/local-hostname => generated 49 bytes in 2 msecs (HTTP/1.1 200) 3 headers in 99 bytes (1 switches on core 0)
Jul 30 06:51:11.743554 np0000031980 devstack@n-api-meta.service[74365]: WARNING neutronclient.v2_0.client [None req-93d4f037-ddd4-4962-8fbb-ffdc21da2571 None None] The python binding code in neutronclient is deprecated in favor of OpenstackSDK, please use that as this will be removed in a future release.
Jul 30 06:51:11.848854 np0000031980 devstack@n-api-meta.service[74364]: DEBUG nova.api.metadata.handler [None req-0152962b-1e52-4c40-9fb6-3b496c824e79 None None] Metadata request headers: {'Host': '192.168.1.111:8775', 'User-Agent': 'python-requests/2.32.4', 'Accept-Encoding': 'gzip, deflate', 'Accept': '*/*', 'Connection': 'keep-alive', 'X-Forwarded-For': '10.1.0.13', 'X-Instance-Id': 'e0def366-489b-4586-8da1-4bf8798b6212', 'X-Tenant-Id': 'b4fc26e110f14dd4a2164d0967df0d6c', 'X-Instance-Id-Signature': 'c072e34b4c34a744b99c7f23945be436462da72d56d6c698eb61af6d413a54b6'} {{(pid=74364) __call__ /opt/stack/nova/nova/api/metadata/handler.py:109}}
Jul 30 06:51:11.850183 np0000031980 devstack@n-api-meta.service[74364]: DEBUG nova.api.metadata.handler [None req-0152962b-1e52-4c40-9fb6-3b496c824e79 None None] Using cached metadata for instance e0def366-489b-4586-8da1-4bf8798b6212 {{(pid=74364) get_metadata_by_instance_id /opt/stack/nova/nova/api/metadata/handler.py:84}}
Jul 30 06:51:11.851338 np0000031980 devstack@n-api-meta.service[74364]: [pid: 74364|app: 0|req: 7/11] 192.168.1.111 () {40 vars in 658 bytes} [Wed Jul 30 06:51:11 2025] GET /2009-04-04/user-data => generated 95 bytes in 2 msecs (HTTP/1.1 200) 3 headers in 99 bytes (1 switches on core 0)
Jul 30 06:51:11.887617 np0000031980 devstack@n-api-meta.service[74365]: [pid: 74365|app: 0|req: 5/12] 192.168.1.111 () {40 vars in 681 bytes} [Wed Jul 30 06:51:11 2025] GET /2009-04-04/meta-data/instance-id => generated 10 bytes in 276 msecs (HTTP/1.1 200) 3 headers in 99 bytes (1 switches on core 0)
Jul 30 06:51:11.978984 np0000031980 devstack@n-api-meta.service[74364]: DEBUG nova.api.metadata.handler [None req-0152962b-1e52-4c40-9fb6-3b496c824e79 None None] Metadata request headers: {'Host': '192.168.1.111:8775', 'User-Agent': 'python-requests/2.32.4', 'Accept-Encoding': 'gzip, deflate', 'Accept': '*/*', 'Connection': 'keep-alive', 'X-Forwarded-For': '10.1.0.13', 'X-Instance-Id': 'e0def366-489b-4586-8da1-4bf8798b6212', 'X-Tenant-Id': 'b4fc26e110f14dd4a2164d0967df0d6c', 'X-Instance-Id-Signature': 'c072e34b4c34a744b99c7f23945be436462da72d56d6c698eb61af6d413a54b6'} {{(pid=74364) __call__ /opt/stack/nova/nova/api/metadata/handler.py:109}}
Jul 30 06:51:11.980082 np0000031980 devstack@n-api-meta.service[74364]: DEBUG nova.api.metadata.handler [None req-0152962b-1e52-4c40-9fb6-3b496c824e79 None None] Using cached metadata for instance e0def366-489b-4586-8da1-4bf8798b6212 {{(pid=74364) get_metadata_by_instance_id /opt/stack/nova/nova/api/metadata/handler.py:84}}
Jul 30 06:51:11.980411 np0000031980 devstack@n-api-meta.service[74364]: [pid: 74364|app: 0|req: 8/13] 192.168.1.111 () {40 vars in 700 bytes} [Wed Jul 30 06:51:11 2025] GET /2009-04-04/meta-data/block-device-mapping => generated 8 bytes in 1 msecs (HTTP/1.1 200) 3 headers in 98 bytes (1 switches on core 0)
Jul 30 06:51:12.030467 np0000031980 devstack@n-api-meta.service[74365]: DEBUG nova.api.metadata.handler [None req-93d4f037-ddd4-4962-8fbb-ffdc21da2571 None None] Metadata request headers: {'Host': '192.168.1.111:8775', 'User-Agent': 'python-requests/2.32.4', 'Accept-Encoding': 'gzip, deflate', 'Accept': '*/*', 'Connection': 'keep-alive', 'X-Forwarded-For': '10.1.0.7', 'X-Instance-Id': 'd4a558dd-2e26-4682-8cdb-9a9ebe8d5dc3', 'X-Tenant-Id': '556a90dedabd47859203da2311cd5636', 'X-Instance-Id-Signature': 'ecae2adfd9c09eb039f28334e3fb55ae088b1cb8646a74e02fa07523e2ce1978'} {{(pid=74365) __call__ /opt/stack/nova/nova/api/metadata/handler.py:109}}
Jul 30 06:51:12.031620 np0000031980 devstack@n-api-meta.service[74365]: DEBUG nova.api.metadata.handler [None req-93d4f037-ddd4-4962-8fbb-ffdc21da2571 None None] Using cached metadata for instance d4a558dd-2e26-4682-8cdb-9a9ebe8d5dc3 {{(pid=74365) get_metadata_by_instance_id /opt/stack/nova/nova/api/metadata/handler.py:84}}
Jul 30 06:51:12.031915 np0000031980 devstack@n-api-meta.service[74365]: [pid: 74365|app: 0|req: 6/14] 192.168.1.111 () {40 vars in 681 bytes} [Wed Jul 30 06:51:12 2025] GET /2009-04-04/meta-data/public-keys => generated 28 bytes in 2 msecs (HTTP/1.1 200) 3 headers in 99 bytes (1 switches on core 0)
Jul 30 06:51:12.074718 np0000031980 devstack@n-api-meta.service[74364]: DEBUG nova.api.metadata.handler [None req-0152962b-1e52-4c40-9fb6-3b496c824e79 None None] Metadata request headers: {'Host': '192.168.1.111:8775', 'User-Agent': 'python-requests/2.32.4', 'Accept-Encoding': 'gzip, deflate', 'Accept': '*/*', 'Connection': 'keep-alive', 'X-Forwarded-For': '10.1.0.13', 'X-Instance-Id': 'e0def366-489b-4586-8da1-4bf8798b6212', 'X-Tenant-Id': 'b4fc26e110f14dd4a2164d0967df0d6c', 'X-Instance-Id-Signature': 'c072e34b4c34a744b99c7f23945be436462da72d56d6c698eb61af6d413a54b6'} {{(pid=74364) __call__ /opt/stack/nova/nova/api/metadata/handler.py:109}}
Jul 30 06:51:12.075740 np0000031980 devstack@n-api-meta.service[74364]: DEBUG nova.api.metadata.handler [None req-0152962b-1e52-4c40-9fb6-3b496c824e79 None None] Using cached metadata for instance e0def366-489b-4586-8da1-4bf8798b6212 {{(pid=74364) get_metadata_by_instance_id /opt/stack/nova/nova/api/metadata/handler.py:84}}
Jul 30 06:51:12.076049 np0000031980 devstack@n-api-meta.service[74364]: [pid: 74364|app: 0|req: 9/15] 192.168.1.111 () {40 vars in 708 bytes} [Wed Jul 30 06:51:12 2025] GET /2009-04-04/meta-data/block-device-mapping/ami => generated 3 bytes in 1 msecs (HTTP/1.1 200) 3 headers in 98 bytes (1 switches on core 0)
Jul 30 06:51:12.125613 np0000031980 devstack@n-api-meta.service[74365]: DEBUG nova.api.metadata.handler [None req-93d4f037-ddd4-4962-8fbb-ffdc21da2571 None None] Metadata request headers: {'Host': '192.168.1.111:8775', 'User-Agent': 'python-requests/2.32.4', 'Accept-Encoding': 'gzip, deflate', 'Accept': '*/*', 'Connection': 'keep-alive', 'X-Forwarded-For': '10.1.0.7', 'X-Instance-Id': 'd4a558dd-2e26-4682-8cdb-9a9ebe8d5dc3', 'X-Tenant-Id': '556a90dedabd47859203da2311cd5636', 'X-Instance-Id-Signature': 'ecae2adfd9c09eb039f28334e3fb55ae088b1cb8646a74e02fa07523e2ce1978'} {{(pid=74365) __call__ /opt/stack/nova/nova/api/metadata/handler.py:109}}
Jul 30 06:51:12.126639 np0000031980 devstack@n-api-meta.service[74365]: DEBUG nova.api.metadata.handler [None req-93d4f037-ddd4-4962-8fbb-ffdc21da2571 None None] Using cached metadata for instance d4a558dd-2e26-4682-8cdb-9a9ebe8d5dc3 {{(pid=74365) get_metadata_by_instance_id /opt/stack/nova/nova/api/metadata/handler.py:84}}
Jul 30 06:51:12.126940 np0000031980 devstack@n-api-meta.service[74365]: [pid: 74365|app: 0|req: 7/16] 192.168.1.111 () {40 vars in 708 bytes} [Wed Jul 30 06:51:12 2025] GET /2009-04-04/meta-data/public-keys/0/openssh-key => generated 204 bytes in 1 msecs (HTTP/1.1 200) 3 headers in 100 bytes (1 switches on core 0)
Jul 30 06:51:12.168856 np0000031980 devstack@n-api-meta.service[74364]: DEBUG nova.api.metadata.handler [None req-0152962b-1e52-4c40-9fb6-3b496c824e79 None None] Metadata request headers: {'Host': '192.168.1.111:8775', 'User-Agent': 'python-requests/2.32.4', 'Accept-Encoding': 'gzip, deflate', 'Accept': '*/*', 'Connection': 'keep-alive', 'X-Forwarded-For': '10.1.0.13', 'X-Instance-Id': 'e0def366-489b-4586-8da1-4bf8798b6212', 'X-Tenant-Id': 'b4fc26e110f14dd4a2164d0967df0d6c', 'X-Instance-Id-Signature': 'c072e34b4c34a744b99c7f23945be436462da72d56d6c698eb61af6d413a54b6'} {{(pid=74364) __call__ /opt/stack/nova/nova/api/metadata/handler.py:109}}
Jul 30 06:51:12.171358 np0000031980 devstack@n-api-meta.service[74364]: DEBUG nova.api.metadata.handler [None req-0152962b-1e52-4c40-9fb6-3b496c824e79 None None] Using cached metadata for instance e0def366-489b-4586-8da1-4bf8798b6212 {{(pid=74364) get_metadata_by_instance_id /opt/stack/nova/nova/api/metadata/handler.py:84}}
Jul 30 06:51:12.171690 np0000031980 devstack@n-api-meta.service[74364]: [pid: 74364|app: 0|req: 10/17] 192.168.1.111 () {40 vars in 709 bytes} [Wed Jul 30 06:51:12 2025] GET /2009-04-04/meta-data/block-device-mapping/root => generated 8 bytes in 3 msecs (HTTP/1.1 200) 3 headers in 98 bytes (1 switches on core 0)
Jul 30 06:51:12.243780 np0000031980 devstack@n-api-meta.service[74365]: DEBUG nova.api.metadata.handler [None req-93d4f037-ddd4-4962-8fbb-ffdc21da2571 None None] Metadata request headers: {'Host': '192.168.1.111:8775', 'User-Agent': 'python-requests/2.32.4', 'Accept-Encoding': 'gzip, deflate', 'Accept': '*/*', 'Connection': 'keep-alive', 'X-Forwarded-For': '10.1.0.7', 'X-Instance-Id': 'd4a558dd-2e26-4682-8cdb-9a9ebe8d5dc3', 'X-Tenant-Id': '556a90dedabd47859203da2311cd5636', 'X-Instance-Id-Signature': 'ecae2adfd9c09eb039f28334e3fb55ae088b1cb8646a74e02fa07523e2ce1978'} {{(pid=74365) __call__ /opt/stack/nova/nova/api/metadata/handler.py:109}}
Jul 30 06:51:12.244822 np0000031980 devstack@n-api-meta.service[74365]: DEBUG nova.api.metadata.handler [None req-93d4f037-ddd4-4962-8fbb-ffdc21da2571 None None] Using cached metadata for instance d4a558dd-2e26-4682-8cdb-9a9ebe8d5dc3 {{(pid=74365) get_metadata_by_instance_id /opt/stack/nova/nova/api/metadata/handler.py:84}}
Jul 30 06:51:12.245124 np0000031980 devstack@n-api-meta.service[74365]: [pid: 74365|app: 0|req: 8/18] 192.168.1.111 () {40 vars in 680 bytes} [Wed Jul 30 06:51:12 2025] GET /2009-04-04/meta-data/instance-id => generated 10 bytes in 1 msecs (HTTP/1.1 200) 3 headers in 99 bytes (1 switches on core 0)
Jul 30 06:51:12.289672 np0000031980 devstack@n-api-meta.service[74364]: DEBUG nova.api.metadata.handler [None req-0152962b-1e52-4c40-9fb6-3b496c824e79 None None] Metadata request headers: {'Host': '192.168.1.111:8775', 'User-Agent': 'python-requests/2.32.4', 'Accept-Encoding': 'gzip, deflate', 'Accept': '*/*', 'Connection': 'keep-alive', 'X-Forwarded-For': '10.1.0.13', 'X-Instance-Id': 'e0def366-489b-4586-8da1-4bf8798b6212', 'X-Tenant-Id': 'b4fc26e110f14dd4a2164d0967df0d6c', 'X-Instance-Id-Signature': 'c072e34b4c34a744b99c7f23945be436462da72d56d6c698eb61af6d413a54b6'} {{(pid=74364) __call__ /opt/stack/nova/nova/api/metadata/handler.py:109}}
Jul 30 06:51:12.290668 np0000031980 devstack@n-api-meta.service[74364]: DEBUG nova.api.metadata.handler [None req-0152962b-1e52-4c40-9fb6-3b496c824e79 None None] Using cached metadata for instance e0def366-489b-4586-8da1-4bf8798b6212 {{(pid=74364) get_metadata_by_instance_id /opt/stack/nova/nova/api/metadata/handler.py:84}}
Jul 30 06:51:12.290974 np0000031980 devstack@n-api-meta.service[74364]: [pid: 74364|app: 0|req: 11/19] 192.168.1.111 () {40 vars in 689 bytes} [Wed Jul 30 06:51:12 2025] GET /2009-04-04/meta-data/public-hostname => generated 49 bytes in 1 msecs (HTTP/1.1 200) 3 headers in 99 bytes (1 switches on core 0)
Jul 30 06:51:12.370853 np0000031980 devstack@n-api-meta.service[74365]: DEBUG nova.api.metadata.handler [None req-93d4f037-ddd4-4962-8fbb-ffdc21da2571 None None] Metadata request headers: {'Host': '192.168.1.111:8775', 'User-Agent': 'python-requests/2.32.4', 'Accept-Encoding': 'gzip, deflate', 'Accept': '*/*', 'Connection': 'keep-alive', 'X-Forwarded-For': '10.1.0.7', 'X-Instance-Id': 'd4a558dd-2e26-4682-8cdb-9a9ebe8d5dc3', 'X-Tenant-Id': '556a90dedabd47859203da2311cd5636', 'X-Instance-Id-Signature': 'ecae2adfd9c09eb039f28334e3fb55ae088b1cb8646a74e02fa07523e2ce1978'} {{(pid=74365) __call__ /opt/stack/nova/nova/api/metadata/handler.py:109}}
