Jul 30 16:12:28.414944 np0000032030 systemd[1]: Starting Devstack devstack@g-api.service...
Jul 30 16:12:28.418434 np0000032030 devstack@g-api.service[82045]: [uWSGI] getting INI configuration from /etc/glance/glance-uwsgi.ini
Jul 30 16:12:28.419378 np0000032030 devstack@g-api.service[82045]: *** Starting uWSGI 2.0.20-debian (64bit) on [Wed Jul 30 16:12:28 2025] ***
Jul 30 16:12:28.419378 np0000032030 devstack@g-api.service[82045]: compiled with version: 11.2.0 on 21 March 2022 11:00:44
Jul 30 16:12:28.419378 np0000032030 devstack@g-api.service[82045]: os: Linux-5.15.0-151-generic #161-Ubuntu SMP Tue Jul 22 14:25:40 UTC 2025
Jul 30 16:12:28.419378 np0000032030 devstack@g-api.service[82045]: nodename: np0000032030
Jul 30 16:12:28.419378 np0000032030 devstack@g-api.service[82045]: machine: x86_64
Jul 30 16:12:28.419378 np0000032030 devstack@g-api.service[82045]: clock source: unix
Jul 30 16:12:28.419378 np0000032030 devstack@g-api.service[82045]: pcre jit disabled
Jul 30 16:12:28.419378 np0000032030 devstack@g-api.service[82045]: detected number of CPU cores: 8
Jul 30 16:12:28.419378 np0000032030 devstack@g-api.service[82045]: current working directory: /
Jul 30 16:12:28.419378 np0000032030 devstack@g-api.service[82045]: detected binary path: /usr/bin/uwsgi-core
Jul 30 16:12:28.419378 np0000032030 devstack@g-api.service[82045]: your processes number limit is 31435
Jul 30 16:12:28.419616 np0000032030 devstack@g-api.service[82045]: your memory page size is 4096 bytes
Jul 30 16:12:28.419616 np0000032030 devstack@g-api.service[82045]: detected max file descriptor number: 2048
Jul 30 16:12:28.419616 np0000032030 devstack@g-api.service[82045]: lock engine: pthread robust mutexes
Jul 30 16:12:28.419616 np0000032030 devstack@g-api.service[82045]: thunder lock: enabled
Jul 30 16:12:28.419616 np0000032030 devstack@g-api.service[82045]: uwsgi socket 0 bound to TCP address 127.0.0.1:60999 fd 4
Jul 30 16:12:28.419616 np0000032030 devstack@g-api.service[82045]: Python version: 3.10.12 (main, May 27 2025, 17:12:29) [GCC 11.4.0]
Jul 30 16:12:28.419616 np0000032030 devstack@g-api.service[82045]: PEP 405 virtualenv detected: /opt/stack/data/venv
Jul 30 16:12:28.419616 np0000032030 devstack@g-api.service[82045]: Set PythonHome to /opt/stack/data/venv
Jul 30 16:12:28.441777 np0000032030 devstack@g-api.service[82045]: Python main interpreter initialized at 0x55af79a6f290
Jul 30 16:12:28.441777 np0000032030 devstack@g-api.service[82045]: python threads support enabled
Jul 30 16:12:28.441777 np0000032030 devstack@g-api.service[82045]: your server socket listen backlog is limited to 100 connections
Jul 30 16:12:28.441777 np0000032030 devstack@g-api.service[82045]: your mercy for graceful operations on workers is 80 seconds
Jul 30 16:12:28.441933 np0000032030 devstack@g-api.service[82045]: mapped 403077 bytes (393 KB) for 2 cores
Jul 30 16:12:28.441980 np0000032030 devstack@g-api.service[82045]: *** Operational MODE: preforking ***
Jul 30 16:12:28.442104 np0000032030 devstack@g-api.service[82045]: *** uWSGI is running in multiple interpreter mode ***
Jul 30 16:12:28.442104 np0000032030 devstack@g-api.service[82045]: spawned uWSGI master process (pid: 82045)
Jul 30 16:12:28.442160 np0000032030 systemd[1]: Started Devstack devstack@g-api.service.
Jul 30 16:12:28.442320 np0000032030 devstack@g-api.service[82045]: spawned uWSGI worker 1 (pid: 82046, cores: 1)
Jul 30 16:12:28.442497 np0000032030 devstack@g-api.service[82045]: spawned uWSGI worker 2 (pid: 82047, cores: 1)
Jul 30 16:12:28.442590 np0000032030 devstack@g-api.service[82045]: running "unix_signal:15 gracefully_kill_them_all" (master-start)...
Jul 30 16:12:29.028860 np0000032030 devstack@g-api.service[82046]: INFO glance.async_ [-] Threadpool model set to 'NativeThreadPoolModel'
Jul 30 16:12:29.029229 np0000032030 devstack@g-api.service[82047]: INFO glance.async_ [-] Threadpool model set to 'NativeThreadPoolModel'
Jul 30 16:12:29.074895 np0000032030 devstack@g-api.service[82046]: DEBUG oslo_concurrency.processutils [-] Running cmd (subprocess): grep -F node.session.scan /sbin/iscsiadm {{(pid=82046) execute /opt/stack/data/venv/lib/python3.10/site-packages/oslo_concurrency/processutils.py:349}}
Jul 30 16:12:29.075372 np0000032030 devstack@g-api.service[82047]: DEBUG oslo_concurrency.processutils [-] Running cmd (subprocess): grep -F node.session.scan /sbin/iscsiadm {{(pid=82047) execute /opt/stack/data/venv/lib/python3.10/site-packages/oslo_concurrency/processutils.py:349}}
Jul 30 16:12:29.079658 np0000032030 devstack@g-api.service[82046]: DEBUG oslo_concurrency.processutils [-] CMD "grep -F node.session.scan /sbin/iscsiadm" returned: 0 in 0.005s {{(pid=82046) execute /opt/stack/data/venv/lib/python3.10/site-packages/oslo_concurrency/processutils.py:372}}
Jul 30 16:12:29.079792 np0000032030 devstack@g-api.service[82047]: DEBUG oslo_concurrency.processutils [-] CMD "grep -F node.session.scan /sbin/iscsiadm" returned: 0 in 0.004s {{(pid=82047) execute /opt/stack/data/venv/lib/python3.10/site-packages/oslo_concurrency/processutils.py:372}}
Jul 30 16:12:29.142811 np0000032030 devstack@g-api.service[82046]: DEBUG glance_store.common.attachment_state_manager [-] Initialising _AttachmentStateManager {{(pid=82046) __init__ /opt/stack/data/venv/lib/python3.10/site-packages/glance_store/common/attachment_state_manager.py:86}}
Jul 30 16:12:29.143326 np0000032030 devstack@g-api.service[82047]: DEBUG glance_store.common.attachment_state_manager [-] Initialising _AttachmentStateManager {{(pid=82047) __init__ /opt/stack/data/venv/lib/python3.10/site-packages/glance_store/common/attachment_state_manager.py:86}}
Jul 30 16:12:29.297444 np0000032030 devstack@g-api.service[82046]: DEBUG glance_store.backend [-] Attempting to import store cinder {{(pid=82046) _load_store /opt/stack/data/venv/lib/python3.10/site-packages/glance_store/backend.py:216}}
Jul 30 16:12:29.297572 np0000032030 devstack@g-api.service[82047]: DEBUG glance_store.backend [-] Attempting to import store cinder {{(pid=82047) _load_store /opt/stack/data/venv/lib/python3.10/site-packages/glance_store/backend.py:216}}
Jul 30 16:12:29.297572 np0000032030 devstack@g-api.service[82047]: DEBUG glance_store.backend [-] Attempting to import store file {{(pid=82047) _load_store /opt/stack/data/venv/lib/python3.10/site-packages/glance_store/backend.py:216}}
Jul 30 16:12:29.297634 np0000032030 devstack@g-api.service[82046]: DEBUG glance_store.backend [-] Attempting to import store file {{(pid=82046) _load_store /opt/stack/data/venv/lib/python3.10/site-packages/glance_store/backend.py:216}}
Jul 30 16:12:29.297660 np0000032030 devstack@g-api.service[82047]: DEBUG glance_store.backend [-] Attempting to import store glance.store.cinder.Store {{(pid=82047) _load_store /opt/stack/data/venv/lib/python3.10/site-packages/glance_store/backend.py:216}}
Jul 30 16:12:29.297684 np0000032030 devstack@g-api.service[82046]: DEBUG glance_store.backend [-] Attempting to import store glance.store.cinder.Store {{(pid=82046) _load_store /opt/stack/data/venv/lib/python3.10/site-packages/glance_store/backend.py:216}}
Jul 30 16:12:29.297708 np0000032030 devstack@g-api.service[82047]: DEBUG glance_store.backend [-] Attempting to import store glance.store.filesystem.Store {{(pid=82047) _load_store /opt/stack/data/venv/lib/python3.10/site-packages/glance_store/backend.py:216}}
Jul 30 16:12:29.297730 np0000032030 devstack@g-api.service[82046]: DEBUG glance_store.backend [-] Attempting to import store glance.store.filesystem.Store {{(pid=82046) _load_store /opt/stack/data/venv/lib/python3.10/site-packages/glance_store/backend.py:216}}
Jul 30 16:12:29.297822 np0000032030 devstack@g-api.service[82047]: DEBUG glance_store.backend [-] Attempting to import store glance.store.http.Store {{(pid=82047) _load_store /opt/stack/data/venv/lib/python3.10/site-packages/glance_store/backend.py:216}}
Jul 30 16:12:29.297861 np0000032030 devstack@g-api.service[82046]: DEBUG glance_store.backend [-] Attempting to import store glance.store.http.Store {{(pid=82046) _load_store /opt/stack/data/venv/lib/python3.10/site-packages/glance_store/backend.py:216}}
Jul 30 16:12:29.297886 np0000032030 devstack@g-api.service[82047]: DEBUG glance_store.backend [-] Attempting to import store glance.store.rbd.Store {{(pid=82047) _load_store /opt/stack/data/venv/lib/python3.10/site-packages/glance_store/backend.py:216}}
Jul 30 16:12:29.297909 np0000032030 devstack@g-api.service[82046]: DEBUG glance_store.backend [-] Attempting to import store glance.store.rbd.Store {{(pid=82046) _load_store /opt/stack/data/venv/lib/python3.10/site-packages/glance_store/backend.py:216}}
Jul 30 16:12:29.297933 np0000032030 devstack@g-api.service[82047]: DEBUG glance_store.backend [-] Attempting to import store glance.store.s3.Store {{(pid=82047) _load_store /opt/stack/data/venv/lib/python3.10/site-packages/glance_store/backend.py:216}}
Jul 30 16:12:29.297955 np0000032030 devstack@g-api.service[82046]: DEBUG glance_store.backend [-] Attempting to import store glance.store.s3.Store {{(pid=82046) _load_store /opt/stack/data/venv/lib/python3.10/site-packages/glance_store/backend.py:216}}
Jul 30 16:12:29.298013 np0000032030 devstack@g-api.service[82047]: DEBUG glance_store.backend [-] Attempting to import store glance.store.swift.Store {{(pid=82047) _load_store /opt/stack/data/venv/lib/python3.10/site-packages/glance_store/backend.py:216}}
Jul 30 16:12:29.298045 np0000032030 devstack@g-api.service[82046]: DEBUG glance_store.backend [-] Attempting to import store glance.store.swift.Store {{(pid=82046) _load_store /opt/stack/data/venv/lib/python3.10/site-packages/glance_store/backend.py:216}}
Jul 30 16:12:29.298093 np0000032030 devstack@g-api.service[82046]: DEBUG glance_store.backend [-] Attempting to import store glance.store.vmware_datastore.Store {{(pid=82046) _load_store /opt/stack/data/venv/lib/python3.10/site-packages/glance_store/backend.py:216}}
Jul 30 16:12:29.298125 np0000032030 devstack@g-api.service[82047]: DEBUG glance_store.backend [-] Attempting to import store glance.store.vmware_datastore.Store {{(pid=82047) _load_store /opt/stack/data/venv/lib/python3.10/site-packages/glance_store/backend.py:216}}
Jul 30 16:12:29.298176 np0000032030 devstack@g-api.service[82046]: DEBUG glance_store.backend [-] Attempting to import store http {{(pid=82046) _load_store /opt/stack/data/venv/lib/python3.10/site-packages/glance_store/backend.py:216}}
Jul 30 16:12:29.298209 np0000032030 devstack@g-api.service[82047]: DEBUG glance_store.backend [-] Attempting to import store http {{(pid=82047) _load_store /opt/stack/data/venv/lib/python3.10/site-packages/glance_store/backend.py:216}}
Jul 30 16:12:29.298252 np0000032030 devstack@g-api.service[82047]: DEBUG glance_store.backend [-] Attempting to import store no_conf {{(pid=82047) _load_store /opt/stack/data/venv/lib/python3.10/site-packages/glance_store/backend.py:216}}
Jul 30 16:12:29.298286 np0000032030 devstack@g-api.service[82046]: DEBUG glance_store.backend [-] Attempting to import store no_conf {{(pid=82046) _load_store /opt/stack/data/venv/lib/python3.10/site-packages/glance_store/backend.py:216}}
Jul 30 16:12:29.298331 np0000032030 devstack@g-api.service[82046]: DEBUG glance_store.backend [-] Attempting to import store rbd {{(pid=82046) _load_store /opt/stack/data/venv/lib/python3.10/site-packages/glance_store/backend.py:216}}
Jul 30 16:12:29.298364 np0000032030 devstack@g-api.service[82047]: DEBUG glance_store.backend [-] Attempting to import store rbd {{(pid=82047) _load_store /opt/stack/data/venv/lib/python3.10/site-packages/glance_store/backend.py:216}}
Jul 30 16:12:29.298406 np0000032030 devstack@g-api.service[82047]: DEBUG glance_store.backend [-] Attempting to import store s3 {{(pid=82047) _load_store /opt/stack/data/venv/lib/python3.10/site-packages/glance_store/backend.py:216}}
Jul 30 16:12:29.298437 np0000032030 devstack@g-api.service[82046]: DEBUG glance_store.backend [-] Attempting to import store s3 {{(pid=82046) _load_store /opt/stack/data/venv/lib/python3.10/site-packages/glance_store/backend.py:216}}
Jul 30 16:12:29.298482 np0000032030 devstack@g-api.service[82046]: DEBUG glance_store.backend [-] Attempting to import store swift {{(pid=82046) _load_store /opt/stack/data/venv/lib/python3.10/site-packages/glance_store/backend.py:216}}
Jul 30 16:12:29.298520 np0000032030 devstack@g-api.service[82047]: DEBUG glance_store.backend [-] Attempting to import store swift {{(pid=82047) _load_store /opt/stack/data/venv/lib/python3.10/site-packages/glance_store/backend.py:216}}
Jul 30 16:12:29.298564 np0000032030 devstack@g-api.service[82047]: DEBUG glance_store.backend [-] Attempting to import store vmware {{(pid=82047) _load_store /opt/stack/data/venv/lib/python3.10/site-packages/glance_store/backend.py:216}}
Jul 30 16:12:29.298597 np0000032030 devstack@g-api.service[82046]: DEBUG glance_store.backend [-] Attempting to import store vmware {{(pid=82046) _load_store /opt/stack/data/venv/lib/python3.10/site-packages/glance_store/backend.py:216}}
Jul 30 16:12:29.298642 np0000032030 devstack@g-api.service[82047]: DEBUG glance_store.backend [-] Registering options for group glance_store {{(pid=82047) register_opts /opt/stack/data/venv/lib/python3.10/site-packages/glance_store/backend.py:145}}
Jul 30 16:12:29.298674 np0000032030 devstack@g-api.service[82046]: DEBUG glance_store.backend [-] Registering options for group glance_store {{(pid=82046) register_opts /opt/stack/data/venv/lib/python3.10/site-packages/glance_store/backend.py:145}}
Jul 30 16:12:29.298821 np0000032030 devstack@g-api.service[82046]: DEBUG glance_store.backend [-] Registering options for group glance_store {{(pid=82046) register_opts /opt/stack/data/venv/lib/python3.10/site-packages/glance_store/backend.py:145}}
Jul 30 16:12:29.298851 np0000032030 devstack@g-api.service[82047]: DEBUG glance_store.backend [-] Registering options for group glance_store {{(pid=82047) register_opts /opt/stack/data/venv/lib/python3.10/site-packages/glance_store/backend.py:145}}
Jul 30 16:12:29.299142 np0000032030 devstack@g-api.service[82046]: DEBUG glance_store.backend [-] Attempting to import store file {{(pid=82046) _load_store /opt/stack/data/venv/lib/python3.10/site-packages/glance_store/backend.py:216}}
Jul 30 16:12:29.299171 np0000032030 devstack@g-api.service[82047]: DEBUG glance_store.backend [-] Attempting to import store file {{(pid=82047) _load_store /opt/stack/data/venv/lib/python3.10/site-packages/glance_store/backend.py:216}}
Jul 30 16:12:29.299568 np0000032030 devstack@g-api.service[82046]: DEBUG glance_store.capabilities [-] Store glance_store._drivers.filesystem.Store doesn't support updating dynamic storage capabilities. Please overwrite 'update_capabilities' method of the store to implement updating logics if needed. {{(pid=82046) update_capabilities /opt/stack/data/venv/lib/python3.10/site-packages/glance_store/capabilities.py:91}}
Jul 30 16:12:29.299605 np0000032030 devstack@g-api.service[82047]: DEBUG glance_store.capabilities [-] Store glance_store._drivers.filesystem.Store doesn't support updating dynamic storage capabilities. Please overwrite 'update_capabilities' method of the store to implement updating logics if needed. {{(pid=82047) update_capabilities /opt/stack/data/venv/lib/python3.10/site-packages/glance_store/capabilities.py:91}}
Jul 30 16:12:29.299630 np0000032030 devstack@g-api.service[82046]: DEBUG glance_store.backend [-] Registering store file with schemes ('file', 'filesystem') {{(pid=82046) create_stores /opt/stack/data/venv/lib/python3.10/site-packages/glance_store/backend.py:262}}
Jul 30 16:12:29.299652 np0000032030 devstack@g-api.service[82047]: DEBUG glance_store.backend [-] Registering store file with schemes ('file', 'filesystem') {{(pid=82047) create_stores /opt/stack/data/venv/lib/python3.10/site-packages/glance_store/backend.py:262}}
Jul 30 16:12:29.299674 np0000032030 devstack@g-api.service[82046]: DEBUG glance_store.driver [-] Late loading location class glance_store._drivers.filesystem.StoreLocation {{(pid=82046) get_store_location_class /opt/stack/data/venv/lib/python3.10/site-packages/glance_store/driver.py:133}}
Jul 30 16:12:29.299700 np0000032030 devstack@g-api.service[82047]: DEBUG glance_store.driver [-] Late loading location class glance_store._drivers.filesystem.StoreLocation {{(pid=82047) get_store_location_class /opt/stack/data/venv/lib/python3.10/site-packages/glance_store/driver.py:133}}
Jul 30 16:12:29.299726 np0000032030 devstack@g-api.service[82046]: DEBUG glance_store.location [-] Registering scheme file with {'store': <glance_store._drivers.filesystem.Store object at 0x7f65f07d5750>, 'location_class': <class 'glance_store._drivers.filesystem.StoreLocation'>, 'store_entry': 'file'} {{(pid=82046) register_scheme_map /opt/stack/data/venv/lib/python3.10/site-packages/glance_store/location.py:146}}
Jul 30 16:12:29.299751 np0000032030 devstack@g-api.service[82047]: DEBUG glance_store.location [-] Registering scheme file with {'store': <glance_store._drivers.filesystem.Store object at 0x7f65f07d5750>, 'location_class': <class 'glance_store._drivers.filesystem.StoreLocation'>, 'store_entry': 'file'} {{(pid=82047) register_scheme_map /opt/stack/data/venv/lib/python3.10/site-packages/glance_store/location.py:146}}
Jul 30 16:12:29.299775 np0000032030 devstack@g-api.service[82046]: DEBUG glance_store.location [-] Registering scheme filesystem with {'store': <glance_store._drivers.filesystem.Store object at 0x7f65f07d5750>, 'location_class': <class 'glance_store._drivers.filesystem.StoreLocation'>, 'store_entry': 'file'} {{(pid=82046) register_scheme_map /opt/stack/data/venv/lib/python3.10/site-packages/glance_store/location.py:146}}
Jul 30 16:12:29.299801 np0000032030 devstack@g-api.service[82047]: DEBUG glance_store.location [-] Registering scheme filesystem with {'store': <glance_store._drivers.filesystem.Store object at 0x7f65f07d5750>, 'location_class': <class 'glance_store._drivers.filesystem.StoreLocation'>, 'store_entry': 'file'} {{(pid=82047) register_scheme_map /opt/stack/data/venv/lib/python3.10/site-packages/glance_store/location.py:146}}
Jul 30 16:12:29.299826 np0000032030 devstack@g-api.service[82046]: DEBUG glance_store.backend [-] Attempting to import store http {{(pid=82046) _load_store /opt/stack/data/venv/lib/python3.10/site-packages/glance_store/backend.py:216}}
Jul 30 16:12:29.299846 np0000032030 devstack@g-api.service[82047]: DEBUG glance_store.backend [-] Attempting to import store http {{(pid=82047) _load_store /opt/stack/data/venv/lib/python3.10/site-packages/glance_store/backend.py:216}}
Jul 30 16:12:29.299966 np0000032030 devstack@g-api.service[82046]: DEBUG glance_store.capabilities [-] Store glance_store._drivers.http.Store doesn't support updating dynamic storage capabilities. Please overwrite 'update_capabilities' method of the store to implement updating logics if needed. {{(pid=82046) update_capabilities /opt/stack/data/venv/lib/python3.10/site-packages/glance_store/capabilities.py:91}}
Jul 30 16:12:29.300000 np0000032030 devstack@g-api.service[82047]: DEBUG glance_store.capabilities [-] Store glance_store._drivers.http.Store doesn't support updating dynamic storage capabilities. Please overwrite 'update_capabilities' method of the store to implement updating logics if needed. {{(pid=82047) update_capabilities /opt/stack/data/venv/lib/python3.10/site-packages/glance_store/capabilities.py:91}}
Jul 30 16:12:29.300023 np0000032030 devstack@g-api.service[82046]: DEBUG glance_store.backend [-] Registering store http with schemes ('http', 'https') {{(pid=82046) create_stores /opt/stack/data/venv/lib/python3.10/site-packages/glance_store/backend.py:262}}
Jul 30 16:12:29.300045 np0000032030 devstack@g-api.service[82047]: DEBUG glance_store.backend [-] Registering store http with schemes ('http', 'https') {{(pid=82047) create_stores /opt/stack/data/venv/lib/python3.10/site-packages/glance_store/backend.py:262}}
Jul 30 16:12:29.300071 np0000032030 devstack@g-api.service[82046]: DEBUG glance_store.driver [-] Late loading location class glance_store._drivers.http.StoreLocation {{(pid=82046) get_store_location_class /opt/stack/data/venv/lib/python3.10/site-packages/glance_store/driver.py:133}}
Jul 30 16:12:29.300093 np0000032030 devstack@g-api.service[82047]: DEBUG glance_store.driver [-] Late loading location class glance_store._drivers.http.StoreLocation {{(pid=82047) get_store_location_class /opt/stack/data/venv/lib/python3.10/site-packages/glance_store/driver.py:133}}
Jul 30 16:12:29.300114 np0000032030 devstack@g-api.service[82046]: DEBUG glance_store.location [-] Registering scheme http with {'store': <glance_store._drivers.http.Store object at 0x7f65f07d43a0>, 'location_class': <class 'glance_store._drivers.http.StoreLocation'>, 'store_entry': 'http'} {{(pid=82046) register_scheme_map /opt/stack/data/venv/lib/python3.10/site-packages/glance_store/location.py:146}}
Jul 30 16:12:29.300137 np0000032030 devstack@g-api.service[82047]: DEBUG glance_store.location [-] Registering scheme http with {'store': <glance_store._drivers.http.Store object at 0x7f65f07d43a0>, 'location_class': <class 'glance_store._drivers.http.StoreLocation'>, 'store_entry': 'http'} {{(pid=82047) register_scheme_map /opt/stack/data/venv/lib/python3.10/site-packages/glance_store/location.py:146}}
Jul 30 16:12:29.300159 np0000032030 devstack@g-api.service[82046]: DEBUG glance_store.location [-] Registering scheme https with {'store': <glance_store._drivers.http.Store object at 0x7f65f07d43a0>, 'location_class': <class 'glance_store._drivers.http.StoreLocation'>, 'store_entry': 'http'} {{(pid=82046) register_scheme_map /opt/stack/data/venv/lib/python3.10/site-packages/glance_store/location.py:146}}
Jul 30 16:12:29.300183 np0000032030 devstack@g-api.service[82047]: DEBUG glance_store.location [-] Registering scheme https with {'store': <glance_store._drivers.http.Store object at 0x7f65f07d43a0>, 'location_class': <class 'glance_store._drivers.http.StoreLocation'>, 'store_entry': 'http'} {{(pid=82047) register_scheme_map /opt/stack/data/venv/lib/python3.10/site-packages/glance_store/location.py:146}}
Jul 30 16:12:29.300367 np0000032030 devstack@g-api.service[82046]: DEBUG glance.sqlite_migration [-] SQLite caching database not located, skipping migration {{(pid=82046) get_db_path /opt/stack/glance/glance/sqlite_migration.py:68}}
Jul 30 16:12:29.300400 np0000032030 devstack@g-api.service[82047]: DEBUG glance.sqlite_migration [-] SQLite caching database not located, skipping migration {{(pid=82047) get_db_path /opt/stack/glance/glance/sqlite_migration.py:68}}
Jul 30 16:12:29.300532 np0000032030 devstack@g-api.service[82046]: WARNING glance.common.wsgi_app [-] Import methods are enabled but staging directory /tmp/staging/ does not exist; Imports will fail!
Jul 30 16:12:29.300566 np0000032030 devstack@g-api.service[82047]: WARNING glance.common.wsgi_app [-] Import methods are enabled but staging directory /tmp/staging/ does not exist; Imports will fail!
Jul 30 16:12:29.544084 np0000032030 devstack@g-api.service[82046]: DEBUG glance.common.config [None req-10790399-a5fd-480d-8b89-6aee8c8cbd54 None None] Loading glance-api-keystone+cachemanagement from /etc/glance/glance-api-paste.ini {{(pid=82046) load_paste_app /opt/stack/glance/glance/common/config.py:750}}
Jul 30 16:12:29.545277 np0000032030 devstack@g-api.service[82047]: DEBUG glance.common.config [None req-87d4bde7-8bdb-47b9-a6bc-43d90bc65ff5 None None] Loading glance-api-keystone+cachemanagement from /etc/glance/glance-api-paste.ini {{(pid=82047) load_paste_app /opt/stack/glance/glance/common/config.py:750}}
Jul 30 16:12:29.970012 np0000032030 devstack@g-api.service[82046]: INFO glance.image_cache [None req-10790399-a5fd-480d-8b89-6aee8c8cbd54 None None] Image cache loaded driver 'centralized_db'.
Jul 30 16:12:29.970149 np0000032030 devstack@g-api.service[82047]: INFO glance.image_cache [None req-87d4bde7-8bdb-47b9-a6bc-43d90bc65ff5 None None] Image cache loaded driver 'centralized_db'.
Jul 30 16:12:29.994675 np0000032030 devstack@g-api.service[82046]: INFO dbcounter [None req-10790399-a5fd-480d-8b89-6aee8c8cbd54 None None] Registered counter for database glance
Jul 30 16:12:29.994754 np0000032030 devstack@g-api.service[82047]: INFO dbcounter [None req-87d4bde7-8bdb-47b9-a6bc-43d90bc65ff5 None None] Registered counter for database glance
Jul 30 16:12:30.002350 np0000032030 devstack@g-api.service[82047]: DEBUG oslo_db.sqlalchemy.engines [None req-87d4bde7-8bdb-47b9-a6bc-43d90bc65ff5 None None] MySQL server mode set to STRICT_TRANS_TABLES,STRICT_ALL_TABLES,NO_ZERO_IN_DATE,NO_ZERO_DATE,ERROR_FOR_DIVISION_BY_ZERO,TRADITIONAL,NO_ENGINE_SUBSTITUTION {{(pid=82047) _check_effective_sql_mode /opt/stack/data/venv/lib/python3.10/site-packages/oslo_db/sqlalchemy/engines.py:397}}
Jul 30 16:12:30.003239 np0000032030 devstack@g-api.service[82046]: DEBUG oslo_db.sqlalchemy.engines [None req-10790399-a5fd-480d-8b89-6aee8c8cbd54 None None] MySQL server mode set to STRICT_TRANS_TABLES,STRICT_ALL_TABLES,NO_ZERO_IN_DATE,NO_ZERO_DATE,ERROR_FOR_DIVISION_BY_ZERO,TRADITIONAL,NO_ENGINE_SUBSTITUTION {{(pid=82046) _check_effective_sql_mode /opt/stack/data/venv/lib/python3.10/site-packages/oslo_db/sqlalchemy/engines.py:397}}
Jul 30 16:12:30.021021 np0000032030 devstack@g-api.service[82046]: DEBUG dbcounter [-] [82046] Writer thread running {{(pid=82046) stat_writer /opt/stack/data/venv/lib/python3.10/site-packages/dbcounter.py:102}}
Jul 30 16:12:30.024822 np0000032030 devstack@g-api.service[82047]: DEBUG dbcounter [-] [82047] Writer thread running {{(pid=82047) stat_writer /opt/stack/data/venv/lib/python3.10/site-packages/dbcounter.py:102}}
Jul 30 16:12:30.028849 np0000032030 devstack@g-api.service[82047]: DEBUG glance.image_cache.drivers.centralized_db [None req-87d4bde7-8bdb-47b9-a6bc-43d90bc65ff5 None None] Node reference is already recorded, ignoring it {{(pid=82047) configure /opt/stack/glance/glance/image_cache/drivers/centralized_db.py:71}}
Jul 30 16:12:30.033488 np0000032030 devstack@g-api.service[82046]: INFO glance.image_cache [None req-10790399-a5fd-480d-8b89-6aee8c8cbd54 None None] Image cache loaded driver 'centralized_db'.
Jul 30 16:12:30.034693 np0000032030 devstack@g-api.service[82047]: INFO glance.image_cache [None req-87d4bde7-8bdb-47b9-a6bc-43d90bc65ff5 None None] Image cache loaded driver 'centralized_db'.
Jul 30 16:12:30.039704 np0000032030 devstack@g-api.service[82046]: DEBUG glance.image_cache.drivers.centralized_db [None req-10790399-a5fd-480d-8b89-6aee8c8cbd54 None None] Node reference is already recorded, ignoring it {{(pid=82046) configure /opt/stack/glance/glance/image_cache/drivers/centralized_db.py:71}}
Jul 30 16:12:30.043949 np0000032030 devstack@g-api.service[82047]: DEBUG glance.image_cache.drivers.centralized_db [None req-87d4bde7-8bdb-47b9-a6bc-43d90bc65ff5 None None] Node reference is already recorded, ignoring it {{(pid=82047) configure /opt/stack/glance/glance/image_cache/drivers/centralized_db.py:71}}
Jul 30 16:12:30.044027 np0000032030 devstack@g-api.service[82046]: DEBUG glance.api.v2.cached_images [None req-10790399-a5fd-480d-8b89-6aee8c8cbd54 None None] Started cache worker thread {{(pid=82046) __init__ /opt/stack/glance/glance/api/v2/cached_images.py:69}}
Jul 30 16:12:30.044522 np0000032030 devstack@g-api.service[82046]: INFO glance.image_cache [None req-10790399-a5fd-480d-8b89-6aee8c8cbd54 None None] Image cache loaded driver 'centralized_db'.
Jul 30 16:12:30.049791 np0000032030 devstack@g-api.service[82047]: DEBUG glance.api.v2.cached_images [None req-87d4bde7-8bdb-47b9-a6bc-43d90bc65ff5 None None] Started cache worker thread {{(pid=82047) __init__ /opt/stack/glance/glance/api/v2/cached_images.py:69}}
Jul 30 16:12:30.049830 np0000032030 devstack@g-api.service[82046]: DEBUG glance.image_cache.drivers.centralized_db [None req-10790399-a5fd-480d-8b89-6aee8c8cbd54 None None] Node reference is already recorded, ignoring it {{(pid=82046) configure /opt/stack/glance/glance/image_cache/drivers/centralized_db.py:71}}
Jul 30 16:12:30.049980 np0000032030 devstack@g-api.service[82047]: INFO glance.image_cache [None req-87d4bde7-8bdb-47b9-a6bc-43d90bc65ff5 None None] Image cache loaded driver 'centralized_db'.
Jul 30 16:12:30.053793 np0000032030 devstack@g-api.service[82046]: INFO glance.api.middleware.cache_manage [None req-10790399-a5fd-480d-8b89-6aee8c8cbd54 None None] Initialized image cache management middleware
Jul 30 16:12:30.054214 np0000032030 devstack@g-api.service[82046]: INFO glance.image_cache [None req-10790399-a5fd-480d-8b89-6aee8c8cbd54 None None] Image cache loaded driver 'centralized_db'.
Jul 30 16:12:30.056099 np0000032030 devstack@g-api.service[82047]: DEBUG glance.image_cache.drivers.centralized_db [None req-87d4bde7-8bdb-47b9-a6bc-43d90bc65ff5 None None] Node reference is already recorded, ignoring it {{(pid=82047) configure /opt/stack/glance/glance/image_cache/drivers/centralized_db.py:71}}
Jul 30 16:12:30.061890 np0000032030 devstack@g-api.service[82046]: DEBUG glance.image_cache.drivers.centralized_db [None req-10790399-a5fd-480d-8b89-6aee8c8cbd54 None None] Node reference is already recorded, ignoring it {{(pid=82046) configure /opt/stack/glance/glance/image_cache/drivers/centralized_db.py:71}}
Jul 30 16:12:30.061947 np0000032030 devstack@g-api.service[82047]: INFO glance.api.middleware.cache_manage [None req-87d4bde7-8bdb-47b9-a6bc-43d90bc65ff5 None None] Initialized image cache management middleware
Jul 30 16:12:30.061947 np0000032030 devstack@g-api.service[82047]: INFO glance.image_cache [None req-87d4bde7-8bdb-47b9-a6bc-43d90bc65ff5 None None] Image cache loaded driver 'centralized_db'.
Jul 30 16:12:30.063617 np0000032030 devstack@g-api.service[82046]: INFO glance.api.middleware.cache [None req-10790399-a5fd-480d-8b89-6aee8c8cbd54 None None] Initialized image cache middleware
Jul 30 16:12:30.068336 np0000032030 devstack@g-api.service[82047]: DEBUG glance.image_cache.drivers.centralized_db [None req-87d4bde7-8bdb-47b9-a6bc-43d90bc65ff5 None None] Node reference is already recorded, ignoring it {{(pid=82047) configure /opt/stack/glance/glance/image_cache/drivers/centralized_db.py:71}}
Jul 30 16:12:30.068526 np0000032030 devstack@g-api.service[82046]: WARNING keystonemiddleware.auth_token [None req-10790399-a5fd-480d-8b89-6aee8c8cbd54 None None] AuthToken middleware is set with keystone_authtoken.service_token_roles_required set to False. This is backwards compatible but deprecated behaviour. Please set this to True.
Jul 30 16:12:30.071588 np0000032030 devstack@g-api.service[82046]: WARNING keystonemiddleware.auth_token [None req-10790399-a5fd-480d-8b89-6aee8c8cbd54 None None] Configuring www_authenticate_uri to point to the public identity endpoint is required; clients may not be able to authenticate against an admin endpoint
Jul 30 16:12:30.072998 np0000032030 devstack@g-api.service[82047]: INFO glance.api.middleware.cache [None req-87d4bde7-8bdb-47b9-a6bc-43d90bc65ff5 None None] Initialized image cache middleware
Jul 30 16:12:30.074327 np0000032030 devstack@g-api.service[82046]: DEBUG glance.common.config [None req-10790399-a5fd-480d-8b89-6aee8c8cbd54 None None] ******************************************************************************** {{(pid=82046) log_opt_values /opt/stack/data/venv/lib/python3.10/site-packages/oslo_config/cfg.py:2804}}
Jul 30 16:12:30.074407 np0000032030 devstack@g-api.service[82046]: DEBUG glance.common.config [None req-10790399-a5fd-480d-8b89-6aee8c8cbd54 None None] Configuration options gathered from: {{(pid=82046) log_opt_values /opt/stack/data/venv/lib/python3.10/site-packages/oslo_config/cfg.py:2805}}
Jul 30 16:12:30.074739 np0000032030 devstack@g-api.service[82046]: DEBUG glance.common.config [None req-10790399-a5fd-480d-8b89-6aee8c8cbd54 None None] command line args: [] {{(pid=82046) log_opt_values /opt/stack/data/venv/lib/python3.10/site-packages/oslo_config/cfg.py:2806}}
Jul 30 16:12:30.074876 np0000032030 devstack@g-api.service[82046]: DEBUG glance.common.config [None req-10790399-a5fd-480d-8b89-6aee8c8cbd54 None None] config files: ['/etc/glance/glance-image-import.conf', '/etc/glance/glance-api.conf'] {{(pid=82046) log_opt_values /opt/stack/data/venv/lib/python3.10/site-packages/oslo_config/cfg.py:2807}}
Jul 30 16:12:30.074913 np0000032030 devstack@g-api.service[82046]: DEBUG glance.common.config [None req-10790399-a5fd-480d-8b89-6aee8c8cbd54 None None] ================================================================================ {{(pid=82046) log_opt_values /opt/stack/data/venv/lib/python3.10/site-packages/oslo_config/cfg.py:2809}}
Jul 30 16:12:30.075020 np0000032030 devstack@g-api.service[82046]: DEBUG glance.common.config [None req-10790399-a5fd-480d-8b89-6aee8c8cbd54 None None] allow_anonymous_access         = False {{(pid=82046) log_opt_values /opt/stack/data/venv/lib/python3.10/site-packages/oslo_config/cfg.py:2817}}
Jul 30 16:12:30.075115 np0000032030 devstack@g-api.service[82046]: DEBUG glance.common.config [None req-10790399-a5fd-480d-8b89-6aee8c8cbd54 None None] api_limit_max                  = 1000 {{(pid=82046) log_opt_values /opt/stack/data/venv/lib/python3.10/site-packages/oslo_config/cfg.py:2817}}
Jul 30 16:12:30.075213 np0000032030 devstack@g-api.service[82046]: DEBUG glance.common.config [None req-10790399-a5fd-480d-8b89-6aee8c8cbd54 None None] backlog                        = 4096 {{(pid=82046) log_opt_values /opt/stack/data/venv/lib/python3.10/site-packages/oslo_config/cfg.py:2817}}
Jul 30 16:12:30.075327 np0000032030 devstack@g-api.service[82046]: DEBUG glance.common.config [None req-10790399-a5fd-480d-8b89-6aee8c8cbd54 None None] bind_host                      = 0.0.0.0 {{(pid=82046) log_opt_values /opt/stack/data/venv/lib/python3.10/site-packages/oslo_config/cfg.py:2817}}
Jul 30 16:12:30.075423 np0000032030 devstack@g-api.service[82046]: DEBUG glance.common.config [None req-10790399-a5fd-480d-8b89-6aee8c8cbd54 None None] bind_port                      = 19292 {{(pid=82046) log_opt_values /opt/stack/data/venv/lib/python3.10/site-packages/oslo_config/cfg.py:2817}}
Jul 30 16:12:30.075518 np0000032030 devstack@g-api.service[82046]: DEBUG glance.common.config [None req-10790399-a5fd-480d-8b89-6aee8c8cbd54 None None] client_socket_timeout          = 900 {{(pid=82046) log_opt_values /opt/stack/data/venv/lib/python3.10/site-packages/oslo_config/cfg.py:2817}}
Jul 30 16:12:30.075608 np0000032030 devstack@g-api.service[82046]: DEBUG glance.common.config [None req-10790399-a5fd-480d-8b89-6aee8c8cbd54 None None] config_dir                     = [] {{(pid=82046) log_opt_values /opt/stack/data/venv/lib/python3.10/site-packages/oslo_config/cfg.py:2817}}
Jul 30 16:12:30.075678 np0000032030 devstack@g-api.service[82046]: DEBUG glance.common.config [None req-10790399-a5fd-480d-8b89-6aee8c8cbd54 None None] config_file                    = ['/etc/glance/glance-image-import.conf', '/etc/glance/glance-api.conf'] {{(pid=82046) log_opt_values /opt/stack/data/venv/lib/python3.10/site-packages/oslo_config/cfg.py:2817}}
Jul 30 16:12:30.075766 np0000032030 devstack@g-api.service[82046]: DEBUG glance.common.config [None req-10790399-a5fd-480d-8b89-6aee8c8cbd54 None None] config_source                  = [] {{(pid=82046) log_opt_values /opt/stack/data/venv/lib/python3.10/site-packages/oslo_config/cfg.py:2817}}
Jul 30 16:12:30.075855 np0000032030 devstack@g-api.service[82046]: DEBUG glance.common.config [None req-10790399-a5fd-480d-8b89-6aee8c8cbd54 None None] control_exchange               = glance {{(pid=82046) log_opt_values /opt/stack/data/venv/lib/python3.10/site-packages/oslo_config/cfg.py:2817}}
Jul 30 16:12:30.075922 np0000032030 devstack@g-api.service[82046]: DEBUG glance.common.config [None req-10790399-a5fd-480d-8b89-6aee8c8cbd54 None None] debug                          = True {{(pid=82046) log_opt_values /opt/stack/data/venv/lib/python3.10/site-packages/oslo_config/cfg.py:2817}}
Jul 30 16:12:30.076071 np0000032030 devstack@g-api.service[82046]: DEBUG glance.common.config [None req-10790399-a5fd-480d-8b89-6aee8c8cbd54 None None] default_log_levels             = ['amqp=WARN', 'amqplib=WARN', 'boto=WARN', 'qpid=WARN', 'sqlalchemy=WARN', 'suds=INFO', 'oslo.messaging=INFO', 'oslo_messaging=INFO', 'iso8601=WARN', 'requests.packages.urllib3.connectionpool=WARN', 'urllib3.connectionpool=WARN', 'websocket=WARN', 'requests.packages.urllib3.util.retry=WARN', 'urllib3.util.retry=WARN', 'keystonemiddleware=WARN', 'routes.middleware=WARN', 'stevedore=WARN', 'taskflow=WARN', 'keystoneauth=WARN', 'oslo.cache=INFO', 'oslo_policy=INFO', 'dogpile.core.dogpile=INFO'] {{(pid=82046) log_opt_values /opt/stack/data/venv/lib/python3.10/site-packages/oslo_config/cfg.py:2817}}
Jul 30 16:12:30.076165 np0000032030 devstack@g-api.service[82046]: DEBUG glance.common.config [None req-10790399-a5fd-480d-8b89-6aee8c8cbd54 None None] default_publisher_id           = image.localhost {{(pid=82046) log_opt_values /opt/stack/data/venv/lib/python3.10/site-packages/oslo_config/cfg.py:2817}}
Jul 30 16:12:30.076241 np0000032030 devstack@g-api.service[82046]: DEBUG glance.common.config [None req-10790399-a5fd-480d-8b89-6aee8c8cbd54 None None] delayed_delete                 = False {{(pid=82046) log_opt_values /opt/stack/data/venv/lib/python3.10/site-packages/oslo_config/cfg.py:2817}}
Jul 30 16:12:30.076329 np0000032030 devstack@g-api.service[82046]: DEBUG glance.common.config [None req-10790399-a5fd-480d-8b89-6aee8c8cbd54 None None] digest_algorithm               = sha256 {{(pid=82046) log_opt_values /opt/stack/data/venv/lib/python3.10/site-packages/oslo_config/cfg.py:2817}}
Jul 30 16:12:30.076417 np0000032030 devstack@g-api.service[82046]: DEBUG glance.common.config [None req-10790399-a5fd-480d-8b89-6aee8c8cbd54 None None] disabled_notifications         = [] {{(pid=82046) log_opt_values /opt/stack/data/venv/lib/python3.10/site-packages/oslo_config/cfg.py:2817}}
Jul 30 16:12:30.076509 np0000032030 devstack@g-api.service[82046]: DEBUG glance.common.config [None req-10790399-a5fd-480d-8b89-6aee8c8cbd54 None None] do_secure_hash                 = True {{(pid=82046) log_opt_values /opt/stack/data/venv/lib/python3.10/site-packages/oslo_config/cfg.py:2817}}
Jul 30 16:12:30.076598 np0000032030 devstack@g-api.service[82046]: DEBUG glance.common.config [None req-10790399-a5fd-480d-8b89-6aee8c8cbd54 None None] enabled_backends               = None {{(pid=82046) log_opt_values /opt/stack/data/venv/lib/python3.10/site-packages/oslo_config/cfg.py:2817}}
Jul 30 16:12:30.076698 np0000032030 devstack@g-api.service[82046]: DEBUG glance.common.config [None req-10790399-a5fd-480d-8b89-6aee8c8cbd54 None None] enabled_import_methods         = ['glance-direct', 'web-download', 'copy-image'] {{(pid=82046) log_opt_values /opt/stack/data/venv/lib/python3.10/site-packages/oslo_config/cfg.py:2817}}
Jul 30 16:12:30.076787 np0000032030 devstack@g-api.service[82046]: DEBUG glance.common.config [None req-10790399-a5fd-480d-8b89-6aee8c8cbd54 None None] hashing_algorithm              = sha512 {{(pid=82046) log_opt_values /opt/stack/data/venv/lib/python3.10/site-packages/oslo_config/cfg.py:2817}}
Jul 30 16:12:30.076872 np0000032030 devstack@g-api.service[82046]: DEBUG glance.common.config [None req-10790399-a5fd-480d-8b89-6aee8c8cbd54 None None] http_keepalive                 = True {{(pid=82046) log_opt_values /opt/stack/data/venv/lib/python3.10/site-packages/oslo_config/cfg.py:2817}}
Jul 30 16:12:30.076956 np0000032030 devstack@g-api.service[82046]: DEBUG glance.common.config [None req-10790399-a5fd-480d-8b89-6aee8c8cbd54 None None] http_retries                   = 3 {{(pid=82046) log_opt_values /opt/stack/data/venv/lib/python3.10/site-packages/oslo_config/cfg.py:2817}}
Jul 30 16:12:30.077044 np0000032030 devstack@g-api.service[82046]: DEBUG glance.common.config [None req-10790399-a5fd-480d-8b89-6aee8c8cbd54 None None] image_cache_dir                = /opt/stack/data/glance/cache/ {{(pid=82046) log_opt_values /opt/stack/data/venv/lib/python3.10/site-packages/oslo_config/cfg.py:2817}}
Jul 30 16:12:30.077130 np0000032030 devstack@g-api.service[82046]: DEBUG glance.common.config [None req-10790399-a5fd-480d-8b89-6aee8c8cbd54 None None] image_cache_driver             = centralized_db {{(pid=82046) log_opt_values /opt/stack/data/venv/lib/python3.10/site-packages/oslo_config/cfg.py:2817}}
Jul 30 16:12:30.077216 np0000032030 devstack@g-api.service[82046]: DEBUG glance.common.config [None req-10790399-a5fd-480d-8b89-6aee8c8cbd54 None None] image_cache_max_size           = 10737418240 {{(pid=82046) log_opt_values /opt/stack/data/venv/lib/python3.10/site-packages/oslo_config/cfg.py:2817}}
Jul 30 16:12:30.077305 np0000032030 devstack@g-api.service[82046]: DEBUG glance.common.config [None req-10790399-a5fd-480d-8b89-6aee8c8cbd54 None None] image_cache_sqlite_db          = cache.db {{(pid=82046) log_opt_values /opt/stack/data/venv/lib/python3.10/site-packages/oslo_config/cfg.py:2817}}
Jul 30 16:12:30.077392 np0000032030 devstack@g-api.service[82046]: DEBUG glance.common.config [None req-10790399-a5fd-480d-8b89-6aee8c8cbd54 None None] image_cache_stall_time         = 86400 {{(pid=82046) log_opt_values /opt/stack/data/venv/lib/python3.10/site-packages/oslo_config/cfg.py:2817}}
Jul 30 16:12:30.077477 np0000032030 devstack@g-api.service[82046]: DEBUG glance.common.config [None req-10790399-a5fd-480d-8b89-6aee8c8cbd54 None None] image_location_quota           = 10 {{(pid=82046) log_opt_values /opt/stack/data/venv/lib/python3.10/site-packages/oslo_config/cfg.py:2817}}
Jul 30 16:12:30.077567 np0000032030 devstack@g-api.service[82046]: DEBUG glance.common.config [None req-10790399-a5fd-480d-8b89-6aee8c8cbd54 None None] image_member_quota             = 128 {{(pid=82046) log_opt_values /opt/stack/data/venv/lib/python3.10/site-packages/oslo_config/cfg.py:2817}}
Jul 30 16:12:30.077651 np0000032030 devstack@g-api.service[82046]: DEBUG glance.common.config [None req-10790399-a5fd-480d-8b89-6aee8c8cbd54 None None] image_property_quota           = 128 {{(pid=82046) log_opt_values /opt/stack/data/venv/lib/python3.10/site-packages/oslo_config/cfg.py:2817}}
Jul 30 16:12:30.077735 np0000032030 devstack@g-api.service[82046]: DEBUG glance.common.config [None req-10790399-a5fd-480d-8b89-6aee8c8cbd54 None None] image_size_cap                 = 1099511627776 {{(pid=82046) log_opt_values /opt/stack/data/venv/lib/python3.10/site-packages/oslo_config/cfg.py:2817}}
Jul 30 16:12:30.077828 np0000032030 devstack@g-api.service[82046]: DEBUG glance.common.config [None req-10790399-a5fd-480d-8b89-6aee8c8cbd54 None None] image_tag_quota                = 128 {{(pid=82046) log_opt_values /opt/stack/data/venv/lib/python3.10/site-packages/oslo_config/cfg.py:2817}}
Jul 30 16:12:30.077916 np0000032030 devstack@g-api.service[82046]: DEBUG glance.common.config [None req-10790399-a5fd-480d-8b89-6aee8c8cbd54 None None] instance_format                = [instance: %(uuid)s]  {{(pid=82046) log_opt_values /opt/stack/data/venv/lib/python3.10/site-packages/oslo_config/cfg.py:2817}}
Jul 30 16:12:30.078002 np0000032030 devstack@g-api.service[82046]: DEBUG glance.common.config [None req-10790399-a5fd-480d-8b89-6aee8c8cbd54 None None] instance_uuid_format           = [instance: %(uuid)s]  {{(pid=82046) log_opt_values /opt/stack/data/venv/lib/python3.10/site-packages/oslo_config/cfg.py:2817}}
Jul 30 16:12:30.078087 np0000032030 devstack@g-api.service[82046]: DEBUG glance.common.config [None req-10790399-a5fd-480d-8b89-6aee8c8cbd54 None None] limit_param_default            = 25 {{(pid=82046) log_opt_values /opt/stack/data/venv/lib/python3.10/site-packages/oslo_config/cfg.py:2817}}
Jul 30 16:12:30.078175 np0000032030 devstack@g-api.service[82046]: DEBUG glance.common.config [None req-10790399-a5fd-480d-8b89-6aee8c8cbd54 None None] log_color                      = False {{(pid=82046) log_opt_values /opt/stack/data/venv/lib/python3.10/site-packages/oslo_config/cfg.py:2817}}
Jul 30 16:12:30.078263 np0000032030 devstack@g-api.service[82046]: DEBUG glance.common.config [None req-10790399-a5fd-480d-8b89-6aee8c8cbd54 None None] log_config_append              = None {{(pid=82046) log_opt_values /opt/stack/data/venv/lib/python3.10/site-packages/oslo_config/cfg.py:2817}}
Jul 30 16:12:30.078349 np0000032030 devstack@g-api.service[82046]: DEBUG glance.common.config [None req-10790399-a5fd-480d-8b89-6aee8c8cbd54 None None] log_date_format                = %Y-%m-%d %H:%M:%S {{(pid=82046) log_opt_values /opt/stack/data/venv/lib/python3.10/site-packages/oslo_config/cfg.py:2817}}
Jul 30 16:12:30.078436 np0000032030 devstack@g-api.service[82046]: DEBUG glance.common.config [None req-10790399-a5fd-480d-8b89-6aee8c8cbd54 None None] log_dir                        = None {{(pid=82046) log_opt_values /opt/stack/data/venv/lib/python3.10/site-packages/oslo_config/cfg.py:2817}}
Jul 30 16:12:30.078529 np0000032030 devstack@g-api.service[82046]: DEBUG glance.common.config [None req-10790399-a5fd-480d-8b89-6aee8c8cbd54 None None] log_file                       = None {{(pid=82046) log_opt_values /opt/stack/data/venv/lib/python3.10/site-packages/oslo_config/cfg.py:2817}}
Jul 30 16:12:30.078614 np0000032030 devstack@g-api.service[82046]: DEBUG glance.common.config [None req-10790399-a5fd-480d-8b89-6aee8c8cbd54 None None] log_rotate_interval            = 1 {{(pid=82046) log_opt_values /opt/stack/data/venv/lib/python3.10/site-packages/oslo_config/cfg.py:2817}}
Jul 30 16:12:30.078702 np0000032030 devstack@g-api.service[82046]: DEBUG glance.common.config [None req-10790399-a5fd-480d-8b89-6aee8c8cbd54 None None] log_rotate_interval_type       = days {{(pid=82046) log_opt_values /opt/stack/data/venv/lib/python3.10/site-packages/oslo_config/cfg.py:2817}}
Jul 30 16:12:30.078790 np0000032030 devstack@g-api.service[82046]: DEBUG glance.common.config [None req-10790399-a5fd-480d-8b89-6aee8c8cbd54 None None] log_rotation_type              = none {{(pid=82046) log_opt_values /opt/stack/data/venv/lib/python3.10/site-packages/oslo_config/cfg.py:2817}}
Jul 30 16:12:30.078856 np0000032030 devstack@g-api.service[82046]: DEBUG glance.common.config [None req-10790399-a5fd-480d-8b89-6aee8c8cbd54 None None] logging_context_format_string  = %(color)s%(levelname)s %(name)s [%(global_request_id)s %(request_id)s %(project_name)s %(user_name)s%(color)s] %(instance)s%(color)s%(message)s {{(pid=82046) log_opt_values /opt/stack/data/venv/lib/python3.10/site-packages/oslo_config/cfg.py:2817}}
Jul 30 16:12:30.078919 np0000032030 devstack@g-api.service[82046]: DEBUG glance.common.config [None req-10790399-a5fd-480d-8b89-6aee8c8cbd54 None None] logging_debug_format_suffix    = {{(pid=%(process)d) %(funcName)s %(pathname)s:%(lineno)d}} {{(pid=82046) log_opt_values /opt/stack/data/venv/lib/python3.10/site-packages/oslo_config/cfg.py:2817}}
Jul 30 16:12:30.079007 np0000032030 devstack@g-api.service[82046]: DEBUG glance.common.config [None req-10790399-a5fd-480d-8b89-6aee8c8cbd54 None None] logging_default_format_string  = %(color)s%(levelname)s %(name)s [-%(color)s] %(instance)s%(color)s%(message)s {{(pid=82046) log_opt_values /opt/stack/data/venv/lib/python3.10/site-packages/oslo_config/cfg.py:2817}}
Jul 30 16:12:30.079093 np0000032030 devstack@g-api.service[82046]: DEBUG glance.common.config [None req-10790399-a5fd-480d-8b89-6aee8c8cbd54 None None] logging_exception_prefix       = ERROR %(name)s %(instance)s {{(pid=82046) log_opt_values /opt/stack/data/venv/lib/python3.10/site-packages/oslo_config/cfg.py:2817}}
Jul 30 16:12:30.079157 np0000032030 devstack@g-api.service[82046]: DEBUG glance.common.config [None req-10790399-a5fd-480d-8b89-6aee8c8cbd54 None None] logging_user_identity_format   = %(user)s %(project)s %(domain)s %(system_scope)s %(user_domain)s %(project_domain)s {{(pid=82046) log_opt_values /opt/stack/data/venv/lib/python3.10/site-packages/oslo_config/cfg.py:2817}}
Jul 30 16:12:30.079243 np0000032030 devstack@g-api.service[82046]: DEBUG glance.common.config [None req-10790399-a5fd-480d-8b89-6aee8c8cbd54 None None] max_header_line                = 16384 {{(pid=82046) log_opt_values /opt/stack/data/venv/lib/python3.10/site-packages/oslo_config/cfg.py:2817}}
Jul 30 16:12:30.079327 np0000032030 devstack@g-api.service[82046]: DEBUG glance.common.config [None req-10790399-a5fd-480d-8b89-6aee8c8cbd54 None None] max_logfile_count              = 30 {{(pid=82046) log_opt_values /opt/stack/data/venv/lib/python3.10/site-packages/oslo_config/cfg.py:2817}}
Jul 30 16:12:30.079410 np0000032030 devstack@g-api.service[82046]: DEBUG glance.common.config [None req-10790399-a5fd-480d-8b89-6aee8c8cbd54 None None] max_logfile_size_mb            = 200 {{(pid=82046) log_opt_values /opt/stack/data/venv/lib/python3.10/site-packages/oslo_config/cfg.py:2817}}
Jul 30 16:12:30.079500 np0000032030 devstack@g-api.service[82046]: DEBUG glance.common.config [None req-10790399-a5fd-480d-8b89-6aee8c8cbd54 None None] max_request_id_length          = 64 {{(pid=82046) log_opt_values /opt/stack/data/venv/lib/python3.10/site-packages/oslo_config/cfg.py:2817}}
Jul 30 16:12:30.079583 np0000032030 devstack@g-api.service[82046]: DEBUG glance.common.config [None req-10790399-a5fd-480d-8b89-6aee8c8cbd54 None None] metadata_encryption_key        = **** {{(pid=82046) log_opt_values /opt/stack/data/venv/lib/python3.10/site-packages/oslo_config/cfg.py:2817}}
Jul 30 16:12:30.079671 np0000032030 devstack@g-api.service[82046]: DEBUG glance.common.config [None req-10790399-a5fd-480d-8b89-6aee8c8cbd54 None None] node_staging_uri               = file:///tmp/staging/ {{(pid=82046) log_opt_values /opt/stack/data/venv/lib/python3.10/site-packages/oslo_config/cfg.py:2817}}
Jul 30 16:12:30.079755 np0000032030 devstack@g-api.service[82046]: DEBUG glance.common.config [None req-10790399-a5fd-480d-8b89-6aee8c8cbd54 None None] property_protection_file       = None {{(pid=82046) log_opt_values /opt/stack/data/venv/lib/python3.10/site-packages/oslo_config/cfg.py:2817}}
