Jul 30 17:32:43.118948 np0000032034 systemd[1]: Starting devstack@g-api.service - Devstack devstack@g-api.service...
Jul 30 17:32:43.122126 np0000032034 devstack@g-api.service[79907]: [uWSGI] getting INI configuration from /etc/glance/glance-uwsgi.ini
Jul 30 17:32:43.124374 np0000032034 devstack@g-api.service[79907]: *** Starting uWSGI 2.0.24-debian (64bit) on [Wed Jul 30 17:32:43 2025] ***
Jul 30 17:32:43.124374 np0000032034 devstack@g-api.service[79907]: compiled with version: 13.2.0 on 17 April 2024 16:23:48
Jul 30 17:32:43.124374 np0000032034 devstack@g-api.service[79907]: os: Linux-6.8.0-71-generic #71-Ubuntu SMP PREEMPT_DYNAMIC Tue Jul 22 16:52:38 UTC 2025
Jul 30 17:32:43.124374 np0000032034 devstack@g-api.service[79907]: nodename: np0000032034
Jul 30 17:32:43.124374 np0000032034 devstack@g-api.service[79907]: machine: x86_64
Jul 30 17:32:43.124374 np0000032034 devstack@g-api.service[79907]: clock source: unix
Jul 30 17:32:43.124374 np0000032034 devstack@g-api.service[79907]: pcre jit disabled
Jul 30 17:32:43.124374 np0000032034 devstack@g-api.service[79907]: detected number of CPU cores: 8
Jul 30 17:32:43.124374 np0000032034 devstack@g-api.service[79907]: current working directory: /
Jul 30 17:32:43.124374 np0000032034 devstack@g-api.service[79907]: detected binary path: /usr/bin/uwsgi-core
Jul 30 17:32:43.124374 np0000032034 devstack@g-api.service[79907]: your processes number limit is 31483
Jul 30 17:32:43.124374 np0000032034 devstack@g-api.service[79907]: your memory page size is 4096 bytes
Jul 30 17:32:43.124374 np0000032034 devstack@g-api.service[79907]: detected max file descriptor number: 2048
Jul 30 17:32:43.124601 np0000032034 devstack@g-api.service[79907]: lock engine: pthread robust mutexes
Jul 30 17:32:43.124601 np0000032034 devstack@g-api.service[79907]: thunder lock: enabled
Jul 30 17:32:43.124601 np0000032034 devstack@g-api.service[79907]: uwsgi socket 0 bound to TCP address 127.0.0.1:60999 fd 4
Jul 30 17:32:43.124601 np0000032034 devstack@g-api.service[79907]: Python version: 3.12.3 (main, Jun 18 2025, 17:59:45) [GCC 13.3.0]
Jul 30 17:32:43.124665 np0000032034 devstack@g-api.service[79907]: PEP 405 virtualenv detected: /opt/stack/data/venv
Jul 30 17:32:43.124665 np0000032034 devstack@g-api.service[79907]: Set PythonHome to /opt/stack/data/venv
Jul 30 17:32:43.150294 np0000032034 devstack@g-api.service[79907]: Python main interpreter initialized at 0x739ace8a39e8
Jul 30 17:32:43.150294 np0000032034 devstack@g-api.service[79907]: python threads support enabled
Jul 30 17:32:43.150294 np0000032034 devstack@g-api.service[79907]: your server socket listen backlog is limited to 100 connections
Jul 30 17:32:43.150294 np0000032034 devstack@g-api.service[79907]: your mercy for graceful operations on workers is 80 seconds
Jul 30 17:32:43.150486 np0000032034 devstack@g-api.service[79907]: mapped 403077 bytes (393 KB) for 2 cores
Jul 30 17:32:43.150532 np0000032034 devstack@g-api.service[79907]: *** Operational MODE: preforking ***
Jul 30 17:32:43.150664 np0000032034 devstack@g-api.service[79907]: *** uWSGI is running in multiple interpreter mode ***
Jul 30 17:32:43.150664 np0000032034 devstack@g-api.service[79907]: spawned uWSGI master process (pid: 79907)
Jul 30 17:32:43.150726 np0000032034 systemd[1]: Started devstack@g-api.service - Devstack devstack@g-api.service.
Jul 30 17:32:43.150957 np0000032034 devstack@g-api.service[79907]: spawned uWSGI worker 1 (pid: 79908, cores: 1)
Jul 30 17:32:43.151368 np0000032034 devstack@g-api.service[79907]: spawned uWSGI worker 2 (pid: 79909, cores: 1)
Jul 30 17:32:43.151368 np0000032034 devstack@g-api.service[79907]: running "unix_signal:15 gracefully_kill_them_all" (master-start)...
Jul 30 17:32:43.760329 np0000032034 devstack@g-api.service[79908]: INFO glance.async_ [-] Threadpool model set to 'NativeThreadPoolModel'
Jul 30 17:32:43.765105 np0000032034 devstack@g-api.service[79909]: INFO glance.async_ [-] Threadpool model set to 'NativeThreadPoolModel'
Jul 30 17:32:43.813209 np0000032034 devstack@g-api.service[79908]: DEBUG oslo_concurrency.processutils [-] Running cmd (subprocess): grep -F node.session.scan /sbin/iscsiadm {{(pid=79908) execute /opt/stack/data/venv/lib/python3.12/site-packages/oslo_concurrency/processutils.py:349}}
Jul 30 17:32:43.818667 np0000032034 devstack@g-api.service[79908]: DEBUG oslo_concurrency.processutils [-] CMD "grep -F node.session.scan /sbin/iscsiadm" returned: 0 in 0.006s {{(pid=79908) execute /opt/stack/data/venv/lib/python3.12/site-packages/oslo_concurrency/processutils.py:372}}
Jul 30 17:32:43.819086 np0000032034 devstack@g-api.service[79909]: DEBUG oslo_concurrency.processutils [-] Running cmd (subprocess): grep -F node.session.scan /sbin/iscsiadm {{(pid=79909) execute /opt/stack/data/venv/lib/python3.12/site-packages/oslo_concurrency/processutils.py:349}}
Jul 30 17:32:43.824295 np0000032034 devstack@g-api.service[79909]: DEBUG oslo_concurrency.processutils [-] CMD "grep -F node.session.scan /sbin/iscsiadm" returned: 0 in 0.005s {{(pid=79909) execute /opt/stack/data/venv/lib/python3.12/site-packages/oslo_concurrency/processutils.py:372}}
Jul 30 17:32:43.863662 np0000032034 devstack@g-api.service[79908]: DEBUG glance_store.common.attachment_state_manager [-] Initialising _AttachmentStateManager {{(pid=79908) __init__ /opt/stack/data/venv/lib/python3.12/site-packages/glance_store/common/attachment_state_manager.py:86}}
Jul 30 17:32:43.882304 np0000032034 devstack@g-api.service[79909]: DEBUG glance_store.common.attachment_state_manager [-] Initialising _AttachmentStateManager {{(pid=79909) __init__ /opt/stack/data/venv/lib/python3.12/site-packages/glance_store/common/attachment_state_manager.py:86}}
Jul 30 17:32:44.069484 np0000032034 devstack@g-api.service[79908]: DEBUG glance_store.backend [-] Attempting to import store cinder {{(pid=79908) _load_store /opt/stack/data/venv/lib/python3.12/site-packages/glance_store/backend.py:216}}
Jul 30 17:32:44.069592 np0000032034 devstack@g-api.service[79909]: DEBUG glance_store.backend [-] Attempting to import store cinder {{(pid=79909) _load_store /opt/stack/data/venv/lib/python3.12/site-packages/glance_store/backend.py:216}}
Jul 30 17:32:44.069592 np0000032034 devstack@g-api.service[79909]: DEBUG glance_store.backend [-] Attempting to import store file {{(pid=79909) _load_store /opt/stack/data/venv/lib/python3.12/site-packages/glance_store/backend.py:216}}
Jul 30 17:32:44.069634 np0000032034 devstack@g-api.service[79908]: DEBUG glance_store.backend [-] Attempting to import store file {{(pid=79908) _load_store /opt/stack/data/venv/lib/python3.12/site-packages/glance_store/backend.py:216}}
Jul 30 17:32:44.069634 np0000032034 devstack@g-api.service[79908]: DEBUG glance_store.backend [-] Attempting to import store glance.store.cinder.Store {{(pid=79908) _load_store /opt/stack/data/venv/lib/python3.12/site-packages/glance_store/backend.py:216}}
Jul 30 17:32:44.069666 np0000032034 devstack@g-api.service[79909]: DEBUG glance_store.backend [-] Attempting to import store glance.store.cinder.Store {{(pid=79909) _load_store /opt/stack/data/venv/lib/python3.12/site-packages/glance_store/backend.py:216}}
Jul 30 17:32:44.069685 np0000032034 devstack@g-api.service[79908]: DEBUG glance_store.backend [-] Attempting to import store glance.store.filesystem.Store {{(pid=79908) _load_store /opt/stack/data/venv/lib/python3.12/site-packages/glance_store/backend.py:216}}
Jul 30 17:32:44.069706 np0000032034 devstack@g-api.service[79909]: DEBUG glance_store.backend [-] Attempting to import store glance.store.filesystem.Store {{(pid=79909) _load_store /opt/stack/data/venv/lib/python3.12/site-packages/glance_store/backend.py:216}}
Jul 30 17:32:44.069725 np0000032034 devstack@g-api.service[79908]: DEBUG glance_store.backend [-] Attempting to import store glance.store.http.Store {{(pid=79908) _load_store /opt/stack/data/venv/lib/python3.12/site-packages/glance_store/backend.py:216}}
Jul 30 17:32:44.069789 np0000032034 devstack@g-api.service[79908]: DEBUG glance_store.backend [-] Attempting to import store glance.store.rbd.Store {{(pid=79908) _load_store /opt/stack/data/venv/lib/python3.12/site-packages/glance_store/backend.py:216}}
Jul 30 17:32:44.069816 np0000032034 devstack@g-api.service[79909]: DEBUG glance_store.backend [-] Attempting to import store glance.store.http.Store {{(pid=79909) _load_store /opt/stack/data/venv/lib/python3.12/site-packages/glance_store/backend.py:216}}
Jul 30 17:32:44.069842 np0000032034 devstack@g-api.service[79908]: DEBUG glance_store.backend [-] Attempting to import store glance.store.s3.Store {{(pid=79908) _load_store /opt/stack/data/venv/lib/python3.12/site-packages/glance_store/backend.py:216}}
Jul 30 17:32:44.069886 np0000032034 devstack@g-api.service[79909]: DEBUG glance_store.backend [-] Attempting to import store glance.store.rbd.Store {{(pid=79909) _load_store /opt/stack/data/venv/lib/python3.12/site-packages/glance_store/backend.py:216}}
Jul 30 17:32:44.069908 np0000032034 devstack@g-api.service[79908]: DEBUG glance_store.backend [-] Attempting to import store glance.store.swift.Store {{(pid=79908) _load_store /opt/stack/data/venv/lib/python3.12/site-packages/glance_store/backend.py:216}}
Jul 30 17:32:44.069951 np0000032034 devstack@g-api.service[79908]: DEBUG glance_store.backend [-] Attempting to import store glance.store.vmware_datastore.Store {{(pid=79908) _load_store /opt/stack/data/venv/lib/python3.12/site-packages/glance_store/backend.py:216}}
Jul 30 17:32:44.069975 np0000032034 devstack@g-api.service[79909]: DEBUG glance_store.backend [-] Attempting to import store glance.store.s3.Store {{(pid=79909) _load_store /opt/stack/data/venv/lib/python3.12/site-packages/glance_store/backend.py:216}}
Jul 30 17:32:44.070004 np0000032034 devstack@g-api.service[79908]: DEBUG glance_store.backend [-] Attempting to import store http {{(pid=79908) _load_store /opt/stack/data/venv/lib/python3.12/site-packages/glance_store/backend.py:216}}
Jul 30 17:32:44.070059 np0000032034 devstack@g-api.service[79909]: DEBUG glance_store.backend [-] Attempting to import store glance.store.swift.Store {{(pid=79909) _load_store /opt/stack/data/venv/lib/python3.12/site-packages/glance_store/backend.py:216}}
Jul 30 17:32:44.070079 np0000032034 devstack@g-api.service[79908]: DEBUG glance_store.backend [-] Attempting to import store no_conf {{(pid=79908) _load_store /opt/stack/data/venv/lib/python3.12/site-packages/glance_store/backend.py:216}}
Jul 30 17:32:44.070111 np0000032034 devstack@g-api.service[79908]: DEBUG glance_store.backend [-] Attempting to import store rbd {{(pid=79908) _load_store /opt/stack/data/venv/lib/python3.12/site-packages/glance_store/backend.py:216}}
Jul 30 17:32:44.070142 np0000032034 devstack@g-api.service[79909]: DEBUG glance_store.backend [-] Attempting to import store glance.store.vmware_datastore.Store {{(pid=79909) _load_store /opt/stack/data/venv/lib/python3.12/site-packages/glance_store/backend.py:216}}
Jul 30 17:32:44.070171 np0000032034 devstack@g-api.service[79908]: DEBUG glance_store.backend [-] Attempting to import store s3 {{(pid=79908) _load_store /opt/stack/data/venv/lib/python3.12/site-packages/glance_store/backend.py:216}}
Jul 30 17:32:44.070220 np0000032034 devstack@g-api.service[79908]: DEBUG glance_store.backend [-] Attempting to import store swift {{(pid=79908) _load_store /opt/stack/data/venv/lib/python3.12/site-packages/glance_store/backend.py:216}}
Jul 30 17:32:44.070240 np0000032034 devstack@g-api.service[79909]: DEBUG glance_store.backend [-] Attempting to import store http {{(pid=79909) _load_store /opt/stack/data/venv/lib/python3.12/site-packages/glance_store/backend.py:216}}
Jul 30 17:32:44.070271 np0000032034 devstack@g-api.service[79908]: DEBUG glance_store.backend [-] Attempting to import store vmware {{(pid=79908) _load_store /opt/stack/data/venv/lib/python3.12/site-packages/glance_store/backend.py:216}}
Jul 30 17:32:44.070313 np0000032034 devstack@g-api.service[79909]: DEBUG glance_store.backend [-] Attempting to import store no_conf {{(pid=79909) _load_store /opt/stack/data/venv/lib/python3.12/site-packages/glance_store/backend.py:216}}
Jul 30 17:32:44.070332 np0000032034 devstack@g-api.service[79908]: DEBUG glance_store.backend [-] Registering options for group glance_store {{(pid=79908) register_opts /opt/stack/data/venv/lib/python3.12/site-packages/glance_store/backend.py:145}}
Jul 30 17:32:44.070394 np0000032034 devstack@g-api.service[79909]: DEBUG glance_store.backend [-] Attempting to import store rbd {{(pid=79909) _load_store /opt/stack/data/venv/lib/python3.12/site-packages/glance_store/backend.py:216}}
Jul 30 17:32:44.070476 np0000032034 devstack@g-api.service[79909]: DEBUG glance_store.backend [-] Attempting to import store s3 {{(pid=79909) _load_store /opt/stack/data/venv/lib/python3.12/site-packages/glance_store/backend.py:216}}
Jul 30 17:32:44.070501 np0000032034 devstack@g-api.service[79908]: DEBUG glance_store.backend [-] Registering options for group glance_store {{(pid=79908) register_opts /opt/stack/data/venv/lib/python3.12/site-packages/glance_store/backend.py:145}}
Jul 30 17:32:44.070551 np0000032034 devstack@g-api.service[79909]: DEBUG glance_store.backend [-] Attempting to import store swift {{(pid=79909) _load_store /opt/stack/data/venv/lib/python3.12/site-packages/glance_store/backend.py:216}}
Jul 30 17:32:44.070631 np0000032034 devstack@g-api.service[79909]: DEBUG glance_store.backend [-] Attempting to import store vmware {{(pid=79909) _load_store /opt/stack/data/venv/lib/python3.12/site-packages/glance_store/backend.py:216}}
Jul 30 17:32:44.070721 np0000032034 devstack@g-api.service[79909]: DEBUG glance_store.backend [-] Registering options for group glance_store {{(pid=79909) register_opts /opt/stack/data/venv/lib/python3.12/site-packages/glance_store/backend.py:145}}
Jul 30 17:32:44.070768 np0000032034 devstack@g-api.service[79908]: DEBUG glance_store.backend [-] Attempting to import store http {{(pid=79908) _load_store /opt/stack/data/venv/lib/python3.12/site-packages/glance_store/backend.py:216}}
Jul 30 17:32:44.070947 np0000032034 devstack@g-api.service[79908]: DEBUG glance_store.capabilities [-] Store glance_store._drivers.http.Store doesn't support updating dynamic storage capabilities. Please overwrite 'update_capabilities' method of the store to implement updating logics if needed. {{(pid=79908) update_capabilities /opt/stack/data/venv/lib/python3.12/site-packages/glance_store/capabilities.py:91}}
Jul 30 17:32:44.070971 np0000032034 devstack@g-api.service[79909]: DEBUG glance_store.backend [-] Registering options for group glance_store {{(pid=79909) register_opts /opt/stack/data/venv/lib/python3.12/site-packages/glance_store/backend.py:145}}
Jul 30 17:32:44.070988 np0000032034 devstack@g-api.service[79908]: DEBUG glance_store.backend [-] Registering store http with schemes ('http', 'https') {{(pid=79908) create_stores /opt/stack/data/venv/lib/python3.12/site-packages/glance_store/backend.py:262}}
Jul 30 17:32:44.071026 np0000032034 devstack@g-api.service[79908]: DEBUG glance_store.driver [-] Late loading location class glance_store._drivers.http.StoreLocation {{(pid=79908) get_store_location_class /opt/stack/data/venv/lib/python3.12/site-packages/glance_store/driver.py:136}}
Jul 30 17:32:44.071079 np0000032034 devstack@g-api.service[79908]: DEBUG glance_store.location [-] Registering scheme http with {'store': <glance_store._drivers.http.Store object at 0x739ac9af3650>, 'location_class': <class 'glance_store._drivers.http.StoreLocation'>, 'store_entry': 'http'} {{(pid=79908) register_scheme_map /opt/stack/data/venv/lib/python3.12/site-packages/glance_store/location.py:146}}
Jul 30 17:32:44.071121 np0000032034 devstack@g-api.service[79908]: DEBUG glance_store.location [-] Registering scheme https with {'store': <glance_store._drivers.http.Store object at 0x739ac9af3650>, 'location_class': <class 'glance_store._drivers.http.StoreLocation'>, 'store_entry': 'http'} {{(pid=79908) register_scheme_map /opt/stack/data/venv/lib/python3.12/site-packages/glance_store/location.py:146}}
Jul 30 17:32:44.071166 np0000032034 devstack@g-api.service[79908]: DEBUG glance_store.backend [-] Attempting to import store file {{(pid=79908) _load_store /opt/stack/data/venv/lib/python3.12/site-packages/glance_store/backend.py:216}}
Jul 30 17:32:44.071384 np0000032034 devstack@g-api.service[79909]: DEBUG glance_store.backend [-] Attempting to import store http {{(pid=79909) _load_store /opt/stack/data/venv/lib/python3.12/site-packages/glance_store/backend.py:216}}
Jul 30 17:32:44.071440 np0000032034 devstack@g-api.service[79908]: DEBUG glance_store.capabilities [-] Store glance_store._drivers.filesystem.Store doesn't support updating dynamic storage capabilities. Please overwrite 'update_capabilities' method of the store to implement updating logics if needed. {{(pid=79908) update_capabilities /opt/stack/data/venv/lib/python3.12/site-packages/glance_store/capabilities.py:91}}
Jul 30 17:32:44.071507 np0000032034 devstack@g-api.service[79908]: DEBUG glance_store.backend [-] Registering store file with schemes ('file', 'filesystem') {{(pid=79908) create_stores /opt/stack/data/venv/lib/python3.12/site-packages/glance_store/backend.py:262}}
Jul 30 17:32:44.071526 np0000032034 devstack@g-api.service[79908]: DEBUG glance_store.driver [-] Late loading location class glance_store._drivers.filesystem.StoreLocation {{(pid=79908) get_store_location_class /opt/stack/data/venv/lib/python3.12/site-packages/glance_store/driver.py:136}}
Jul 30 17:32:44.071561 np0000032034 devstack@g-api.service[79908]: DEBUG glance_store.location [-] Registering scheme file with {'store': <glance_store._drivers.filesystem.Store object at 0x739ac9fa67e0>, 'location_class': <class 'glance_store._drivers.filesystem.StoreLocation'>, 'store_entry': 'file'} {{(pid=79908) register_scheme_map /opt/stack/data/venv/lib/python3.12/site-packages/glance_store/location.py:146}}
Jul 30 17:32:44.071599 np0000032034 devstack@g-api.service[79908]: DEBUG glance_store.location [-] Registering scheme filesystem with {'store': <glance_store._drivers.filesystem.Store object at 0x739ac9fa67e0>, 'location_class': <class 'glance_store._drivers.filesystem.StoreLocation'>, 'store_entry': 'file'} {{(pid=79908) register_scheme_map /opt/stack/data/venv/lib/python3.12/site-packages/glance_store/location.py:146}}
Jul 30 17:32:44.071618 np0000032034 devstack@g-api.service[79909]: DEBUG glance_store.capabilities [-] Store glance_store._drivers.http.Store doesn't support updating dynamic storage capabilities. Please overwrite 'update_capabilities' method of the store to implement updating logics if needed. {{(pid=79909) update_capabilities /opt/stack/data/venv/lib/python3.12/site-packages/glance_store/capabilities.py:91}}
Jul 30 17:32:44.071683 np0000032034 devstack@g-api.service[79909]: DEBUG glance_store.backend [-] Registering store http with schemes ('http', 'https') {{(pid=79909) create_stores /opt/stack/data/venv/lib/python3.12/site-packages/glance_store/backend.py:262}}
Jul 30 17:32:44.071750 np0000032034 devstack@g-api.service[79909]: DEBUG glance_store.driver [-] Late loading location class glance_store._drivers.http.StoreLocation {{(pid=79909) get_store_location_class /opt/stack/data/venv/lib/python3.12/site-packages/glance_store/driver.py:136}}
Jul 30 17:32:44.071823 np0000032034 devstack@g-api.service[79908]: DEBUG glance.sqlite_migration [-] SQLite caching database not located, skipping migration {{(pid=79908) get_db_path /opt/stack/glance/glance/sqlite_migration.py:68}}
Jul 30 17:32:44.071846 np0000032034 devstack@g-api.service[79909]: DEBUG glance_store.location [-] Registering scheme http with {'store': <glance_store._drivers.http.Store object at 0x739ac9ae4110>, 'location_class': <class 'glance_store._drivers.http.StoreLocation'>, 'store_entry': 'http'} {{(pid=79909) register_scheme_map /opt/stack/data/venv/lib/python3.12/site-packages/glance_store/location.py:146}}
Jul 30 17:32:44.071903 np0000032034 devstack@g-api.service[79909]: DEBUG glance_store.location [-] Registering scheme https with {'store': <glance_store._drivers.http.Store object at 0x739ac9ae4110>, 'location_class': <class 'glance_store._drivers.http.StoreLocation'>, 'store_entry': 'http'} {{(pid=79909) register_scheme_map /opt/stack/data/venv/lib/python3.12/site-packages/glance_store/location.py:146}}
Jul 30 17:32:44.071961 np0000032034 devstack@g-api.service[79909]: DEBUG glance_store.backend [-] Attempting to import store file {{(pid=79909) _load_store /opt/stack/data/venv/lib/python3.12/site-packages/glance_store/backend.py:216}}
Jul 30 17:32:44.071979 np0000032034 devstack@g-api.service[79908]: WARNING glance.common.wsgi_app [-] Import methods are enabled but staging directory /tmp/staging/ does not exist; Imports will fail!
Jul 30 17:32:44.072324 np0000032034 devstack@g-api.service[79909]: DEBUG glance_store.capabilities [-] Store glance_store._drivers.filesystem.Store doesn't support updating dynamic storage capabilities. Please overwrite 'update_capabilities' method of the store to implement updating logics if needed. {{(pid=79909) update_capabilities /opt/stack/data/venv/lib/python3.12/site-packages/glance_store/capabilities.py:91}}
Jul 30 17:32:44.072371 np0000032034 devstack@g-api.service[79909]: DEBUG glance_store.backend [-] Registering store file with schemes ('file', 'filesystem') {{(pid=79909) create_stores /opt/stack/data/venv/lib/python3.12/site-packages/glance_store/backend.py:262}}
Jul 30 17:32:44.072435 np0000032034 devstack@g-api.service[79909]: DEBUG glance_store.driver [-] Late loading location class glance_store._drivers.filesystem.StoreLocation {{(pid=79909) get_store_location_class /opt/stack/data/venv/lib/python3.12/site-packages/glance_store/driver.py:136}}
Jul 30 17:32:44.072513 np0000032034 devstack@g-api.service[79909]: DEBUG glance_store.location [-] Registering scheme file with {'store': <glance_store._drivers.filesystem.Store object at 0x739ac9ae5820>, 'location_class': <class 'glance_store._drivers.filesystem.StoreLocation'>, 'store_entry': 'file'} {{(pid=79909) register_scheme_map /opt/stack/data/venv/lib/python3.12/site-packages/glance_store/location.py:146}}
Jul 30 17:32:44.072561 np0000032034 devstack@g-api.service[79909]: DEBUG glance_store.location [-] Registering scheme filesystem with {'store': <glance_store._drivers.filesystem.Store object at 0x739ac9ae5820>, 'location_class': <class 'glance_store._drivers.filesystem.StoreLocation'>, 'store_entry': 'file'} {{(pid=79909) register_scheme_map /opt/stack/data/venv/lib/python3.12/site-packages/glance_store/location.py:146}}
Jul 30 17:32:44.072810 np0000032034 devstack@g-api.service[79909]: DEBUG glance.sqlite_migration [-] SQLite caching database not located, skipping migration {{(pid=79909) get_db_path /opt/stack/glance/glance/sqlite_migration.py:68}}
Jul 30 17:32:44.072973 np0000032034 devstack@g-api.service[79909]: WARNING glance.common.wsgi_app [-] Import methods are enabled but staging directory /tmp/staging/ does not exist; Imports will fail!
Jul 30 17:32:44.299441 np0000032034 devstack@g-api.service[79908]: DEBUG glance.common.config [None req-838ba386-b2a4-4334-9887-117df8eb0fce None None] Loading glance-api-keystone+cachemanagement from /etc/glance/glance-api-paste.ini {{(pid=79908) load_paste_app /opt/stack/glance/glance/common/config.py:750}}
Jul 30 17:32:44.310209 np0000032034 devstack@g-api.service[79909]: DEBUG glance.common.config [None req-020ccf38-8b82-4c5f-8576-f68407b7d477 None None] Loading glance-api-keystone+cachemanagement from /etc/glance/glance-api-paste.ini {{(pid=79909) load_paste_app /opt/stack/glance/glance/common/config.py:750}}
Jul 30 17:32:44.780197 np0000032034 devstack@g-api.service[79908]: INFO glance.image_cache [None req-838ba386-b2a4-4334-9887-117df8eb0fce None None] Image cache loaded driver 'centralized_db'.
Jul 30 17:32:44.785295 np0000032034 devstack@g-api.service[79909]: INFO glance.image_cache [None req-020ccf38-8b82-4c5f-8576-f68407b7d477 None None] Image cache loaded driver 'centralized_db'.
Jul 30 17:32:44.812144 np0000032034 devstack@g-api.service[79908]: INFO dbcounter [None req-838ba386-b2a4-4334-9887-117df8eb0fce None None] Registered counter for database glance
Jul 30 17:32:44.817635 np0000032034 devstack@g-api.service[79909]: INFO dbcounter [None req-020ccf38-8b82-4c5f-8576-f68407b7d477 None None] Registered counter for database glance
Jul 30 17:32:44.820282 np0000032034 devstack@g-api.service[79908]: DEBUG oslo_db.sqlalchemy.engines [None req-838ba386-b2a4-4334-9887-117df8eb0fce None None] MySQL server mode set to STRICT_TRANS_TABLES,STRICT_ALL_TABLES,NO_ZERO_IN_DATE,NO_ZERO_DATE,ERROR_FOR_DIVISION_BY_ZERO,TRADITIONAL,NO_ENGINE_SUBSTITUTION {{(pid=79908) _check_effective_sql_mode /opt/stack/data/venv/lib/python3.12/site-packages/oslo_db/sqlalchemy/engines.py:397}}
Jul 30 17:32:44.825966 np0000032034 devstack@g-api.service[79909]: DEBUG oslo_db.sqlalchemy.engines [None req-020ccf38-8b82-4c5f-8576-f68407b7d477 None None] MySQL server mode set to STRICT_TRANS_TABLES,STRICT_ALL_TABLES,NO_ZERO_IN_DATE,NO_ZERO_DATE,ERROR_FOR_DIVISION_BY_ZERO,TRADITIONAL,NO_ENGINE_SUBSTITUTION {{(pid=79909) _check_effective_sql_mode /opt/stack/data/venv/lib/python3.12/site-packages/oslo_db/sqlalchemy/engines.py:397}}
Jul 30 17:32:44.837149 np0000032034 devstack@g-api.service[79908]: DEBUG dbcounter [-] [79908] Writer thread running {{(pid=79908) stat_writer /opt/stack/data/venv/lib/python3.12/site-packages/dbcounter.py:102}}
Jul 30 17:32:44.843431 np0000032034 devstack@g-api.service[79909]: DEBUG dbcounter [-] [79909] Writer thread running {{(pid=79909) stat_writer /opt/stack/data/venv/lib/python3.12/site-packages/dbcounter.py:102}}
Jul 30 17:32:44.846045 np0000032034 devstack@g-api.service[79909]: DEBUG glance.image_cache.drivers.centralized_db [None req-020ccf38-8b82-4c5f-8576-f68407b7d477 None None] Node reference is already recorded, ignoring it {{(pid=79909) configure /opt/stack/glance/glance/image_cache/drivers/centralized_db.py:71}}
Jul 30 17:32:44.848224 np0000032034 devstack@g-api.service[79908]: INFO glance.image_cache [None req-838ba386-b2a4-4334-9887-117df8eb0fce None None] Image cache loaded driver 'centralized_db'.
Jul 30 17:32:44.850390 np0000032034 devstack@g-api.service[79909]: INFO glance.image_cache [None req-020ccf38-8b82-4c5f-8576-f68407b7d477 None None] Image cache loaded driver 'centralized_db'.
Jul 30 17:32:44.853635 np0000032034 devstack@g-api.service[79908]: DEBUG glance.image_cache.drivers.centralized_db [None req-838ba386-b2a4-4334-9887-117df8eb0fce None None] Node reference is already recorded, ignoring it {{(pid=79908) configure /opt/stack/glance/glance/image_cache/drivers/centralized_db.py:71}}
Jul 30 17:32:44.855976 np0000032034 devstack@g-api.service[79909]: DEBUG glance.image_cache.drivers.centralized_db [None req-020ccf38-8b82-4c5f-8576-f68407b7d477 None None] Node reference is already recorded, ignoring it {{(pid=79909) configure /opt/stack/glance/glance/image_cache/drivers/centralized_db.py:71}}
Jul 30 17:32:44.857441 np0000032034 devstack@g-api.service[79908]: DEBUG glance.api.v2.cached_images [None req-838ba386-b2a4-4334-9887-117df8eb0fce None None] Started cache worker thread {{(pid=79908) __init__ /opt/stack/glance/glance/api/v2/cached_images.py:69}}
Jul 30 17:32:44.857920 np0000032034 devstack@g-api.service[79908]: INFO glance.image_cache [None req-838ba386-b2a4-4334-9887-117df8eb0fce None None] Image cache loaded driver 'centralized_db'.
Jul 30 17:32:44.859840 np0000032034 devstack@g-api.service[79909]: DEBUG glance.api.v2.cached_images [None req-020ccf38-8b82-4c5f-8576-f68407b7d477 None None] Started cache worker thread {{(pid=79909) __init__ /opt/stack/glance/glance/api/v2/cached_images.py:69}}
Jul 30 17:32:44.860264 np0000032034 devstack@g-api.service[79909]: INFO glance.image_cache [None req-020ccf38-8b82-4c5f-8576-f68407b7d477 None None] Image cache loaded driver 'centralized_db'.
Jul 30 17:32:44.862951 np0000032034 devstack@g-api.service[79908]: DEBUG glance.image_cache.drivers.centralized_db [None req-838ba386-b2a4-4334-9887-117df8eb0fce None None] Node reference is already recorded, ignoring it {{(pid=79908) configure /opt/stack/glance/glance/image_cache/drivers/centralized_db.py:71}}
Jul 30 17:32:44.865493 np0000032034 devstack@g-api.service[79909]: DEBUG glance.image_cache.drivers.centralized_db [None req-020ccf38-8b82-4c5f-8576-f68407b7d477 None None] Node reference is already recorded, ignoring it {{(pid=79909) configure /opt/stack/glance/glance/image_cache/drivers/centralized_db.py:71}}
Jul 30 17:32:44.866675 np0000032034 devstack@g-api.service[79908]: INFO glance.api.middleware.cache_manage [None req-838ba386-b2a4-4334-9887-117df8eb0fce None None] Initialized image cache management middleware
Jul 30 17:32:44.866793 np0000032034 devstack@g-api.service[79908]: INFO glance.image_cache [None req-838ba386-b2a4-4334-9887-117df8eb0fce None None] Image cache loaded driver 'centralized_db'.
Jul 30 17:32:44.869248 np0000032034 devstack@g-api.service[79909]: INFO glance.api.middleware.cache_manage [None req-020ccf38-8b82-4c5f-8576-f68407b7d477 None None] Initialized image cache management middleware
Jul 30 17:32:44.869375 np0000032034 devstack@g-api.service[79909]: INFO glance.image_cache [None req-020ccf38-8b82-4c5f-8576-f68407b7d477 None None] Image cache loaded driver 'centralized_db'.
Jul 30 17:32:44.871771 np0000032034 devstack@g-api.service[79908]: DEBUG glance.image_cache.drivers.centralized_db [None req-838ba386-b2a4-4334-9887-117df8eb0fce None None] Node reference is already recorded, ignoring it {{(pid=79908) configure /opt/stack/glance/glance/image_cache/drivers/centralized_db.py:71}}
Jul 30 17:32:44.875353 np0000032034 devstack@g-api.service[79908]: INFO glance.api.middleware.cache [None req-838ba386-b2a4-4334-9887-117df8eb0fce None None] Initialized image cache middleware
Jul 30 17:32:44.875389 np0000032034 devstack@g-api.service[79909]: DEBUG glance.image_cache.drivers.centralized_db [None req-020ccf38-8b82-4c5f-8576-f68407b7d477 None None] Node reference is already recorded, ignoring it {{(pid=79909) configure /opt/stack/glance/glance/image_cache/drivers/centralized_db.py:71}}
Jul 30 17:32:44.878459 np0000032034 devstack@g-api.service[79909]: INFO glance.api.middleware.cache [None req-020ccf38-8b82-4c5f-8576-f68407b7d477 None None] Initialized image cache middleware
Jul 30 17:32:44.879794 np0000032034 devstack@g-api.service[79908]: WARNING keystonemiddleware.auth_token [None req-838ba386-b2a4-4334-9887-117df8eb0fce None None] AuthToken middleware is set with keystone_authtoken.service_token_roles_required set to False. This is backwards compatible but deprecated behaviour. Please set this to True.
Jul 30 17:32:44.882779 np0000032034 devstack@g-api.service[79908]: WARNING keystonemiddleware.auth_token [None req-838ba386-b2a4-4334-9887-117df8eb0fce None None] Configuring www_authenticate_uri to point to the public identity endpoint is required; clients may not be able to authenticate against an admin endpoint
Jul 30 17:32:44.883010 np0000032034 devstack@g-api.service[79909]: WARNING keystonemiddleware.auth_token [None req-020ccf38-8b82-4c5f-8576-f68407b7d477 None None] AuthToken middleware is set with keystone_authtoken.service_token_roles_required set to False. This is backwards compatible but deprecated behaviour. Please set this to True.
Jul 30 17:32:44.885295 np0000032034 devstack@g-api.service[79908]: DEBUG glance.common.config [None req-838ba386-b2a4-4334-9887-117df8eb0fce None None] ******************************************************************************** {{(pid=79908) log_opt_values /opt/stack/data/venv/lib/python3.12/site-packages/oslo_config/cfg.py:2804}}
Jul 30 17:32:44.885365 np0000032034 devstack@g-api.service[79908]: DEBUG glance.common.config [None req-838ba386-b2a4-4334-9887-117df8eb0fce None None] Configuration options gathered from: {{(pid=79908) log_opt_values /opt/stack/data/venv/lib/python3.12/site-packages/oslo_config/cfg.py:2805}}
Jul 30 17:32:44.885581 np0000032034 devstack@g-api.service[79908]: DEBUG glance.common.config [None req-838ba386-b2a4-4334-9887-117df8eb0fce None None] command line args: [] {{(pid=79908) log_opt_values /opt/stack/data/venv/lib/python3.12/site-packages/oslo_config/cfg.py:2806}}
Jul 30 17:32:44.885671 np0000032034 devstack@g-api.service[79908]: DEBUG glance.common.config [None req-838ba386-b2a4-4334-9887-117df8eb0fce None None] config files: ['/etc/glance/glance-image-import.conf', '/etc/glance/glance-api.conf'] {{(pid=79908) log_opt_values /opt/stack/data/venv/lib/python3.12/site-packages/oslo_config/cfg.py:2807}}
Jul 30 17:32:44.885721 np0000032034 devstack@g-api.service[79908]: DEBUG glance.common.config [None req-838ba386-b2a4-4334-9887-117df8eb0fce None None] ================================================================================ {{(pid=79908) log_opt_values /opt/stack/data/venv/lib/python3.12/site-packages/oslo_config/cfg.py:2809}}
Jul 30 17:32:44.885829 np0000032034 devstack@g-api.service[79908]: DEBUG glance.common.config [None req-838ba386-b2a4-4334-9887-117df8eb0fce None None] allow_anonymous_access         = False {{(pid=79908) log_opt_values /opt/stack/data/venv/lib/python3.12/site-packages/oslo_config/cfg.py:2817}}
Jul 30 17:32:44.885907 np0000032034 devstack@g-api.service[79908]: DEBUG glance.common.config [None req-838ba386-b2a4-4334-9887-117df8eb0fce None None] api_limit_max                  = 1000 {{(pid=79908) log_opt_values /opt/stack/data/venv/lib/python3.12/site-packages/oslo_config/cfg.py:2817}}
Jul 30 17:32:44.885982 np0000032034 devstack@g-api.service[79908]: DEBUG glance.common.config [None req-838ba386-b2a4-4334-9887-117df8eb0fce None None] backlog                        = 4096 {{(pid=79908) log_opt_values /opt/stack/data/venv/lib/python3.12/site-packages/oslo_config/cfg.py:2817}}
Jul 30 17:32:44.886081 np0000032034 devstack@g-api.service[79908]: DEBUG glance.common.config [None req-838ba386-b2a4-4334-9887-117df8eb0fce None None] bind_host                      = 0.0.0.0 {{(pid=79908) log_opt_values /opt/stack/data/venv/lib/python3.12/site-packages/oslo_config/cfg.py:2817}}
Jul 30 17:32:44.886156 np0000032034 devstack@g-api.service[79909]: WARNING keystonemiddleware.auth_token [None req-020ccf38-8b82-4c5f-8576-f68407b7d477 None None] Configuring www_authenticate_uri to point to the public identity endpoint is required; clients may not be able to authenticate against an admin endpoint
Jul 30 17:32:44.886176 np0000032034 devstack@g-api.service[79908]: DEBUG glance.common.config [None req-838ba386-b2a4-4334-9887-117df8eb0fce None None] bind_port                      = 19292 {{(pid=79908) log_opt_values /opt/stack/data/venv/lib/python3.12/site-packages/oslo_config/cfg.py:2817}}
Jul 30 17:32:44.886240 np0000032034 devstack@g-api.service[79908]: DEBUG glance.common.config [None req-838ba386-b2a4-4334-9887-117df8eb0fce None None] client_socket_timeout          = 900 {{(pid=79908) log_opt_values /opt/stack/data/venv/lib/python3.12/site-packages/oslo_config/cfg.py:2817}}
Jul 30 17:32:44.886319 np0000032034 devstack@g-api.service[79908]: DEBUG glance.common.config [None req-838ba386-b2a4-4334-9887-117df8eb0fce None None] config_dir                     = [] {{(pid=79908) log_opt_values /opt/stack/data/venv/lib/python3.12/site-packages/oslo_config/cfg.py:2817}}
Jul 30 17:32:44.886374 np0000032034 devstack@g-api.service[79908]: DEBUG glance.common.config [None req-838ba386-b2a4-4334-9887-117df8eb0fce None None] config_file                    = ['/etc/glance/glance-image-import.conf', '/etc/glance/glance-api.conf'] {{(pid=79908) log_opt_values /opt/stack/data/venv/lib/python3.12/site-packages/oslo_config/cfg.py:2817}}
Jul 30 17:32:44.886446 np0000032034 devstack@g-api.service[79908]: DEBUG glance.common.config [None req-838ba386-b2a4-4334-9887-117df8eb0fce None None] config_source                  = [] {{(pid=79908) log_opt_values /opt/stack/data/venv/lib/python3.12/site-packages/oslo_config/cfg.py:2817}}
Jul 30 17:32:44.886521 np0000032034 devstack@g-api.service[79908]: DEBUG glance.common.config [None req-838ba386-b2a4-4334-9887-117df8eb0fce None None] control_exchange               = glance {{(pid=79908) log_opt_values /opt/stack/data/venv/lib/python3.12/site-packages/oslo_config/cfg.py:2817}}
Jul 30 17:32:44.886573 np0000032034 devstack@g-api.service[79908]: DEBUG glance.common.config [None req-838ba386-b2a4-4334-9887-117df8eb0fce None None] debug                          = True {{(pid=79908) log_opt_values /opt/stack/data/venv/lib/python3.12/site-packages/oslo_config/cfg.py:2817}}
Jul 30 17:32:44.886699 np0000032034 devstack@g-api.service[79908]: DEBUG glance.common.config [None req-838ba386-b2a4-4334-9887-117df8eb0fce None None] default_log_levels             = ['amqp=WARN', 'amqplib=WARN', 'boto=WARN', 'qpid=WARN', 'sqlalchemy=WARN', 'suds=INFO', 'oslo.messaging=INFO', 'oslo_messaging=INFO', 'iso8601=WARN', 'requests.packages.urllib3.connectionpool=WARN', 'urllib3.connectionpool=WARN', 'websocket=WARN', 'requests.packages.urllib3.util.retry=WARN', 'urllib3.util.retry=WARN', 'keystonemiddleware=WARN', 'routes.middleware=WARN', 'stevedore=WARN', 'taskflow=WARN', 'keystoneauth=WARN', 'oslo.cache=INFO', 'oslo_policy=INFO', 'dogpile.core.dogpile=INFO'] {{(pid=79908) log_opt_values /opt/stack/data/venv/lib/python3.12/site-packages/oslo_config/cfg.py:2817}}
Jul 30 17:32:44.886776 np0000032034 devstack@g-api.service[79908]: DEBUG glance.common.config [None req-838ba386-b2a4-4334-9887-117df8eb0fce None None] default_publisher_id           = image.localhost {{(pid=79908) log_opt_values /opt/stack/data/venv/lib/python3.12/site-packages/oslo_config/cfg.py:2817}}
Jul 30 17:32:44.886847 np0000032034 devstack@g-api.service[79908]: DEBUG glance.common.config [None req-838ba386-b2a4-4334-9887-117df8eb0fce None None] delayed_delete                 = False {{(pid=79908) log_opt_values /opt/stack/data/venv/lib/python3.12/site-packages/oslo_config/cfg.py:2817}}
Jul 30 17:32:44.886920 np0000032034 devstack@g-api.service[79908]: DEBUG glance.common.config [None req-838ba386-b2a4-4334-9887-117df8eb0fce None None] digest_algorithm               = sha256 {{(pid=79908) log_opt_values /opt/stack/data/venv/lib/python3.12/site-packages/oslo_config/cfg.py:2817}}
Jul 30 17:32:44.886991 np0000032034 devstack@g-api.service[79908]: DEBUG glance.common.config [None req-838ba386-b2a4-4334-9887-117df8eb0fce None None] disabled_notifications         = [] {{(pid=79908) log_opt_values /opt/stack/data/venv/lib/python3.12/site-packages/oslo_config/cfg.py:2817}}
Jul 30 17:32:44.887061 np0000032034 devstack@g-api.service[79908]: DEBUG glance.common.config [None req-838ba386-b2a4-4334-9887-117df8eb0fce None None] do_secure_hash                 = True {{(pid=79908) log_opt_values /opt/stack/data/venv/lib/python3.12/site-packages/oslo_config/cfg.py:2817}}
Jul 30 17:32:44.887132 np0000032034 devstack@g-api.service[79908]: DEBUG glance.common.config [None req-838ba386-b2a4-4334-9887-117df8eb0fce None None] enabled_backends               = None {{(pid=79908) log_opt_values /opt/stack/data/venv/lib/python3.12/site-packages/oslo_config/cfg.py:2817}}
Jul 30 17:32:44.887220 np0000032034 devstack@g-api.service[79908]: DEBUG glance.common.config [None req-838ba386-b2a4-4334-9887-117df8eb0fce None None] enabled_import_methods         = ['glance-direct', 'web-download', 'copy-image'] {{(pid=79908) log_opt_values /opt/stack/data/venv/lib/python3.12/site-packages/oslo_config/cfg.py:2817}}
Jul 30 17:32:44.887293 np0000032034 devstack@g-api.service[79908]: DEBUG glance.common.config [None req-838ba386-b2a4-4334-9887-117df8eb0fce None None] hashing_algorithm              = sha512 {{(pid=79908) log_opt_values /opt/stack/data/venv/lib/python3.12/site-packages/oslo_config/cfg.py:2817}}
Jul 30 17:32:44.887362 np0000032034 devstack@g-api.service[79908]: DEBUG glance.common.config [None req-838ba386-b2a4-4334-9887-117df8eb0fce None None] http_keepalive                 = True {{(pid=79908) log_opt_values /opt/stack/data/venv/lib/python3.12/site-packages/oslo_config/cfg.py:2817}}
Jul 30 17:32:44.887431 np0000032034 devstack@g-api.service[79908]: DEBUG glance.common.config [None req-838ba386-b2a4-4334-9887-117df8eb0fce None None] http_retries                   = 3 {{(pid=79908) log_opt_values /opt/stack/data/venv/lib/python3.12/site-packages/oslo_config/cfg.py:2817}}
Jul 30 17:32:44.887503 np0000032034 devstack@g-api.service[79908]: DEBUG glance.common.config [None req-838ba386-b2a4-4334-9887-117df8eb0fce None None] image_cache_dir                = /opt/stack/data/glance/cache/ {{(pid=79908) log_opt_values /opt/stack/data/venv/lib/python3.12/site-packages/oslo_config/cfg.py:2817}}
Jul 30 17:32:44.887575 np0000032034 devstack@g-api.service[79908]: DEBUG glance.common.config [None req-838ba386-b2a4-4334-9887-117df8eb0fce None None] image_cache_driver             = centralized_db {{(pid=79908) log_opt_values /opt/stack/data/venv/lib/python3.12/site-packages/oslo_config/cfg.py:2817}}
Jul 30 17:32:44.887646 np0000032034 devstack@g-api.service[79908]: DEBUG glance.common.config [None req-838ba386-b2a4-4334-9887-117df8eb0fce None None] image_cache_max_size           = 10737418240 {{(pid=79908) log_opt_values /opt/stack/data/venv/lib/python3.12/site-packages/oslo_config/cfg.py:2817}}
Jul 30 17:32:44.887719 np0000032034 devstack@g-api.service[79908]: DEBUG glance.common.config [None req-838ba386-b2a4-4334-9887-117df8eb0fce None None] image_cache_sqlite_db          = cache.db {{(pid=79908) log_opt_values /opt/stack/data/venv/lib/python3.12/site-packages/oslo_config/cfg.py:2817}}
Jul 30 17:32:44.887798 np0000032034 devstack@g-api.service[79908]: DEBUG glance.common.config [None req-838ba386-b2a4-4334-9887-117df8eb0fce None None] image_cache_stall_time         = 86400 {{(pid=79908) log_opt_values /opt/stack/data/venv/lib/python3.12/site-packages/oslo_config/cfg.py:2817}}
Jul 30 17:32:44.887868 np0000032034 devstack@g-api.service[79908]: DEBUG glance.common.config [None req-838ba386-b2a4-4334-9887-117df8eb0fce None None] image_location_quota           = 10 {{(pid=79908) log_opt_values /opt/stack/data/venv/lib/python3.12/site-packages/oslo_config/cfg.py:2817}}
Jul 30 17:32:44.887937 np0000032034 devstack@g-api.service[79908]: DEBUG glance.common.config [None req-838ba386-b2a4-4334-9887-117df8eb0fce None None] image_member_quota             = 128 {{(pid=79908) log_opt_values /opt/stack/data/venv/lib/python3.12/site-packages/oslo_config/cfg.py:2817}}
Jul 30 17:32:44.888005 np0000032034 devstack@g-api.service[79908]: DEBUG glance.common.config [None req-838ba386-b2a4-4334-9887-117df8eb0fce None None] image_property_quota           = 128 {{(pid=79908) log_opt_values /opt/stack/data/venv/lib/python3.12/site-packages/oslo_config/cfg.py:2817}}
Jul 30 17:32:44.888074 np0000032034 devstack@g-api.service[79908]: DEBUG glance.common.config [None req-838ba386-b2a4-4334-9887-117df8eb0fce None None] image_size_cap                 = 1099511627776 {{(pid=79908) log_opt_values /opt/stack/data/venv/lib/python3.12/site-packages/oslo_config/cfg.py:2817}}
Jul 30 17:32:44.888143 np0000032034 devstack@g-api.service[79908]: DEBUG glance.common.config [None req-838ba386-b2a4-4334-9887-117df8eb0fce None None] image_tag_quota                = 128 {{(pid=79908) log_opt_values /opt/stack/data/venv/lib/python3.12/site-packages/oslo_config/cfg.py:2817}}
Jul 30 17:32:44.888220 np0000032034 devstack@g-api.service[79908]: DEBUG glance.common.config [None req-838ba386-b2a4-4334-9887-117df8eb0fce None None] instance_format                = [instance: %(uuid)s]  {{(pid=79908) log_opt_values /opt/stack/data/venv/lib/python3.12/site-packages/oslo_config/cfg.py:2817}}
Jul 30 17:32:44.888292 np0000032034 devstack@g-api.service[79908]: DEBUG glance.common.config [None req-838ba386-b2a4-4334-9887-117df8eb0fce None None] instance_uuid_format           = [instance: %(uuid)s]  {{(pid=79908) log_opt_values /opt/stack/data/venv/lib/python3.12/site-packages/oslo_config/cfg.py:2817}}
Jul 30 17:32:44.888359 np0000032034 devstack@g-api.service[79908]: DEBUG glance.common.config [None req-838ba386-b2a4-4334-9887-117df8eb0fce None None] limit_param_default            = 25 {{(pid=79908) log_opt_values /opt/stack/data/venv/lib/python3.12/site-packages/oslo_config/cfg.py:2817}}
Jul 30 17:32:44.888432 np0000032034 devstack@g-api.service[79908]: DEBUG glance.common.config [None req-838ba386-b2a4-4334-9887-117df8eb0fce None None] log_color                      = False {{(pid=79908) log_opt_values /opt/stack/data/venv/lib/python3.12/site-packages/oslo_config/cfg.py:2817}}
Jul 30 17:32:44.888506 np0000032034 devstack@g-api.service[79908]: DEBUG glance.common.config [None req-838ba386-b2a4-4334-9887-117df8eb0fce None None] log_config_append              = None {{(pid=79908) log_opt_values /opt/stack/data/venv/lib/python3.12/site-packages/oslo_config/cfg.py:2817}}
Jul 30 17:32:44.888579 np0000032034 devstack@g-api.service[79908]: DEBUG glance.common.config [None req-838ba386-b2a4-4334-9887-117df8eb0fce None None] log_date_format                = %Y-%m-%d %H:%M:%S {{(pid=79908) log_opt_values /opt/stack/data/venv/lib/python3.12/site-packages/oslo_config/cfg.py:2817}}
Jul 30 17:32:44.888647 np0000032034 devstack@g-api.service[79908]: DEBUG glance.common.config [None req-838ba386-b2a4-4334-9887-117df8eb0fce None None] log_dir                        = None {{(pid=79908) log_opt_values /opt/stack/data/venv/lib/python3.12/site-packages/oslo_config/cfg.py:2817}}
Jul 30 17:32:44.888717 np0000032034 devstack@g-api.service[79908]: DEBUG glance.common.config [None req-838ba386-b2a4-4334-9887-117df8eb0fce None None] log_file                       = None {{(pid=79908) log_opt_values /opt/stack/data/venv/lib/python3.12/site-packages/oslo_config/cfg.py:2817}}
Jul 30 17:32:44.888795 np0000032034 devstack@g-api.service[79908]: DEBUG glance.common.config [None req-838ba386-b2a4-4334-9887-117df8eb0fce None None] log_rotate_interval            = 1 {{(pid=79908) log_opt_values /opt/stack/data/venv/lib/python3.12/site-packages/oslo_config/cfg.py:2817}}
Jul 30 17:32:44.888871 np0000032034 devstack@g-api.service[79908]: DEBUG glance.common.config [None req-838ba386-b2a4-4334-9887-117df8eb0fce None None] log_rotate_interval_type       = days {{(pid=79908) log_opt_values /opt/stack/data/venv/lib/python3.12/site-packages/oslo_config/cfg.py:2817}}
Jul 30 17:32:44.888941 np0000032034 devstack@g-api.service[79908]: DEBUG glance.common.config [None req-838ba386-b2a4-4334-9887-117df8eb0fce None None] log_rotation_type              = none {{(pid=79908) log_opt_values /opt/stack/data/venv/lib/python3.12/site-packages/oslo_config/cfg.py:2817}}
Jul 30 17:32:44.888996 np0000032034 devstack@g-api.service[79908]: DEBUG glance.common.config [None req-838ba386-b2a4-4334-9887-117df8eb0fce None None] logging_context_format_string  = %(color)s%(levelname)s %(name)s [%(global_request_id)s %(request_id)s %(project_name)s %(user_name)s%(color)s] %(instance)s%(color)s%(message)s {{(pid=79908) log_opt_values /opt/stack/data/venv/lib/python3.12/site-packages/oslo_config/cfg.py:2817}}
Jul 30 17:32:44.889047 np0000032034 devstack@g-api.service[79908]: DEBUG glance.common.config [None req-838ba386-b2a4-4334-9887-117df8eb0fce None None] logging_debug_format_suffix    = {{(pid=%(process)d) %(funcName)s %(pathname)s:%(lineno)d}} {{(pid=79908) log_opt_values /opt/stack/data/venv/lib/python3.12/site-packages/oslo_config/cfg.py:2817}}
Jul 30 17:32:44.889121 np0000032034 devstack@g-api.service[79908]: DEBUG glance.common.config [None req-838ba386-b2a4-4334-9887-117df8eb0fce None None] logging_default_format_string  = %(color)s%(levelname)s %(name)s [-%(color)s] %(instance)s%(color)s%(message)s {{(pid=79908) log_opt_values /opt/stack/data/venv/lib/python3.12/site-packages/oslo_config/cfg.py:2817}}
Jul 30 17:32:44.889199 np0000032034 devstack@g-api.service[79908]: DEBUG glance.common.config [None req-838ba386-b2a4-4334-9887-117df8eb0fce None None] logging_exception_prefix       = ERROR %(name)s %(instance)s {{(pid=79908) log_opt_values /opt/stack/data/venv/lib/python3.12/site-packages/oslo_config/cfg.py:2817}}
Jul 30 17:32:44.889250 np0000032034 devstack@g-api.service[79908]: DEBUG glance.common.config [None req-838ba386-b2a4-4334-9887-117df8eb0fce None None] logging_user_identity_format   = %(user)s %(project)s %(domain)s %(system_scope)s %(user_domain)s %(project_domain)s {{(pid=79908) log_opt_values /opt/stack/data/venv/lib/python3.12/site-packages/oslo_config/cfg.py:2817}}
Jul 30 17:32:44.889321 np0000032034 devstack@g-api.service[79908]: DEBUG glance.common.config [None req-838ba386-b2a4-4334-9887-117df8eb0fce None None] max_header_line                = 16384 {{(pid=79908) log_opt_values /opt/stack/data/venv/lib/python3.12/site-packages/oslo_config/cfg.py:2817}}
Jul 30 17:32:44.889389 np0000032034 devstack@g-api.service[79908]: DEBUG glance.common.config [None req-838ba386-b2a4-4334-9887-117df8eb0fce None None] max_logfile_count              = 30 {{(pid=79908) log_opt_values /opt/stack/data/venv/lib/python3.12/site-packages/oslo_config/cfg.py:2817}}
Jul 30 17:32:44.889458 np0000032034 devstack@g-api.service[79908]: DEBUG glance.common.config [None req-838ba386-b2a4-4334-9887-117df8eb0fce None None] max_logfile_size_mb            = 200 {{(pid=79908) log_opt_values /opt/stack/data/venv/lib/python3.12/site-packages/oslo_config/cfg.py:2817}}
Jul 30 17:32:44.889524 np0000032034 devstack@g-api.service[79908]: DEBUG glance.common.config [None req-838ba386-b2a4-4334-9887-117df8eb0fce None None] max_request_id_length          = 64 {{(pid=79908) log_opt_values /opt/stack/data/venv/lib/python3.12/site-packages/oslo_config/cfg.py:2817}}
