Jul 30 10:57:04.143497 np0000031986 devstack@n-api-meta.service[74311]: DEBUG nova.api.openstack.wsgi_app [-] oslo_messaging_rabbit.amqp_durable_queues = False {{(pid=74311) log_opt_values /opt/stack/data/venv/lib/python3.12/site-packages/oslo_config/cfg.py:2824}}
Jul 30 10:57:04.143497 np0000031986 devstack@n-api-meta.service[74311]: DEBUG nova.api.openstack.wsgi_app [-] oslo_messaging_rabbit.conn_pool_min_size = 2 {{(pid=74311) log_opt_values /opt/stack/data/venv/lib/python3.12/site-packages/oslo_config/cfg.py:2824}}
Jul 30 10:57:04.143497 np0000031986 devstack@n-api-meta.service[74311]: DEBUG nova.api.openstack.wsgi_app [-] oslo_messaging_rabbit.conn_pool_ttl = 1200 {{(pid=74311) log_opt_values /opt/stack/data/venv/lib/python3.12/site-packages/oslo_config/cfg.py:2824}}
Jul 30 10:57:04.143589 np0000031986 devstack@n-api-meta.service[74311]: DEBUG nova.api.openstack.wsgi_app [-] oslo_messaging_rabbit.direct_mandatory_flag = True {{(pid=74311) log_opt_values /opt/stack/data/venv/lib/python3.12/site-packages/oslo_config/cfg.py:2824}}
Jul 30 10:57:04.146353 np0000031986 devstack@n-api-meta.service[74311]: DEBUG nova.api.openstack.wsgi_app [-] oslo_messaging_rabbit.enable_cancel_on_failover = False {{(pid=74311) log_opt_values /opt/stack/data/venv/lib/python3.12/site-packages/oslo_config/cfg.py:2824}}
Jul 30 10:57:04.146353 np0000031986 devstack@n-api-meta.service[74311]: DEBUG nova.api.openstack.wsgi_app [-] oslo_messaging_rabbit.heartbeat_in_pthread = False {{(pid=74311) log_opt_values /opt/stack/data/venv/lib/python3.12/site-packages/oslo_config/cfg.py:2824}}
Jul 30 10:57:04.146353 np0000031986 devstack@n-api-meta.service[74311]: DEBUG nova.api.openstack.wsgi_app [-] oslo_messaging_rabbit.heartbeat_rate = 3 {{(pid=74311) log_opt_values /opt/stack/data/venv/lib/python3.12/site-packages/oslo_config/cfg.py:2824}}
Jul 30 10:57:04.146353 np0000031986 devstack@n-api-meta.service[74311]: DEBUG nova.api.openstack.wsgi_app [-] oslo_messaging_rabbit.heartbeat_timeout_threshold = 60 {{(pid=74311) log_opt_values /opt/stack/data/venv/lib/python3.12/site-packages/oslo_config/cfg.py:2824}}
Jul 30 10:57:04.146353 np0000031986 devstack@n-api-meta.service[74311]: DEBUG nova.api.openstack.wsgi_app [-] oslo_messaging_rabbit.hostname = np0000031986 {{(pid=74311) log_opt_values /opt/stack/data/venv/lib/python3.12/site-packages/oslo_config/cfg.py:2824}}
Jul 30 10:57:04.146353 np0000031986 devstack@n-api-meta.service[74311]: DEBUG nova.api.openstack.wsgi_app [-] oslo_messaging_rabbit.kombu_compression = None {{(pid=74311) log_opt_values /opt/stack/data/venv/lib/python3.12/site-packages/oslo_config/cfg.py:2824}}
Jul 30 10:57:04.146353 np0000031986 devstack@n-api-meta.service[74311]: DEBUG nova.api.openstack.wsgi_app [-] oslo_messaging_rabbit.kombu_failover_strategy = round-robin {{(pid=74311) log_opt_values /opt/stack/data/venv/lib/python3.12/site-packages/oslo_config/cfg.py:2824}}
Jul 30 10:57:04.146353 np0000031986 devstack@n-api-meta.service[74311]: DEBUG nova.api.openstack.wsgi_app [-] oslo_messaging_rabbit.kombu_missing_consumer_retry_timeout = 60 {{(pid=74311) log_opt_values /opt/stack/data/venv/lib/python3.12/site-packages/oslo_config/cfg.py:2824}}
Jul 30 10:57:04.146650 np0000031986 devstack@n-api-meta.service[74311]: DEBUG nova.api.openstack.wsgi_app [-] oslo_messaging_rabbit.kombu_reconnect_delay = 1.0 {{(pid=74311) log_opt_values /opt/stack/data/venv/lib/python3.12/site-packages/oslo_config/cfg.py:2824}}
Jul 30 10:57:04.146650 np0000031986 devstack@n-api-meta.service[74311]: DEBUG nova.api.openstack.wsgi_app [-] oslo_messaging_rabbit.kombu_reconnect_splay = 0.0 {{(pid=74311) log_opt_values /opt/stack/data/venv/lib/python3.12/site-packages/oslo_config/cfg.py:2824}}
Jul 30 10:57:04.146650 np0000031986 devstack@n-api-meta.service[74311]: DEBUG nova.api.openstack.wsgi_app [-] oslo_messaging_rabbit.processname = uwsgi {{(pid=74311) log_opt_values /opt/stack/data/venv/lib/python3.12/site-packages/oslo_config/cfg.py:2824}}
Jul 30 10:57:04.146650 np0000031986 devstack@n-api-meta.service[74311]: DEBUG nova.api.openstack.wsgi_app [-] oslo_messaging_rabbit.rabbit_ha_queues = False {{(pid=74311) log_opt_values /opt/stack/data/venv/lib/python3.12/site-packages/oslo_config/cfg.py:2824}}
Jul 30 10:57:04.146650 np0000031986 devstack@n-api-meta.service[74311]: DEBUG nova.api.openstack.wsgi_app [-] oslo_messaging_rabbit.rabbit_interval_max = 30 {{(pid=74311) log_opt_values /opt/stack/data/venv/lib/python3.12/site-packages/oslo_config/cfg.py:2824}}
Jul 30 10:57:04.146650 np0000031986 devstack@n-api-meta.service[74311]: DEBUG nova.api.openstack.wsgi_app [-] oslo_messaging_rabbit.rabbit_login_method = AMQPLAIN {{(pid=74311) log_opt_values /opt/stack/data/venv/lib/python3.12/site-packages/oslo_config/cfg.py:2824}}
Jul 30 10:57:04.146650 np0000031986 devstack@n-api-meta.service[74311]: DEBUG nova.api.openstack.wsgi_app [-] oslo_messaging_rabbit.rabbit_qos_prefetch_count = 0 {{(pid=74311) log_opt_values /opt/stack/data/venv/lib/python3.12/site-packages/oslo_config/cfg.py:2824}}
Jul 30 10:57:04.146650 np0000031986 devstack@n-api-meta.service[74311]: DEBUG nova.api.openstack.wsgi_app [-] oslo_messaging_rabbit.rabbit_quorum_delivery_limit = 0 {{(pid=74311) log_opt_values /opt/stack/data/venv/lib/python3.12/site-packages/oslo_config/cfg.py:2824}}
Jul 30 10:57:04.146650 np0000031986 devstack@n-api-meta.service[74311]: DEBUG nova.api.openstack.wsgi_app [-] oslo_messaging_rabbit.rabbit_quorum_max_memory_bytes = 0 {{(pid=74311) log_opt_values /opt/stack/data/venv/lib/python3.12/site-packages/oslo_config/cfg.py:2824}}
Jul 30 10:57:04.146769 np0000031986 devstack@n-api-meta.service[74311]: DEBUG nova.api.openstack.wsgi_app [-] oslo_messaging_rabbit.rabbit_quorum_max_memory_length = 0 {{(pid=74311) log_opt_values /opt/stack/data/venv/lib/python3.12/site-packages/oslo_config/cfg.py:2824}}
Jul 30 10:57:04.146769 np0000031986 devstack@n-api-meta.service[74311]: DEBUG nova.api.openstack.wsgi_app [-] oslo_messaging_rabbit.rabbit_quorum_queue = False {{(pid=74311) log_opt_values /opt/stack/data/venv/lib/python3.12/site-packages/oslo_config/cfg.py:2824}}
Jul 30 10:57:04.146769 np0000031986 devstack@n-api-meta.service[74311]: DEBUG nova.api.openstack.wsgi_app [-] oslo_messaging_rabbit.rabbit_retry_backoff = 2 {{(pid=74311) log_opt_values /opt/stack/data/venv/lib/python3.12/site-packages/oslo_config/cfg.py:2824}}
Jul 30 10:57:04.146769 np0000031986 devstack@n-api-meta.service[74311]: DEBUG nova.api.openstack.wsgi_app [-] oslo_messaging_rabbit.rabbit_retry_interval = 1 {{(pid=74311) log_opt_values /opt/stack/data/venv/lib/python3.12/site-packages/oslo_config/cfg.py:2824}}
Jul 30 10:57:04.146769 np0000031986 devstack@n-api-meta.service[74311]: DEBUG nova.api.openstack.wsgi_app [-] oslo_messaging_rabbit.rabbit_stream_fanout = False {{(pid=74311) log_opt_values /opt/stack/data/venv/lib/python3.12/site-packages/oslo_config/cfg.py:2824}}
Jul 30 10:57:04.146769 np0000031986 devstack@n-api-meta.service[74311]: DEBUG nova.api.openstack.wsgi_app [-] oslo_messaging_rabbit.rabbit_transient_queues_ttl = 1800 {{(pid=74311) log_opt_values /opt/stack/data/venv/lib/python3.12/site-packages/oslo_config/cfg.py:2824}}
Jul 30 10:57:04.146769 np0000031986 devstack@n-api-meta.service[74311]: DEBUG nova.api.openstack.wsgi_app [-] oslo_messaging_rabbit.rabbit_transient_quorum_queue = False {{(pid=74311) log_opt_values /opt/stack/data/venv/lib/python3.12/site-packages/oslo_config/cfg.py:2824}}
Jul 30 10:57:04.146769 np0000031986 devstack@n-api-meta.service[74311]: DEBUG nova.api.openstack.wsgi_app [-] oslo_messaging_rabbit.rpc_conn_pool_size = 30 {{(pid=74311) log_opt_values /opt/stack/data/venv/lib/python3.12/site-packages/oslo_config/cfg.py:2824}}
Jul 30 10:57:04.146769 np0000031986 devstack@n-api-meta.service[74311]: DEBUG nova.api.openstack.wsgi_app [-] oslo_messaging_rabbit.ssl      = False {{(pid=74311) log_opt_values /opt/stack/data/venv/lib/python3.12/site-packages/oslo_config/cfg.py:2824}}
Jul 30 10:57:04.146881 np0000031986 devstack@n-api-meta.service[74311]: DEBUG nova.api.openstack.wsgi_app [-] oslo_messaging_rabbit.ssl_ca_file =  {{(pid=74311) log_opt_values /opt/stack/data/venv/lib/python3.12/site-packages/oslo_config/cfg.py:2824}}
Jul 30 10:57:04.146881 np0000031986 devstack@n-api-meta.service[74311]: DEBUG nova.api.openstack.wsgi_app [-] oslo_messaging_rabbit.ssl_cert_file =  {{(pid=74311) log_opt_values /opt/stack/data/venv/lib/python3.12/site-packages/oslo_config/cfg.py:2824}}
Jul 30 10:57:04.146881 np0000031986 devstack@n-api-meta.service[74311]: DEBUG nova.api.openstack.wsgi_app [-] oslo_messaging_rabbit.ssl_enforce_fips_mode = False {{(pid=74311) log_opt_values /opt/stack/data/venv/lib/python3.12/site-packages/oslo_config/cfg.py:2824}}
Jul 30 10:57:04.146881 np0000031986 devstack@n-api-meta.service[74311]: DEBUG nova.api.openstack.wsgi_app [-] oslo_messaging_rabbit.ssl_key_file =  {{(pid=74311) log_opt_values /opt/stack/data/venv/lib/python3.12/site-packages/oslo_config/cfg.py:2824}}
Jul 30 10:57:04.146881 np0000031986 devstack@n-api-meta.service[74311]: DEBUG nova.api.openstack.wsgi_app [-] oslo_messaging_rabbit.ssl_version =  {{(pid=74311) log_opt_values /opt/stack/data/venv/lib/python3.12/site-packages/oslo_config/cfg.py:2824}}
Jul 30 10:57:04.146881 np0000031986 devstack@n-api-meta.service[74311]: DEBUG nova.api.openstack.wsgi_app [-] oslo_messaging_rabbit.use_queue_manager = False {{(pid=74311) log_opt_values /opt/stack/data/venv/lib/python3.12/site-packages/oslo_config/cfg.py:2824}}
Jul 30 10:57:04.146881 np0000031986 devstack@n-api-meta.service[74311]: DEBUG nova.api.openstack.wsgi_app [-] oslo_messaging_notifications.driver = ['messagingv2'] {{(pid=74311) log_opt_values /opt/stack/data/venv/lib/python3.12/site-packages/oslo_config/cfg.py:2824}}
Jul 30 10:57:04.146881 np0000031986 devstack@n-api-meta.service[74311]: DEBUG nova.api.openstack.wsgi_app [-] oslo_messaging_notifications.retry = -1 {{(pid=74311) log_opt_values /opt/stack/data/venv/lib/python3.12/site-packages/oslo_config/cfg.py:2824}}
Jul 30 10:57:04.146881 np0000031986 devstack@n-api-meta.service[74311]: DEBUG nova.api.openstack.wsgi_app [-] oslo_messaging_notifications.topics = ['notifications'] {{(pid=74311) log_opt_values /opt/stack/data/venv/lib/python3.12/site-packages/oslo_config/cfg.py:2824}}
Jul 30 10:57:04.147003 np0000031986 devstack@n-api-meta.service[74311]: DEBUG nova.api.openstack.wsgi_app [-] oslo_messaging_notifications.transport_url = **** {{(pid=74311) log_opt_values /opt/stack/data/venv/lib/python3.12/site-packages/oslo_config/cfg.py:2824}}
Jul 30 10:57:04.147003 np0000031986 devstack@n-api-meta.service[74311]: DEBUG nova.api.openstack.wsgi_app [-] oslo_reports.file_event_handler = None {{(pid=74311) log_opt_values /opt/stack/data/venv/lib/python3.12/site-packages/oslo_config/cfg.py:2824}}
Jul 30 10:57:04.147003 np0000031986 devstack@n-api-meta.service[74311]: DEBUG nova.api.openstack.wsgi_app [-] oslo_reports.file_event_handler_interval = 1 {{(pid=74311) log_opt_values /opt/stack/data/venv/lib/python3.12/site-packages/oslo_config/cfg.py:2824}}
Jul 30 10:57:04.147003 np0000031986 devstack@n-api-meta.service[74311]: DEBUG nova.api.openstack.wsgi_app [-] oslo_reports.log_dir           = None {{(pid=74311) log_opt_values /opt/stack/data/venv/lib/python3.12/site-packages/oslo_config/cfg.py:2824}}
Jul 30 10:57:04.147003 np0000031986 devstack@n-api-meta.service[74311]: DEBUG nova.api.openstack.wsgi_app [-] ******************************************************************************** {{(pid=74311) log_opt_values /opt/stack/data/venv/lib/python3.12/site-packages/oslo_config/cfg.py:2828}}
Jul 30 10:57:04.157470 np0000031986 devstack@n-api-meta.service[74310]: DEBUG dbcounter [-] [74310] Writer thread running {{(pid=74310) stat_writer /opt/stack/data/venv/lib/python3.12/site-packages/dbcounter.py:102}}
Jul 30 10:57:04.167442 np0000031986 devstack@n-api-meta.service[74310]: DEBUG dbcounter [-] [74310] Writer thread running {{(pid=74310) stat_writer /opt/stack/data/venv/lib/python3.12/site-packages/dbcounter.py:102}}
Jul 30 10:57:04.169550 np0000031986 devstack@n-api-meta.service[74310]: INFO dbcounter [None req-423d3e59-2cc4-45a0-b8a3-0947e633cbcd None None] Registered counter for database nova_cell0
Jul 30 10:57:04.175894 np0000031986 devstack@n-api-meta.service[74310]: DEBUG oslo_db.sqlalchemy.engines [None req-423d3e59-2cc4-45a0-b8a3-0947e633cbcd None None] MySQL server mode set to STRICT_TRANS_TABLES,STRICT_ALL_TABLES,NO_ZERO_IN_DATE,NO_ZERO_DATE,ERROR_FOR_DIVISION_BY_ZERO,TRADITIONAL,NO_ENGINE_SUBSTITUTION {{(pid=74310) _check_effective_sql_mode /opt/stack/data/venv/lib/python3.12/site-packages/oslo_db/sqlalchemy/engines.py:397}}
Jul 30 10:57:04.180510 np0000031986 devstack@n-api-meta.service[74310]: DEBUG dbcounter [-] [74310] Writer thread running {{(pid=74310) stat_writer /opt/stack/data/venv/lib/python3.12/site-packages/dbcounter.py:102}}
Jul 30 10:57:04.185429 np0000031986 devstack@n-api-meta.service[74311]: INFO dbcounter [None req-a29032bf-87bf-421b-8615-3cedaa8b9af6 None None] Registered counter for database nova_api
Jul 30 10:57:04.199057 np0000031986 devstack@n-api-meta.service[74311]: DEBUG oslo_db.sqlalchemy.engines [None req-a29032bf-87bf-421b-8615-3cedaa8b9af6 None None] MySQL server mode set to STRICT_TRANS_TABLES,STRICT_ALL_TABLES,NO_ZERO_IN_DATE,NO_ZERO_DATE,ERROR_FOR_DIVISION_BY_ZERO,TRADITIONAL,NO_ENGINE_SUBSTITUTION {{(pid=74311) _check_effective_sql_mode /opt/stack/data/venv/lib/python3.12/site-packages/oslo_db/sqlalchemy/engines.py:397}}
Jul 30 10:57:04.218494 np0000031986 devstack@n-api-meta.service[74310]: WARNING nova.api.metadata.handler [None req-423d3e59-2cc4-45a0-b8a3-0947e633cbcd None None] metadata_proxy_shared_secret is not configured, the metadata information returned by the proxy cannot be trusted
Jul 30 10:57:04.220135 np0000031986 devstack@n-api-meta.service[74310]: WSGI app 0 (mountpoint='') ready in 2 seconds on interpreter 0x727912ca39e8 pid: 74310 (default app)
Jul 30 10:57:04.223412 np0000031986 devstack@n-api-meta.service[74311]: DEBUG dbcounter [-] [74311] Writer thread running {{(pid=74311) stat_writer /opt/stack/data/venv/lib/python3.12/site-packages/dbcounter.py:102}}
Jul 30 10:57:04.225463 np0000031986 devstack@n-api-meta.service[74311]: DEBUG nova.context [None req-a29032bf-87bf-421b-8615-3cedaa8b9af6 None None] Found 2 cells: 00000000-0000-0000-0000-000000000000(cell0),2001621a-23d7-4dfa-8ef2-9a25c79153ef(cell1) {{(pid=74311) load_cells /opt/stack/nova/nova/context.py:472}}
Jul 30 10:57:04.225577 np0000031986 devstack@n-api-meta.service[74311]: INFO nova.utils [None req-a29032bf-87bf-421b-8615-3cedaa8b9af6 None None] The cell worker thread pool MainProcess.cell_worker is initialized
Jul 30 10:57:04.227559 np0000031986 devstack@n-api-meta.service[74311]: DEBUG oslo_concurrency.lockutils [None req-a29032bf-87bf-421b-8615-3cedaa8b9af6 None None] Acquiring lock "00000000-0000-0000-0000-000000000000" by "nova.context.set_target_cell.<locals>.get_or_set_cached_cell_and_set_connections" {{(pid=74311) inner /opt/stack/data/venv/lib/python3.12/site-packages/oslo_concurrency/lockutils.py:405}}
Jul 30 10:57:04.227559 np0000031986 devstack@n-api-meta.service[74311]: DEBUG oslo_concurrency.lockutils [None req-a29032bf-87bf-421b-8615-3cedaa8b9af6 None None] Lock "00000000-0000-0000-0000-000000000000" acquired by "nova.context.set_target_cell.<locals>.get_or_set_cached_cell_and_set_connections" :: waited 0.000s {{(pid=74311) inner /opt/stack/data/venv/lib/python3.12/site-packages/oslo_concurrency/lockutils.py:410}}
Jul 30 10:57:04.227559 np0000031986 devstack@n-api-meta.service[74311]: DEBUG oslo_concurrency.lockutils [None req-a29032bf-87bf-421b-8615-3cedaa8b9af6 None None] Lock "00000000-0000-0000-0000-000000000000" "released" by "nova.context.set_target_cell.<locals>.get_or_set_cached_cell_and_set_connections" :: held 0.000s {{(pid=74311) inner /opt/stack/data/venv/lib/python3.12/site-packages/oslo_concurrency/lockutils.py:424}}
Jul 30 10:57:04.227841 np0000031986 devstack@n-api-meta.service[74311]: DEBUG oslo_concurrency.lockutils [None req-a29032bf-87bf-421b-8615-3cedaa8b9af6 None None] Acquiring lock "2001621a-23d7-4dfa-8ef2-9a25c79153ef" by "nova.context.set_target_cell.<locals>.get_or_set_cached_cell_and_set_connections" {{(pid=74311) inner /opt/stack/data/venv/lib/python3.12/site-packages/oslo_concurrency/lockutils.py:405}}
Jul 30 10:57:04.227965 np0000031986 devstack@n-api-meta.service[74311]: DEBUG oslo_concurrency.lockutils [None req-a29032bf-87bf-421b-8615-3cedaa8b9af6 None None] Lock "2001621a-23d7-4dfa-8ef2-9a25c79153ef" acquired by "nova.context.set_target_cell.<locals>.get_or_set_cached_cell_and_set_connections" :: waited 0.000s {{(pid=74311) inner /opt/stack/data/venv/lib/python3.12/site-packages/oslo_concurrency/lockutils.py:410}}
Jul 30 10:57:04.228700 np0000031986 devstack@n-api-meta.service[74311]: DEBUG oslo_concurrency.lockutils [None req-a29032bf-87bf-421b-8615-3cedaa8b9af6 None None] Lock "2001621a-23d7-4dfa-8ef2-9a25c79153ef" "released" by "nova.context.set_target_cell.<locals>.get_or_set_cached_cell_and_set_connections" :: held 0.001s {{(pid=74311) inner /opt/stack/data/venv/lib/python3.12/site-packages/oslo_concurrency/lockutils.py:424}}
Jul 30 10:57:04.229839 np0000031986 devstack@n-api-meta.service[74311]: INFO dbcounter [None req-a29032bf-87bf-421b-8615-3cedaa8b9af6 None None] Registered counter for database nova_cell0
Jul 30 10:57:04.231717 np0000031986 devstack@n-api-meta.service[74311]: INFO dbcounter [None req-a29032bf-87bf-421b-8615-3cedaa8b9af6 None None] Registered counter for database nova_cell1
Jul 30 10:57:04.240474 np0000031986 devstack@n-api-meta.service[74311]: DEBUG oslo_db.sqlalchemy.engines [None req-a29032bf-87bf-421b-8615-3cedaa8b9af6 None None] MySQL server mode set to STRICT_TRANS_TABLES,STRICT_ALL_TABLES,NO_ZERO_IN_DATE,NO_ZERO_DATE,ERROR_FOR_DIVISION_BY_ZERO,TRADITIONAL,NO_ENGINE_SUBSTITUTION {{(pid=74311) _check_effective_sql_mode /opt/stack/data/venv/lib/python3.12/site-packages/oslo_db/sqlalchemy/engines.py:397}}
Jul 30 10:57:04.298470 np0000031986 devstack@n-api-meta.service[74311]: DEBUG oslo_db.sqlalchemy.engines [None req-a29032bf-87bf-421b-8615-3cedaa8b9af6 None None] MySQL server mode set to STRICT_TRANS_TABLES,STRICT_ALL_TABLES,NO_ZERO_IN_DATE,NO_ZERO_DATE,ERROR_FOR_DIVISION_BY_ZERO,TRADITIONAL,NO_ENGINE_SUBSTITUTION {{(pid=74311) _check_effective_sql_mode /opt/stack/data/venv/lib/python3.12/site-packages/oslo_db/sqlalchemy/engines.py:397}}
Jul 30 10:57:04.298928 np0000031986 devstack@n-api-meta.service[74311]: DEBUG dbcounter [-] [74311] Writer thread running {{(pid=74311) stat_writer /opt/stack/data/venv/lib/python3.12/site-packages/dbcounter.py:102}}
Jul 30 10:57:04.303427 np0000031986 devstack@n-api-meta.service[74311]: DEBUG dbcounter [-] [74311] Writer thread running {{(pid=74311) stat_writer /opt/stack/data/venv/lib/python3.12/site-packages/dbcounter.py:102}}
Jul 30 10:57:04.305580 np0000031986 devstack@n-api-meta.service[74311]: INFO dbcounter [None req-a29032bf-87bf-421b-8615-3cedaa8b9af6 None None] Registered counter for database nova_cell0
Jul 30 10:57:04.308550 np0000031986 devstack@n-api-meta.service[74311]: DEBUG oslo_db.sqlalchemy.engines [None req-a29032bf-87bf-421b-8615-3cedaa8b9af6 None None] MySQL server mode set to STRICT_TRANS_TABLES,STRICT_ALL_TABLES,NO_ZERO_IN_DATE,NO_ZERO_DATE,ERROR_FOR_DIVISION_BY_ZERO,TRADITIONAL,NO_ENGINE_SUBSTITUTION {{(pid=74311) _check_effective_sql_mode /opt/stack/data/venv/lib/python3.12/site-packages/oslo_db/sqlalchemy/engines.py:397}}
Jul 30 10:57:04.313662 np0000031986 devstack@n-api-meta.service[74311]: DEBUG dbcounter [-] [74311] Writer thread running {{(pid=74311) stat_writer /opt/stack/data/venv/lib/python3.12/site-packages/dbcounter.py:102}}
Jul 30 10:57:04.332078 np0000031986 devstack@n-api-meta.service[74311]: WARNING nova.api.metadata.handler [None req-a29032bf-87bf-421b-8615-3cedaa8b9af6 None None] metadata_proxy_shared_secret is not configured, the metadata information returned by the proxy cannot be trusted
Jul 30 10:57:04.333724 np0000031986 devstack@n-api-meta.service[74311]: WSGI app 0 (mountpoint='') ready in 2 seconds on interpreter 0x727912ca39e8 pid: 74311 (default app)
Jul 30 11:00:15.572578 np0000031986 devstack@n-api-meta.service[74310]: DEBUG nova.api.metadata.handler [None req-423d3e59-2cc4-45a0-b8a3-0947e633cbcd None None] Metadata request headers: {'Host': '192.168.1.149:8775', 'User-Agent': 'python-requests/2.32.4', 'Accept-Encoding': 'gzip, deflate', 'Accept': '*/*', 'Connection': 'keep-alive', 'X-Forwarded-For': '10.1.0.4', 'X-Instance-Id': '0bd2ee4f-69e2-4ec6-bdba-ec6249d5ae33', 'X-Tenant-Id': 'ae52da8ebb73441e9bd7089013c4178a', 'X-Instance-Id-Signature': 'aebf7d71a671e78ba8227baca7a35782e78966dee0355cd236443e56a35578cd'} {{(pid=74310) __call__ /opt/stack/nova/nova/api/metadata/handler.py:109}}
Jul 30 11:00:15.588076 np0000031986 devstack@n-api-meta.service[74310]: DEBUG dbcounter [-] [74310] Writing DB stats nova_api:SELECT=1 {{(pid=74310) stat_writer /opt/stack/data/venv/lib/python3.12/site-packages/dbcounter.py:115}}
Jul 30 11:00:15.588935 np0000031986 devstack@n-api-meta.service[74310]: DEBUG dbcounter [-] [74310] Writing DB stats nova_cell0:SELECT=1 {{(pid=74310) stat_writer /opt/stack/data/venv/lib/python3.12/site-packages/dbcounter.py:115}}
Jul 30 11:00:15.589319 np0000031986 devstack@n-api-meta.service[74310]: DEBUG dbcounter [-] [74310] Writing DB stats nova_cell1:SELECT=1 {{(pid=74310) stat_writer /opt/stack/data/venv/lib/python3.12/site-packages/dbcounter.py:115}}
Jul 30 11:00:15.589386 np0000031986 devstack@n-api-meta.service[74310]: DEBUG dbcounter [-] [74310] Writing DB stats nova_cell0:SELECT=2,nova_cell0:INSERT=1 {{(pid=74310) stat_writer /opt/stack/data/venv/lib/python3.12/site-packages/dbcounter.py:115}}
Jul 30 11:00:15.592410 np0000031986 devstack@n-api-meta.service[74310]: DEBUG oslo_concurrency.lockutils [None req-60ec7fe6-ccef-4fda-89da-7d754d297812 None None] Acquiring lock "2001621a-23d7-4dfa-8ef2-9a25c79153ef" by "nova.context.set_target_cell.<locals>.get_or_set_cached_cell_and_set_connections" {{(pid=74310) inner /opt/stack/data/venv/lib/python3.12/site-packages/oslo_concurrency/lockutils.py:405}}
Jul 30 11:00:15.592582 np0000031986 devstack@n-api-meta.service[74310]: DEBUG oslo_concurrency.lockutils [None req-60ec7fe6-ccef-4fda-89da-7d754d297812 None None] Lock "2001621a-23d7-4dfa-8ef2-9a25c79153ef" acquired by "nova.context.set_target_cell.<locals>.get_or_set_cached_cell_and_set_connections" :: waited 0.000s {{(pid=74310) inner /opt/stack/data/venv/lib/python3.12/site-packages/oslo_concurrency/lockutils.py:410}}
Jul 30 11:00:15.592699 np0000031986 devstack@n-api-meta.service[74310]: DEBUG oslo_concurrency.lockutils [None req-60ec7fe6-ccef-4fda-89da-7d754d297812 None None] Lock "2001621a-23d7-4dfa-8ef2-9a25c79153ef" "released" by "nova.context.set_target_cell.<locals>.get_or_set_cached_cell_and_set_connections" :: held 0.000s {{(pid=74310) inner /opt/stack/data/venv/lib/python3.12/site-packages/oslo_concurrency/lockutils.py:424}}
Jul 30 11:00:15.719249 np0000031986 devstack@n-api-meta.service[74310]: WARNING neutronclient.v2_0.client [None req-60ec7fe6-ccef-4fda-89da-7d754d297812 None None] The python binding code in neutronclient is deprecated in favor of OpenstackSDK, please use that as this will be removed in a future release.
Jul 30 11:00:15.874944 np0000031986 devstack@n-api-meta.service[74310]: [pid: 74310|app: 0|req: 1/1] 192.168.1.149 () {40 vars in 681 bytes} [Wed Jul 30 11:00:15 2025] GET /2009-04-04/meta-data/instance-id => generated 10 bytes in 304 msecs (HTTP/1.1 200) 3 headers in 99 bytes (1 switches on core 0)
Jul 30 11:00:15.992787 np0000031986 devstack@n-api-meta.service[74311]: DEBUG nova.api.metadata.handler [None req-a29032bf-87bf-421b-8615-3cedaa8b9af6 None None] Metadata request headers: {'Host': '192.168.1.149:8775', 'User-Agent': 'python-requests/2.32.4', 'Accept-Encoding': 'gzip, deflate', 'Accept': '*/*', 'Connection': 'keep-alive', 'X-Forwarded-For': '10.1.0.9', 'X-Instance-Id': '55c4f6dd-d860-4b00-8967-cf47b518a652', 'X-Tenant-Id': '850b0a43a5fd4dbe98db55de7db30f86', 'X-Instance-Id-Signature': '8770d92774a34c08404151c82c26b0baa22a0e013512bd6f4c509edc92dddd94'} {{(pid=74311) __call__ /opt/stack/nova/nova/api/metadata/handler.py:109}}
Jul 30 11:00:15.995482 np0000031986 devstack@n-api-meta.service[74311]: DEBUG dbcounter [-] [74311] Writing DB stats nova_api:SELECT=1 {{(pid=74311) stat_writer /opt/stack/data/venv/lib/python3.12/site-packages/dbcounter.py:115}}
Jul 30 11:00:15.996309 np0000031986 devstack@n-api-meta.service[74311]: DEBUG dbcounter [-] [74311] Writing DB stats nova_cell0:SELECT=1 {{(pid=74311) stat_writer /opt/stack/data/venv/lib/python3.12/site-packages/dbcounter.py:115}}
Jul 30 11:00:15.996667 np0000031986 devstack@n-api-meta.service[74311]: DEBUG dbcounter [-] [74311] Writing DB stats nova_cell1:SELECT=1 {{(pid=74311) stat_writer /opt/stack/data/venv/lib/python3.12/site-packages/dbcounter.py:115}}
Jul 30 11:00:15.996969 np0000031986 devstack@n-api-meta.service[74311]: DEBUG dbcounter [-] [74311] Writing DB stats nova_cell0:SELECT=1 {{(pid=74311) stat_writer /opt/stack/data/venv/lib/python3.12/site-packages/dbcounter.py:115}}
Jul 30 11:00:16.005016 np0000031986 devstack@n-api-meta.service[74311]: DEBUG oslo_concurrency.lockutils [None req-c4393b08-92a2-4cb8-9c7b-450e2284e82d None None] Acquiring lock "2001621a-23d7-4dfa-8ef2-9a25c79153ef" by "nova.context.set_target_cell.<locals>.get_or_set_cached_cell_and_set_connections" {{(pid=74311) inner /opt/stack/data/venv/lib/python3.12/site-packages/oslo_concurrency/lockutils.py:405}}
Jul 30 11:00:16.005196 np0000031986 devstack@n-api-meta.service[74311]: DEBUG oslo_concurrency.lockutils [None req-c4393b08-92a2-4cb8-9c7b-450e2284e82d None None] Lock "2001621a-23d7-4dfa-8ef2-9a25c79153ef" acquired by "nova.context.set_target_cell.<locals>.get_or_set_cached_cell_and_set_connections" :: waited 0.000s {{(pid=74311) inner /opt/stack/data/venv/lib/python3.12/site-packages/oslo_concurrency/lockutils.py:410}}
Jul 30 11:00:16.005319 np0000031986 devstack@n-api-meta.service[74311]: DEBUG oslo_concurrency.lockutils [None req-c4393b08-92a2-4cb8-9c7b-450e2284e82d None None] Lock "2001621a-23d7-4dfa-8ef2-9a25c79153ef" "released" by "nova.context.set_target_cell.<locals>.get_or_set_cached_cell_and_set_connections" :: held 0.000s {{(pid=74311) inner /opt/stack/data/venv/lib/python3.12/site-packages/oslo_concurrency/lockutils.py:424}}
Jul 30 11:00:16.046994 np0000031986 devstack@n-api-meta.service[74310]: DEBUG nova.api.metadata.handler [None req-60ec7fe6-ccef-4fda-89da-7d754d297812 None None] Metadata request headers: {'Host': '192.168.1.149:8775', 'User-Agent': 'python-requests/2.32.4', 'Accept-Encoding': 'gzip, deflate', 'Accept': '*/*', 'Connection': 'keep-alive', 'X-Forwarded-For': '10.1.0.4', 'X-Instance-Id': '0bd2ee4f-69e2-4ec6-bdba-ec6249d5ae33', 'X-Tenant-Id': 'ae52da8ebb73441e9bd7089013c4178a', 'X-Instance-Id-Signature': 'aebf7d71a671e78ba8227baca7a35782e78966dee0355cd236443e56a35578cd'} {{(pid=74310) __call__ /opt/stack/nova/nova/api/metadata/handler.py:109}}
Jul 30 11:00:16.049032 np0000031986 devstack@n-api-meta.service[74310]: DEBUG nova.api.metadata.handler [None req-60ec7fe6-ccef-4fda-89da-7d754d297812 None None] Using cached metadata for instance 0bd2ee4f-69e2-4ec6-bdba-ec6249d5ae33 {{(pid=74310) get_metadata_by_instance_id /opt/stack/nova/nova/api/metadata/handler.py:84}}
Jul 30 11:00:16.049391 np0000031986 devstack@n-api-meta.service[74310]: [pid: 74310|app: 0|req: 2/2] 192.168.1.149 () {40 vars in 681 bytes} [Wed Jul 30 11:00:16 2025] GET /2009-04-04/meta-data/public-keys => generated 27 bytes in 3 msecs (HTTP/1.1 200) 3 headers in 99 bytes (1 switches on core 0)
Jul 30 11:00:16.131249 np0000031986 devstack@n-api-meta.service[74311]: WARNING neutronclient.v2_0.client [None req-c4393b08-92a2-4cb8-9c7b-450e2284e82d None None] The python binding code in neutronclient is deprecated in favor of OpenstackSDK, please use that as this will be removed in a future release.
Jul 30 11:00:16.156327 np0000031986 devstack@n-api-meta.service[74310]: DEBUG nova.api.metadata.handler [None req-60ec7fe6-ccef-4fda-89da-7d754d297812 None None] Metadata request headers: {'Host': '192.168.1.149:8775', 'User-Agent': 'python-requests/2.32.4', 'Accept-Encoding': 'gzip, deflate', 'Accept': '*/*', 'Connection': 'keep-alive', 'X-Forwarded-For': '10.1.0.4', 'X-Instance-Id': '0bd2ee4f-69e2-4ec6-bdba-ec6249d5ae33', 'X-Tenant-Id': 'ae52da8ebb73441e9bd7089013c4178a', 'X-Instance-Id-Signature': 'aebf7d71a671e78ba8227baca7a35782e78966dee0355cd236443e56a35578cd'} {{(pid=74310) __call__ /opt/stack/nova/nova/api/metadata/handler.py:109}}
Jul 30 11:00:16.159533 np0000031986 devstack@n-api-meta.service[74310]: DEBUG nova.api.metadata.handler [None req-60ec7fe6-ccef-4fda-89da-7d754d297812 None None] Using cached metadata for instance 0bd2ee4f-69e2-4ec6-bdba-ec6249d5ae33 {{(pid=74310) get_metadata_by_instance_id /opt/stack/nova/nova/api/metadata/handler.py:84}}
Jul 30 11:00:16.159888 np0000031986 devstack@n-api-meta.service[74310]: [pid: 74310|app: 0|req: 3/3] 192.168.1.149 () {40 vars in 709 bytes} [Wed Jul 30 11:00:16 2025] GET /2009-04-04/meta-data/public-keys/0/openssh-key => generated 204 bytes in 4 msecs (HTTP/1.1 200) 3 headers in 100 bytes (1 switches on core 0)
Jul 30 11:00:16.272080 np0000031986 devstack@n-api-meta.service[74311]: [pid: 74311|app: 0|req: 1/4] 192.168.1.149 () {40 vars in 681 bytes} [Wed Jul 30 11:00:15 2025] GET /2009-04-04/meta-data/instance-id => generated 10 bytes in 281 msecs (HTTP/1.1 200) 3 headers in 99 bytes (1 switches on core 0)
Jul 30 11:00:16.290946 np0000031986 devstack@n-api-meta.service[74310]: DEBUG nova.api.metadata.handler [None req-60ec7fe6-ccef-4fda-89da-7d754d297812 None None] Metadata request headers: {'Host': '192.168.1.149:8775', 'User-Agent': 'python-requests/2.32.4', 'Accept-Encoding': 'gzip, deflate', 'Accept': '*/*', 'Connection': 'keep-alive', 'X-Forwarded-For': '10.1.0.4', 'X-Instance-Id': '0bd2ee4f-69e2-4ec6-bdba-ec6249d5ae33', 'X-Tenant-Id': 'ae52da8ebb73441e9bd7089013c4178a', 'X-Instance-Id-Signature': 'aebf7d71a671e78ba8227baca7a35782e78966dee0355cd236443e56a35578cd'} {{(pid=74310) __call__ /opt/stack/nova/nova/api/metadata/handler.py:109}}
Jul 30 11:00:16.292000 np0000031986 devstack@n-api-meta.service[74310]: DEBUG nova.api.metadata.handler [None req-60ec7fe6-ccef-4fda-89da-7d754d297812 None None] Using cached metadata for instance 0bd2ee4f-69e2-4ec6-bdba-ec6249d5ae33 {{(pid=74310) get_metadata_by_instance_id /opt/stack/nova/nova/api/metadata/handler.py:84}}
Jul 30 11:00:16.292357 np0000031986 devstack@n-api-meta.service[74310]: [pid: 74310|app: 0|req: 4/5] 192.168.1.149 () {40 vars in 681 bytes} [Wed Jul 30 11:00:16 2025] GET /2009-04-04/meta-data/instance-id => generated 10 bytes in 1 msecs (HTTP/1.1 200) 3 headers in 99 bytes (1 switches on core 0)
Jul 30 11:00:16.433050 np0000031986 devstack@n-api-meta.service[74311]: DEBUG nova.api.metadata.handler [None req-c4393b08-92a2-4cb8-9c7b-450e2284e82d None None] Metadata request headers: {'Host': '192.168.1.149:8775', 'User-Agent': 'python-requests/2.32.4', 'Accept-Encoding': 'gzip, deflate', 'Accept': '*/*', 'Connection': 'keep-alive', 'X-Forwarded-For': '10.1.0.4', 'X-Instance-Id': '0bd2ee4f-69e2-4ec6-bdba-ec6249d5ae33', 'X-Tenant-Id': 'ae52da8ebb73441e9bd7089013c4178a', 'X-Instance-Id-Signature': 'aebf7d71a671e78ba8227baca7a35782e78966dee0355cd236443e56a35578cd'} {{(pid=74311) __call__ /opt/stack/nova/nova/api/metadata/handler.py:109}}
Jul 30 11:00:16.438428 np0000031986 devstack@n-api-meta.service[74311]: DEBUG nova.api.metadata.handler [None req-c4393b08-92a2-4cb8-9c7b-450e2284e82d None None] Using cached metadata for instance 0bd2ee4f-69e2-4ec6-bdba-ec6249d5ae33 {{(pid=74311) get_metadata_by_instance_id /opt/stack/nova/nova/api/metadata/handler.py:84}}
Jul 30 11:00:16.438775 np0000031986 devstack@n-api-meta.service[74311]: [pid: 74311|app: 0|req: 2/6] 192.168.1.149 () {40 vars in 691 bytes} [Wed Jul 30 11:00:16 2025] GET /2009-04-04/meta-data/ami-launch-index => generated 1 bytes in 6 msecs (HTTP/1.1 200) 3 headers in 98 bytes (1 switches on core 0)
Jul 30 11:00:16.442450 np0000031986 devstack@n-api-meta.service[74310]: DEBUG nova.api.metadata.handler [None req-60ec7fe6-ccef-4fda-89da-7d754d297812 None None] Metadata request headers: {'Host': '192.168.1.149:8775', 'User-Agent': 'python-requests/2.32.4', 'Accept-Encoding': 'gzip, deflate', 'Accept': '*/*', 'Connection': 'keep-alive', 'X-Forwarded-For': '10.1.0.9', 'X-Instance-Id': '55c4f6dd-d860-4b00-8967-cf47b518a652', 'X-Tenant-Id': '850b0a43a5fd4dbe98db55de7db30f86', 'X-Instance-Id-Signature': '8770d92774a34c08404151c82c26b0baa22a0e013512bd6f4c509edc92dddd94'} {{(pid=74310) __call__ /opt/stack/nova/nova/api/metadata/handler.py:109}}
Jul 30 11:00:16.444263 np0000031986 devstack@n-api-meta.service[74310]: DEBUG nova.api.metadata.handler [None req-60ec7fe6-ccef-4fda-89da-7d754d297812 None None] Using cached metadata for instance 55c4f6dd-d860-4b00-8967-cf47b518a652 {{(pid=74310) get_metadata_by_instance_id /opt/stack/nova/nova/api/metadata/handler.py:84}}
Jul 30 11:00:16.444582 np0000031986 devstack@n-api-meta.service[74310]: [pid: 74310|app: 0|req: 5/7] 192.168.1.149 () {40 vars in 681 bytes} [Wed Jul 30 11:00:16 2025] GET /2009-04-04/meta-data/public-keys => generated 27 bytes in 2 msecs (HTTP/1.1 200) 3 headers in 99 bytes (1 switches on core 0)
Jul 30 11:00:16.552729 np0000031986 devstack@n-api-meta.service[74311]: DEBUG nova.api.metadata.handler [None req-c4393b08-92a2-4cb8-9c7b-450e2284e82d None None] Metadata request headers: {'Host': '192.168.1.149:8775', 'User-Agent': 'python-requests/2.32.4', 'Accept-Encoding': 'gzip, deflate', 'Accept': '*/*', 'Connection': 'keep-alive', 'X-Forwarded-For': '10.1.0.9', 'X-Instance-Id': '55c4f6dd-d860-4b00-8967-cf47b518a652', 'X-Tenant-Id': '850b0a43a5fd4dbe98db55de7db30f86', 'X-Instance-Id-Signature': '8770d92774a34c08404151c82c26b0baa22a0e013512bd6f4c509edc92dddd94'} {{(pid=74311) __call__ /opt/stack/nova/nova/api/metadata/handler.py:109}}
Jul 30 11:00:16.556351 np0000031986 devstack@n-api-meta.service[74311]: DEBUG nova.api.metadata.handler [None req-c4393b08-92a2-4cb8-9c7b-450e2284e82d None None] Using cached metadata for instance 55c4f6dd-d860-4b00-8967-cf47b518a652 {{(pid=74311) get_metadata_by_instance_id /opt/stack/nova/nova/api/metadata/handler.py:84}}
Jul 30 11:00:16.556664 np0000031986 devstack@n-api-meta.service[74311]: [pid: 74311|app: 0|req: 3/8] 192.168.1.149 () {40 vars in 709 bytes} [Wed Jul 30 11:00:16 2025] GET /2009-04-04/meta-data/public-keys/0/openssh-key => generated 204 bytes in 4 msecs (HTTP/1.1 200) 3 headers in 100 bytes (1 switches on core 0)
Jul 30 11:00:16.563586 np0000031986 devstack@n-api-meta.service[74310]: DEBUG nova.api.metadata.handler [None req-60ec7fe6-ccef-4fda-89da-7d754d297812 None None] Metadata request headers: {'Host': '192.168.1.149:8775', 'User-Agent': 'python-requests/2.32.4', 'Accept-Encoding': 'gzip, deflate', 'Accept': '*/*', 'Connection': 'keep-alive', 'X-Forwarded-For': '10.1.0.4', 'X-Instance-Id': '0bd2ee4f-69e2-4ec6-bdba-ec6249d5ae33', 'X-Tenant-Id': 'ae52da8ebb73441e9bd7089013c4178a', 'X-Instance-Id-Signature': 'aebf7d71a671e78ba8227baca7a35782e78966dee0355cd236443e56a35578cd'} {{(pid=74310) __call__ /opt/stack/nova/nova/api/metadata/handler.py:109}}
Jul 30 11:00:16.563894 np0000031986 devstack@n-api-meta.service[74310]: DEBUG nova.api.metadata.handler [None req-60ec7fe6-ccef-4fda-89da-7d754d297812 None None] Using cached metadata for instance 0bd2ee4f-69e2-4ec6-bdba-ec6249d5ae33 {{(pid=74310) get_metadata_by_instance_id /opt/stack/nova/nova/api/metadata/handler.py:84}}
Jul 30 11:00:16.564230 np0000031986 devstack@n-api-meta.service[74310]: [pid: 74310|app: 0|req: 6/9] 192.168.1.149 () {40 vars in 685 bytes} [Wed Jul 30 11:00:16 2025] GET /2009-04-04/meta-data/instance-type => generated 7 bytes in 1 msecs (HTTP/1.1 200) 3 headers in 98 bytes (1 switches on core 0)
Jul 30 11:00:16.696545 np0000031986 devstack@n-api-meta.service[74311]: DEBUG nova.api.metadata.handler [None req-c4393b08-92a2-4cb8-9c7b-450e2284e82d None None] Metadata request headers: {'Host': '192.168.1.149:8775', 'User-Agent': 'python-requests/2.32.4', 'Accept-Encoding': 'gzip, deflate', 'Accept': '*/*', 'Connection': 'keep-alive', 'X-Forwarded-For': '10.1.0.4', 'X-Instance-Id': '0bd2ee4f-69e2-4ec6-bdba-ec6249d5ae33', 'X-Tenant-Id': 'ae52da8ebb73441e9bd7089013c4178a', 'X-Instance-Id-Signature': 'aebf7d71a671e78ba8227baca7a35782e78966dee0355cd236443e56a35578cd'} {{(pid=74311) __call__ /opt/stack/nova/nova/api/metadata/handler.py:109}}
Jul 30 11:00:16.696634 np0000031986 devstack@n-api-meta.service[74310]: DEBUG nova.api.metadata.handler [None req-60ec7fe6-ccef-4fda-89da-7d754d297812 None None] Metadata request headers: {'Host': '192.168.1.149:8775', 'User-Agent': 'python-requests/2.32.4', 'Accept-Encoding': 'gzip, deflate', 'Accept': '*/*', 'Connection': 'keep-alive', 'X-Forwarded-For': '10.1.0.9', 'X-Instance-Id': '55c4f6dd-d860-4b00-8967-cf47b518a652', 'X-Tenant-Id': '850b0a43a5fd4dbe98db55de7db30f86', 'X-Instance-Id-Signature': '8770d92774a34c08404151c82c26b0baa22a0e013512bd6f4c509edc92dddd94'} {{(pid=74310) __call__ /opt/stack/nova/nova/api/metadata/handler.py:109}}
Jul 30 11:00:16.697684 np0000031986 devstack@n-api-meta.service[74310]: DEBUG nova.api.metadata.handler [None req-60ec7fe6-ccef-4fda-89da-7d754d297812 None None] Using cached metadata for instance 55c4f6dd-d860-4b00-8967-cf47b518a652 {{(pid=74310) get_metadata_by_instance_id /opt/stack/nova/nova/api/metadata/handler.py:84}}
Jul 30 11:00:16.697796 np0000031986 devstack@n-api-meta.service[74311]: DEBUG nova.api.metadata.handler [None req-c4393b08-92a2-4cb8-9c7b-450e2284e82d None None] Using cached metadata for instance 0bd2ee4f-69e2-4ec6-bdba-ec6249d5ae33 {{(pid=74311) get_metadata_by_instance_id /opt/stack/nova/nova/api/metadata/handler.py:84}}
Jul 30 11:00:16.698031 np0000031986 devstack@n-api-meta.service[74310]: [pid: 74310|app: 0|req: 7/10] 192.168.1.149 () {40 vars in 681 bytes} [Wed Jul 30 11:00:16 2025] GET /2009-04-04/meta-data/instance-id => generated 10 bytes in 2 msecs (HTTP/1.1 200) 3 headers in 99 bytes (1 switches on core 0)
Jul 30 11:00:16.698133 np0000031986 devstack@n-api-meta.service[74311]: [pid: 74311|app: 0|req: 4/11] 192.168.1.149 () {40 vars in 679 bytes} [Wed Jul 30 11:00:16 2025] GET /2009-04-04/meta-data/local-ipv4 => generated 8 bytes in 2 msecs (HTTP/1.1 200) 3 headers in 98 bytes (1 switches on core 0)
Jul 30 11:00:16.859310 np0000031986 devstack@n-api-meta.service[74310]: DEBUG nova.api.metadata.handler [None req-60ec7fe6-ccef-4fda-89da-7d754d297812 None None] Metadata request headers: {'Host': '192.168.1.149:8775', 'User-Agent': 'python-requests/2.32.4', 'Accept-Encoding': 'gzip, deflate', 'Accept': '*/*', 'Connection': 'keep-alive', 'X-Forwarded-For': '10.1.0.9', 'X-Instance-Id': '55c4f6dd-d860-4b00-8967-cf47b518a652', 'X-Tenant-Id': '850b0a43a5fd4dbe98db55de7db30f86', 'X-Instance-Id-Signature': '8770d92774a34c08404151c82c26b0baa22a0e013512bd6f4c509edc92dddd94'} {{(pid=74310) __call__ /opt/stack/nova/nova/api/metadata/handler.py:109}}
Jul 30 11:00:16.860395 np0000031986 devstack@n-api-meta.service[74310]: DEBUG nova.api.metadata.handler [None req-60ec7fe6-ccef-4fda-89da-7d754d297812 None None] Using cached metadata for instance 55c4f6dd-d860-4b00-8967-cf47b518a652 {{(pid=74310) get_metadata_by_instance_id /opt/stack/nova/nova/api/metadata/handler.py:84}}
Jul 30 11:00:16.860858 np0000031986 devstack@n-api-meta.service[74310]: [pid: 74310|app: 0|req: 8/12] 192.168.1.149 () {40 vars in 691 bytes} [Wed Jul 30 11:00:16 2025] GET /2009-04-04/meta-data/ami-launch-index => generated 1 bytes in 2 msecs (HTTP/1.1 200) 3 headers in 98 bytes (1 switches on core 0)
Jul 30 11:00:16.935971 np0000031986 devstack@n-api-meta.service[74311]: DEBUG nova.api.metadata.handler [None req-c4393b08-92a2-4cb8-9c7b-450e2284e82d None None] Metadata request headers: {'Host': '192.168.1.149:8775', 'User-Agent': 'python-requests/2.32.4', 'Accept-Encoding': 'gzip, deflate', 'Accept': '*/*', 'Connection': 'keep-alive', 'X-Forwarded-For': '10.1.0.4', 'X-Instance-Id': '0bd2ee4f-69e2-4ec6-bdba-ec6249d5ae33', 'X-Tenant-Id': 'ae52da8ebb73441e9bd7089013c4178a', 'X-Instance-Id-Signature': 'aebf7d71a671e78ba8227baca7a35782e78966dee0355cd236443e56a35578cd'} {{(pid=74311) __call__ /opt/stack/nova/nova/api/metadata/handler.py:109}}
Jul 30 11:00:16.937722 np0000031986 devstack@n-api-meta.service[74311]: DEBUG nova.api.metadata.handler [None req-c4393b08-92a2-4cb8-9c7b-450e2284e82d None None] Using cached metadata for instance 0bd2ee4f-69e2-4ec6-bdba-ec6249d5ae33 {{(pid=74311) get_metadata_by_instance_id /opt/stack/nova/nova/api/metadata/handler.py:84}}
Jul 30 11:00:16.938531 np0000031986 devstack@n-api-meta.service[74311]: [pid: 74311|app: 0|req: 5/13] 192.168.1.149 () {40 vars in 681 bytes} [Wed Jul 30 11:00:16 2025] GET /2009-04-04/meta-data/public-ipv4 => generated 11 bytes in 3 msecs (HTTP/1.1 200) 3 headers in 99 bytes (1 switches on core 0)
Jul 30 11:00:16.994929 np0000031986 devstack@n-api-meta.service[74310]: DEBUG nova.api.metadata.handler [None req-60ec7fe6-ccef-4fda-89da-7d754d297812 None None] Metadata request headers: {'Host': '192.168.1.149:8775', 'User-Agent': 'python-requests/2.32.4', 'Accept-Encoding': 'gzip, deflate', 'Accept': '*/*', 'Connection': 'keep-alive', 'X-Forwarded-For': '10.1.0.9', 'X-Instance-Id': '55c4f6dd-d860-4b00-8967-cf47b518a652', 'X-Tenant-Id': '850b0a43a5fd4dbe98db55de7db30f86', 'X-Instance-Id-Signature': '8770d92774a34c08404151c82c26b0baa22a0e013512bd6f4c509edc92dddd94'} {{(pid=74310) __call__ /opt/stack/nova/nova/api/metadata/handler.py:109}}
Jul 30 11:00:16.996373 np0000031986 devstack@n-api-meta.service[74310]: DEBUG nova.api.metadata.handler [None req-60ec7fe6-ccef-4fda-89da-7d754d297812 None None] Using cached metadata for instance 55c4f6dd-d860-4b00-8967-cf47b518a652 {{(pid=74310) get_metadata_by_instance_id /opt/stack/nova/nova/api/metadata/handler.py:84}}
Jul 30 11:00:16.996794 np0000031986 devstack@n-api-meta.service[74310]: [pid: 74310|app: 0|req: 9/14] 192.168.1.149 () {40 vars in 685 bytes} [Wed Jul 30 11:00:16 2025] GET /2009-04-04/meta-data/instance-type => generated 7 bytes in 2 msecs (HTTP/1.1 200) 3 headers in 98 bytes (1 switches on core 0)
Jul 30 11:00:17.128666 np0000031986 devstack@n-api-meta.service[74311]: DEBUG nova.api.metadata.handler [None req-c4393b08-92a2-4cb8-9c7b-450e2284e82d None None] Metadata request headers: {'Host': '192.168.1.149:8775', 'User-Agent': 'python-requests/2.32.4', 'Accept-Encoding': 'gzip, deflate', 'Accept': '*/*', 'Connection': 'keep-alive', 'X-Forwarded-For': '10.1.0.9', 'X-Instance-Id': '55c4f6dd-d860-4b00-8967-cf47b518a652', 'X-Tenant-Id': '850b0a43a5fd4dbe98db55de7db30f86', 'X-Instance-Id-Signature': '8770d92774a34c08404151c82c26b0baa22a0e013512bd6f4c509edc92dddd94'} {{(pid=74311) __call__ /opt/stack/nova/nova/api/metadata/handler.py:109}}
Jul 30 11:00:17.128666 np0000031986 devstack@n-api-meta.service[74311]: DEBUG nova.api.metadata.handler [None req-c4393b08-92a2-4cb8-9c7b-450e2284e82d None None] Using cached metadata for instance 55c4f6dd-d860-4b00-8967-cf47b518a652 {{(pid=74311) get_metadata_by_instance_id /opt/stack/nova/nova/api/metadata/handler.py:84}}
Jul 30 11:00:17.128666 np0000031986 devstack@n-api-meta.service[74311]: [pid: 74311|app: 0|req: 6/15] 192.168.1.149 () {40 vars in 679 bytes} [Wed Jul 30 11:00:17 2025] GET /2009-04-04/meta-data/local-ipv4 => generated 8 bytes in 1 msecs (HTTP/1.1 200) 3 headers in 98 bytes (1 switches on core 0)
Jul 30 11:00:17.195563 np0000031986 devstack@n-api-meta.service[74310]: DEBUG nova.api.metadata.handler [None req-60ec7fe6-ccef-4fda-89da-7d754d297812 None None] Metadata request headers: {'Host': '192.168.1.149:8775', 'User-Agent': 'python-requests/2.32.4', 'Accept-Encoding': 'gzip, deflate', 'Accept': '*/*', 'Connection': 'keep-alive', 'X-Forwarded-For': '10.1.0.4', 'X-Instance-Id': '0bd2ee4f-69e2-4ec6-bdba-ec6249d5ae33', 'X-Tenant-Id': 'ae52da8ebb73441e9bd7089013c4178a', 'X-Instance-Id-Signature': 'aebf7d71a671e78ba8227baca7a35782e78966dee0355cd236443e56a35578cd'} {{(pid=74310) __call__ /opt/stack/nova/nova/api/metadata/handler.py:109}}
Jul 30 11:00:17.198375 np0000031986 devstack@n-api-meta.service[74310]: DEBUG nova.api.metadata.handler [None req-60ec7fe6-ccef-4fda-89da-7d754d297812 None None] Using cached metadata for instance 0bd2ee4f-69e2-4ec6-bdba-ec6249d5ae33 {{(pid=74310) get_metadata_by_instance_id /opt/stack/nova/nova/api/metadata/handler.py:84}}
Jul 30 11:00:17.198716 np0000031986 devstack@n-api-meta.service[74310]: [pid: 74310|app: 0|req: 10/16] 192.168.1.149 () {40 vars in 675 bytes} [Wed Jul 30 11:00:17 2025] GET /2009-04-04/meta-data/hostname => generated 50 bytes in 3 msecs (HTTP/1.1 200) 3 headers in 99 bytes (1 switches on core 0)
Jul 30 11:00:17.328514 np0000031986 devstack@n-api-meta.service[74311]: DEBUG nova.api.metadata.handler [None req-c4393b08-92a2-4cb8-9c7b-450e2284e82d None None] Metadata request headers: {'Host': '192.168.1.149:8775', 'User-Agent': 'python-requests/2.32.4', 'Accept-Encoding': 'gzip, deflate', 'Accept': '*/*', 'Connection': 'keep-alive', 'X-Forwarded-For': '10.1.0.4', 'X-Instance-Id': '0bd2ee4f-69e2-4ec6-bdba-ec6249d5ae33', 'X-Tenant-Id': 'ae52da8ebb73441e9bd7089013c4178a', 'X-Instance-Id-Signature': 'aebf7d71a671e78ba8227baca7a35782e78966dee0355cd236443e56a35578cd'} {{(pid=74311) __call__ /opt/stack/nova/nova/api/metadata/handler.py:109}}
Jul 30 11:00:17.328514 np0000031986 devstack@n-api-meta.service[74311]: DEBUG nova.api.metadata.handler [None req-c4393b08-92a2-4cb8-9c7b-450e2284e82d None None] Using cached metadata for instance 0bd2ee4f-69e2-4ec6-bdba-ec6249d5ae33 {{(pid=74311) get_metadata_by_instance_id /opt/stack/nova/nova/api/metadata/handler.py:84}}
Jul 30 11:00:17.328514 np0000031986 devstack@n-api-meta.service[74311]: [pid: 74311|app: 0|req: 7/17] 192.168.1.149 () {40 vars in 686 bytes} [Wed Jul 30 11:00:17 2025] GET /2009-04-04/meta-data/local-hostname => generated 50 bytes in 1 msecs (HTTP/1.1 200) 3 headers in 99 bytes (1 switches on core 0)
Jul 30 11:00:17.406122 np0000031986 devstack@n-api-meta.service[74310]: DEBUG nova.api.metadata.handler [None req-60ec7fe6-ccef-4fda-89da-7d754d297812 None None] Metadata request headers: {'Host': '192.168.1.149:8775', 'User-Agent': 'python-requests/2.32.4', 'Accept-Encoding': 'gzip, deflate', 'Accept': '*/*', 'Connection': 'keep-alive', 'X-Forwarded-For': '10.1.0.9', 'X-Instance-Id': '55c4f6dd-d860-4b00-8967-cf47b518a652', 'X-Tenant-Id': '850b0a43a5fd4dbe98db55de7db30f86', 'X-Instance-Id-Signature': '8770d92774a34c08404151c82c26b0baa22a0e013512bd6f4c509edc92dddd94'} {{(pid=74310) __call__ /opt/stack/nova/nova/api/metadata/handler.py:109}}
Jul 30 11:00:17.407252 np0000031986 devstack@n-api-meta.service[74310]: DEBUG nova.api.metadata.handler [None req-60ec7fe6-ccef-4fda-89da-7d754d297812 None None] Using cached metadata for instance 55c4f6dd-d860-4b00-8967-cf47b518a652 {{(pid=74310) get_metadata_by_instance_id /opt/stack/nova/nova/api/metadata/handler.py:84}}
Jul 30 11:00:17.407588 np0000031986 devstack@n-api-meta.service[74310]: [pid: 74310|app: 0|req: 11/18] 192.168.1.149 () {40 vars in 680 bytes} [Wed Jul 30 11:00:17 2025] GET /2009-04-04/meta-data/public-ipv4 => generated 12 bytes in 2 msecs (HTTP/1.1 200) 3 headers in 99 bytes (1 switches on core 0)
Jul 30 11:00:17.448442 np0000031986 devstack@n-api-meta.service[74311]: DEBUG nova.api.metadata.handler [None req-c4393b08-92a2-4cb8-9c7b-450e2284e82d None None] Metadata request headers: {'Host': '192.168.1.149:8775', 'User-Agent': 'python-requests/2.32.4', 'Accept-Encoding': 'gzip, deflate', 'Accept': '*/*', 'Connection': 'keep-alive', 'X-Forwarded-For': '10.1.0.4', 'X-Instance-Id': '0bd2ee4f-69e2-4ec6-bdba-ec6249d5ae33', 'X-Tenant-Id': 'ae52da8ebb73441e9bd7089013c4178a', 'X-Instance-Id-Signature': 'aebf7d71a671e78ba8227baca7a35782e78966dee0355cd236443e56a35578cd'} {{(pid=74311) __call__ /opt/stack/nova/nova/api/metadata/handler.py:109}}
Jul 30 11:00:17.448442 np0000031986 devstack@n-api-meta.service[74311]: DEBUG nova.api.metadata.handler [None req-c4393b08-92a2-4cb8-9c7b-450e2284e82d None None] Using cached metadata for instance 0bd2ee4f-69e2-4ec6-bdba-ec6249d5ae33 {{(pid=74311) get_metadata_by_instance_id /opt/stack/nova/nova/api/metadata/handler.py:84}}
Jul 30 11:00:17.448442 np0000031986 devstack@n-api-meta.service[74311]: [pid: 74311|app: 0|req: 8/19] 192.168.1.149 () {40 vars in 656 bytes} [Wed Jul 30 11:00:17 2025] GET /2009-04-04/user-data => generated 95 bytes in 1 msecs (HTTP/1.1 200) 3 headers in 99 bytes (1 switches on core 0)
Jul 30 11:00:17.571599 np0000031986 devstack@n-api-meta.service[74310]: DEBUG nova.api.metadata.handler [None req-60ec7fe6-ccef-4fda-89da-7d754d297812 None None] Metadata request headers: {'Host': '192.168.1.149:8775', 'User-Agent': 'python-requests/2.32.4', 'Accept-Encoding': 'gzip, deflate', 'Accept': '*/*', 'Connection': 'keep-alive', 'X-Forwarded-For': '10.1.0.4', 'X-Instance-Id': '0bd2ee4f-69e2-4ec6-bdba-ec6249d5ae33', 'X-Tenant-Id': 'ae52da8ebb73441e9bd7089013c4178a', 'X-Instance-Id-Signature': 'aebf7d71a671e78ba8227baca7a35782e78966dee0355cd236443e56a35578cd'} {{(pid=74310) __call__ /opt/stack/nova/nova/api/metadata/handler.py:109}}
Jul 30 11:00:17.572865 np0000031986 devstack@n-api-meta.service[74310]: DEBUG nova.api.metadata.handler [None req-60ec7fe6-ccef-4fda-89da-7d754d297812 None None] Using cached metadata for instance 0bd2ee4f-69e2-4ec6-bdba-ec6249d5ae33 {{(pid=74310) get_metadata_by_instance_id /opt/stack/nova/nova/api/metadata/handler.py:84}}
