Jul 30 13:53:48.330867 np0000032005 devstack@n-api-meta.service[72773]: DEBUG nova.api.openstack.wsgi_app [-] oslo_limit.service_name        = None {{(pid=72773) log_opt_values /opt/stack/data/venv/lib/python3.12/site-packages/oslo_config/cfg.py:2824}}
Jul 30 13:53:48.330947 np0000032005 devstack@n-api-meta.service[72773]: DEBUG nova.api.openstack.wsgi_app [-] oslo_limit.service_type        = None {{(pid=72773) log_opt_values /opt/stack/data/venv/lib/python3.12/site-packages/oslo_config/cfg.py:2824}}
Jul 30 13:53:48.331029 np0000032005 devstack@n-api-meta.service[72773]: DEBUG nova.api.openstack.wsgi_app [-] oslo_limit.split_loggers       = False {{(pid=72773) log_opt_values /opt/stack/data/venv/lib/python3.12/site-packages/oslo_config/cfg.py:2824}}
Jul 30 13:53:48.331110 np0000032005 devstack@n-api-meta.service[72773]: DEBUG nova.api.openstack.wsgi_app [-] oslo_limit.status_code_retries = None {{(pid=72773) log_opt_values /opt/stack/data/venv/lib/python3.12/site-packages/oslo_config/cfg.py:2824}}
Jul 30 13:53:48.331191 np0000032005 devstack@n-api-meta.service[72773]: DEBUG nova.api.openstack.wsgi_app [-] oslo_limit.status_code_retry_delay = None {{(pid=72773) log_opt_values /opt/stack/data/venv/lib/python3.12/site-packages/oslo_config/cfg.py:2824}}
Jul 30 13:53:48.331271 np0000032005 devstack@n-api-meta.service[72773]: DEBUG nova.api.openstack.wsgi_app [-] oslo_limit.timeout             = None {{(pid=72773) log_opt_values /opt/stack/data/venv/lib/python3.12/site-packages/oslo_config/cfg.py:2824}}
Jul 30 13:53:48.331351 np0000032005 devstack@n-api-meta.service[72773]: DEBUG nova.api.openstack.wsgi_app [-] oslo_limit.valid_interfaces    = None {{(pid=72773) log_opt_values /opt/stack/data/venv/lib/python3.12/site-packages/oslo_config/cfg.py:2824}}
Jul 30 13:53:48.331433 np0000032005 devstack@n-api-meta.service[72773]: DEBUG nova.api.openstack.wsgi_app [-] oslo_limit.version             = None {{(pid=72773) log_opt_values /opt/stack/data/venv/lib/python3.12/site-packages/oslo_config/cfg.py:2824}}
Jul 30 13:53:48.331523 np0000032005 devstack@n-api-meta.service[72773]: DEBUG nova.api.openstack.wsgi_app [-] oslo_messaging_rabbit.amqp_auto_delete = False {{(pid=72773) log_opt_values /opt/stack/data/venv/lib/python3.12/site-packages/oslo_config/cfg.py:2824}}
Jul 30 13:53:48.331612 np0000032005 devstack@n-api-meta.service[72773]: DEBUG nova.api.openstack.wsgi_app [-] oslo_messaging_rabbit.amqp_durable_queues = False {{(pid=72773) log_opt_values /opt/stack/data/venv/lib/python3.12/site-packages/oslo_config/cfg.py:2824}}
Jul 30 13:53:48.331704 np0000032005 devstack@n-api-meta.service[72773]: DEBUG nova.api.openstack.wsgi_app [-] oslo_messaging_rabbit.conn_pool_min_size = 2 {{(pid=72773) log_opt_values /opt/stack/data/venv/lib/python3.12/site-packages/oslo_config/cfg.py:2824}}
Jul 30 13:53:48.331797 np0000032005 devstack@n-api-meta.service[72773]: DEBUG nova.api.openstack.wsgi_app [-] oslo_messaging_rabbit.conn_pool_ttl = 1200 {{(pid=72773) log_opt_values /opt/stack/data/venv/lib/python3.12/site-packages/oslo_config/cfg.py:2824}}
Jul 30 13:53:48.331881 np0000032005 devstack@n-api-meta.service[72773]: DEBUG nova.api.openstack.wsgi_app [-] oslo_messaging_rabbit.direct_mandatory_flag = True {{(pid=72773) log_opt_values /opt/stack/data/venv/lib/python3.12/site-packages/oslo_config/cfg.py:2824}}
Jul 30 13:53:48.331962 np0000032005 devstack@n-api-meta.service[72773]: DEBUG nova.api.openstack.wsgi_app [-] oslo_messaging_rabbit.enable_cancel_on_failover = False {{(pid=72773) log_opt_values /opt/stack/data/venv/lib/python3.12/site-packages/oslo_config/cfg.py:2824}}
Jul 30 13:53:48.332045 np0000032005 devstack@n-api-meta.service[72773]: DEBUG nova.api.openstack.wsgi_app [-] oslo_messaging_rabbit.heartbeat_in_pthread = False {{(pid=72773) log_opt_values /opt/stack/data/venv/lib/python3.12/site-packages/oslo_config/cfg.py:2824}}
Jul 30 13:53:48.332127 np0000032005 devstack@n-api-meta.service[72773]: DEBUG nova.api.openstack.wsgi_app [-] oslo_messaging_rabbit.heartbeat_rate = 3 {{(pid=72773) log_opt_values /opt/stack/data/venv/lib/python3.12/site-packages/oslo_config/cfg.py:2824}}
Jul 30 13:53:48.332208 np0000032005 devstack@n-api-meta.service[72773]: DEBUG nova.api.openstack.wsgi_app [-] oslo_messaging_rabbit.heartbeat_timeout_threshold = 60 {{(pid=72773) log_opt_values /opt/stack/data/venv/lib/python3.12/site-packages/oslo_config/cfg.py:2824}}
Jul 30 13:53:48.332294 np0000032005 devstack@n-api-meta.service[72773]: DEBUG nova.api.openstack.wsgi_app [-] oslo_messaging_rabbit.hostname = np0000032005 {{(pid=72773) log_opt_values /opt/stack/data/venv/lib/python3.12/site-packages/oslo_config/cfg.py:2824}}
Jul 30 13:53:48.332373 np0000032005 devstack@n-api-meta.service[72773]: DEBUG nova.api.openstack.wsgi_app [-] oslo_messaging_rabbit.kombu_compression = None {{(pid=72773) log_opt_values /opt/stack/data/venv/lib/python3.12/site-packages/oslo_config/cfg.py:2824}}
Jul 30 13:53:48.332460 np0000032005 devstack@n-api-meta.service[72773]: DEBUG nova.api.openstack.wsgi_app [-] oslo_messaging_rabbit.kombu_failover_strategy = round-robin {{(pid=72773) log_opt_values /opt/stack/data/venv/lib/python3.12/site-packages/oslo_config/cfg.py:2824}}
Jul 30 13:53:48.332545 np0000032005 devstack@n-api-meta.service[72773]: DEBUG nova.api.openstack.wsgi_app [-] oslo_messaging_rabbit.kombu_missing_consumer_retry_timeout = 60 {{(pid=72773) log_opt_values /opt/stack/data/venv/lib/python3.12/site-packages/oslo_config/cfg.py:2824}}
Jul 30 13:53:48.332632 np0000032005 devstack@n-api-meta.service[72773]: DEBUG nova.api.openstack.wsgi_app [-] oslo_messaging_rabbit.kombu_reconnect_delay = 1.0 {{(pid=72773) log_opt_values /opt/stack/data/venv/lib/python3.12/site-packages/oslo_config/cfg.py:2824}}
Jul 30 13:53:48.332721 np0000032005 devstack@n-api-meta.service[72773]: DEBUG nova.api.openstack.wsgi_app [-] oslo_messaging_rabbit.kombu_reconnect_splay = 0.0 {{(pid=72773) log_opt_values /opt/stack/data/venv/lib/python3.12/site-packages/oslo_config/cfg.py:2824}}
Jul 30 13:53:48.332812 np0000032005 devstack@n-api-meta.service[72773]: DEBUG nova.api.openstack.wsgi_app [-] oslo_messaging_rabbit.processname = uwsgi {{(pid=72773) log_opt_values /opt/stack/data/venv/lib/python3.12/site-packages/oslo_config/cfg.py:2824}}
Jul 30 13:53:48.332895 np0000032005 devstack@n-api-meta.service[72773]: DEBUG nova.api.openstack.wsgi_app [-] oslo_messaging_rabbit.rabbit_ha_queues = False {{(pid=72773) log_opt_values /opt/stack/data/venv/lib/python3.12/site-packages/oslo_config/cfg.py:2824}}
Jul 30 13:53:48.332976 np0000032005 devstack@n-api-meta.service[72773]: DEBUG nova.api.openstack.wsgi_app [-] oslo_messaging_rabbit.rabbit_interval_max = 30 {{(pid=72773) log_opt_values /opt/stack/data/venv/lib/python3.12/site-packages/oslo_config/cfg.py:2824}}
Jul 30 13:53:48.333061 np0000032005 devstack@n-api-meta.service[72773]: DEBUG nova.api.openstack.wsgi_app [-] oslo_messaging_rabbit.rabbit_login_method = AMQPLAIN {{(pid=72773) log_opt_values /opt/stack/data/venv/lib/python3.12/site-packages/oslo_config/cfg.py:2824}}
Jul 30 13:53:48.333143 np0000032005 devstack@n-api-meta.service[72773]: DEBUG nova.api.openstack.wsgi_app [-] oslo_messaging_rabbit.rabbit_qos_prefetch_count = 0 {{(pid=72773) log_opt_values /opt/stack/data/venv/lib/python3.12/site-packages/oslo_config/cfg.py:2824}}
Jul 30 13:53:48.333224 np0000032005 devstack@n-api-meta.service[72773]: DEBUG nova.api.openstack.wsgi_app [-] oslo_messaging_rabbit.rabbit_quorum_delivery_limit = 0 {{(pid=72773) log_opt_values /opt/stack/data/venv/lib/python3.12/site-packages/oslo_config/cfg.py:2824}}
Jul 30 13:53:48.333308 np0000032005 devstack@n-api-meta.service[72773]: DEBUG nova.api.openstack.wsgi_app [-] oslo_messaging_rabbit.rabbit_quorum_max_memory_bytes = 0 {{(pid=72773) log_opt_values /opt/stack/data/venv/lib/python3.12/site-packages/oslo_config/cfg.py:2824}}
Jul 30 13:53:48.333390 np0000032005 devstack@n-api-meta.service[72773]: DEBUG nova.api.openstack.wsgi_app [-] oslo_messaging_rabbit.rabbit_quorum_max_memory_length = 0 {{(pid=72773) log_opt_values /opt/stack/data/venv/lib/python3.12/site-packages/oslo_config/cfg.py:2824}}
Jul 30 13:53:48.333471 np0000032005 devstack@n-api-meta.service[72773]: DEBUG nova.api.openstack.wsgi_app [-] oslo_messaging_rabbit.rabbit_quorum_queue = False {{(pid=72773) log_opt_values /opt/stack/data/venv/lib/python3.12/site-packages/oslo_config/cfg.py:2824}}
Jul 30 13:53:48.333552 np0000032005 devstack@n-api-meta.service[72773]: DEBUG nova.api.openstack.wsgi_app [-] oslo_messaging_rabbit.rabbit_retry_backoff = 2 {{(pid=72773) log_opt_values /opt/stack/data/venv/lib/python3.12/site-packages/oslo_config/cfg.py:2824}}
Jul 30 13:53:48.333633 np0000032005 devstack@n-api-meta.service[72773]: DEBUG nova.api.openstack.wsgi_app [-] oslo_messaging_rabbit.rabbit_retry_interval = 1 {{(pid=72773) log_opt_values /opt/stack/data/venv/lib/python3.12/site-packages/oslo_config/cfg.py:2824}}
Jul 30 13:53:48.333721 np0000032005 devstack@n-api-meta.service[72773]: DEBUG nova.api.openstack.wsgi_app [-] oslo_messaging_rabbit.rabbit_stream_fanout = False {{(pid=72773) log_opt_values /opt/stack/data/venv/lib/python3.12/site-packages/oslo_config/cfg.py:2824}}
Jul 30 13:53:48.333810 np0000032005 devstack@n-api-meta.service[72773]: DEBUG nova.api.openstack.wsgi_app [-] oslo_messaging_rabbit.rabbit_transient_queues_ttl = 1800 {{(pid=72773) log_opt_values /opt/stack/data/venv/lib/python3.12/site-packages/oslo_config/cfg.py:2824}}
Jul 30 13:53:48.333891 np0000032005 devstack@n-api-meta.service[72773]: DEBUG nova.api.openstack.wsgi_app [-] oslo_messaging_rabbit.rabbit_transient_quorum_queue = False {{(pid=72773) log_opt_values /opt/stack/data/venv/lib/python3.12/site-packages/oslo_config/cfg.py:2824}}
Jul 30 13:53:48.333972 np0000032005 devstack@n-api-meta.service[72773]: DEBUG nova.api.openstack.wsgi_app [-] oslo_messaging_rabbit.rpc_conn_pool_size = 30 {{(pid=72773) log_opt_values /opt/stack/data/venv/lib/python3.12/site-packages/oslo_config/cfg.py:2824}}
Jul 30 13:53:48.334052 np0000032005 devstack@n-api-meta.service[72773]: DEBUG nova.api.openstack.wsgi_app [-] oslo_messaging_rabbit.ssl      = False {{(pid=72773) log_opt_values /opt/stack/data/venv/lib/python3.12/site-packages/oslo_config/cfg.py:2824}}
Jul 30 13:53:48.334136 np0000032005 devstack@n-api-meta.service[72773]: DEBUG nova.api.openstack.wsgi_app [-] oslo_messaging_rabbit.ssl_ca_file =  {{(pid=72773) log_opt_values /opt/stack/data/venv/lib/python3.12/site-packages/oslo_config/cfg.py:2824}}
Jul 30 13:53:48.334218 np0000032005 devstack@n-api-meta.service[72773]: DEBUG nova.api.openstack.wsgi_app [-] oslo_messaging_rabbit.ssl_cert_file =  {{(pid=72773) log_opt_values /opt/stack/data/venv/lib/python3.12/site-packages/oslo_config/cfg.py:2824}}
Jul 30 13:53:48.334298 np0000032005 devstack@n-api-meta.service[72773]: DEBUG nova.api.openstack.wsgi_app [-] oslo_messaging_rabbit.ssl_enforce_fips_mode = False {{(pid=72773) log_opt_values /opt/stack/data/venv/lib/python3.12/site-packages/oslo_config/cfg.py:2824}}
Jul 30 13:53:48.334382 np0000032005 devstack@n-api-meta.service[72773]: DEBUG nova.api.openstack.wsgi_app [-] oslo_messaging_rabbit.ssl_key_file =  {{(pid=72773) log_opt_values /opt/stack/data/venv/lib/python3.12/site-packages/oslo_config/cfg.py:2824}}
Jul 30 13:53:48.334464 np0000032005 devstack@n-api-meta.service[72773]: DEBUG nova.api.openstack.wsgi_app [-] oslo_messaging_rabbit.ssl_version =  {{(pid=72773) log_opt_values /opt/stack/data/venv/lib/python3.12/site-packages/oslo_config/cfg.py:2824}}
Jul 30 13:53:48.334546 np0000032005 devstack@n-api-meta.service[72773]: DEBUG nova.api.openstack.wsgi_app [-] oslo_messaging_rabbit.use_queue_manager = False {{(pid=72773) log_opt_values /opt/stack/data/venv/lib/python3.12/site-packages/oslo_config/cfg.py:2824}}
Jul 30 13:53:48.334643 np0000032005 devstack@n-api-meta.service[72773]: DEBUG nova.api.openstack.wsgi_app [-] oslo_messaging_notifications.driver = ['messagingv2'] {{(pid=72773) log_opt_values /opt/stack/data/venv/lib/python3.12/site-packages/oslo_config/cfg.py:2824}}
Jul 30 13:53:48.334738 np0000032005 devstack@n-api-meta.service[72773]: DEBUG nova.api.openstack.wsgi_app [-] oslo_messaging_notifications.retry = -1 {{(pid=72773) log_opt_values /opt/stack/data/venv/lib/python3.12/site-packages/oslo_config/cfg.py:2824}}
Jul 30 13:53:48.334832 np0000032005 devstack@n-api-meta.service[72773]: DEBUG nova.api.openstack.wsgi_app [-] oslo_messaging_notifications.topics = ['notifications'] {{(pid=72773) log_opt_values /opt/stack/data/venv/lib/python3.12/site-packages/oslo_config/cfg.py:2824}}
Jul 30 13:53:48.334922 np0000032005 devstack@n-api-meta.service[72773]: DEBUG nova.api.openstack.wsgi_app [-] oslo_messaging_notifications.transport_url = **** {{(pid=72773) log_opt_values /opt/stack/data/venv/lib/python3.12/site-packages/oslo_config/cfg.py:2824}}
Jul 30 13:53:48.335006 np0000032005 devstack@n-api-meta.service[72773]: DEBUG nova.api.openstack.wsgi_app [-] oslo_reports.file_event_handler = None {{(pid=72773) log_opt_values /opt/stack/data/venv/lib/python3.12/site-packages/oslo_config/cfg.py:2824}}
Jul 30 13:53:48.335087 np0000032005 devstack@n-api-meta.service[72773]: DEBUG nova.api.openstack.wsgi_app [-] oslo_reports.file_event_handler_interval = 1 {{(pid=72773) log_opt_values /opt/stack/data/venv/lib/python3.12/site-packages/oslo_config/cfg.py:2824}}
Jul 30 13:53:48.335168 np0000032005 devstack@n-api-meta.service[72773]: DEBUG nova.api.openstack.wsgi_app [-] oslo_reports.log_dir           = None {{(pid=72773) log_opt_values /opt/stack/data/venv/lib/python3.12/site-packages/oslo_config/cfg.py:2824}}
Jul 30 13:53:48.335237 np0000032005 devstack@n-api-meta.service[72773]: DEBUG nova.api.openstack.wsgi_app [-] ******************************************************************************** {{(pid=72773) log_opt_values /opt/stack/data/venv/lib/python3.12/site-packages/oslo_config/cfg.py:2828}}
Jul 30 13:53:48.351209 np0000032005 devstack@n-api-meta.service[72774]: DEBUG dbcounter [-] [72774] Writer thread running {{(pid=72774) stat_writer /opt/stack/data/venv/lib/python3.12/site-packages/dbcounter.py:102}}
Jul 30 13:53:48.353009 np0000032005 devstack@n-api-meta.service[72774]: DEBUG nova.context [None req-4d8e31a3-9a24-4c8c-81f3-50dfcc82c177 None None] Found 2 cells: 00000000-0000-0000-0000-000000000000(cell0),007fb957-f68a-40bc-a266-4f99ddf68f71(cell1) {{(pid=72774) load_cells /opt/stack/nova/nova/context.py:464}}
Jul 30 13:53:48.354528 np0000032005 devstack@n-api-meta.service[72774]: DEBUG oslo_concurrency.lockutils [None req-4d8e31a3-9a24-4c8c-81f3-50dfcc82c177 None None] Acquiring lock "00000000-0000-0000-0000-000000000000" by "nova.context.set_target_cell.<locals>.get_or_set_cached_cell_and_set_connections" {{(pid=72774) inner /opt/stack/data/venv/lib/python3.12/site-packages/oslo_concurrency/lockutils.py:405}}
Jul 30 13:53:48.354708 np0000032005 devstack@n-api-meta.service[72774]: DEBUG oslo_concurrency.lockutils [None req-4d8e31a3-9a24-4c8c-81f3-50dfcc82c177 None None] Lock "00000000-0000-0000-0000-000000000000" acquired by "nova.context.set_target_cell.<locals>.get_or_set_cached_cell_and_set_connections" :: waited 0.000s {{(pid=72774) inner /opt/stack/data/venv/lib/python3.12/site-packages/oslo_concurrency/lockutils.py:410}}
Jul 30 13:53:48.355054 np0000032005 devstack@n-api-meta.service[72774]: DEBUG oslo_concurrency.lockutils [None req-4d8e31a3-9a24-4c8c-81f3-50dfcc82c177 None None] Lock "00000000-0000-0000-0000-000000000000" "released" by "nova.context.set_target_cell.<locals>.get_or_set_cached_cell_and_set_connections" :: held 0.000s {{(pid=72774) inner /opt/stack/data/venv/lib/python3.12/site-packages/oslo_concurrency/lockutils.py:424}}
Jul 30 13:53:48.355383 np0000032005 devstack@n-api-meta.service[72774]: DEBUG oslo_concurrency.lockutils [None req-4d8e31a3-9a24-4c8c-81f3-50dfcc82c177 None None] Acquiring lock "007fb957-f68a-40bc-a266-4f99ddf68f71" by "nova.context.set_target_cell.<locals>.get_or_set_cached_cell_and_set_connections" {{(pid=72774) inner /opt/stack/data/venv/lib/python3.12/site-packages/oslo_concurrency/lockutils.py:405}}
Jul 30 13:53:48.355518 np0000032005 devstack@n-api-meta.service[72774]: DEBUG oslo_concurrency.lockutils [None req-4d8e31a3-9a24-4c8c-81f3-50dfcc82c177 None None] Lock "007fb957-f68a-40bc-a266-4f99ddf68f71" acquired by "nova.context.set_target_cell.<locals>.get_or_set_cached_cell_and_set_connections" :: waited 0.000s {{(pid=72774) inner /opt/stack/data/venv/lib/python3.12/site-packages/oslo_concurrency/lockutils.py:410}}
Jul 30 13:53:48.356236 np0000032005 devstack@n-api-meta.service[72774]: DEBUG oslo_concurrency.lockutils [None req-4d8e31a3-9a24-4c8c-81f3-50dfcc82c177 None None] Lock "007fb957-f68a-40bc-a266-4f99ddf68f71" "released" by "nova.context.set_target_cell.<locals>.get_or_set_cached_cell_and_set_connections" :: held 0.001s {{(pid=72774) inner /opt/stack/data/venv/lib/python3.12/site-packages/oslo_concurrency/lockutils.py:424}}
Jul 30 13:53:48.357272 np0000032005 devstack@n-api-meta.service[72774]: INFO dbcounter [None req-4d8e31a3-9a24-4c8c-81f3-50dfcc82c177 None None] Registered counter for database nova_cell0
Jul 30 13:53:48.359173 np0000032005 devstack@n-api-meta.service[72774]: INFO dbcounter [None req-4d8e31a3-9a24-4c8c-81f3-50dfcc82c177 None None] Registered counter for database nova_cell1
Jul 30 13:53:48.363178 np0000032005 devstack@n-api-meta.service[72773]: INFO dbcounter [None req-64ed46cd-0ece-451d-bcec-6b397a86b274 None None] Registered counter for database nova_api
Jul 30 13:53:48.363333 np0000032005 devstack@n-api-meta.service[72774]: DEBUG oslo_db.sqlalchemy.engines [None req-4d8e31a3-9a24-4c8c-81f3-50dfcc82c177 None None] MySQL server mode set to STRICT_TRANS_TABLES,STRICT_ALL_TABLES,NO_ZERO_IN_DATE,NO_ZERO_DATE,ERROR_FOR_DIVISION_BY_ZERO,TRADITIONAL,NO_ENGINE_SUBSTITUTION {{(pid=72774) _check_effective_sql_mode /opt/stack/data/venv/lib/python3.12/site-packages/oslo_db/sqlalchemy/engines.py:397}}
Jul 30 13:53:48.374137 np0000032005 devstack@n-api-meta.service[72773]: DEBUG oslo_db.sqlalchemy.engines [None req-64ed46cd-0ece-451d-bcec-6b397a86b274 None None] MySQL server mode set to STRICT_TRANS_TABLES,STRICT_ALL_TABLES,NO_ZERO_IN_DATE,NO_ZERO_DATE,ERROR_FOR_DIVISION_BY_ZERO,TRADITIONAL,NO_ENGINE_SUBSTITUTION {{(pid=72773) _check_effective_sql_mode /opt/stack/data/venv/lib/python3.12/site-packages/oslo_db/sqlalchemy/engines.py:397}}
Jul 30 13:53:48.397328 np0000032005 devstack@n-api-meta.service[72773]: DEBUG dbcounter [-] [72773] Writer thread running {{(pid=72773) stat_writer /opt/stack/data/venv/lib/python3.12/site-packages/dbcounter.py:102}}
Jul 30 13:53:48.399099 np0000032005 devstack@n-api-meta.service[72773]: DEBUG nova.context [None req-64ed46cd-0ece-451d-bcec-6b397a86b274 None None] Found 2 cells: 00000000-0000-0000-0000-000000000000(cell0),007fb957-f68a-40bc-a266-4f99ddf68f71(cell1) {{(pid=72773) load_cells /opt/stack/nova/nova/context.py:464}}
Jul 30 13:53:48.400638 np0000032005 devstack@n-api-meta.service[72773]: DEBUG oslo_concurrency.lockutils [None req-64ed46cd-0ece-451d-bcec-6b397a86b274 None None] Acquiring lock "00000000-0000-0000-0000-000000000000" by "nova.context.set_target_cell.<locals>.get_or_set_cached_cell_and_set_connections" {{(pid=72773) inner /opt/stack/data/venv/lib/python3.12/site-packages/oslo_concurrency/lockutils.py:405}}
Jul 30 13:53:48.400838 np0000032005 devstack@n-api-meta.service[72773]: DEBUG oslo_concurrency.lockutils [None req-64ed46cd-0ece-451d-bcec-6b397a86b274 None None] Lock "00000000-0000-0000-0000-000000000000" acquired by "nova.context.set_target_cell.<locals>.get_or_set_cached_cell_and_set_connections" :: waited 0.000s {{(pid=72773) inner /opt/stack/data/venv/lib/python3.12/site-packages/oslo_concurrency/lockutils.py:410}}
Jul 30 13:53:48.401171 np0000032005 devstack@n-api-meta.service[72773]: DEBUG oslo_concurrency.lockutils [None req-64ed46cd-0ece-451d-bcec-6b397a86b274 None None] Lock "00000000-0000-0000-0000-000000000000" "released" by "nova.context.set_target_cell.<locals>.get_or_set_cached_cell_and_set_connections" :: held 0.000s {{(pid=72773) inner /opt/stack/data/venv/lib/python3.12/site-packages/oslo_concurrency/lockutils.py:424}}
Jul 30 13:53:48.401500 np0000032005 devstack@n-api-meta.service[72773]: DEBUG oslo_concurrency.lockutils [None req-64ed46cd-0ece-451d-bcec-6b397a86b274 None None] Acquiring lock "007fb957-f68a-40bc-a266-4f99ddf68f71" by "nova.context.set_target_cell.<locals>.get_or_set_cached_cell_and_set_connections" {{(pid=72773) inner /opt/stack/data/venv/lib/python3.12/site-packages/oslo_concurrency/lockutils.py:405}}
Jul 30 13:53:48.401637 np0000032005 devstack@n-api-meta.service[72773]: DEBUG oslo_concurrency.lockutils [None req-64ed46cd-0ece-451d-bcec-6b397a86b274 None None] Lock "007fb957-f68a-40bc-a266-4f99ddf68f71" acquired by "nova.context.set_target_cell.<locals>.get_or_set_cached_cell_and_set_connections" :: waited 0.000s {{(pid=72773) inner /opt/stack/data/venv/lib/python3.12/site-packages/oslo_concurrency/lockutils.py:410}}
Jul 30 13:53:48.402378 np0000032005 devstack@n-api-meta.service[72773]: DEBUG oslo_concurrency.lockutils [None req-64ed46cd-0ece-451d-bcec-6b397a86b274 None None] Lock "007fb957-f68a-40bc-a266-4f99ddf68f71" "released" by "nova.context.set_target_cell.<locals>.get_or_set_cached_cell_and_set_connections" :: held 0.001s {{(pid=72773) inner /opt/stack/data/venv/lib/python3.12/site-packages/oslo_concurrency/lockutils.py:424}}
Jul 30 13:53:48.403405 np0000032005 devstack@n-api-meta.service[72773]: INFO dbcounter [None req-64ed46cd-0ece-451d-bcec-6b397a86b274 None None] Registered counter for database nova_cell0
Jul 30 13:53:48.405305 np0000032005 devstack@n-api-meta.service[72773]: INFO dbcounter [None req-64ed46cd-0ece-451d-bcec-6b397a86b274 None None] Registered counter for database nova_cell1
Jul 30 13:53:48.409463 np0000032005 devstack@n-api-meta.service[72773]: DEBUG oslo_db.sqlalchemy.engines [None req-64ed46cd-0ece-451d-bcec-6b397a86b274 None None] MySQL server mode set to STRICT_TRANS_TABLES,STRICT_ALL_TABLES,NO_ZERO_IN_DATE,NO_ZERO_DATE,ERROR_FOR_DIVISION_BY_ZERO,TRADITIONAL,NO_ENGINE_SUBSTITUTION {{(pid=72773) _check_effective_sql_mode /opt/stack/data/venv/lib/python3.12/site-packages/oslo_db/sqlalchemy/engines.py:397}}
Jul 30 13:53:48.425773 np0000032005 devstack@n-api-meta.service[72774]: DEBUG oslo_db.sqlalchemy.engines [None req-4d8e31a3-9a24-4c8c-81f3-50dfcc82c177 None None] MySQL server mode set to STRICT_TRANS_TABLES,STRICT_ALL_TABLES,NO_ZERO_IN_DATE,NO_ZERO_DATE,ERROR_FOR_DIVISION_BY_ZERO,TRADITIONAL,NO_ENGINE_SUBSTITUTION {{(pid=72774) _check_effective_sql_mode /opt/stack/data/venv/lib/python3.12/site-packages/oslo_db/sqlalchemy/engines.py:397}}
Jul 30 13:53:48.426150 np0000032005 devstack@n-api-meta.service[72774]: DEBUG dbcounter [-] [72774] Writer thread running {{(pid=72774) stat_writer /opt/stack/data/venv/lib/python3.12/site-packages/dbcounter.py:102}}
Jul 30 13:53:48.429775 np0000032005 devstack@n-api-meta.service[72774]: DEBUG dbcounter [-] [72774] Writer thread running {{(pid=72774) stat_writer /opt/stack/data/venv/lib/python3.12/site-packages/dbcounter.py:102}}
Jul 30 13:53:48.431640 np0000032005 devstack@n-api-meta.service[72774]: INFO dbcounter [None req-4d8e31a3-9a24-4c8c-81f3-50dfcc82c177 None None] Registered counter for database nova_cell0
Jul 30 13:53:48.436046 np0000032005 devstack@n-api-meta.service[72774]: DEBUG oslo_db.sqlalchemy.engines [None req-4d8e31a3-9a24-4c8c-81f3-50dfcc82c177 None None] MySQL server mode set to STRICT_TRANS_TABLES,STRICT_ALL_TABLES,NO_ZERO_IN_DATE,NO_ZERO_DATE,ERROR_FOR_DIVISION_BY_ZERO,TRADITIONAL,NO_ENGINE_SUBSTITUTION {{(pid=72774) _check_effective_sql_mode /opt/stack/data/venv/lib/python3.12/site-packages/oslo_db/sqlalchemy/engines.py:397}}
Jul 30 13:53:48.439838 np0000032005 devstack@n-api-meta.service[72774]: DEBUG dbcounter [-] [72774] Writer thread running {{(pid=72774) stat_writer /opt/stack/data/venv/lib/python3.12/site-packages/dbcounter.py:102}}
Jul 30 13:53:48.472547 np0000032005 devstack@n-api-meta.service[72773]: DEBUG oslo_db.sqlalchemy.engines [None req-64ed46cd-0ece-451d-bcec-6b397a86b274 None None] MySQL server mode set to STRICT_TRANS_TABLES,STRICT_ALL_TABLES,NO_ZERO_IN_DATE,NO_ZERO_DATE,ERROR_FOR_DIVISION_BY_ZERO,TRADITIONAL,NO_ENGINE_SUBSTITUTION {{(pid=72773) _check_effective_sql_mode /opt/stack/data/venv/lib/python3.12/site-packages/oslo_db/sqlalchemy/engines.py:397}}
Jul 30 13:53:48.472943 np0000032005 devstack@n-api-meta.service[72773]: DEBUG dbcounter [-] [72773] Writer thread running {{(pid=72773) stat_writer /opt/stack/data/venv/lib/python3.12/site-packages/dbcounter.py:102}}
Jul 30 13:53:48.473887 np0000032005 devstack@n-api-meta.service[72774]: WARNING nova.api.metadata.handler [None req-4d8e31a3-9a24-4c8c-81f3-50dfcc82c177 None None] metadata_proxy_shared_secret is not configured, the metadata information returned by the proxy cannot be trusted
Jul 30 13:53:48.475538 np0000032005 devstack@n-api-meta.service[72774]: WSGI app 0 (mountpoint='') ready in 2 seconds on interpreter 0x7dffbf6a39e8 pid: 72774 (default app)
Jul 30 13:53:48.477008 np0000032005 devstack@n-api-meta.service[72773]: DEBUG dbcounter [-] [72773] Writer thread running {{(pid=72773) stat_writer /opt/stack/data/venv/lib/python3.12/site-packages/dbcounter.py:102}}
Jul 30 13:53:48.479015 np0000032005 devstack@n-api-meta.service[72773]: INFO dbcounter [None req-64ed46cd-0ece-451d-bcec-6b397a86b274 None None] Registered counter for database nova_cell0
Jul 30 13:53:48.482152 np0000032005 devstack@n-api-meta.service[72773]: DEBUG oslo_db.sqlalchemy.engines [None req-64ed46cd-0ece-451d-bcec-6b397a86b274 None None] MySQL server mode set to STRICT_TRANS_TABLES,STRICT_ALL_TABLES,NO_ZERO_IN_DATE,NO_ZERO_DATE,ERROR_FOR_DIVISION_BY_ZERO,TRADITIONAL,NO_ENGINE_SUBSTITUTION {{(pid=72773) _check_effective_sql_mode /opt/stack/data/venv/lib/python3.12/site-packages/oslo_db/sqlalchemy/engines.py:397}}
Jul 30 13:53:48.485895 np0000032005 devstack@n-api-meta.service[72773]: DEBUG dbcounter [-] [72773] Writer thread running {{(pid=72773) stat_writer /opt/stack/data/venv/lib/python3.12/site-packages/dbcounter.py:102}}
Jul 30 13:53:48.509695 np0000032005 devstack@n-api-meta.service[72773]: WARNING nova.api.metadata.handler [None req-64ed46cd-0ece-451d-bcec-6b397a86b274 None None] metadata_proxy_shared_secret is not configured, the metadata information returned by the proxy cannot be trusted
Jul 30 13:53:48.511350 np0000032005 devstack@n-api-meta.service[72773]: WSGI app 0 (mountpoint='') ready in 2 seconds on interpreter 0x7dffbf6a39e8 pid: 72773 (default app)
Jul 30 13:56:18.774620 np0000032005 devstack@n-api-meta.service[72774]: DEBUG nova.api.metadata.handler [None req-4d8e31a3-9a24-4c8c-81f3-50dfcc82c177 None None] Metadata request headers: {'Host': '192.168.1.135:8775', 'User-Agent': 'python-requests/2.32.3', 'Accept-Encoding': 'gzip, deflate', 'Accept': '*/*', 'Connection': 'keep-alive', 'X-Forwarded-For': '10.1.0.7', 'X-Instance-Id': '5b3f5f70-e001-4475-b9fd-f9cbfdae57c3', 'X-Tenant-Id': 'f21f8b6abaf944bebda72ae0f1cbb6c2', 'X-Instance-Id-Signature': '1e969e84114b079099e9428494f086a903478246a8000cefb469f9bb8842abeb'} {{(pid=72774) __call__ /opt/stack/nova/nova/api/metadata/handler.py:109}}
Jul 30 13:56:18.776468 np0000032005 devstack@n-api-meta.service[72774]: DEBUG dbcounter [-] [72774] Writing DB stats nova_api:SELECT=1 {{(pid=72774) stat_writer /opt/stack/data/venv/lib/python3.12/site-packages/dbcounter.py:115}}
Jul 30 13:56:18.776949 np0000032005 devstack@n-api-meta.service[72774]: DEBUG dbcounter [-] [72774] Writing DB stats nova_cell0:SELECT=1 {{(pid=72774) stat_writer /opt/stack/data/venv/lib/python3.12/site-packages/dbcounter.py:115}}
Jul 30 13:56:18.777447 np0000032005 devstack@n-api-meta.service[72774]: DEBUG dbcounter [-] [72774] Writing DB stats nova_cell1:SELECT=1 {{(pid=72774) stat_writer /opt/stack/data/venv/lib/python3.12/site-packages/dbcounter.py:115}}
Jul 30 13:56:18.777761 np0000032005 devstack@n-api-meta.service[72774]: DEBUG dbcounter [-] [72774] Writing DB stats nova_cell0:SELECT=2,nova_cell0:INSERT=1 {{(pid=72774) stat_writer /opt/stack/data/venv/lib/python3.12/site-packages/dbcounter.py:115}}
Jul 30 13:56:18.785166 np0000032005 devstack@n-api-meta.service[72774]: DEBUG oslo_concurrency.lockutils [None req-c98058d5-22c3-4774-a7fa-fb3460d3c320 None None] Acquiring lock "007fb957-f68a-40bc-a266-4f99ddf68f71" by "nova.context.set_target_cell.<locals>.get_or_set_cached_cell_and_set_connections" {{(pid=72774) inner /opt/stack/data/venv/lib/python3.12/site-packages/oslo_concurrency/lockutils.py:405}}
Jul 30 13:56:18.785341 np0000032005 devstack@n-api-meta.service[72774]: DEBUG oslo_concurrency.lockutils [None req-c98058d5-22c3-4774-a7fa-fb3460d3c320 None None] Lock "007fb957-f68a-40bc-a266-4f99ddf68f71" acquired by "nova.context.set_target_cell.<locals>.get_or_set_cached_cell_and_set_connections" :: waited 0.000s {{(pid=72774) inner /opt/stack/data/venv/lib/python3.12/site-packages/oslo_concurrency/lockutils.py:410}}
Jul 30 13:56:18.785472 np0000032005 devstack@n-api-meta.service[72774]: DEBUG oslo_concurrency.lockutils [None req-c98058d5-22c3-4774-a7fa-fb3460d3c320 None None] Lock "007fb957-f68a-40bc-a266-4f99ddf68f71" "released" by "nova.context.set_target_cell.<locals>.get_or_set_cached_cell_and_set_connections" :: held 0.000s {{(pid=72774) inner /opt/stack/data/venv/lib/python3.12/site-packages/oslo_concurrency/lockutils.py:424}}
Jul 30 13:56:19.043243 np0000032005 devstack@n-api-meta.service[72774]: [pid: 72774|app: 0|req: 1/1] 192.168.1.135 () {40 vars in 681 bytes} [Wed Jul 30 13:56:18 2025] GET /2009-04-04/meta-data/instance-id => generated 10 bytes in 269 msecs (HTTP/1.1 200) 3 headers in 99 bytes (1 switches on core 0)
Jul 30 13:56:19.186838 np0000032005 devstack@n-api-meta.service[72773]: DEBUG nova.api.metadata.handler [None req-64ed46cd-0ece-451d-bcec-6b397a86b274 None None] Metadata request headers: {'Host': '192.168.1.135:8775', 'User-Agent': 'python-requests/2.32.3', 'Accept-Encoding': 'gzip, deflate', 'Accept': '*/*', 'Connection': 'keep-alive', 'X-Forwarded-For': '10.1.0.7', 'X-Instance-Id': '5b3f5f70-e001-4475-b9fd-f9cbfdae57c3', 'X-Tenant-Id': 'f21f8b6abaf944bebda72ae0f1cbb6c2', 'X-Instance-Id-Signature': '1e969e84114b079099e9428494f086a903478246a8000cefb469f9bb8842abeb'} {{(pid=72773) __call__ /opt/stack/nova/nova/api/metadata/handler.py:109}}
Jul 30 13:56:19.188680 np0000032005 devstack@n-api-meta.service[72773]: DEBUG dbcounter [-] [72773] Writing DB stats nova_api:SELECT=1 {{(pid=72773) stat_writer /opt/stack/data/venv/lib/python3.12/site-packages/dbcounter.py:115}}
Jul 30 13:56:19.189162 np0000032005 devstack@n-api-meta.service[72773]: DEBUG dbcounter [-] [72773] Writing DB stats nova_cell0:SELECT=1 {{(pid=72773) stat_writer /opt/stack/data/venv/lib/python3.12/site-packages/dbcounter.py:115}}
Jul 30 13:56:19.189632 np0000032005 devstack@n-api-meta.service[72773]: DEBUG dbcounter [-] [72773] Writing DB stats nova_cell1:SELECT=1 {{(pid=72773) stat_writer /opt/stack/data/venv/lib/python3.12/site-packages/dbcounter.py:115}}
Jul 30 13:56:19.189930 np0000032005 devstack@n-api-meta.service[72773]: DEBUG dbcounter [-] [72773] Writing DB stats nova_cell0:SELECT=1 {{(pid=72773) stat_writer /opt/stack/data/venv/lib/python3.12/site-packages/dbcounter.py:115}}
Jul 30 13:56:19.191409 np0000032005 devstack@n-api-meta.service[72773]: DEBUG nova.api.metadata.handler [None req-64ed46cd-0ece-451d-bcec-6b397a86b274 None None] Using cached metadata for instance 5b3f5f70-e001-4475-b9fd-f9cbfdae57c3 {{(pid=72773) get_metadata_by_instance_id /opt/stack/nova/nova/api/metadata/handler.py:84}}
Jul 30 13:56:19.192101 np0000032005 devstack@n-api-meta.service[72773]: [pid: 72773|app: 0|req: 1/2] 192.168.1.135 () {40 vars in 681 bytes} [Wed Jul 30 13:56:19 2025] GET /2009-04-04/meta-data/public-keys => generated 28 bytes in 6 msecs (HTTP/1.1 200) 3 headers in 99 bytes (1 switches on core 0)
Jul 30 13:56:19.285461 np0000032005 devstack@n-api-meta.service[72774]: DEBUG nova.api.metadata.handler [None req-c98058d5-22c3-4774-a7fa-fb3460d3c320 None None] Metadata request headers: {'Host': '192.168.1.135:8775', 'User-Agent': 'python-requests/2.32.3', 'Accept-Encoding': 'gzip, deflate', 'Accept': '*/*', 'Connection': 'keep-alive', 'X-Forwarded-For': '10.1.0.7', 'X-Instance-Id': '5b3f5f70-e001-4475-b9fd-f9cbfdae57c3', 'X-Tenant-Id': 'f21f8b6abaf944bebda72ae0f1cbb6c2', 'X-Instance-Id-Signature': '1e969e84114b079099e9428494f086a903478246a8000cefb469f9bb8842abeb'} {{(pid=72774) __call__ /opt/stack/nova/nova/api/metadata/handler.py:109}}
Jul 30 13:56:19.285461 np0000032005 devstack@n-api-meta.service[72774]: DEBUG nova.api.metadata.handler [None req-c98058d5-22c3-4774-a7fa-fb3460d3c320 None None] Using cached metadata for instance 5b3f5f70-e001-4475-b9fd-f9cbfdae57c3 {{(pid=72774) get_metadata_by_instance_id /opt/stack/nova/nova/api/metadata/handler.py:84}}
Jul 30 13:56:19.285461 np0000032005 devstack@n-api-meta.service[72774]: [pid: 72774|app: 0|req: 2/3] 192.168.1.135 () {40 vars in 709 bytes} [Wed Jul 30 13:56:19 2025] GET /2009-04-04/meta-data/public-keys/0/openssh-key => generated 204 bytes in 2 msecs (HTTP/1.1 200) 3 headers in 100 bytes (1 switches on core 0)
Jul 30 13:56:19.401613 np0000032005 devstack@n-api-meta.service[72773]: DEBUG nova.api.metadata.handler [None req-64ed46cd-0ece-451d-bcec-6b397a86b274 None None] Metadata request headers: {'Host': '192.168.1.135:8775', 'User-Agent': 'python-requests/2.32.3', 'Accept-Encoding': 'gzip, deflate', 'Accept': '*/*', 'Connection': 'keep-alive', 'X-Forwarded-For': '10.1.0.7', 'X-Instance-Id': '5b3f5f70-e001-4475-b9fd-f9cbfdae57c3', 'X-Tenant-Id': 'f21f8b6abaf944bebda72ae0f1cbb6c2', 'X-Instance-Id-Signature': '1e969e84114b079099e9428494f086a903478246a8000cefb469f9bb8842abeb'} {{(pid=72773) __call__ /opt/stack/nova/nova/api/metadata/handler.py:109}}
Jul 30 13:56:19.403137 np0000032005 devstack@n-api-meta.service[72773]: DEBUG nova.api.metadata.handler [None req-64ed46cd-0ece-451d-bcec-6b397a86b274 None None] Using cached metadata for instance 5b3f5f70-e001-4475-b9fd-f9cbfdae57c3 {{(pid=72773) get_metadata_by_instance_id /opt/stack/nova/nova/api/metadata/handler.py:84}}
Jul 30 13:56:19.403490 np0000032005 devstack@n-api-meta.service[72773]: [pid: 72773|app: 0|req: 2/4] 192.168.1.135 () {40 vars in 681 bytes} [Wed Jul 30 13:56:19 2025] GET /2009-04-04/meta-data/instance-id => generated 10 bytes in 2 msecs (HTTP/1.1 200) 3 headers in 99 bytes (1 switches on core 0)
Jul 30 13:56:19.522955 np0000032005 devstack@n-api-meta.service[72774]: DEBUG nova.api.metadata.handler [None req-c98058d5-22c3-4774-a7fa-fb3460d3c320 None None] Metadata request headers: {'Host': '192.168.1.135:8775', 'User-Agent': 'python-requests/2.32.3', 'Accept-Encoding': 'gzip, deflate', 'Accept': '*/*', 'Connection': 'keep-alive', 'X-Forwarded-For': '10.1.0.7', 'X-Instance-Id': '5b3f5f70-e001-4475-b9fd-f9cbfdae57c3', 'X-Tenant-Id': 'f21f8b6abaf944bebda72ae0f1cbb6c2', 'X-Instance-Id-Signature': '1e969e84114b079099e9428494f086a903478246a8000cefb469f9bb8842abeb'} {{(pid=72774) __call__ /opt/stack/nova/nova/api/metadata/handler.py:109}}
Jul 30 13:56:19.523954 np0000032005 devstack@n-api-meta.service[72774]: DEBUG nova.api.metadata.handler [None req-c98058d5-22c3-4774-a7fa-fb3460d3c320 None None] Using cached metadata for instance 5b3f5f70-e001-4475-b9fd-f9cbfdae57c3 {{(pid=72774) get_metadata_by_instance_id /opt/stack/nova/nova/api/metadata/handler.py:84}}
Jul 30 13:56:19.524291 np0000032005 devstack@n-api-meta.service[72774]: [pid: 72774|app: 0|req: 3/5] 192.168.1.135 () {40 vars in 691 bytes} [Wed Jul 30 13:56:19 2025] GET /2009-04-04/meta-data/ami-launch-index => generated 1 bytes in 2 msecs (HTTP/1.1 200) 3 headers in 98 bytes (1 switches on core 0)
Jul 30 13:56:19.645614 np0000032005 devstack@n-api-meta.service[72773]: DEBUG nova.api.metadata.handler [None req-64ed46cd-0ece-451d-bcec-6b397a86b274 None None] Metadata request headers: {'Host': '192.168.1.135:8775', 'User-Agent': 'python-requests/2.32.3', 'Accept-Encoding': 'gzip, deflate', 'Accept': '*/*', 'Connection': 'keep-alive', 'X-Forwarded-For': '10.1.0.7', 'X-Instance-Id': '5b3f5f70-e001-4475-b9fd-f9cbfdae57c3', 'X-Tenant-Id': 'f21f8b6abaf944bebda72ae0f1cbb6c2', 'X-Instance-Id-Signature': '1e969e84114b079099e9428494f086a903478246a8000cefb469f9bb8842abeb'} {{(pid=72773) __call__ /opt/stack/nova/nova/api/metadata/handler.py:109}}
Jul 30 13:56:19.647075 np0000032005 devstack@n-api-meta.service[72773]: DEBUG nova.api.metadata.handler [None req-64ed46cd-0ece-451d-bcec-6b397a86b274 None None] Using cached metadata for instance 5b3f5f70-e001-4475-b9fd-f9cbfdae57c3 {{(pid=72773) get_metadata_by_instance_id /opt/stack/nova/nova/api/metadata/handler.py:84}}
Jul 30 13:56:19.647402 np0000032005 devstack@n-api-meta.service[72773]: [pid: 72773|app: 0|req: 3/6] 192.168.1.135 () {40 vars in 685 bytes} [Wed Jul 30 13:56:19 2025] GET /2009-04-04/meta-data/instance-type => generated 7 bytes in 2 msecs (HTTP/1.1 200) 3 headers in 98 bytes (1 switches on core 0)
Jul 30 13:56:19.765570 np0000032005 devstack@n-api-meta.service[72774]: DEBUG nova.api.metadata.handler [None req-c98058d5-22c3-4774-a7fa-fb3460d3c320 None None] Metadata request headers: {'Host': '192.168.1.135:8775', 'User-Agent': 'python-requests/2.32.3', 'Accept-Encoding': 'gzip, deflate', 'Accept': '*/*', 'Connection': 'keep-alive', 'X-Forwarded-For': '10.1.0.7', 'X-Instance-Id': '5b3f5f70-e001-4475-b9fd-f9cbfdae57c3', 'X-Tenant-Id': 'f21f8b6abaf944bebda72ae0f1cbb6c2', 'X-Instance-Id-Signature': '1e969e84114b079099e9428494f086a903478246a8000cefb469f9bb8842abeb'} {{(pid=72774) __call__ /opt/stack/nova/nova/api/metadata/handler.py:109}}
Jul 30 13:56:19.768143 np0000032005 devstack@n-api-meta.service[72774]: DEBUG nova.api.metadata.handler [None req-c98058d5-22c3-4774-a7fa-fb3460d3c320 None None] Using cached metadata for instance 5b3f5f70-e001-4475-b9fd-f9cbfdae57c3 {{(pid=72774) get_metadata_by_instance_id /opt/stack/nova/nova/api/metadata/handler.py:84}}
Jul 30 13:56:19.768477 np0000032005 devstack@n-api-meta.service[72774]: [pid: 72774|app: 0|req: 4/7] 192.168.1.135 () {40 vars in 679 bytes} [Wed Jul 30 13:56:19 2025] GET /2009-04-04/meta-data/local-ipv4 => generated 8 bytes in 3 msecs (HTTP/1.1 200) 3 headers in 98 bytes (1 switches on core 0)
Jul 30 13:56:19.965453 np0000032005 devstack@n-api-meta.service[72773]: DEBUG nova.api.metadata.handler [None req-64ed46cd-0ece-451d-bcec-6b397a86b274 None None] Metadata request headers: {'Host': '192.168.1.135:8775', 'User-Agent': 'python-requests/2.32.3', 'Accept-Encoding': 'gzip, deflate', 'Accept': '*/*', 'Connection': 'keep-alive', 'X-Forwarded-For': '10.1.0.7', 'X-Instance-Id': '5b3f5f70-e001-4475-b9fd-f9cbfdae57c3', 'X-Tenant-Id': 'f21f8b6abaf944bebda72ae0f1cbb6c2', 'X-Instance-Id-Signature': '1e969e84114b079099e9428494f086a903478246a8000cefb469f9bb8842abeb'} {{(pid=72773) __call__ /opt/stack/nova/nova/api/metadata/handler.py:109}}
Jul 30 13:56:19.966815 np0000032005 devstack@n-api-meta.service[72773]: DEBUG nova.api.metadata.handler [None req-64ed46cd-0ece-451d-bcec-6b397a86b274 None None] Using cached metadata for instance 5b3f5f70-e001-4475-b9fd-f9cbfdae57c3 {{(pid=72773) get_metadata_by_instance_id /opt/stack/nova/nova/api/metadata/handler.py:84}}
Jul 30 13:56:19.967109 np0000032005 devstack@n-api-meta.service[72773]: [pid: 72773|app: 0|req: 4/8] 192.168.1.135 () {40 vars in 681 bytes} [Wed Jul 30 13:56:19 2025] GET /2009-04-04/meta-data/public-ipv4 => generated 11 bytes in 2 msecs (HTTP/1.1 200) 3 headers in 99 bytes (1 switches on core 0)
Jul 30 13:56:20.253114 np0000032005 devstack@n-api-meta.service[72774]: DEBUG nova.api.metadata.handler [None req-c98058d5-22c3-4774-a7fa-fb3460d3c320 None None] Metadata request headers: {'Host': '192.168.1.135:8775', 'User-Agent': 'python-requests/2.32.3', 'Accept-Encoding': 'gzip, deflate', 'Accept': '*/*', 'Connection': 'keep-alive', 'X-Forwarded-For': '10.1.0.7', 'X-Instance-Id': '5b3f5f70-e001-4475-b9fd-f9cbfdae57c3', 'X-Tenant-Id': 'f21f8b6abaf944bebda72ae0f1cbb6c2', 'X-Instance-Id-Signature': '1e969e84114b079099e9428494f086a903478246a8000cefb469f9bb8842abeb'} {{(pid=72774) __call__ /opt/stack/nova/nova/api/metadata/handler.py:109}}
Jul 30 13:56:20.253114 np0000032005 devstack@n-api-meta.service[72774]: DEBUG nova.api.metadata.handler [None req-c98058d5-22c3-4774-a7fa-fb3460d3c320 None None] Using cached metadata for instance 5b3f5f70-e001-4475-b9fd-f9cbfdae57c3 {{(pid=72774) get_metadata_by_instance_id /opt/stack/nova/nova/api/metadata/handler.py:84}}
Jul 30 13:56:20.253114 np0000032005 devstack@n-api-meta.service[72774]: [pid: 72774|app: 0|req: 5/9] 192.168.1.135 () {40 vars in 675 bytes} [Wed Jul 30 13:56:20 2025] GET /2009-04-04/meta-data/hostname => generated 49 bytes in 2 msecs (HTTP/1.1 200) 3 headers in 99 bytes (1 switches on core 0)
Jul 30 13:56:20.371239 np0000032005 devstack@n-api-meta.service[72773]: DEBUG nova.api.metadata.handler [None req-64ed46cd-0ece-451d-bcec-6b397a86b274 None None] Metadata request headers: {'Host': '192.168.1.135:8775', 'User-Agent': 'python-requests/2.32.3', 'Accept-Encoding': 'gzip, deflate', 'Accept': '*/*', 'Connection': 'keep-alive', 'X-Forwarded-For': '10.1.0.7', 'X-Instance-Id': '5b3f5f70-e001-4475-b9fd-f9cbfdae57c3', 'X-Tenant-Id': 'f21f8b6abaf944bebda72ae0f1cbb6c2', 'X-Instance-Id-Signature': '1e969e84114b079099e9428494f086a903478246a8000cefb469f9bb8842abeb'} {{(pid=72773) __call__ /opt/stack/nova/nova/api/metadata/handler.py:109}}
Jul 30 13:56:20.373074 np0000032005 devstack@n-api-meta.service[72773]: DEBUG nova.api.metadata.handler [None req-64ed46cd-0ece-451d-bcec-6b397a86b274 None None] Using cached metadata for instance 5b3f5f70-e001-4475-b9fd-f9cbfdae57c3 {{(pid=72773) get_metadata_by_instance_id /opt/stack/nova/nova/api/metadata/handler.py:84}}
Jul 30 13:56:20.373378 np0000032005 devstack@n-api-meta.service[72773]: [pid: 72773|app: 0|req: 5/10] 192.168.1.135 () {40 vars in 687 bytes} [Wed Jul 30 13:56:20 2025] GET /2009-04-04/meta-data/local-hostname => generated 49 bytes in 2 msecs (HTTP/1.1 200) 3 headers in 99 bytes (1 switches on core 0)
Jul 30 13:56:20.491579 np0000032005 devstack@n-api-meta.service[72774]: DEBUG nova.api.metadata.handler [None req-c98058d5-22c3-4774-a7fa-fb3460d3c320 None None] Metadata request headers: {'Host': '192.168.1.135:8775', 'User-Agent': 'python-requests/2.32.3', 'Accept-Encoding': 'gzip, deflate', 'Accept': '*/*', 'Connection': 'keep-alive', 'X-Forwarded-For': '10.1.0.7', 'X-Instance-Id': '5b3f5f70-e001-4475-b9fd-f9cbfdae57c3', 'X-Tenant-Id': 'f21f8b6abaf944bebda72ae0f1cbb6c2', 'X-Instance-Id-Signature': '1e969e84114b079099e9428494f086a903478246a8000cefb469f9bb8842abeb'} {{(pid=72774) __call__ /opt/stack/nova/nova/api/metadata/handler.py:109}}
Jul 30 13:56:20.491579 np0000032005 devstack@n-api-meta.service[72774]: DEBUG nova.api.metadata.handler [None req-c98058d5-22c3-4774-a7fa-fb3460d3c320 None None] Using cached metadata for instance 5b3f5f70-e001-4475-b9fd-f9cbfdae57c3 {{(pid=72774) get_metadata_by_instance_id /opt/stack/nova/nova/api/metadata/handler.py:84}}
Jul 30 13:56:20.491579 np0000032005 devstack@n-api-meta.service[72774]: [pid: 72774|app: 0|req: 6/11] 192.168.1.135 () {40 vars in 657 bytes} [Wed Jul 30 13:56:20 2025] GET /2009-04-04/user-data => generated 95 bytes in 2 msecs (HTTP/1.1 200) 3 headers in 99 bytes (1 switches on core 0)
Jul 30 13:56:20.614156 np0000032005 devstack@n-api-meta.service[72773]: DEBUG nova.api.metadata.handler [None req-64ed46cd-0ece-451d-bcec-6b397a86b274 None None] Metadata request headers: {'Host': '192.168.1.135:8775', 'User-Agent': 'python-requests/2.32.3', 'Accept-Encoding': 'gzip, deflate', 'Accept': '*/*', 'Connection': 'keep-alive', 'X-Forwarded-For': '10.1.0.7', 'X-Instance-Id': '5b3f5f70-e001-4475-b9fd-f9cbfdae57c3', 'X-Tenant-Id': 'f21f8b6abaf944bebda72ae0f1cbb6c2', 'X-Instance-Id-Signature': '1e969e84114b079099e9428494f086a903478246a8000cefb469f9bb8842abeb'} {{(pid=72773) __call__ /opt/stack/nova/nova/api/metadata/handler.py:109}}
Jul 30 13:56:20.615718 np0000032005 devstack@n-api-meta.service[72773]: DEBUG nova.api.metadata.handler [None req-64ed46cd-0ece-451d-bcec-6b397a86b274 None None] Using cached metadata for instance 5b3f5f70-e001-4475-b9fd-f9cbfdae57c3 {{(pid=72773) get_metadata_by_instance_id /opt/stack/nova/nova/api/metadata/handler.py:84}}
Jul 30 13:56:20.616039 np0000032005 devstack@n-api-meta.service[72773]: [pid: 72773|app: 0|req: 6/12] 192.168.1.135 () {40 vars in 698 bytes} [Wed Jul 30 13:56:20 2025] GET /2009-04-04/meta-data/block-device-mapping => generated 8 bytes in 2 msecs (HTTP/1.1 200) 3 headers in 98 bytes (1 switches on core 0)
Jul 30 13:56:20.709390 np0000032005 devstack@n-api-meta.service[72774]: DEBUG nova.api.metadata.handler [None req-c98058d5-22c3-4774-a7fa-fb3460d3c320 None None] Metadata request headers: {'Host': '192.168.1.135:8775', 'User-Agent': 'python-requests/2.32.3', 'Accept-Encoding': 'gzip, deflate', 'Accept': '*/*', 'Connection': 'keep-alive', 'X-Forwarded-For': '10.1.0.7', 'X-Instance-Id': '5b3f5f70-e001-4475-b9fd-f9cbfdae57c3', 'X-Tenant-Id': 'f21f8b6abaf944bebda72ae0f1cbb6c2', 'X-Instance-Id-Signature': '1e969e84114b079099e9428494f086a903478246a8000cefb469f9bb8842abeb'} {{(pid=72774) __call__ /opt/stack/nova/nova/api/metadata/handler.py:109}}
Jul 30 13:56:20.709390 np0000032005 devstack@n-api-meta.service[72774]: DEBUG nova.api.metadata.handler [None req-c98058d5-22c3-4774-a7fa-fb3460d3c320 None None] Using cached metadata for instance 5b3f5f70-e001-4475-b9fd-f9cbfdae57c3 {{(pid=72774) get_metadata_by_instance_id /opt/stack/nova/nova/api/metadata/handler.py:84}}
Jul 30 13:56:20.709390 np0000032005 devstack@n-api-meta.service[72774]: [pid: 72774|app: 0|req: 7/13] 192.168.1.135 () {40 vars in 706 bytes} [Wed Jul 30 13:56:20 2025] GET /2009-04-04/meta-data/block-device-mapping/ami => generated 3 bytes in 2 msecs (HTTP/1.1 200) 3 headers in 98 bytes (1 switches on core 0)
Jul 30 13:56:20.807274 np0000032005 devstack@n-api-meta.service[72773]: DEBUG nova.api.metadata.handler [None req-64ed46cd-0ece-451d-bcec-6b397a86b274 None None] Metadata request headers: {'Host': '192.168.1.135:8775', 'User-Agent': 'python-requests/2.32.3', 'Accept-Encoding': 'gzip, deflate', 'Accept': '*/*', 'Connection': 'keep-alive', 'X-Forwarded-For': '10.1.0.7', 'X-Instance-Id': '5b3f5f70-e001-4475-b9fd-f9cbfdae57c3', 'X-Tenant-Id': 'f21f8b6abaf944bebda72ae0f1cbb6c2', 'X-Instance-Id-Signature': '1e969e84114b079099e9428494f086a903478246a8000cefb469f9bb8842abeb'} {{(pid=72773) __call__ /opt/stack/nova/nova/api/metadata/handler.py:109}}
Jul 30 13:56:20.808796 np0000032005 devstack@n-api-meta.service[72773]: DEBUG nova.api.metadata.handler [None req-64ed46cd-0ece-451d-bcec-6b397a86b274 None None] Using cached metadata for instance 5b3f5f70-e001-4475-b9fd-f9cbfdae57c3 {{(pid=72773) get_metadata_by_instance_id /opt/stack/nova/nova/api/metadata/handler.py:84}}
Jul 30 13:56:20.809081 np0000032005 devstack@n-api-meta.service[72773]: [pid: 72773|app: 0|req: 7/14] 192.168.1.135 () {40 vars in 708 bytes} [Wed Jul 30 13:56:20 2025] GET /2009-04-04/meta-data/block-device-mapping/root => generated 8 bytes in 2 msecs (HTTP/1.1 200) 3 headers in 98 bytes (1 switches on core 0)
Jul 30 13:56:20.930564 np0000032005 devstack@n-api-meta.service[72774]: DEBUG nova.api.metadata.handler [None req-c98058d5-22c3-4774-a7fa-fb3460d3c320 None None] Metadata request headers: {'Host': '192.168.1.135:8775', 'User-Agent': 'python-requests/2.32.3', 'Accept-Encoding': 'gzip, deflate', 'Accept': '*/*', 'Connection': 'keep-alive', 'X-Forwarded-For': '10.1.0.7', 'X-Instance-Id': '5b3f5f70-e001-4475-b9fd-f9cbfdae57c3', 'X-Tenant-Id': 'f21f8b6abaf944bebda72ae0f1cbb6c2', 'X-Instance-Id-Signature': '1e969e84114b079099e9428494f086a903478246a8000cefb469f9bb8842abeb'} {{(pid=72774) __call__ /opt/stack/nova/nova/api/metadata/handler.py:109}}
Jul 30 13:56:20.932762 np0000032005 devstack@n-api-meta.service[72774]: DEBUG nova.api.metadata.handler [None req-c98058d5-22c3-4774-a7fa-fb3460d3c320 None None] Using cached metadata for instance 5b3f5f70-e001-4475-b9fd-f9cbfdae57c3 {{(pid=72774) get_metadata_by_instance_id /opt/stack/nova/nova/api/metadata/handler.py:84}}
Jul 30 13:56:20.933383 np0000032005 devstack@n-api-meta.service[72774]: [pid: 72774|app: 0|req: 8/15] 192.168.1.135 () {40 vars in 688 bytes} [Wed Jul 30 13:56:20 2025] GET /2009-04-04/meta-data/public-hostname => generated 49 bytes in 3 msecs (HTTP/1.1 200) 3 headers in 99 bytes (1 switches on core 0)
Jul 30 13:56:21.054244 np0000032005 devstack@n-api-meta.service[72773]: DEBUG nova.api.metadata.handler [None req-64ed46cd-0ece-451d-bcec-6b397a86b274 None None] Metadata request headers: {'Host': '192.168.1.135:8775', 'User-Agent': 'python-requests/2.32.3', 'Accept-Encoding': 'gzip, deflate', 'Accept': '*/*', 'Connection': 'keep-alive', 'X-Forwarded-For': '10.1.0.7', 'X-Instance-Id': '5b3f5f70-e001-4475-b9fd-f9cbfdae57c3', 'X-Tenant-Id': 'f21f8b6abaf944bebda72ae0f1cbb6c2', 'X-Instance-Id-Signature': '1e969e84114b079099e9428494f086a903478246a8000cefb469f9bb8842abeb'} {{(pid=72773) __call__ /opt/stack/nova/nova/api/metadata/handler.py:109}}
Jul 30 13:56:21.055884 np0000032005 devstack@n-api-meta.service[72773]: DEBUG nova.api.metadata.handler [None req-64ed46cd-0ece-451d-bcec-6b397a86b274 None None] Using cached metadata for instance 5b3f5f70-e001-4475-b9fd-f9cbfdae57c3 {{(pid=72773) get_metadata_by_instance_id /opt/stack/nova/nova/api/metadata/handler.py:84}}
Jul 30 13:56:21.056175 np0000032005 devstack@n-api-meta.service[72773]: [pid: 72773|app: 0|req: 8/16] 192.168.1.135 () {40 vars in 712 bytes} [Wed Jul 30 13:56:21 2025] GET /2009-04-04/meta-data/placement/availability-zone => generated 4 bytes in 2 msecs (HTTP/1.1 200) 3 headers in 98 bytes (1 switches on core 0)
