Jul 30 03:54:43.225900 np0000031975 devstack@n-api-meta.service[76760]: DEBUG nova.api.openstack.wsgi_app [-] oslo_messaging_rabbit.amqp_durable_queues = False {{(pid=76760) log_opt_values /opt/stack/data/venv/lib/python3.12/site-packages/oslo_config/cfg.py:2824}}
Jul 30 03:54:43.225900 np0000031975 devstack@n-api-meta.service[76760]: DEBUG nova.api.openstack.wsgi_app [-] oslo_messaging_rabbit.conn_pool_min_size = 2 {{(pid=76760) log_opt_values /opt/stack/data/venv/lib/python3.12/site-packages/oslo_config/cfg.py:2824}}
Jul 30 03:54:43.225900 np0000031975 devstack@n-api-meta.service[76760]: DEBUG nova.api.openstack.wsgi_app [-] oslo_messaging_rabbit.conn_pool_ttl = 1200 {{(pid=76760) log_opt_values /opt/stack/data/venv/lib/python3.12/site-packages/oslo_config/cfg.py:2824}}
Jul 30 03:54:43.225900 np0000031975 devstack@n-api-meta.service[76760]: DEBUG nova.api.openstack.wsgi_app [-] oslo_messaging_rabbit.direct_mandatory_flag = True {{(pid=76760) log_opt_values /opt/stack/data/venv/lib/python3.12/site-packages/oslo_config/cfg.py:2824}}
Jul 30 03:54:43.225900 np0000031975 devstack@n-api-meta.service[76760]: DEBUG nova.api.openstack.wsgi_app [-] oslo_messaging_rabbit.enable_cancel_on_failover = False {{(pid=76760) log_opt_values /opt/stack/data/venv/lib/python3.12/site-packages/oslo_config/cfg.py:2824}}
Jul 30 03:54:43.225900 np0000031975 devstack@n-api-meta.service[76760]: DEBUG nova.api.openstack.wsgi_app [-] oslo_messaging_rabbit.heartbeat_in_pthread = False {{(pid=76760) log_opt_values /opt/stack/data/venv/lib/python3.12/site-packages/oslo_config/cfg.py:2824}}
Jul 30 03:54:43.225900 np0000031975 devstack@n-api-meta.service[76760]: DEBUG nova.api.openstack.wsgi_app [-] oslo_messaging_rabbit.heartbeat_rate = 3 {{(pid=76760) log_opt_values /opt/stack/data/venv/lib/python3.12/site-packages/oslo_config/cfg.py:2824}}
Jul 30 03:54:43.226074 np0000031975 devstack@n-api-meta.service[76760]: DEBUG nova.api.openstack.wsgi_app [-] oslo_messaging_rabbit.heartbeat_timeout_threshold = 60 {{(pid=76760) log_opt_values /opt/stack/data/venv/lib/python3.12/site-packages/oslo_config/cfg.py:2824}}
Jul 30 03:54:43.226074 np0000031975 devstack@n-api-meta.service[76760]: DEBUG nova.api.openstack.wsgi_app [-] oslo_messaging_rabbit.hostname = np0000031975 {{(pid=76760) log_opt_values /opt/stack/data/venv/lib/python3.12/site-packages/oslo_config/cfg.py:2824}}
Jul 30 03:54:43.226074 np0000031975 devstack@n-api-meta.service[76760]: DEBUG nova.api.openstack.wsgi_app [-] oslo_messaging_rabbit.kombu_compression = None {{(pid=76760) log_opt_values /opt/stack/data/venv/lib/python3.12/site-packages/oslo_config/cfg.py:2824}}
Jul 30 03:54:43.226074 np0000031975 devstack@n-api-meta.service[76760]: DEBUG nova.api.openstack.wsgi_app [-] oslo_messaging_rabbit.kombu_failover_strategy = round-robin {{(pid=76760) log_opt_values /opt/stack/data/venv/lib/python3.12/site-packages/oslo_config/cfg.py:2824}}
Jul 30 03:54:43.226074 np0000031975 devstack@n-api-meta.service[76760]: DEBUG nova.api.openstack.wsgi_app [-] oslo_messaging_rabbit.kombu_missing_consumer_retry_timeout = 60 {{(pid=76760) log_opt_values /opt/stack/data/venv/lib/python3.12/site-packages/oslo_config/cfg.py:2824}}
Jul 30 03:54:43.226074 np0000031975 devstack@n-api-meta.service[76760]: DEBUG nova.api.openstack.wsgi_app [-] oslo_messaging_rabbit.kombu_reconnect_delay = 1.0 {{(pid=76760) log_opt_values /opt/stack/data/venv/lib/python3.12/site-packages/oslo_config/cfg.py:2824}}
Jul 30 03:54:43.226074 np0000031975 devstack@n-api-meta.service[76760]: DEBUG nova.api.openstack.wsgi_app [-] oslo_messaging_rabbit.kombu_reconnect_splay = 0.0 {{(pid=76760) log_opt_values /opt/stack/data/venv/lib/python3.12/site-packages/oslo_config/cfg.py:2824}}
Jul 30 03:54:43.226074 np0000031975 devstack@n-api-meta.service[76760]: DEBUG nova.api.openstack.wsgi_app [-] oslo_messaging_rabbit.processname = uwsgi {{(pid=76760) log_opt_values /opt/stack/data/venv/lib/python3.12/site-packages/oslo_config/cfg.py:2824}}
Jul 30 03:54:43.226074 np0000031975 devstack@n-api-meta.service[76760]: DEBUG nova.api.openstack.wsgi_app [-] oslo_messaging_rabbit.rabbit_ha_queues = False {{(pid=76760) log_opt_values /opt/stack/data/venv/lib/python3.12/site-packages/oslo_config/cfg.py:2824}}
Jul 30 03:54:43.226265 np0000031975 devstack@n-api-meta.service[76760]: DEBUG nova.api.openstack.wsgi_app [-] oslo_messaging_rabbit.rabbit_interval_max = 30 {{(pid=76760) log_opt_values /opt/stack/data/venv/lib/python3.12/site-packages/oslo_config/cfg.py:2824}}
Jul 30 03:54:43.226265 np0000031975 devstack@n-api-meta.service[76760]: DEBUG nova.api.openstack.wsgi_app [-] oslo_messaging_rabbit.rabbit_login_method = AMQPLAIN {{(pid=76760) log_opt_values /opt/stack/data/venv/lib/python3.12/site-packages/oslo_config/cfg.py:2824}}
Jul 30 03:54:43.226265 np0000031975 devstack@n-api-meta.service[76760]: DEBUG nova.api.openstack.wsgi_app [-] oslo_messaging_rabbit.rabbit_qos_prefetch_count = 0 {{(pid=76760) log_opt_values /opt/stack/data/venv/lib/python3.12/site-packages/oslo_config/cfg.py:2824}}
Jul 30 03:54:43.226265 np0000031975 devstack@n-api-meta.service[76760]: DEBUG nova.api.openstack.wsgi_app [-] oslo_messaging_rabbit.rabbit_quorum_delivery_limit = 0 {{(pid=76760) log_opt_values /opt/stack/data/venv/lib/python3.12/site-packages/oslo_config/cfg.py:2824}}
Jul 30 03:54:43.226265 np0000031975 devstack@n-api-meta.service[76760]: DEBUG nova.api.openstack.wsgi_app [-] oslo_messaging_rabbit.rabbit_quorum_max_memory_bytes = 0 {{(pid=76760) log_opt_values /opt/stack/data/venv/lib/python3.12/site-packages/oslo_config/cfg.py:2824}}
Jul 30 03:54:43.226265 np0000031975 devstack@n-api-meta.service[76760]: DEBUG nova.api.openstack.wsgi_app [-] oslo_messaging_rabbit.rabbit_quorum_max_memory_length = 0 {{(pid=76760) log_opt_values /opt/stack/data/venv/lib/python3.12/site-packages/oslo_config/cfg.py:2824}}
Jul 30 03:54:43.226265 np0000031975 devstack@n-api-meta.service[76760]: DEBUG nova.api.openstack.wsgi_app [-] oslo_messaging_rabbit.rabbit_quorum_queue = False {{(pid=76760) log_opt_values /opt/stack/data/venv/lib/python3.12/site-packages/oslo_config/cfg.py:2824}}
Jul 30 03:54:43.226265 np0000031975 devstack@n-api-meta.service[76760]: DEBUG nova.api.openstack.wsgi_app [-] oslo_messaging_rabbit.rabbit_retry_backoff = 2 {{(pid=76760) log_opt_values /opt/stack/data/venv/lib/python3.12/site-packages/oslo_config/cfg.py:2824}}
Jul 30 03:54:43.226403 np0000031975 devstack@n-api-meta.service[76760]: DEBUG nova.api.openstack.wsgi_app [-] oslo_messaging_rabbit.rabbit_retry_interval = 1 {{(pid=76760) log_opt_values /opt/stack/data/venv/lib/python3.12/site-packages/oslo_config/cfg.py:2824}}
Jul 30 03:54:43.226403 np0000031975 devstack@n-api-meta.service[76760]: DEBUG nova.api.openstack.wsgi_app [-] oslo_messaging_rabbit.rabbit_stream_fanout = False {{(pid=76760) log_opt_values /opt/stack/data/venv/lib/python3.12/site-packages/oslo_config/cfg.py:2824}}
Jul 30 03:54:43.226403 np0000031975 devstack@n-api-meta.service[76760]: DEBUG nova.api.openstack.wsgi_app [-] oslo_messaging_rabbit.rabbit_transient_queues_ttl = 1800 {{(pid=76760) log_opt_values /opt/stack/data/venv/lib/python3.12/site-packages/oslo_config/cfg.py:2824}}
Jul 30 03:54:43.226403 np0000031975 devstack@n-api-meta.service[76760]: DEBUG nova.api.openstack.wsgi_app [-] oslo_messaging_rabbit.rabbit_transient_quorum_queue = False {{(pid=76760) log_opt_values /opt/stack/data/venv/lib/python3.12/site-packages/oslo_config/cfg.py:2824}}
Jul 30 03:54:43.226403 np0000031975 devstack@n-api-meta.service[76760]: DEBUG nova.api.openstack.wsgi_app [-] oslo_messaging_rabbit.rpc_conn_pool_size = 30 {{(pid=76760) log_opt_values /opt/stack/data/venv/lib/python3.12/site-packages/oslo_config/cfg.py:2824}}
Jul 30 03:54:43.226403 np0000031975 devstack@n-api-meta.service[76760]: DEBUG nova.api.openstack.wsgi_app [-] oslo_messaging_rabbit.ssl      = False {{(pid=76760) log_opt_values /opt/stack/data/venv/lib/python3.12/site-packages/oslo_config/cfg.py:2824}}
Jul 30 03:54:43.226403 np0000031975 devstack@n-api-meta.service[76760]: DEBUG nova.api.openstack.wsgi_app [-] oslo_messaging_rabbit.ssl_ca_file =  {{(pid=76760) log_opt_values /opt/stack/data/venv/lib/python3.12/site-packages/oslo_config/cfg.py:2824}}
Jul 30 03:54:43.226403 np0000031975 devstack@n-api-meta.service[76760]: DEBUG nova.api.openstack.wsgi_app [-] oslo_messaging_rabbit.ssl_cert_file =  {{(pid=76760) log_opt_values /opt/stack/data/venv/lib/python3.12/site-packages/oslo_config/cfg.py:2824}}
Jul 30 03:54:43.226403 np0000031975 devstack@n-api-meta.service[76760]: DEBUG nova.api.openstack.wsgi_app [-] oslo_messaging_rabbit.ssl_enforce_fips_mode = False {{(pid=76760) log_opt_values /opt/stack/data/venv/lib/python3.12/site-packages/oslo_config/cfg.py:2824}}
Jul 30 03:54:43.226542 np0000031975 devstack@n-api-meta.service[76760]: DEBUG nova.api.openstack.wsgi_app [-] oslo_messaging_rabbit.ssl_key_file =  {{(pid=76760) log_opt_values /opt/stack/data/venv/lib/python3.12/site-packages/oslo_config/cfg.py:2824}}
Jul 30 03:54:43.226542 np0000031975 devstack@n-api-meta.service[76760]: DEBUG nova.api.openstack.wsgi_app [-] oslo_messaging_rabbit.ssl_version =  {{(pid=76760) log_opt_values /opt/stack/data/venv/lib/python3.12/site-packages/oslo_config/cfg.py:2824}}
Jul 30 03:54:43.230596 np0000031975 devstack@n-api-meta.service[76760]: DEBUG nova.api.openstack.wsgi_app [-] oslo_messaging_rabbit.use_queue_manager = False {{(pid=76760) log_opt_values /opt/stack/data/venv/lib/python3.12/site-packages/oslo_config/cfg.py:2824}}
Jul 30 03:54:43.230596 np0000031975 devstack@n-api-meta.service[76760]: DEBUG nova.api.openstack.wsgi_app [-] oslo_messaging_notifications.driver = ['messagingv2'] {{(pid=76760) log_opt_values /opt/stack/data/venv/lib/python3.12/site-packages/oslo_config/cfg.py:2824}}
Jul 30 03:54:43.230596 np0000031975 devstack@n-api-meta.service[76760]: DEBUG nova.api.openstack.wsgi_app [-] oslo_messaging_notifications.retry = -1 {{(pid=76760) log_opt_values /opt/stack/data/venv/lib/python3.12/site-packages/oslo_config/cfg.py:2824}}
Jul 30 03:54:43.230596 np0000031975 devstack@n-api-meta.service[76760]: DEBUG nova.api.openstack.wsgi_app [-] oslo_messaging_notifications.topics = ['notifications'] {{(pid=76760) log_opt_values /opt/stack/data/venv/lib/python3.12/site-packages/oslo_config/cfg.py:2824}}
Jul 30 03:54:43.230596 np0000031975 devstack@n-api-meta.service[76760]: DEBUG nova.api.openstack.wsgi_app [-] oslo_messaging_notifications.transport_url = **** {{(pid=76760) log_opt_values /opt/stack/data/venv/lib/python3.12/site-packages/oslo_config/cfg.py:2824}}
Jul 30 03:54:43.230596 np0000031975 devstack@n-api-meta.service[76760]: DEBUG nova.api.openstack.wsgi_app [-] oslo_reports.file_event_handler = None {{(pid=76760) log_opt_values /opt/stack/data/venv/lib/python3.12/site-packages/oslo_config/cfg.py:2824}}
Jul 30 03:54:43.230596 np0000031975 devstack@n-api-meta.service[76760]: DEBUG nova.api.openstack.wsgi_app [-] oslo_reports.file_event_handler_interval = 1 {{(pid=76760) log_opt_values /opt/stack/data/venv/lib/python3.12/site-packages/oslo_config/cfg.py:2824}}
Jul 30 03:54:43.230596 np0000031975 devstack@n-api-meta.service[76760]: DEBUG nova.api.openstack.wsgi_app [-] oslo_reports.log_dir           = None {{(pid=76760) log_opt_values /opt/stack/data/venv/lib/python3.12/site-packages/oslo_config/cfg.py:2824}}
Jul 30 03:54:43.230596 np0000031975 devstack@n-api-meta.service[76760]: DEBUG nova.api.openstack.wsgi_app [-] ******************************************************************************** {{(pid=76760) log_opt_values /opt/stack/data/venv/lib/python3.12/site-packages/oslo_config/cfg.py:2828}}
Jul 30 03:54:43.259966 np0000031975 devstack@n-api-meta.service[76760]: INFO dbcounter [None req-5f40ff21-464b-4f15-a416-cd494916516b None None] Registered counter for database nova_api
Jul 30 03:54:43.262171 np0000031975 devstack@n-api-meta.service[76761]: DEBUG dbcounter [-] [76761] Writer thread running {{(pid=76761) stat_writer /opt/stack/data/venv/lib/python3.12/site-packages/dbcounter.py:102}}
Jul 30 03:54:43.266823 np0000031975 devstack@n-api-meta.service[76761]: DEBUG dbcounter [-] [76761] Writer thread running {{(pid=76761) stat_writer /opt/stack/data/venv/lib/python3.12/site-packages/dbcounter.py:102}}
Jul 30 03:54:43.272047 np0000031975 devstack@n-api-meta.service[76761]: INFO dbcounter [None req-97cb10db-0748-4293-a522-94923a821e5c None None] Registered counter for database nova_cell0
Jul 30 03:54:43.274353 np0000031975 devstack@n-api-meta.service[76761]: DEBUG oslo_db.sqlalchemy.engines [None req-97cb10db-0748-4293-a522-94923a821e5c None None] MySQL server mode set to STRICT_TRANS_TABLES,STRICT_ALL_TABLES,NO_ZERO_IN_DATE,NO_ZERO_DATE,ERROR_FOR_DIVISION_BY_ZERO,TRADITIONAL,NO_ENGINE_SUBSTITUTION {{(pid=76761) _check_effective_sql_mode /opt/stack/data/venv/lib/python3.12/site-packages/oslo_db/sqlalchemy/engines.py:397}}
Jul 30 03:54:43.274480 np0000031975 devstack@n-api-meta.service[76760]: DEBUG oslo_db.sqlalchemy.engines [None req-5f40ff21-464b-4f15-a416-cd494916516b None None] MySQL server mode set to STRICT_TRANS_TABLES,STRICT_ALL_TABLES,NO_ZERO_IN_DATE,NO_ZERO_DATE,ERROR_FOR_DIVISION_BY_ZERO,TRADITIONAL,NO_ENGINE_SUBSTITUTION {{(pid=76760) _check_effective_sql_mode /opt/stack/data/venv/lib/python3.12/site-packages/oslo_db/sqlalchemy/engines.py:397}}
Jul 30 03:54:43.284607 np0000031975 devstack@n-api-meta.service[76761]: DEBUG dbcounter [-] [76761] Writer thread running {{(pid=76761) stat_writer /opt/stack/data/venv/lib/python3.12/site-packages/dbcounter.py:102}}
Jul 30 03:54:43.302639 np0000031975 devstack@n-api-meta.service[76760]: DEBUG dbcounter [-] [76760] Writer thread running {{(pid=76760) stat_writer /opt/stack/data/venv/lib/python3.12/site-packages/dbcounter.py:102}}
Jul 30 03:54:43.304480 np0000031975 devstack@n-api-meta.service[76760]: DEBUG nova.context [None req-5f40ff21-464b-4f15-a416-cd494916516b None None] Found 2 cells: 00000000-0000-0000-0000-000000000000(cell0),6d0d2bac-6eb9-4f12-9923-995423cd2025(cell1) {{(pid=76760) load_cells /opt/stack/nova/nova/context.py:472}}
Jul 30 03:54:43.304746 np0000031975 devstack@n-api-meta.service[76760]: INFO nova.utils [None req-5f40ff21-464b-4f15-a416-cd494916516b None None] The cell worker thread pool MainProcess.cell_worker is initialized
Jul 30 03:54:43.306358 np0000031975 devstack@n-api-meta.service[76760]: DEBUG oslo_concurrency.lockutils [None req-5f40ff21-464b-4f15-a416-cd494916516b None None] Acquiring lock "00000000-0000-0000-0000-000000000000" by "nova.context.set_target_cell.<locals>.get_or_set_cached_cell_and_set_connections" {{(pid=76760) inner /opt/stack/data/venv/lib/python3.12/site-packages/oslo_concurrency/lockutils.py:405}}
Jul 30 03:54:43.306523 np0000031975 devstack@n-api-meta.service[76760]: DEBUG oslo_concurrency.lockutils [None req-5f40ff21-464b-4f15-a416-cd494916516b None None] Lock "00000000-0000-0000-0000-000000000000" acquired by "nova.context.set_target_cell.<locals>.get_or_set_cached_cell_and_set_connections" :: waited 0.000s {{(pid=76760) inner /opt/stack/data/venv/lib/python3.12/site-packages/oslo_concurrency/lockutils.py:410}}
Jul 30 03:54:43.306960 np0000031975 devstack@n-api-meta.service[76760]: DEBUG oslo_concurrency.lockutils [None req-5f40ff21-464b-4f15-a416-cd494916516b None None] Lock "00000000-0000-0000-0000-000000000000" "released" by "nova.context.set_target_cell.<locals>.get_or_set_cached_cell_and_set_connections" :: held 0.000s {{(pid=76760) inner /opt/stack/data/venv/lib/python3.12/site-packages/oslo_concurrency/lockutils.py:424}}
Jul 30 03:54:43.307289 np0000031975 devstack@n-api-meta.service[76760]: DEBUG oslo_concurrency.lockutils [None req-5f40ff21-464b-4f15-a416-cd494916516b None None] Acquiring lock "6d0d2bac-6eb9-4f12-9923-995423cd2025" by "nova.context.set_target_cell.<locals>.get_or_set_cached_cell_and_set_connections" {{(pid=76760) inner /opt/stack/data/venv/lib/python3.12/site-packages/oslo_concurrency/lockutils.py:405}}
Jul 30 03:54:43.307419 np0000031975 devstack@n-api-meta.service[76760]: DEBUG oslo_concurrency.lockutils [None req-5f40ff21-464b-4f15-a416-cd494916516b None None] Lock "6d0d2bac-6eb9-4f12-9923-995423cd2025" acquired by "nova.context.set_target_cell.<locals>.get_or_set_cached_cell_and_set_connections" :: waited 0.000s {{(pid=76760) inner /opt/stack/data/venv/lib/python3.12/site-packages/oslo_concurrency/lockutils.py:410}}
Jul 30 03:54:43.308244 np0000031975 devstack@n-api-meta.service[76760]: DEBUG oslo_concurrency.lockutils [None req-5f40ff21-464b-4f15-a416-cd494916516b None None] Lock "6d0d2bac-6eb9-4f12-9923-995423cd2025" "released" by "nova.context.set_target_cell.<locals>.get_or_set_cached_cell_and_set_connections" :: held 0.001s {{(pid=76760) inner /opt/stack/data/venv/lib/python3.12/site-packages/oslo_concurrency/lockutils.py:424}}
Jul 30 03:54:43.312856 np0000031975 devstack@n-api-meta.service[76760]: INFO dbcounter [None req-5f40ff21-464b-4f15-a416-cd494916516b None None] Registered counter for database nova_cell0
Jul 30 03:54:43.315285 np0000031975 devstack@n-api-meta.service[76760]: INFO dbcounter [None req-5f40ff21-464b-4f15-a416-cd494916516b None None] Registered counter for database nova_cell1
Jul 30 03:54:43.321337 np0000031975 devstack@n-api-meta.service[76760]: DEBUG oslo_db.sqlalchemy.engines [None req-5f40ff21-464b-4f15-a416-cd494916516b None None] MySQL server mode set to STRICT_TRANS_TABLES,STRICT_ALL_TABLES,NO_ZERO_IN_DATE,NO_ZERO_DATE,ERROR_FOR_DIVISION_BY_ZERO,TRADITIONAL,NO_ENGINE_SUBSTITUTION {{(pid=76760) _check_effective_sql_mode /opt/stack/data/venv/lib/python3.12/site-packages/oslo_db/sqlalchemy/engines.py:397}}
Jul 30 03:54:43.325611 np0000031975 devstack@n-api-meta.service[76760]: DEBUG oslo_db.sqlalchemy.engines [None req-5f40ff21-464b-4f15-a416-cd494916516b None None] MySQL server mode set to STRICT_TRANS_TABLES,STRICT_ALL_TABLES,NO_ZERO_IN_DATE,NO_ZERO_DATE,ERROR_FOR_DIVISION_BY_ZERO,TRADITIONAL,NO_ENGINE_SUBSTITUTION {{(pid=76760) _check_effective_sql_mode /opt/stack/data/venv/lib/python3.12/site-packages/oslo_db/sqlalchemy/engines.py:397}}
Jul 30 03:54:43.329780 np0000031975 devstack@n-api-meta.service[76761]: WARNING nova.api.metadata.handler [None req-97cb10db-0748-4293-a522-94923a821e5c None None] metadata_proxy_shared_secret is not configured, the metadata information returned by the proxy cannot be trusted
Jul 30 03:54:43.332621 np0000031975 devstack@n-api-meta.service[76761]: WSGI app 0 (mountpoint='') ready in 2 seconds on interpreter 0x7c5795ea39e8 pid: 76761 (default app)
Jul 30 03:54:43.393114 np0000031975 devstack@n-api-meta.service[76760]: DEBUG dbcounter [-] [76760] Writer thread running {{(pid=76760) stat_writer /opt/stack/data/venv/lib/python3.12/site-packages/dbcounter.py:102}}
Jul 30 03:54:43.397338 np0000031975 devstack@n-api-meta.service[76760]: DEBUG dbcounter [-] [76760] Writer thread running {{(pid=76760) stat_writer /opt/stack/data/venv/lib/python3.12/site-packages/dbcounter.py:102}}
Jul 30 03:54:43.399491 np0000031975 devstack@n-api-meta.service[76760]: INFO dbcounter [None req-5f40ff21-464b-4f15-a416-cd494916516b None None] Registered counter for database nova_cell0
Jul 30 03:54:43.402966 np0000031975 devstack@n-api-meta.service[76760]: DEBUG oslo_db.sqlalchemy.engines [None req-5f40ff21-464b-4f15-a416-cd494916516b None None] MySQL server mode set to STRICT_TRANS_TABLES,STRICT_ALL_TABLES,NO_ZERO_IN_DATE,NO_ZERO_DATE,ERROR_FOR_DIVISION_BY_ZERO,TRADITIONAL,NO_ENGINE_SUBSTITUTION {{(pid=76760) _check_effective_sql_mode /opt/stack/data/venv/lib/python3.12/site-packages/oslo_db/sqlalchemy/engines.py:397}}
Jul 30 03:54:43.407245 np0000031975 devstack@n-api-meta.service[76760]: DEBUG dbcounter [-] [76760] Writer thread running {{(pid=76760) stat_writer /opt/stack/data/venv/lib/python3.12/site-packages/dbcounter.py:102}}
Jul 30 03:54:43.429660 np0000031975 devstack@n-api-meta.service[76760]: WARNING nova.api.metadata.handler [None req-5f40ff21-464b-4f15-a416-cd494916516b None None] metadata_proxy_shared_secret is not configured, the metadata information returned by the proxy cannot be trusted
Jul 30 03:54:43.431523 np0000031975 devstack@n-api-meta.service[76760]: WSGI app 0 (mountpoint='') ready in 2 seconds on interpreter 0x7c5795ea39e8 pid: 76760 (default app)
Jul 30 03:57:23.286820 np0000031975 devstack@n-api-meta.service[76761]: DEBUG nova.api.metadata.handler [None req-97cb10db-0748-4293-a522-94923a821e5c None None] Metadata request headers: {'Host': '10.241.128.135:8775', 'User-Agent': 'python-requests/2.32.4', 'Accept-Encoding': 'gzip, deflate', 'Accept': '*/*', 'Connection': 'keep-alive', 'X-Forwarded-For': '10.1.0.4', 'X-Instance-Id': '41c88bff-3f3f-4de8-b8a0-f29255750bd7', 'X-Tenant-Id': '553f56bc534d4f0e8d5fe730031a7074', 'X-Instance-Id-Signature': '719191a9668c84fe222eed3ff3c7ac8a1bdbd447e4d8cca7a5616a305f6a8b88'} {{(pid=76761) __call__ /opt/stack/nova/nova/api/metadata/handler.py:109}}
Jul 30 03:57:23.292608 np0000031975 devstack@n-api-meta.service[76761]: DEBUG dbcounter [-] [76761] Writing DB stats nova_api:SELECT=1 {{(pid=76761) stat_writer /opt/stack/data/venv/lib/python3.12/site-packages/dbcounter.py:115}}
Jul 30 03:57:23.292608 np0000031975 devstack@n-api-meta.service[76761]: DEBUG dbcounter [-] [76761] Writing DB stats nova_cell0:SELECT=1 {{(pid=76761) stat_writer /opt/stack/data/venv/lib/python3.12/site-packages/dbcounter.py:115}}
Jul 30 03:57:23.292608 np0000031975 devstack@n-api-meta.service[76761]: DEBUG dbcounter [-] [76761] Writing DB stats nova_cell1:SELECT=1 {{(pid=76761) stat_writer /opt/stack/data/venv/lib/python3.12/site-packages/dbcounter.py:115}}
Jul 30 03:57:23.292608 np0000031975 devstack@n-api-meta.service[76761]: DEBUG dbcounter [-] [76761] Writing DB stats nova_cell0:SELECT=2,nova_cell0:INSERT=1 {{(pid=76761) stat_writer /opt/stack/data/venv/lib/python3.12/site-packages/dbcounter.py:115}}
Jul 30 03:57:23.301398 np0000031975 devstack@n-api-meta.service[76761]: DEBUG oslo_concurrency.lockutils [None req-a8c992d2-599f-4a6a-9331-80fa663133d3 None None] Acquiring lock "6d0d2bac-6eb9-4f12-9923-995423cd2025" by "nova.context.set_target_cell.<locals>.get_or_set_cached_cell_and_set_connections" {{(pid=76761) inner /opt/stack/data/venv/lib/python3.12/site-packages/oslo_concurrency/lockutils.py:405}}
Jul 30 03:57:23.301555 np0000031975 devstack@n-api-meta.service[76761]: DEBUG oslo_concurrency.lockutils [None req-a8c992d2-599f-4a6a-9331-80fa663133d3 None None] Lock "6d0d2bac-6eb9-4f12-9923-995423cd2025" acquired by "nova.context.set_target_cell.<locals>.get_or_set_cached_cell_and_set_connections" :: waited 0.000s {{(pid=76761) inner /opt/stack/data/venv/lib/python3.12/site-packages/oslo_concurrency/lockutils.py:410}}
Jul 30 03:57:23.301683 np0000031975 devstack@n-api-meta.service[76761]: DEBUG oslo_concurrency.lockutils [None req-a8c992d2-599f-4a6a-9331-80fa663133d3 None None] Lock "6d0d2bac-6eb9-4f12-9923-995423cd2025" "released" by "nova.context.set_target_cell.<locals>.get_or_set_cached_cell_and_set_connections" :: held 0.000s {{(pid=76761) inner /opt/stack/data/venv/lib/python3.12/site-packages/oslo_concurrency/lockutils.py:424}}
Jul 30 03:57:23.421887 np0000031975 devstack@n-api-meta.service[76761]: WARNING neutronclient.v2_0.client [None req-a8c992d2-599f-4a6a-9331-80fa663133d3 None None] The python binding code in neutronclient is deprecated in favor of OpenstackSDK, please use that as this will be removed in a future release.
Jul 30 03:57:23.565088 np0000031975 devstack@n-api-meta.service[76761]: [pid: 76761|app: 0|req: 1/1] 10.241.128.135 () {40 vars in 683 bytes} [Wed Jul 30 03:57:23 2025] GET /2009-04-04/meta-data/instance-id => generated 10 bytes in 279 msecs (HTTP/1.1 200) 3 headers in 99 bytes (1 switches on core 0)
Jul 30 03:57:23.719779 np0000031975 devstack@n-api-meta.service[76760]: DEBUG nova.api.metadata.handler [None req-5f40ff21-464b-4f15-a416-cd494916516b None None] Metadata request headers: {'Host': '10.241.128.135:8775', 'User-Agent': 'python-requests/2.32.4', 'Accept-Encoding': 'gzip, deflate', 'Accept': '*/*', 'Connection': 'keep-alive', 'X-Forwarded-For': '10.1.0.4', 'X-Instance-Id': '41c88bff-3f3f-4de8-b8a0-f29255750bd7', 'X-Tenant-Id': '553f56bc534d4f0e8d5fe730031a7074', 'X-Instance-Id-Signature': '719191a9668c84fe222eed3ff3c7ac8a1bdbd447e4d8cca7a5616a305f6a8b88'} {{(pid=76760) __call__ /opt/stack/nova/nova/api/metadata/handler.py:109}}
Jul 30 03:57:23.721773 np0000031975 devstack@n-api-meta.service[76760]: DEBUG dbcounter [-] [76760] Writing DB stats nova_api:SELECT=1 {{(pid=76760) stat_writer /opt/stack/data/venv/lib/python3.12/site-packages/dbcounter.py:115}}
Jul 30 03:57:23.722257 np0000031975 devstack@n-api-meta.service[76760]: DEBUG dbcounter [-] [76760] Writing DB stats nova_cell0:SELECT=1 {{(pid=76760) stat_writer /opt/stack/data/venv/lib/python3.12/site-packages/dbcounter.py:115}}
Jul 30 03:57:23.722737 np0000031975 devstack@n-api-meta.service[76760]: DEBUG dbcounter [-] [76760] Writing DB stats nova_cell1:SELECT=1 {{(pid=76760) stat_writer /opt/stack/data/venv/lib/python3.12/site-packages/dbcounter.py:115}}
Jul 30 03:57:23.723051 np0000031975 devstack@n-api-meta.service[76760]: DEBUG dbcounter [-] [76760] Writing DB stats nova_cell0:SELECT=1 {{(pid=76760) stat_writer /opt/stack/data/venv/lib/python3.12/site-packages/dbcounter.py:115}}
Jul 30 03:57:23.724743 np0000031975 devstack@n-api-meta.service[76760]: DEBUG nova.api.metadata.handler [None req-5f40ff21-464b-4f15-a416-cd494916516b None None] Using cached metadata for instance 41c88bff-3f3f-4de8-b8a0-f29255750bd7 {{(pid=76760) get_metadata_by_instance_id /opt/stack/nova/nova/api/metadata/handler.py:84}}
Jul 30 03:57:23.725231 np0000031975 devstack@n-api-meta.service[76760]: [pid: 76760|app: 0|req: 1/2] 10.241.128.135 () {40 vars in 683 bytes} [Wed Jul 30 03:57:23 2025] GET /2009-04-04/meta-data/public-keys => generated 28 bytes in 6 msecs (HTTP/1.1 200) 3 headers in 99 bytes (1 switches on core 0)
Jul 30 03:57:23.820754 np0000031975 devstack@n-api-meta.service[76761]: DEBUG nova.api.metadata.handler [None req-a8c992d2-599f-4a6a-9331-80fa663133d3 None None] Metadata request headers: {'Host': '10.241.128.135:8775', 'User-Agent': 'python-requests/2.32.4', 'Accept-Encoding': 'gzip, deflate', 'Accept': '*/*', 'Connection': 'keep-alive', 'X-Forwarded-For': '10.1.0.4', 'X-Instance-Id': '41c88bff-3f3f-4de8-b8a0-f29255750bd7', 'X-Tenant-Id': '553f56bc534d4f0e8d5fe730031a7074', 'X-Instance-Id-Signature': '719191a9668c84fe222eed3ff3c7ac8a1bdbd447e4d8cca7a5616a305f6a8b88'} {{(pid=76761) __call__ /opt/stack/nova/nova/api/metadata/handler.py:109}}
Jul 30 03:57:23.821790 np0000031975 devstack@n-api-meta.service[76761]: DEBUG nova.api.metadata.handler [None req-a8c992d2-599f-4a6a-9331-80fa663133d3 None None] Using cached metadata for instance 41c88bff-3f3f-4de8-b8a0-f29255750bd7 {{(pid=76761) get_metadata_by_instance_id /opt/stack/nova/nova/api/metadata/handler.py:84}}
Jul 30 03:57:23.822172 np0000031975 devstack@n-api-meta.service[76761]: [pid: 76761|app: 0|req: 2/3] 10.241.128.135 () {40 vars in 711 bytes} [Wed Jul 30 03:57:23 2025] GET /2009-04-04/meta-data/public-keys/0/openssh-key => generated 204 bytes in 2 msecs (HTTP/1.1 200) 3 headers in 100 bytes (1 switches on core 0)
Jul 30 03:57:23.941464 np0000031975 devstack@n-api-meta.service[76760]: DEBUG nova.api.metadata.handler [None req-5f40ff21-464b-4f15-a416-cd494916516b None None] Metadata request headers: {'Host': '10.241.128.135:8775', 'User-Agent': 'python-requests/2.32.4', 'Accept-Encoding': 'gzip, deflate', 'Accept': '*/*', 'Connection': 'keep-alive', 'X-Forwarded-For': '10.1.0.4', 'X-Instance-Id': '41c88bff-3f3f-4de8-b8a0-f29255750bd7', 'X-Tenant-Id': '553f56bc534d4f0e8d5fe730031a7074', 'X-Instance-Id-Signature': '719191a9668c84fe222eed3ff3c7ac8a1bdbd447e4d8cca7a5616a305f6a8b88'} {{(pid=76760) __call__ /opt/stack/nova/nova/api/metadata/handler.py:109}}
Jul 30 03:57:23.943254 np0000031975 devstack@n-api-meta.service[76760]: DEBUG nova.api.metadata.handler [None req-5f40ff21-464b-4f15-a416-cd494916516b None None] Using cached metadata for instance 41c88bff-3f3f-4de8-b8a0-f29255750bd7 {{(pid=76760) get_metadata_by_instance_id /opt/stack/nova/nova/api/metadata/handler.py:84}}
Jul 30 03:57:23.943491 np0000031975 devstack@n-api-meta.service[76760]: [pid: 76760|app: 0|req: 2/4] 10.241.128.135 () {40 vars in 683 bytes} [Wed Jul 30 03:57:23 2025] GET /2009-04-04/meta-data/instance-id => generated 10 bytes in 2 msecs (HTTP/1.1 200) 3 headers in 99 bytes (1 switches on core 0)
Jul 30 03:57:24.061823 np0000031975 devstack@n-api-meta.service[76761]: DEBUG nova.api.metadata.handler [None req-a8c992d2-599f-4a6a-9331-80fa663133d3 None None] Metadata request headers: {'Host': '10.241.128.135:8775', 'User-Agent': 'python-requests/2.32.4', 'Accept-Encoding': 'gzip, deflate', 'Accept': '*/*', 'Connection': 'keep-alive', 'X-Forwarded-For': '10.1.0.4', 'X-Instance-Id': '41c88bff-3f3f-4de8-b8a0-f29255750bd7', 'X-Tenant-Id': '553f56bc534d4f0e8d5fe730031a7074', 'X-Instance-Id-Signature': '719191a9668c84fe222eed3ff3c7ac8a1bdbd447e4d8cca7a5616a305f6a8b88'} {{(pid=76761) __call__ /opt/stack/nova/nova/api/metadata/handler.py:109}}
Jul 30 03:57:24.062865 np0000031975 devstack@n-api-meta.service[76761]: DEBUG nova.api.metadata.handler [None req-a8c992d2-599f-4a6a-9331-80fa663133d3 None None] Using cached metadata for instance 41c88bff-3f3f-4de8-b8a0-f29255750bd7 {{(pid=76761) get_metadata_by_instance_id /opt/stack/nova/nova/api/metadata/handler.py:84}}
Jul 30 03:57:24.063199 np0000031975 devstack@n-api-meta.service[76761]: [pid: 76761|app: 0|req: 3/5] 10.241.128.135 () {40 vars in 693 bytes} [Wed Jul 30 03:57:24 2025] GET /2009-04-04/meta-data/ami-launch-index => generated 1 bytes in 1 msecs (HTTP/1.1 200) 3 headers in 98 bytes (1 switches on core 0)
Jul 30 03:57:24.188391 np0000031975 devstack@n-api-meta.service[76760]: DEBUG nova.api.metadata.handler [None req-5f40ff21-464b-4f15-a416-cd494916516b None None] Metadata request headers: {'Host': '10.241.128.135:8775', 'User-Agent': 'python-requests/2.32.4', 'Accept-Encoding': 'gzip, deflate', 'Accept': '*/*', 'Connection': 'keep-alive', 'X-Forwarded-For': '10.1.0.4', 'X-Instance-Id': '41c88bff-3f3f-4de8-b8a0-f29255750bd7', 'X-Tenant-Id': '553f56bc534d4f0e8d5fe730031a7074', 'X-Instance-Id-Signature': '719191a9668c84fe222eed3ff3c7ac8a1bdbd447e4d8cca7a5616a305f6a8b88'} {{(pid=76760) __call__ /opt/stack/nova/nova/api/metadata/handler.py:109}}
Jul 30 03:57:24.190025 np0000031975 devstack@n-api-meta.service[76760]: DEBUG nova.api.metadata.handler [None req-5f40ff21-464b-4f15-a416-cd494916516b None None] Using cached metadata for instance 41c88bff-3f3f-4de8-b8a0-f29255750bd7 {{(pid=76760) get_metadata_by_instance_id /opt/stack/nova/nova/api/metadata/handler.py:84}}
Jul 30 03:57:24.190298 np0000031975 devstack@n-api-meta.service[76760]: [pid: 76760|app: 0|req: 3/6] 10.241.128.135 () {40 vars in 687 bytes} [Wed Jul 30 03:57:24 2025] GET /2009-04-04/meta-data/instance-type => generated 7 bytes in 2 msecs (HTTP/1.1 200) 3 headers in 98 bytes (1 switches on core 0)
Jul 30 03:57:24.310131 np0000031975 devstack@n-api-meta.service[76761]: DEBUG nova.api.metadata.handler [None req-a8c992d2-599f-4a6a-9331-80fa663133d3 None None] Metadata request headers: {'Host': '10.241.128.135:8775', 'User-Agent': 'python-requests/2.32.4', 'Accept-Encoding': 'gzip, deflate', 'Accept': '*/*', 'Connection': 'keep-alive', 'X-Forwarded-For': '10.1.0.4', 'X-Instance-Id': '41c88bff-3f3f-4de8-b8a0-f29255750bd7', 'X-Tenant-Id': '553f56bc534d4f0e8d5fe730031a7074', 'X-Instance-Id-Signature': '719191a9668c84fe222eed3ff3c7ac8a1bdbd447e4d8cca7a5616a305f6a8b88'} {{(pid=76761) __call__ /opt/stack/nova/nova/api/metadata/handler.py:109}}
Jul 30 03:57:24.311170 np0000031975 devstack@n-api-meta.service[76761]: DEBUG nova.api.metadata.handler [None req-a8c992d2-599f-4a6a-9331-80fa663133d3 None None] Using cached metadata for instance 41c88bff-3f3f-4de8-b8a0-f29255750bd7 {{(pid=76761) get_metadata_by_instance_id /opt/stack/nova/nova/api/metadata/handler.py:84}}
Jul 30 03:57:24.311475 np0000031975 devstack@n-api-meta.service[76761]: [pid: 76761|app: 0|req: 4/7] 10.241.128.135 () {40 vars in 681 bytes} [Wed Jul 30 03:57:24 2025] GET /2009-04-04/meta-data/local-ipv4 => generated 8 bytes in 1 msecs (HTTP/1.1 200) 3 headers in 98 bytes (1 switches on core 0)
Jul 30 03:57:24.577638 np0000031975 devstack@n-api-meta.service[76760]: DEBUG nova.api.metadata.handler [None req-5f40ff21-464b-4f15-a416-cd494916516b None None] Metadata request headers: {'Host': '10.241.128.135:8775', 'User-Agent': 'python-requests/2.32.4', 'Accept-Encoding': 'gzip, deflate', 'Accept': '*/*', 'Connection': 'keep-alive', 'X-Forwarded-For': '10.1.0.4', 'X-Instance-Id': '41c88bff-3f3f-4de8-b8a0-f29255750bd7', 'X-Tenant-Id': '553f56bc534d4f0e8d5fe730031a7074', 'X-Instance-Id-Signature': '719191a9668c84fe222eed3ff3c7ac8a1bdbd447e4d8cca7a5616a305f6a8b88'} {{(pid=76760) __call__ /opt/stack/nova/nova/api/metadata/handler.py:109}}
Jul 30 03:57:24.579400 np0000031975 devstack@n-api-meta.service[76760]: DEBUG nova.api.metadata.handler [None req-5f40ff21-464b-4f15-a416-cd494916516b None None] Using cached metadata for instance 41c88bff-3f3f-4de8-b8a0-f29255750bd7 {{(pid=76760) get_metadata_by_instance_id /opt/stack/nova/nova/api/metadata/handler.py:84}}
Jul 30 03:57:24.579716 np0000031975 devstack@n-api-meta.service[76760]: [pid: 76760|app: 0|req: 4/8] 10.241.128.135 () {40 vars in 683 bytes} [Wed Jul 30 03:57:24 2025] GET /2009-04-04/meta-data/public-ipv4 => generated 11 bytes in 2 msecs (HTTP/1.1 200) 3 headers in 99 bytes (1 switches on core 0)
Jul 30 03:57:24.811572 np0000031975 devstack@n-api-meta.service[76761]: DEBUG nova.api.metadata.handler [None req-a8c992d2-599f-4a6a-9331-80fa663133d3 None None] Metadata request headers: {'Host': '10.241.128.135:8775', 'User-Agent': 'python-requests/2.32.4', 'Accept-Encoding': 'gzip, deflate', 'Accept': '*/*', 'Connection': 'keep-alive', 'X-Forwarded-For': '10.1.0.4', 'X-Instance-Id': '41c88bff-3f3f-4de8-b8a0-f29255750bd7', 'X-Tenant-Id': '553f56bc534d4f0e8d5fe730031a7074', 'X-Instance-Id-Signature': '719191a9668c84fe222eed3ff3c7ac8a1bdbd447e4d8cca7a5616a305f6a8b88'} {{(pid=76761) __call__ /opt/stack/nova/nova/api/metadata/handler.py:109}}
Jul 30 03:57:24.812794 np0000031975 devstack@n-api-meta.service[76761]: DEBUG nova.api.metadata.handler [None req-a8c992d2-599f-4a6a-9331-80fa663133d3 None None] Using cached metadata for instance 41c88bff-3f3f-4de8-b8a0-f29255750bd7 {{(pid=76761) get_metadata_by_instance_id /opt/stack/nova/nova/api/metadata/handler.py:84}}
Jul 30 03:57:24.813128 np0000031975 devstack@n-api-meta.service[76761]: [pid: 76761|app: 0|req: 5/9] 10.241.128.135 () {40 vars in 677 bytes} [Wed Jul 30 03:57:24 2025] GET /2009-04-04/meta-data/hostname => generated 50 bytes in 2 msecs (HTTP/1.1 200) 3 headers in 99 bytes (1 switches on core 0)
Jul 30 03:57:24.940042 np0000031975 devstack@n-api-meta.service[76760]: DEBUG nova.api.metadata.handler [None req-5f40ff21-464b-4f15-a416-cd494916516b None None] Metadata request headers: {'Host': '10.241.128.135:8775', 'User-Agent': 'python-requests/2.32.4', 'Accept-Encoding': 'gzip, deflate', 'Accept': '*/*', 'Connection': 'keep-alive', 'X-Forwarded-For': '10.1.0.4', 'X-Instance-Id': '41c88bff-3f3f-4de8-b8a0-f29255750bd7', 'X-Tenant-Id': '553f56bc534d4f0e8d5fe730031a7074', 'X-Instance-Id-Signature': '719191a9668c84fe222eed3ff3c7ac8a1bdbd447e4d8cca7a5616a305f6a8b88'} {{(pid=76760) __call__ /opt/stack/nova/nova/api/metadata/handler.py:109}}
Jul 30 03:57:24.941357 np0000031975 devstack@n-api-meta.service[76760]: DEBUG nova.api.metadata.handler [None req-5f40ff21-464b-4f15-a416-cd494916516b None None] Using cached metadata for instance 41c88bff-3f3f-4de8-b8a0-f29255750bd7 {{(pid=76760) get_metadata_by_instance_id /opt/stack/nova/nova/api/metadata/handler.py:84}}
Jul 30 03:57:24.941681 np0000031975 devstack@n-api-meta.service[76760]: [pid: 76760|app: 0|req: 5/10] 10.241.128.135 () {40 vars in 689 bytes} [Wed Jul 30 03:57:24 2025] GET /2009-04-04/meta-data/local-hostname => generated 50 bytes in 2 msecs (HTTP/1.1 200) 3 headers in 99 bytes (1 switches on core 0)
Jul 30 03:57:25.057444 np0000031975 devstack@n-api-meta.service[76761]: DEBUG nova.api.metadata.handler [None req-a8c992d2-599f-4a6a-9331-80fa663133d3 None None] Metadata request headers: {'Host': '10.241.128.135:8775', 'User-Agent': 'python-requests/2.32.4', 'Accept-Encoding': 'gzip, deflate', 'Accept': '*/*', 'Connection': 'keep-alive', 'X-Forwarded-For': '10.1.0.4', 'X-Instance-Id': '41c88bff-3f3f-4de8-b8a0-f29255750bd7', 'X-Tenant-Id': '553f56bc534d4f0e8d5fe730031a7074', 'X-Instance-Id-Signature': '719191a9668c84fe222eed3ff3c7ac8a1bdbd447e4d8cca7a5616a305f6a8b88'} {{(pid=76761) __call__ /opt/stack/nova/nova/api/metadata/handler.py:109}}
Jul 30 03:57:25.058483 np0000031975 devstack@n-api-meta.service[76761]: DEBUG nova.api.metadata.handler [None req-a8c992d2-599f-4a6a-9331-80fa663133d3 None None] Using cached metadata for instance 41c88bff-3f3f-4de8-b8a0-f29255750bd7 {{(pid=76761) get_metadata_by_instance_id /opt/stack/nova/nova/api/metadata/handler.py:84}}
Jul 30 03:57:25.058791 np0000031975 devstack@n-api-meta.service[76761]: [pid: 76761|app: 0|req: 6/11] 10.241.128.135 () {40 vars in 659 bytes} [Wed Jul 30 03:57:25 2025] GET /2009-04-04/user-data => generated 95 bytes in 1 msecs (HTTP/1.1 200) 3 headers in 99 bytes (1 switches on core 0)
Jul 30 03:57:25.180180 np0000031975 devstack@n-api-meta.service[76760]: DEBUG nova.api.metadata.handler [None req-5f40ff21-464b-4f15-a416-cd494916516b None None] Metadata request headers: {'Host': '10.241.128.135:8775', 'User-Agent': 'python-requests/2.32.4', 'Accept-Encoding': 'gzip, deflate', 'Accept': '*/*', 'Connection': 'keep-alive', 'X-Forwarded-For': '10.1.0.4', 'X-Instance-Id': '41c88bff-3f3f-4de8-b8a0-f29255750bd7', 'X-Tenant-Id': '553f56bc534d4f0e8d5fe730031a7074', 'X-Instance-Id-Signature': '719191a9668c84fe222eed3ff3c7ac8a1bdbd447e4d8cca7a5616a305f6a8b88'} {{(pid=76760) __call__ /opt/stack/nova/nova/api/metadata/handler.py:109}}
Jul 30 03:57:25.183109 np0000031975 devstack@n-api-meta.service[76760]: DEBUG nova.api.metadata.handler [None req-5f40ff21-464b-4f15-a416-cd494916516b None None] Using cached metadata for instance 41c88bff-3f3f-4de8-b8a0-f29255750bd7 {{(pid=76760) get_metadata_by_instance_id /opt/stack/nova/nova/api/metadata/handler.py:84}}
Jul 30 03:57:25.183569 np0000031975 devstack@n-api-meta.service[76760]: [pid: 76760|app: 0|req: 6/12] 10.241.128.135 () {40 vars in 701 bytes} [Wed Jul 30 03:57:25 2025] GET /2009-04-04/meta-data/block-device-mapping => generated 8 bytes in 4 msecs (HTTP/1.1 200) 3 headers in 98 bytes (1 switches on core 0)
Jul 30 03:57:25.278508 np0000031975 devstack@n-api-meta.service[76761]: DEBUG nova.api.metadata.handler [None req-a8c992d2-599f-4a6a-9331-80fa663133d3 None None] Metadata request headers: {'Host': '10.241.128.135:8775', 'User-Agent': 'python-requests/2.32.4', 'Accept-Encoding': 'gzip, deflate', 'Accept': '*/*', 'Connection': 'keep-alive', 'X-Forwarded-For': '10.1.0.4', 'X-Instance-Id': '41c88bff-3f3f-4de8-b8a0-f29255750bd7', 'X-Tenant-Id': '553f56bc534d4f0e8d5fe730031a7074', 'X-Instance-Id-Signature': '719191a9668c84fe222eed3ff3c7ac8a1bdbd447e4d8cca7a5616a305f6a8b88'} {{(pid=76761) __call__ /opt/stack/nova/nova/api/metadata/handler.py:109}}
Jul 30 03:57:25.279980 np0000031975 devstack@n-api-meta.service[76761]: DEBUG nova.api.metadata.handler [None req-a8c992d2-599f-4a6a-9331-80fa663133d3 None None] Using cached metadata for instance 41c88bff-3f3f-4de8-b8a0-f29255750bd7 {{(pid=76761) get_metadata_by_instance_id /opt/stack/nova/nova/api/metadata/handler.py:84}}
Jul 30 03:57:25.280619 np0000031975 devstack@n-api-meta.service[76761]: [pid: 76761|app: 0|req: 7/13] 10.241.128.135 () {40 vars in 709 bytes} [Wed Jul 30 03:57:25 2025] GET /2009-04-04/meta-data/block-device-mapping/ami => generated 3 bytes in 2 msecs (HTTP/1.1 200) 3 headers in 98 bytes (1 switches on core 0)
Jul 30 03:57:25.381819 np0000031975 devstack@n-api-meta.service[76760]: DEBUG nova.api.metadata.handler [None req-5f40ff21-464b-4f15-a416-cd494916516b None None] Metadata request headers: {'Host': '10.241.128.135:8775', 'User-Agent': 'python-requests/2.32.4', 'Accept-Encoding': 'gzip, deflate', 'Accept': '*/*', 'Connection': 'keep-alive', 'X-Forwarded-For': '10.1.0.4', 'X-Instance-Id': '41c88bff-3f3f-4de8-b8a0-f29255750bd7', 'X-Tenant-Id': '553f56bc534d4f0e8d5fe730031a7074', 'X-Instance-Id-Signature': '719191a9668c84fe222eed3ff3c7ac8a1bdbd447e4d8cca7a5616a305f6a8b88'} {{(pid=76760) __call__ /opt/stack/nova/nova/api/metadata/handler.py:109}}
Jul 30 03:57:25.383262 np0000031975 devstack@n-api-meta.service[76760]: DEBUG nova.api.metadata.handler [None req-5f40ff21-464b-4f15-a416-cd494916516b None None] Using cached metadata for instance 41c88bff-3f3f-4de8-b8a0-f29255750bd7 {{(pid=76760) get_metadata_by_instance_id /opt/stack/nova/nova/api/metadata/handler.py:84}}
Jul 30 03:57:25.383556 np0000031975 devstack@n-api-meta.service[76760]: [pid: 76760|app: 0|req: 7/14] 10.241.128.135 () {40 vars in 711 bytes} [Wed Jul 30 03:57:25 2025] GET /2009-04-04/meta-data/block-device-mapping/root => generated 8 bytes in 2 msecs (HTTP/1.1 200) 3 headers in 98 bytes (1 switches on core 0)
Jul 30 03:57:25.514354 np0000031975 devstack@n-api-meta.service[76761]: DEBUG nova.api.metadata.handler [None req-a8c992d2-599f-4a6a-9331-80fa663133d3 None None] Metadata request headers: {'Host': '10.241.128.135:8775', 'User-Agent': 'python-requests/2.32.4', 'Accept-Encoding': 'gzip, deflate', 'Accept': '*/*', 'Connection': 'keep-alive', 'X-Forwarded-For': '10.1.0.4', 'X-Instance-Id': '41c88bff-3f3f-4de8-b8a0-f29255750bd7', 'X-Tenant-Id': '553f56bc534d4f0e8d5fe730031a7074', 'X-Instance-Id-Signature': '719191a9668c84fe222eed3ff3c7ac8a1bdbd447e4d8cca7a5616a305f6a8b88'} {{(pid=76761) __call__ /opt/stack/nova/nova/api/metadata/handler.py:109}}
Jul 30 03:57:25.518401 np0000031975 devstack@n-api-meta.service[76761]: DEBUG nova.api.metadata.handler [None req-a8c992d2-599f-4a6a-9331-80fa663133d3 None None] Using cached metadata for instance 41c88bff-3f3f-4de8-b8a0-f29255750bd7 {{(pid=76761) get_metadata_by_instance_id /opt/stack/nova/nova/api/metadata/handler.py:84}}
Jul 30 03:57:25.518727 np0000031975 devstack@n-api-meta.service[76761]: [pid: 76761|app: 0|req: 8/15] 10.241.128.135 () {40 vars in 691 bytes} [Wed Jul 30 03:57:25 2025] GET /2009-04-04/meta-data/public-hostname => generated 50 bytes in 4 msecs (HTTP/1.1 200) 3 headers in 99 bytes (1 switches on core 0)
Jul 30 03:57:25.645204 np0000031975 devstack@n-api-meta.service[76760]: DEBUG nova.api.metadata.handler [None req-5f40ff21-464b-4f15-a416-cd494916516b None None] Metadata request headers: {'Host': '10.241.128.135:8775', 'User-Agent': 'python-requests/2.32.4', 'Accept-Encoding': 'gzip, deflate', 'Accept': '*/*', 'Connection': 'keep-alive', 'X-Forwarded-For': '10.1.0.4', 'X-Instance-Id': '41c88bff-3f3f-4de8-b8a0-f29255750bd7', 'X-Tenant-Id': '553f56bc534d4f0e8d5fe730031a7074', 'X-Instance-Id-Signature': '719191a9668c84fe222eed3ff3c7ac8a1bdbd447e4d8cca7a5616a305f6a8b88'} {{(pid=76760) __call__ /opt/stack/nova/nova/api/metadata/handler.py:109}}
Jul 30 03:57:25.647042 np0000031975 devstack@n-api-meta.service[76760]: DEBUG nova.api.metadata.handler [None req-5f40ff21-464b-4f15-a416-cd494916516b None None] Using cached metadata for instance 41c88bff-3f3f-4de8-b8a0-f29255750bd7 {{(pid=76760) get_metadata_by_instance_id /opt/stack/nova/nova/api/metadata/handler.py:84}}
Jul 30 03:57:25.647336 np0000031975 devstack@n-api-meta.service[76760]: [pid: 76760|app: 0|req: 8/16] 10.241.128.135 () {40 vars in 715 bytes} [Wed Jul 30 03:57:25 2025] GET /2009-04-04/meta-data/placement/availability-zone => generated 4 bytes in 2 msecs (HTTP/1.1 200) 3 headers in 98 bytes (1 switches on core 0)
Jul 30 03:57:28.002027 np0000031975 devstack@n-api-meta.service[76761]: DEBUG nova.api.metadata.handler [None req-a8c992d2-599f-4a6a-9331-80fa663133d3 None None] Metadata request headers: {'Host': '10.241.128.135:8775', 'User-Agent': 'python-requests/2.32.4', 'Accept-Encoding': 'gzip, deflate', 'Accept': '*/*', 'Connection': 'keep-alive', 'X-Forwarded-For': '10.1.0.8', 'X-Instance-Id': 'c50a4e2b-a462-4d9d-b159-d1f1f5d87737', 'X-Tenant-Id': 'a44e1d7afa894449a50a2aedbae2901f', 'X-Instance-Id-Signature': 'a967d1c101546764de22874c50d0f7cf47593d9703d928841be805f2e7bc9cc7'} {{(pid=76761) __call__ /opt/stack/nova/nova/api/metadata/handler.py:109}}
Jul 30 03:57:28.005397 np0000031975 devstack@n-api-meta.service[76761]: DEBUG oslo_concurrency.lockutils [None req-088d67df-20b6-4026-9f9c-fb470bf03f35 None None] Acquiring lock "6d0d2bac-6eb9-4f12-9923-995423cd2025" by "nova.context.set_target_cell.<locals>.get_or_set_cached_cell_and_set_connections" {{(pid=76761) inner /opt/stack/data/venv/lib/python3.12/site-packages/oslo_concurrency/lockutils.py:405}}
Jul 30 03:57:28.005560 np0000031975 devstack@n-api-meta.service[76761]: DEBUG oslo_concurrency.lockutils [None req-088d67df-20b6-4026-9f9c-fb470bf03f35 None None] Lock "6d0d2bac-6eb9-4f12-9923-995423cd2025" acquired by "nova.context.set_target_cell.<locals>.get_or_set_cached_cell_and_set_connections" :: waited 0.000s {{(pid=76761) inner /opt/stack/data/venv/lib/python3.12/site-packages/oslo_concurrency/lockutils.py:410}}
Jul 30 03:57:28.005687 np0000031975 devstack@n-api-meta.service[76761]: DEBUG oslo_concurrency.lockutils [None req-088d67df-20b6-4026-9f9c-fb470bf03f35 None None] Lock "6d0d2bac-6eb9-4f12-9923-995423cd2025" "released" by "nova.context.set_target_cell.<locals>.get_or_set_cached_cell_and_set_connections" :: held 0.000s {{(pid=76761) inner /opt/stack/data/venv/lib/python3.12/site-packages/oslo_concurrency/lockutils.py:424}}
Jul 30 03:57:28.019169 np0000031975 devstack@n-api-meta.service[76761]: WARNING neutronclient.v2_0.client [None req-088d67df-20b6-4026-9f9c-fb470bf03f35 None None] The python binding code in neutronclient is deprecated in favor of OpenstackSDK, please use that as this will be removed in a future release.
Jul 30 03:57:28.074472 np0000031975 devstack@n-api-meta.service[76761]: [pid: 76761|app: 0|req: 9/17] 10.241.128.135 () {40 vars in 683 bytes} [Wed Jul 30 03:57:28 2025] GET /2009-04-04/meta-data/instance-id => generated 10 bytes in 72 msecs (HTTP/1.1 200) 3 headers in 99 bytes (1 switches on core 0)
Jul 30 03:57:28.225774 np0000031975 devstack@n-api-meta.service[76760]: DEBUG nova.api.metadata.handler [None req-5f40ff21-464b-4f15-a416-cd494916516b None None] Metadata request headers: {'Host': '10.241.128.135:8775', 'User-Agent': 'python-requests/2.32.4', 'Accept-Encoding': 'gzip, deflate', 'Accept': '*/*', 'Connection': 'keep-alive', 'X-Forwarded-For': '10.1.0.8', 'X-Instance-Id': 'c50a4e2b-a462-4d9d-b159-d1f1f5d87737', 'X-Tenant-Id': 'a44e1d7afa894449a50a2aedbae2901f', 'X-Instance-Id-Signature': 'a967d1c101546764de22874c50d0f7cf47593d9703d928841be805f2e7bc9cc7'} {{(pid=76760) __call__ /opt/stack/nova/nova/api/metadata/handler.py:109}}
Jul 30 03:57:28.227472 np0000031975 devstack@n-api-meta.service[76760]: DEBUG nova.api.metadata.handler [None req-5f40ff21-464b-4f15-a416-cd494916516b None None] Using cached metadata for instance c50a4e2b-a462-4d9d-b159-d1f1f5d87737 {{(pid=76760) get_metadata_by_instance_id /opt/stack/nova/nova/api/metadata/handler.py:84}}
Jul 30 03:57:28.227791 np0000031975 devstack@n-api-meta.service[76760]: [pid: 76760|app: 0|req: 9/18] 10.241.128.135 () {40 vars in 683 bytes} [Wed Jul 30 03:57:28 2025] GET /2009-04-04/meta-data/public-keys => generated 28 bytes in 5 msecs (HTTP/1.1 200) 3 headers in 99 bytes (1 switches on core 0)
Jul 30 03:57:28.325554 np0000031975 devstack@n-api-meta.service[76761]: DEBUG nova.api.metadata.handler [None req-088d67df-20b6-4026-9f9c-fb470bf03f35 None None] Metadata request headers: {'Host': '10.241.128.135:8775', 'User-Agent': 'python-requests/2.32.4', 'Accept-Encoding': 'gzip, deflate', 'Accept': '*/*', 'Connection': 'keep-alive', 'X-Forwarded-For': '10.1.0.8', 'X-Instance-Id': 'c50a4e2b-a462-4d9d-b159-d1f1f5d87737', 'X-Tenant-Id': 'a44e1d7afa894449a50a2aedbae2901f', 'X-Instance-Id-Signature': 'a967d1c101546764de22874c50d0f7cf47593d9703d928841be805f2e7bc9cc7'} {{(pid=76761) __call__ /opt/stack/nova/nova/api/metadata/handler.py:109}}
Jul 30 03:57:28.326618 np0000031975 devstack@n-api-meta.service[76761]: DEBUG nova.api.metadata.handler [None req-088d67df-20b6-4026-9f9c-fb470bf03f35 None None] Using cached metadata for instance c50a4e2b-a462-4d9d-b159-d1f1f5d87737 {{(pid=76761) get_metadata_by_instance_id /opt/stack/nova/nova/api/metadata/handler.py:84}}
Jul 30 03:57:28.326926 np0000031975 devstack@n-api-meta.service[76761]: [pid: 76761|app: 0|req: 10/19] 10.241.128.135 () {40 vars in 711 bytes} [Wed Jul 30 03:57:28 2025] GET /2009-04-04/meta-data/public-keys/0/openssh-key => generated 204 bytes in 1 msecs (HTTP/1.1 200) 3 headers in 100 bytes (1 switches on core 0)
Jul 30 03:57:28.455820 np0000031975 devstack@n-api-meta.service[76760]: DEBUG nova.api.metadata.handler [None req-5f40ff21-464b-4f15-a416-cd494916516b None None] Metadata request headers: {'Host': '10.241.128.135:8775', 'User-Agent': 'python-requests/2.32.4', 'Accept-Encoding': 'gzip, deflate', 'Accept': '*/*', 'Connection': 'keep-alive', 'X-Forwarded-For': '10.1.0.8', 'X-Instance-Id': 'c50a4e2b-a462-4d9d-b159-d1f1f5d87737', 'X-Tenant-Id': 'a44e1d7afa894449a50a2aedbae2901f', 'X-Instance-Id-Signature': 'a967d1c101546764de22874c50d0f7cf47593d9703d928841be805f2e7bc9cc7'} {{(pid=76760) __call__ /opt/stack/nova/nova/api/metadata/handler.py:109}}
Jul 30 03:57:28.458249 np0000031975 devstack@n-api-meta.service[76760]: DEBUG nova.api.metadata.handler [None req-5f40ff21-464b-4f15-a416-cd494916516b None None] Using cached metadata for instance c50a4e2b-a462-4d9d-b159-d1f1f5d87737 {{(pid=76760) get_metadata_by_instance_id /opt/stack/nova/nova/api/metadata/handler.py:84}}
