Jul 30 13:47:26.257987 np0000031751 devstack@n-api-meta.service[77546]: DEBUG nova.api.openstack.wsgi_app [-] oslo_limit.min_version         = None {{(pid=77546) log_opt_values /opt/stack/data/venv/lib/python3.10/site-packages/oslo_config/cfg.py:2824}}
Jul 30 13:47:26.258077 np0000031751 devstack@n-api-meta.service[77546]: DEBUG nova.api.openstack.wsgi_app [-] oslo_limit.region_name         = None {{(pid=77546) log_opt_values /opt/stack/data/venv/lib/python3.10/site-packages/oslo_config/cfg.py:2824}}
Jul 30 13:47:26.258422 np0000031751 devstack@n-api-meta.service[77546]: DEBUG nova.api.openstack.wsgi_app [-] oslo_limit.retriable_status_codes = None {{(pid=77546) log_opt_values /opt/stack/data/venv/lib/python3.10/site-packages/oslo_config/cfg.py:2824}}
Jul 30 13:47:26.258422 np0000031751 devstack@n-api-meta.service[77546]: DEBUG nova.api.openstack.wsgi_app [-] oslo_limit.service_name        = None {{(pid=77546) log_opt_values /opt/stack/data/venv/lib/python3.10/site-packages/oslo_config/cfg.py:2824}}
Jul 30 13:47:26.258422 np0000031751 devstack@n-api-meta.service[77546]: DEBUG nova.api.openstack.wsgi_app [-] oslo_limit.service_type        = None {{(pid=77546) log_opt_values /opt/stack/data/venv/lib/python3.10/site-packages/oslo_config/cfg.py:2824}}
Jul 30 13:47:26.258576 np0000031751 devstack@n-api-meta.service[77546]: DEBUG nova.api.openstack.wsgi_app [-] oslo_limit.split_loggers       = False {{(pid=77546) log_opt_values /opt/stack/data/venv/lib/python3.10/site-packages/oslo_config/cfg.py:2824}}
Jul 30 13:47:26.258576 np0000031751 devstack@n-api-meta.service[77546]: DEBUG nova.api.openstack.wsgi_app [-] oslo_limit.status_code_retries = None {{(pid=77546) log_opt_values /opt/stack/data/venv/lib/python3.10/site-packages/oslo_config/cfg.py:2824}}
Jul 30 13:47:26.258666 np0000031751 devstack@n-api-meta.service[77546]: DEBUG nova.api.openstack.wsgi_app [-] oslo_limit.status_code_retry_delay = None {{(pid=77546) log_opt_values /opt/stack/data/venv/lib/python3.10/site-packages/oslo_config/cfg.py:2824}}
Jul 30 13:47:26.258709 np0000031751 devstack@n-api-meta.service[77546]: DEBUG nova.api.openstack.wsgi_app [-] oslo_limit.timeout             = None {{(pid=77546) log_opt_values /opt/stack/data/venv/lib/python3.10/site-packages/oslo_config/cfg.py:2824}}
Jul 30 13:47:26.258786 np0000031751 devstack@n-api-meta.service[77546]: DEBUG nova.api.openstack.wsgi_app [-] oslo_limit.valid_interfaces    = None {{(pid=77546) log_opt_values /opt/stack/data/venv/lib/python3.10/site-packages/oslo_config/cfg.py:2824}}
Jul 30 13:47:26.258885 np0000031751 devstack@n-api-meta.service[77546]: DEBUG nova.api.openstack.wsgi_app [-] oslo_limit.version             = None {{(pid=77546) log_opt_values /opt/stack/data/venv/lib/python3.10/site-packages/oslo_config/cfg.py:2824}}
Jul 30 13:47:26.258988 np0000031751 devstack@n-api-meta.service[77546]: DEBUG nova.api.openstack.wsgi_app [-] oslo_messaging_rabbit.amqp_auto_delete = False {{(pid=77546) log_opt_values /opt/stack/data/venv/lib/python3.10/site-packages/oslo_config/cfg.py:2824}}
Jul 30 13:47:26.259094 np0000031751 devstack@n-api-meta.service[77546]: DEBUG nova.api.openstack.wsgi_app [-] oslo_messaging_rabbit.amqp_durable_queues = False {{(pid=77546) log_opt_values /opt/stack/data/venv/lib/python3.10/site-packages/oslo_config/cfg.py:2824}}
Jul 30 13:47:26.259187 np0000031751 devstack@n-api-meta.service[77546]: DEBUG nova.api.openstack.wsgi_app [-] oslo_messaging_rabbit.conn_pool_min_size = 2 {{(pid=77546) log_opt_values /opt/stack/data/venv/lib/python3.10/site-packages/oslo_config/cfg.py:2824}}
Jul 30 13:47:26.259281 np0000031751 devstack@n-api-meta.service[77546]: DEBUG nova.api.openstack.wsgi_app [-] oslo_messaging_rabbit.conn_pool_ttl = 1200 {{(pid=77546) log_opt_values /opt/stack/data/venv/lib/python3.10/site-packages/oslo_config/cfg.py:2824}}
Jul 30 13:47:26.259375 np0000031751 devstack@n-api-meta.service[77546]: DEBUG nova.api.openstack.wsgi_app [-] oslo_messaging_rabbit.direct_mandatory_flag = True {{(pid=77546) log_opt_values /opt/stack/data/venv/lib/python3.10/site-packages/oslo_config/cfg.py:2824}}
Jul 30 13:47:26.259468 np0000031751 devstack@n-api-meta.service[77546]: DEBUG nova.api.openstack.wsgi_app [-] oslo_messaging_rabbit.enable_cancel_on_failover = False {{(pid=77546) log_opt_values /opt/stack/data/venv/lib/python3.10/site-packages/oslo_config/cfg.py:2824}}
Jul 30 13:47:26.259561 np0000031751 devstack@n-api-meta.service[77546]: DEBUG nova.api.openstack.wsgi_app [-] oslo_messaging_rabbit.heartbeat_in_pthread = False {{(pid=77546) log_opt_values /opt/stack/data/venv/lib/python3.10/site-packages/oslo_config/cfg.py:2824}}
Jul 30 13:47:26.259654 np0000031751 devstack@n-api-meta.service[77546]: DEBUG nova.api.openstack.wsgi_app [-] oslo_messaging_rabbit.heartbeat_rate = 3 {{(pid=77546) log_opt_values /opt/stack/data/venv/lib/python3.10/site-packages/oslo_config/cfg.py:2824}}
Jul 30 13:47:26.260125 np0000031751 devstack@n-api-meta.service[77546]: DEBUG nova.api.openstack.wsgi_app [-] oslo_messaging_rabbit.heartbeat_timeout_threshold = 60 {{(pid=77546) log_opt_values /opt/stack/data/venv/lib/python3.10/site-packages/oslo_config/cfg.py:2824}}
Jul 30 13:47:26.260125 np0000031751 devstack@n-api-meta.service[77546]: DEBUG nova.api.openstack.wsgi_app [-] oslo_messaging_rabbit.hostname = np0000031751 {{(pid=77546) log_opt_values /opt/stack/data/venv/lib/python3.10/site-packages/oslo_config/cfg.py:2824}}
Jul 30 13:47:26.260125 np0000031751 devstack@n-api-meta.service[77546]: DEBUG nova.api.openstack.wsgi_app [-] oslo_messaging_rabbit.kombu_compression = None {{(pid=77546) log_opt_values /opt/stack/data/venv/lib/python3.10/site-packages/oslo_config/cfg.py:2824}}
Jul 30 13:47:26.260125 np0000031751 devstack@n-api-meta.service[77546]: DEBUG nova.api.openstack.wsgi_app [-] oslo_messaging_rabbit.kombu_failover_strategy = round-robin {{(pid=77546) log_opt_values /opt/stack/data/venv/lib/python3.10/site-packages/oslo_config/cfg.py:2824}}
Jul 30 13:47:26.260125 np0000031751 devstack@n-api-meta.service[77546]: DEBUG nova.api.openstack.wsgi_app [-] oslo_messaging_rabbit.kombu_missing_consumer_retry_timeout = 60 {{(pid=77546) log_opt_values /opt/stack/data/venv/lib/python3.10/site-packages/oslo_config/cfg.py:2824}}
Jul 30 13:47:26.260358 np0000031751 devstack@n-api-meta.service[77546]: DEBUG nova.api.openstack.wsgi_app [-] oslo_messaging_rabbit.kombu_reconnect_delay = 1.0 {{(pid=77546) log_opt_values /opt/stack/data/venv/lib/python3.10/site-packages/oslo_config/cfg.py:2824}}
Jul 30 13:47:26.260358 np0000031751 devstack@n-api-meta.service[77546]: DEBUG nova.api.openstack.wsgi_app [-] oslo_messaging_rabbit.kombu_reconnect_splay = 0.0 {{(pid=77546) log_opt_values /opt/stack/data/venv/lib/python3.10/site-packages/oslo_config/cfg.py:2824}}
Jul 30 13:47:26.260442 np0000031751 devstack@n-api-meta.service[77546]: DEBUG nova.api.openstack.wsgi_app [-] oslo_messaging_rabbit.processname = uwsgi {{(pid=77546) log_opt_values /opt/stack/data/venv/lib/python3.10/site-packages/oslo_config/cfg.py:2824}}
Jul 30 13:47:26.260486 np0000031751 devstack@n-api-meta.service[77546]: DEBUG nova.api.openstack.wsgi_app [-] oslo_messaging_rabbit.rabbit_ha_queues = False {{(pid=77546) log_opt_values /opt/stack/data/venv/lib/python3.10/site-packages/oslo_config/cfg.py:2824}}
Jul 30 13:47:26.260574 np0000031751 devstack@n-api-meta.service[77546]: DEBUG nova.api.openstack.wsgi_app [-] oslo_messaging_rabbit.rabbit_interval_max = 30 {{(pid=77546) log_opt_values /opt/stack/data/venv/lib/python3.10/site-packages/oslo_config/cfg.py:2824}}
Jul 30 13:47:26.260670 np0000031751 devstack@n-api-meta.service[77546]: DEBUG nova.api.openstack.wsgi_app [-] oslo_messaging_rabbit.rabbit_login_method = AMQPLAIN {{(pid=77546) log_opt_values /opt/stack/data/venv/lib/python3.10/site-packages/oslo_config/cfg.py:2824}}
Jul 30 13:47:26.260763 np0000031751 devstack@n-api-meta.service[77546]: DEBUG nova.api.openstack.wsgi_app [-] oslo_messaging_rabbit.rabbit_qos_prefetch_count = 0 {{(pid=77546) log_opt_values /opt/stack/data/venv/lib/python3.10/site-packages/oslo_config/cfg.py:2824}}
Jul 30 13:47:26.260856 np0000031751 devstack@n-api-meta.service[77546]: DEBUG nova.api.openstack.wsgi_app [-] oslo_messaging_rabbit.rabbit_quorum_delivery_limit = 0 {{(pid=77546) log_opt_values /opt/stack/data/venv/lib/python3.10/site-packages/oslo_config/cfg.py:2824}}
Jul 30 13:47:26.260968 np0000031751 devstack@n-api-meta.service[77546]: DEBUG nova.api.openstack.wsgi_app [-] oslo_messaging_rabbit.rabbit_quorum_max_memory_bytes = 0 {{(pid=77546) log_opt_values /opt/stack/data/venv/lib/python3.10/site-packages/oslo_config/cfg.py:2824}}
Jul 30 13:47:26.261064 np0000031751 devstack@n-api-meta.service[77546]: DEBUG nova.api.openstack.wsgi_app [-] oslo_messaging_rabbit.rabbit_quorum_max_memory_length = 0 {{(pid=77546) log_opt_values /opt/stack/data/venv/lib/python3.10/site-packages/oslo_config/cfg.py:2824}}
Jul 30 13:47:26.261158 np0000031751 devstack@n-api-meta.service[77546]: DEBUG nova.api.openstack.wsgi_app [-] oslo_messaging_rabbit.rabbit_quorum_queue = False {{(pid=77546) log_opt_values /opt/stack/data/venv/lib/python3.10/site-packages/oslo_config/cfg.py:2824}}
Jul 30 13:47:26.261250 np0000031751 devstack@n-api-meta.service[77546]: DEBUG nova.api.openstack.wsgi_app [-] oslo_messaging_rabbit.rabbit_retry_backoff = 2 {{(pid=77546) log_opt_values /opt/stack/data/venv/lib/python3.10/site-packages/oslo_config/cfg.py:2824}}
Jul 30 13:47:26.261553 np0000031751 devstack@n-api-meta.service[77546]: DEBUG nova.api.openstack.wsgi_app [-] oslo_messaging_rabbit.rabbit_retry_interval = 1 {{(pid=77546) log_opt_values /opt/stack/data/venv/lib/python3.10/site-packages/oslo_config/cfg.py:2824}}
Jul 30 13:47:26.261553 np0000031751 devstack@n-api-meta.service[77546]: DEBUG nova.api.openstack.wsgi_app [-] oslo_messaging_rabbit.rabbit_stream_fanout = False {{(pid=77546) log_opt_values /opt/stack/data/venv/lib/python3.10/site-packages/oslo_config/cfg.py:2824}}
Jul 30 13:47:26.261553 np0000031751 devstack@n-api-meta.service[77546]: DEBUG nova.api.openstack.wsgi_app [-] oslo_messaging_rabbit.rabbit_transient_queues_ttl = 1800 {{(pid=77546) log_opt_values /opt/stack/data/venv/lib/python3.10/site-packages/oslo_config/cfg.py:2824}}
Jul 30 13:47:26.261710 np0000031751 devstack@n-api-meta.service[77546]: DEBUG nova.api.openstack.wsgi_app [-] oslo_messaging_rabbit.rabbit_transient_quorum_queue = False {{(pid=77546) log_opt_values /opt/stack/data/venv/lib/python3.10/site-packages/oslo_config/cfg.py:2824}}
Jul 30 13:47:26.261710 np0000031751 devstack@n-api-meta.service[77546]: DEBUG nova.api.openstack.wsgi_app [-] oslo_messaging_rabbit.rpc_conn_pool_size = 30 {{(pid=77546) log_opt_values /opt/stack/data/venv/lib/python3.10/site-packages/oslo_config/cfg.py:2824}}
Jul 30 13:47:26.261838 np0000031751 devstack@n-api-meta.service[77546]: DEBUG nova.api.openstack.wsgi_app [-] oslo_messaging_rabbit.ssl      = False {{(pid=77546) log_opt_values /opt/stack/data/venv/lib/python3.10/site-packages/oslo_config/cfg.py:2824}}
Jul 30 13:47:26.261894 np0000031751 devstack@n-api-meta.service[77546]: DEBUG nova.api.openstack.wsgi_app [-] oslo_messaging_rabbit.ssl_ca_file =  {{(pid=77546) log_opt_values /opt/stack/data/venv/lib/python3.10/site-packages/oslo_config/cfg.py:2824}}
Jul 30 13:47:26.261984 np0000031751 devstack@n-api-meta.service[77546]: DEBUG nova.api.openstack.wsgi_app [-] oslo_messaging_rabbit.ssl_cert_file =  {{(pid=77546) log_opt_values /opt/stack/data/venv/lib/python3.10/site-packages/oslo_config/cfg.py:2824}}
Jul 30 13:47:26.262075 np0000031751 devstack@n-api-meta.service[77546]: DEBUG nova.api.openstack.wsgi_app [-] oslo_messaging_rabbit.ssl_enforce_fips_mode = False {{(pid=77546) log_opt_values /opt/stack/data/venv/lib/python3.10/site-packages/oslo_config/cfg.py:2824}}
Jul 30 13:47:26.262169 np0000031751 devstack@n-api-meta.service[77546]: DEBUG nova.api.openstack.wsgi_app [-] oslo_messaging_rabbit.ssl_key_file =  {{(pid=77546) log_opt_values /opt/stack/data/venv/lib/python3.10/site-packages/oslo_config/cfg.py:2824}}
Jul 30 13:47:26.262270 np0000031751 devstack@n-api-meta.service[77546]: DEBUG nova.api.openstack.wsgi_app [-] oslo_messaging_rabbit.ssl_version =  {{(pid=77546) log_opt_values /opt/stack/data/venv/lib/python3.10/site-packages/oslo_config/cfg.py:2824}}
Jul 30 13:47:26.262365 np0000031751 devstack@n-api-meta.service[77546]: DEBUG nova.api.openstack.wsgi_app [-] oslo_messaging_rabbit.use_queue_manager = False {{(pid=77546) log_opt_values /opt/stack/data/venv/lib/python3.10/site-packages/oslo_config/cfg.py:2824}}
Jul 30 13:47:26.262476 np0000031751 devstack@n-api-meta.service[77546]: DEBUG nova.api.openstack.wsgi_app [-] oslo_messaging_notifications.driver = ['messagingv2'] {{(pid=77546) log_opt_values /opt/stack/data/venv/lib/python3.10/site-packages/oslo_config/cfg.py:2824}}
Jul 30 13:47:26.262573 np0000031751 devstack@n-api-meta.service[77546]: DEBUG nova.api.openstack.wsgi_app [-] oslo_messaging_notifications.retry = -1 {{(pid=77546) log_opt_values /opt/stack/data/venv/lib/python3.10/site-packages/oslo_config/cfg.py:2824}}
Jul 30 13:47:26.262677 np0000031751 devstack@n-api-meta.service[77546]: DEBUG nova.api.openstack.wsgi_app [-] oslo_messaging_notifications.topics = ['notifications'] {{(pid=77546) log_opt_values /opt/stack/data/venv/lib/python3.10/site-packages/oslo_config/cfg.py:2824}}
Jul 30 13:47:26.262775 np0000031751 devstack@n-api-meta.service[77546]: DEBUG nova.api.openstack.wsgi_app [-] oslo_messaging_notifications.transport_url = **** {{(pid=77546) log_opt_values /opt/stack/data/venv/lib/python3.10/site-packages/oslo_config/cfg.py:2824}}
Jul 30 13:47:26.262872 np0000031751 devstack@n-api-meta.service[77546]: DEBUG nova.api.openstack.wsgi_app [-] oslo_reports.file_event_handler = None {{(pid=77546) log_opt_values /opt/stack/data/venv/lib/python3.10/site-packages/oslo_config/cfg.py:2824}}
Jul 30 13:47:26.262974 np0000031751 devstack@n-api-meta.service[77546]: DEBUG nova.api.openstack.wsgi_app [-] oslo_reports.file_event_handler_interval = 1 {{(pid=77546) log_opt_values /opt/stack/data/venv/lib/python3.10/site-packages/oslo_config/cfg.py:2824}}
Jul 30 13:47:26.263067 np0000031751 devstack@n-api-meta.service[77546]: DEBUG nova.api.openstack.wsgi_app [-] oslo_reports.log_dir           = None {{(pid=77546) log_opt_values /opt/stack/data/venv/lib/python3.10/site-packages/oslo_config/cfg.py:2824}}
Jul 30 13:47:26.263141 np0000031751 devstack@n-api-meta.service[77546]: DEBUG nova.api.openstack.wsgi_app [-] ******************************************************************************** {{(pid=77546) log_opt_values /opt/stack/data/venv/lib/python3.10/site-packages/oslo_config/cfg.py:2828}}
Jul 30 13:47:26.285170 np0000031751 devstack@n-api-meta.service[77546]: INFO dbcounter [None req-7530d00f-4ac2-4dba-8f74-019518a60655 None None] Registered counter for database nova_api
Jul 30 13:47:26.301438 np0000031751 devstack@n-api-meta.service[77546]: DEBUG oslo_db.sqlalchemy.engines [None req-7530d00f-4ac2-4dba-8f74-019518a60655 None None] MySQL server mode set to STRICT_TRANS_TABLES,STRICT_ALL_TABLES,NO_ZERO_IN_DATE,NO_ZERO_DATE,ERROR_FOR_DIVISION_BY_ZERO,TRADITIONAL,NO_ENGINE_SUBSTITUTION {{(pid=77546) _check_effective_sql_mode /opt/stack/data/venv/lib/python3.10/site-packages/oslo_db/sqlalchemy/engines.py:397}}
Jul 30 13:47:26.337761 np0000031751 devstack@n-api-meta.service[77545]: DEBUG dbcounter [-] [77545] Writer thread running {{(pid=77545) stat_writer /opt/stack/data/venv/lib/python3.10/site-packages/dbcounter.py:102}}
Jul 30 13:47:26.349951 np0000031751 devstack@n-api-meta.service[77545]: DEBUG nova.context [None req-97bfda20-a40b-44f3-b09c-4afe2d98d453 None None] Found 2 cells: 00000000-0000-0000-0000-000000000000(cell0),ed25d9d0-61e1-4a3e-98b0-127d7b82c6a8(cell1) {{(pid=77545) load_cells /opt/stack/nova/nova/context.py:464}}
Jul 30 13:47:26.351610 np0000031751 devstack@n-api-meta.service[77545]: DEBUG oslo_concurrency.lockutils [None req-97bfda20-a40b-44f3-b09c-4afe2d98d453 None None] Acquiring lock "00000000-0000-0000-0000-000000000000" by "nova.context.set_target_cell.<locals>.get_or_set_cached_cell_and_set_connections" {{(pid=77545) inner /opt/stack/data/venv/lib/python3.10/site-packages/oslo_concurrency/lockutils.py:405}}
Jul 30 13:47:26.351795 np0000031751 devstack@n-api-meta.service[77545]: DEBUG oslo_concurrency.lockutils [None req-97bfda20-a40b-44f3-b09c-4afe2d98d453 None None] Lock "00000000-0000-0000-0000-000000000000" acquired by "nova.context.set_target_cell.<locals>.get_or_set_cached_cell_and_set_connections" :: waited 0.000s {{(pid=77545) inner /opt/stack/data/venv/lib/python3.10/site-packages/oslo_concurrency/lockutils.py:410}}
Jul 30 13:47:26.352206 np0000031751 devstack@n-api-meta.service[77545]: DEBUG oslo_concurrency.lockutils [None req-97bfda20-a40b-44f3-b09c-4afe2d98d453 None None] Lock "00000000-0000-0000-0000-000000000000" "released" by "nova.context.set_target_cell.<locals>.get_or_set_cached_cell_and_set_connections" :: held 0.000s {{(pid=77545) inner /opt/stack/data/venv/lib/python3.10/site-packages/oslo_concurrency/lockutils.py:424}}
Jul 30 13:47:26.352827 np0000031751 devstack@n-api-meta.service[77545]: DEBUG oslo_concurrency.lockutils [None req-97bfda20-a40b-44f3-b09c-4afe2d98d453 None None] Acquiring lock "ed25d9d0-61e1-4a3e-98b0-127d7b82c6a8" by "nova.context.set_target_cell.<locals>.get_or_set_cached_cell_and_set_connections" {{(pid=77545) inner /opt/stack/data/venv/lib/python3.10/site-packages/oslo_concurrency/lockutils.py:405}}
Jul 30 13:47:26.352827 np0000031751 devstack@n-api-meta.service[77545]: DEBUG oslo_concurrency.lockutils [None req-97bfda20-a40b-44f3-b09c-4afe2d98d453 None None] Lock "ed25d9d0-61e1-4a3e-98b0-127d7b82c6a8" acquired by "nova.context.set_target_cell.<locals>.get_or_set_cached_cell_and_set_connections" :: waited 0.000s {{(pid=77545) inner /opt/stack/data/venv/lib/python3.10/site-packages/oslo_concurrency/lockutils.py:410}}
Jul 30 13:47:26.353674 np0000031751 devstack@n-api-meta.service[77545]: DEBUG oslo_concurrency.lockutils [None req-97bfda20-a40b-44f3-b09c-4afe2d98d453 None None] Lock "ed25d9d0-61e1-4a3e-98b0-127d7b82c6a8" "released" by "nova.context.set_target_cell.<locals>.get_or_set_cached_cell_and_set_connections" :: held 0.001s {{(pid=77545) inner /opt/stack/data/venv/lib/python3.10/site-packages/oslo_concurrency/lockutils.py:424}}
Jul 30 13:47:26.354894 np0000031751 devstack@n-api-meta.service[77545]: INFO dbcounter [None req-97bfda20-a40b-44f3-b09c-4afe2d98d453 None None] Registered counter for database nova_cell0
Jul 30 13:47:26.357025 np0000031751 devstack@n-api-meta.service[77545]: INFO dbcounter [None req-97bfda20-a40b-44f3-b09c-4afe2d98d453 None None] Registered counter for database nova_cell1
Jul 30 13:47:26.373423 np0000031751 devstack@n-api-meta.service[77545]: DEBUG oslo_db.sqlalchemy.engines [None req-97bfda20-a40b-44f3-b09c-4afe2d98d453 None None] MySQL server mode set to STRICT_TRANS_TABLES,STRICT_ALL_TABLES,NO_ZERO_IN_DATE,NO_ZERO_DATE,ERROR_FOR_DIVISION_BY_ZERO,TRADITIONAL,NO_ENGINE_SUBSTITUTION {{(pid=77545) _check_effective_sql_mode /opt/stack/data/venv/lib/python3.10/site-packages/oslo_db/sqlalchemy/engines.py:397}}
Jul 30 13:47:26.377215 np0000031751 devstack@n-api-meta.service[77545]: DEBUG oslo_db.sqlalchemy.engines [None req-97bfda20-a40b-44f3-b09c-4afe2d98d453 None None] MySQL server mode set to STRICT_TRANS_TABLES,STRICT_ALL_TABLES,NO_ZERO_IN_DATE,NO_ZERO_DATE,ERROR_FOR_DIVISION_BY_ZERO,TRADITIONAL,NO_ENGINE_SUBSTITUTION {{(pid=77545) _check_effective_sql_mode /opt/stack/data/venv/lib/python3.10/site-packages/oslo_db/sqlalchemy/engines.py:397}}
Jul 30 13:47:26.436249 np0000031751 devstack@n-api-meta.service[77546]: DEBUG dbcounter [-] [77546] Writer thread running {{(pid=77546) stat_writer /opt/stack/data/venv/lib/python3.10/site-packages/dbcounter.py:102}}
Jul 30 13:47:26.442912 np0000031751 devstack@n-api-meta.service[77546]: DEBUG nova.context [None req-7530d00f-4ac2-4dba-8f74-019518a60655 None None] Found 2 cells: 00000000-0000-0000-0000-000000000000(cell0),ed25d9d0-61e1-4a3e-98b0-127d7b82c6a8(cell1) {{(pid=77546) load_cells /opt/stack/nova/nova/context.py:464}}
Jul 30 13:47:26.444485 np0000031751 devstack@n-api-meta.service[77546]: DEBUG oslo_concurrency.lockutils [None req-7530d00f-4ac2-4dba-8f74-019518a60655 None None] Acquiring lock "00000000-0000-0000-0000-000000000000" by "nova.context.set_target_cell.<locals>.get_or_set_cached_cell_and_set_connections" {{(pid=77546) inner /opt/stack/data/venv/lib/python3.10/site-packages/oslo_concurrency/lockutils.py:405}}
Jul 30 13:47:26.444666 np0000031751 devstack@n-api-meta.service[77546]: DEBUG oslo_concurrency.lockutils [None req-7530d00f-4ac2-4dba-8f74-019518a60655 None None] Lock "00000000-0000-0000-0000-000000000000" acquired by "nova.context.set_target_cell.<locals>.get_or_set_cached_cell_and_set_connections" :: waited 0.000s {{(pid=77546) inner /opt/stack/data/venv/lib/python3.10/site-packages/oslo_concurrency/lockutils.py:410}}
Jul 30 13:47:26.445083 np0000031751 devstack@n-api-meta.service[77546]: DEBUG oslo_concurrency.lockutils [None req-7530d00f-4ac2-4dba-8f74-019518a60655 None None] Lock "00000000-0000-0000-0000-000000000000" "released" by "nova.context.set_target_cell.<locals>.get_or_set_cached_cell_and_set_connections" :: held 0.000s {{(pid=77546) inner /opt/stack/data/venv/lib/python3.10/site-packages/oslo_concurrency/lockutils.py:424}}
Jul 30 13:47:26.445418 np0000031751 devstack@n-api-meta.service[77546]: DEBUG oslo_concurrency.lockutils [None req-7530d00f-4ac2-4dba-8f74-019518a60655 None None] Acquiring lock "ed25d9d0-61e1-4a3e-98b0-127d7b82c6a8" by "nova.context.set_target_cell.<locals>.get_or_set_cached_cell_and_set_connections" {{(pid=77546) inner /opt/stack/data/venv/lib/python3.10/site-packages/oslo_concurrency/lockutils.py:405}}
Jul 30 13:47:26.445567 np0000031751 devstack@n-api-meta.service[77546]: DEBUG oslo_concurrency.lockutils [None req-7530d00f-4ac2-4dba-8f74-019518a60655 None None] Lock "ed25d9d0-61e1-4a3e-98b0-127d7b82c6a8" acquired by "nova.context.set_target_cell.<locals>.get_or_set_cached_cell_and_set_connections" :: waited 0.000s {{(pid=77546) inner /opt/stack/data/venv/lib/python3.10/site-packages/oslo_concurrency/lockutils.py:410}}
Jul 30 13:47:26.446486 np0000031751 devstack@n-api-meta.service[77546]: DEBUG oslo_concurrency.lockutils [None req-7530d00f-4ac2-4dba-8f74-019518a60655 None None] Lock "ed25d9d0-61e1-4a3e-98b0-127d7b82c6a8" "released" by "nova.context.set_target_cell.<locals>.get_or_set_cached_cell_and_set_connections" :: held 0.001s {{(pid=77546) inner /opt/stack/data/venv/lib/python3.10/site-packages/oslo_concurrency/lockutils.py:424}}
Jul 30 13:47:26.446752 np0000031751 devstack@n-api-meta.service[77545]: DEBUG dbcounter [-] [77545] Writer thread running {{(pid=77545) stat_writer /opt/stack/data/venv/lib/python3.10/site-packages/dbcounter.py:102}}
Jul 30 13:47:26.447689 np0000031751 devstack@n-api-meta.service[77546]: INFO dbcounter [None req-7530d00f-4ac2-4dba-8f74-019518a60655 None None] Registered counter for database nova_cell0
Jul 30 13:47:26.449415 np0000031751 devstack@n-api-meta.service[77545]: DEBUG dbcounter [-] [77545] Writer thread running {{(pid=77545) stat_writer /opt/stack/data/venv/lib/python3.10/site-packages/dbcounter.py:102}}
Jul 30 13:47:26.450786 np0000031751 devstack@n-api-meta.service[77546]: INFO dbcounter [None req-7530d00f-4ac2-4dba-8f74-019518a60655 None None] Registered counter for database nova_cell1
Jul 30 13:47:26.451629 np0000031751 devstack@n-api-meta.service[77545]: INFO dbcounter [None req-97bfda20-a40b-44f3-b09c-4afe2d98d453 None None] Registered counter for database nova_cell0
Jul 30 13:47:26.456701 np0000031751 devstack@n-api-meta.service[77545]: DEBUG oslo_db.sqlalchemy.engines [None req-97bfda20-a40b-44f3-b09c-4afe2d98d453 None None] MySQL server mode set to STRICT_TRANS_TABLES,STRICT_ALL_TABLES,NO_ZERO_IN_DATE,NO_ZERO_DATE,ERROR_FOR_DIVISION_BY_ZERO,TRADITIONAL,NO_ENGINE_SUBSTITUTION {{(pid=77545) _check_effective_sql_mode /opt/stack/data/venv/lib/python3.10/site-packages/oslo_db/sqlalchemy/engines.py:397}}
Jul 30 13:47:26.458338 np0000031751 devstack@n-api-meta.service[77546]: DEBUG oslo_db.sqlalchemy.engines [None req-7530d00f-4ac2-4dba-8f74-019518a60655 None None] MySQL server mode set to STRICT_TRANS_TABLES,STRICT_ALL_TABLES,NO_ZERO_IN_DATE,NO_ZERO_DATE,ERROR_FOR_DIVISION_BY_ZERO,TRADITIONAL,NO_ENGINE_SUBSTITUTION {{(pid=77546) _check_effective_sql_mode /opt/stack/data/venv/lib/python3.10/site-packages/oslo_db/sqlalchemy/engines.py:397}}
Jul 30 13:47:26.461304 np0000031751 devstack@n-api-meta.service[77545]: DEBUG dbcounter [-] [77545] Writer thread running {{(pid=77545) stat_writer /opt/stack/data/venv/lib/python3.10/site-packages/dbcounter.py:102}}
Jul 30 13:47:26.488976 np0000031751 devstack@n-api-meta.service[77545]: WARNING nova.api.metadata.handler [None req-97bfda20-a40b-44f3-b09c-4afe2d98d453 None None] metadata_proxy_shared_secret is not configured, the metadata information returned by the proxy cannot be trusted
Jul 30 13:47:26.490722 np0000031751 devstack@n-api-meta.service[77545]: WSGI app 0 (mountpoint='') ready in 2 seconds on interpreter 0x560c68ccad90 pid: 77545 (default app)
Jul 30 13:47:26.531186 np0000031751 devstack@n-api-meta.service[77546]: DEBUG dbcounter [-] [77546] Writer thread running {{(pid=77546) stat_writer /opt/stack/data/venv/lib/python3.10/site-packages/dbcounter.py:102}}
Jul 30 13:47:26.531559 np0000031751 devstack@n-api-meta.service[77546]: DEBUG oslo_db.sqlalchemy.engines [None req-7530d00f-4ac2-4dba-8f74-019518a60655 None None] MySQL server mode set to STRICT_TRANS_TABLES,STRICT_ALL_TABLES,NO_ZERO_IN_DATE,NO_ZERO_DATE,ERROR_FOR_DIVISION_BY_ZERO,TRADITIONAL,NO_ENGINE_SUBSTITUTION {{(pid=77546) _check_effective_sql_mode /opt/stack/data/venv/lib/python3.10/site-packages/oslo_db/sqlalchemy/engines.py:397}}
Jul 30 13:47:26.535638 np0000031751 devstack@n-api-meta.service[77546]: DEBUG dbcounter [-] [77546] Writer thread running {{(pid=77546) stat_writer /opt/stack/data/venv/lib/python3.10/site-packages/dbcounter.py:102}}
Jul 30 13:47:26.537837 np0000031751 devstack@n-api-meta.service[77546]: INFO dbcounter [None req-7530d00f-4ac2-4dba-8f74-019518a60655 None None] Registered counter for database nova_cell0
Jul 30 13:47:26.541046 np0000031751 devstack@n-api-meta.service[77546]: DEBUG oslo_db.sqlalchemy.engines [None req-7530d00f-4ac2-4dba-8f74-019518a60655 None None] MySQL server mode set to STRICT_TRANS_TABLES,STRICT_ALL_TABLES,NO_ZERO_IN_DATE,NO_ZERO_DATE,ERROR_FOR_DIVISION_BY_ZERO,TRADITIONAL,NO_ENGINE_SUBSTITUTION {{(pid=77546) _check_effective_sql_mode /opt/stack/data/venv/lib/python3.10/site-packages/oslo_db/sqlalchemy/engines.py:397}}
Jul 30 13:47:26.545077 np0000031751 devstack@n-api-meta.service[77546]: DEBUG dbcounter [-] [77546] Writer thread running {{(pid=77546) stat_writer /opt/stack/data/venv/lib/python3.10/site-packages/dbcounter.py:102}}
Jul 30 13:47:26.563002 np0000031751 devstack@n-api-meta.service[77546]: WARNING nova.api.metadata.handler [None req-7530d00f-4ac2-4dba-8f74-019518a60655 None None] metadata_proxy_shared_secret is not configured, the metadata information returned by the proxy cannot be trusted
Jul 30 13:47:26.564721 np0000031751 devstack@n-api-meta.service[77546]: WSGI app 0 (mountpoint='') ready in 2 seconds on interpreter 0x560c68ccad90 pid: 77546 (default app)
Jul 30 13:49:28.690089 np0000031751 devstack@n-api-meta.service[77545]: DEBUG nova.api.metadata.handler [None req-97bfda20-a40b-44f3-b09c-4afe2d98d453 None None] Metadata request headers: {'Host': '192.168.1.129:8775', 'User-Agent': 'python-requests/2.32.3', 'Accept-Encoding': 'gzip, deflate', 'Accept': '*/*', 'Connection': 'keep-alive', 'X-Forwarded-For': '10.1.0.9', 'X-Instance-Id': '8b7622ba-ee82-408d-8447-688a5b8973e1', 'X-Tenant-Id': '50409ff15deb4708aaf97383cc8e1135', 'X-Instance-Id-Signature': '31885016d97ee47d1b217b410fa2a390358667d183d3f16145a7225ad097c5cc'} {{(pid=77545) __call__ /opt/stack/nova/nova/api/metadata/handler.py:109}}
Jul 30 13:49:28.692198 np0000031751 devstack@n-api-meta.service[77545]: DEBUG dbcounter [-] [77545] Writing DB stats nova_api:SELECT=1 {{(pid=77545) stat_writer /opt/stack/data/venv/lib/python3.10/site-packages/dbcounter.py:115}}
Jul 30 13:49:28.692792 np0000031751 devstack@n-api-meta.service[77545]: DEBUG dbcounter [-] [77545] Writing DB stats nova_cell0:SELECT=1 {{(pid=77545) stat_writer /opt/stack/data/venv/lib/python3.10/site-packages/dbcounter.py:115}}
Jul 30 13:49:28.693320 np0000031751 devstack@n-api-meta.service[77545]: DEBUG dbcounter [-] [77545] Writing DB stats nova_cell1:SELECT=1 {{(pid=77545) stat_writer /opt/stack/data/venv/lib/python3.10/site-packages/dbcounter.py:115}}
Jul 30 13:49:28.693671 np0000031751 devstack@n-api-meta.service[77545]: DEBUG dbcounter [-] [77545] Writing DB stats nova_cell0:SELECT=2,nova_cell0:INSERT=1 {{(pid=77545) stat_writer /opt/stack/data/venv/lib/python3.10/site-packages/dbcounter.py:115}}
Jul 30 13:49:28.702424 np0000031751 devstack@n-api-meta.service[77545]: DEBUG oslo_concurrency.lockutils [None req-81619556-c007-4b81-a1da-45640a505142 None None] Acquiring lock "ed25d9d0-61e1-4a3e-98b0-127d7b82c6a8" by "nova.context.set_target_cell.<locals>.get_or_set_cached_cell_and_set_connections" {{(pid=77545) inner /opt/stack/data/venv/lib/python3.10/site-packages/oslo_concurrency/lockutils.py:405}}
Jul 30 13:49:28.702615 np0000031751 devstack@n-api-meta.service[77545]: DEBUG oslo_concurrency.lockutils [None req-81619556-c007-4b81-a1da-45640a505142 None None] Lock "ed25d9d0-61e1-4a3e-98b0-127d7b82c6a8" acquired by "nova.context.set_target_cell.<locals>.get_or_set_cached_cell_and_set_connections" :: waited 0.000s {{(pid=77545) inner /opt/stack/data/venv/lib/python3.10/site-packages/oslo_concurrency/lockutils.py:410}}
Jul 30 13:49:28.702754 np0000031751 devstack@n-api-meta.service[77545]: DEBUG oslo_concurrency.lockutils [None req-81619556-c007-4b81-a1da-45640a505142 None None] Lock "ed25d9d0-61e1-4a3e-98b0-127d7b82c6a8" "released" by "nova.context.set_target_cell.<locals>.get_or_set_cached_cell_and_set_connections" :: held 0.000s {{(pid=77545) inner /opt/stack/data/venv/lib/python3.10/site-packages/oslo_concurrency/lockutils.py:424}}
Jul 30 13:49:28.904148 np0000031751 devstack@n-api-meta.service[77545]: [pid: 77545|app: 0|req: 1/1] 192.168.1.129 () {40 vars in 681 bytes} [Wed Jul 30 13:49:28 2025] GET /2009-04-04/meta-data/instance-id => generated 10 bytes in 215 msecs (HTTP/1.1 200) 3 headers in 99 bytes (1 switches on core 0)
Jul 30 13:49:29.071883 np0000031751 devstack@n-api-meta.service[77546]: DEBUG nova.api.metadata.handler [None req-7530d00f-4ac2-4dba-8f74-019518a60655 None None] Metadata request headers: {'Host': '192.168.1.129:8775', 'User-Agent': 'python-requests/2.32.3', 'Accept-Encoding': 'gzip, deflate', 'Accept': '*/*', 'Connection': 'keep-alive', 'X-Forwarded-For': '10.1.0.9', 'X-Instance-Id': '8b7622ba-ee82-408d-8447-688a5b8973e1', 'X-Tenant-Id': '50409ff15deb4708aaf97383cc8e1135', 'X-Instance-Id-Signature': '31885016d97ee47d1b217b410fa2a390358667d183d3f16145a7225ad097c5cc'} {{(pid=77546) __call__ /opt/stack/nova/nova/api/metadata/handler.py:109}}
Jul 30 13:49:29.073924 np0000031751 devstack@n-api-meta.service[77546]: DEBUG dbcounter [-] [77546] Writing DB stats nova_api:SELECT=1 {{(pid=77546) stat_writer /opt/stack/data/venv/lib/python3.10/site-packages/dbcounter.py:115}}
Jul 30 13:49:29.074621 np0000031751 devstack@n-api-meta.service[77546]: DEBUG dbcounter [-] [77546] Writing DB stats nova_cell0:SELECT=1 {{(pid=77546) stat_writer /opt/stack/data/venv/lib/python3.10/site-packages/dbcounter.py:115}}
Jul 30 13:49:29.074996 np0000031751 devstack@n-api-meta.service[77546]: DEBUG dbcounter [-] [77546] Writing DB stats nova_cell1:SELECT=1 {{(pid=77546) stat_writer /opt/stack/data/venv/lib/python3.10/site-packages/dbcounter.py:115}}
Jul 30 13:49:29.075329 np0000031751 devstack@n-api-meta.service[77546]: DEBUG dbcounter [-] [77546] Writing DB stats nova_cell0:SELECT=1 {{(pid=77546) stat_writer /opt/stack/data/venv/lib/python3.10/site-packages/dbcounter.py:115}}
Jul 30 13:49:29.077159 np0000031751 devstack@n-api-meta.service[77546]: DEBUG nova.api.metadata.handler [None req-7530d00f-4ac2-4dba-8f74-019518a60655 None None] Using cached metadata for instance 8b7622ba-ee82-408d-8447-688a5b8973e1 {{(pid=77546) get_metadata_by_instance_id /opt/stack/nova/nova/api/metadata/handler.py:84}}
Jul 30 13:49:29.077669 np0000031751 devstack@n-api-meta.service[77546]: [pid: 77546|app: 0|req: 1/2] 192.168.1.129 () {40 vars in 681 bytes} [Wed Jul 30 13:49:29 2025] GET /2009-04-04/meta-data/public-keys => generated 28 bytes in 7 msecs (HTTP/1.1 200) 3 headers in 99 bytes (1 switches on core 0)
Jul 30 13:49:29.183472 np0000031751 devstack@n-api-meta.service[77545]: DEBUG nova.api.metadata.handler [None req-81619556-c007-4b81-a1da-45640a505142 None None] Metadata request headers: {'Host': '192.168.1.129:8775', 'User-Agent': 'python-requests/2.32.3', 'Accept-Encoding': 'gzip, deflate', 'Accept': '*/*', 'Connection': 'keep-alive', 'X-Forwarded-For': '10.1.0.9', 'X-Instance-Id': '8b7622ba-ee82-408d-8447-688a5b8973e1', 'X-Tenant-Id': '50409ff15deb4708aaf97383cc8e1135', 'X-Instance-Id-Signature': '31885016d97ee47d1b217b410fa2a390358667d183d3f16145a7225ad097c5cc'} {{(pid=77545) __call__ /opt/stack/nova/nova/api/metadata/handler.py:109}}
Jul 30 13:49:29.184927 np0000031751 devstack@n-api-meta.service[77545]: DEBUG nova.api.metadata.handler [None req-81619556-c007-4b81-a1da-45640a505142 None None] Using cached metadata for instance 8b7622ba-ee82-408d-8447-688a5b8973e1 {{(pid=77545) get_metadata_by_instance_id /opt/stack/nova/nova/api/metadata/handler.py:84}}
Jul 30 13:49:29.185266 np0000031751 devstack@n-api-meta.service[77545]: [pid: 77545|app: 0|req: 2/3] 192.168.1.129 () {40 vars in 709 bytes} [Wed Jul 30 13:49:29 2025] GET /2009-04-04/meta-data/public-keys/0/openssh-key => generated 204 bytes in 2 msecs (HTTP/1.1 200) 3 headers in 100 bytes (1 switches on core 0)
Jul 30 13:49:29.312153 np0000031751 devstack@n-api-meta.service[77546]: DEBUG nova.api.metadata.handler [None req-7530d00f-4ac2-4dba-8f74-019518a60655 None None] Metadata request headers: {'Host': '192.168.1.129:8775', 'User-Agent': 'python-requests/2.32.3', 'Accept-Encoding': 'gzip, deflate', 'Accept': '*/*', 'Connection': 'keep-alive', 'X-Forwarded-For': '10.1.0.9', 'X-Instance-Id': '8b7622ba-ee82-408d-8447-688a5b8973e1', 'X-Tenant-Id': '50409ff15deb4708aaf97383cc8e1135', 'X-Instance-Id-Signature': '31885016d97ee47d1b217b410fa2a390358667d183d3f16145a7225ad097c5cc'} {{(pid=77546) __call__ /opt/stack/nova/nova/api/metadata/handler.py:109}}
Jul 30 13:49:29.313544 np0000031751 devstack@n-api-meta.service[77546]: DEBUG nova.api.metadata.handler [None req-7530d00f-4ac2-4dba-8f74-019518a60655 None None] Using cached metadata for instance 8b7622ba-ee82-408d-8447-688a5b8973e1 {{(pid=77546) get_metadata_by_instance_id /opt/stack/nova/nova/api/metadata/handler.py:84}}
Jul 30 13:49:29.313882 np0000031751 devstack@n-api-meta.service[77546]: [pid: 77546|app: 0|req: 2/4] 192.168.1.129 () {40 vars in 681 bytes} [Wed Jul 30 13:49:29 2025] GET /2009-04-04/meta-data/instance-id => generated 10 bytes in 2 msecs (HTTP/1.1 200) 3 headers in 99 bytes (1 switches on core 0)
Jul 30 13:49:29.441969 np0000031751 devstack@n-api-meta.service[77545]: DEBUG nova.api.metadata.handler [None req-81619556-c007-4b81-a1da-45640a505142 None None] Metadata request headers: {'Host': '192.168.1.129:8775', 'User-Agent': 'python-requests/2.32.3', 'Accept-Encoding': 'gzip, deflate', 'Accept': '*/*', 'Connection': 'keep-alive', 'X-Forwarded-For': '10.1.0.9', 'X-Instance-Id': '8b7622ba-ee82-408d-8447-688a5b8973e1', 'X-Tenant-Id': '50409ff15deb4708aaf97383cc8e1135', 'X-Instance-Id-Signature': '31885016d97ee47d1b217b410fa2a390358667d183d3f16145a7225ad097c5cc'} {{(pid=77545) __call__ /opt/stack/nova/nova/api/metadata/handler.py:109}}
Jul 30 13:49:29.443000 np0000031751 devstack@n-api-meta.service[77545]: DEBUG nova.api.metadata.handler [None req-81619556-c007-4b81-a1da-45640a505142 None None] Using cached metadata for instance 8b7622ba-ee82-408d-8447-688a5b8973e1 {{(pid=77545) get_metadata_by_instance_id /opt/stack/nova/nova/api/metadata/handler.py:84}}
Jul 30 13:49:29.443336 np0000031751 devstack@n-api-meta.service[77545]: [pid: 77545|app: 0|req: 3/5] 192.168.1.129 () {40 vars in 691 bytes} [Wed Jul 30 13:49:29 2025] GET /2009-04-04/meta-data/ami-launch-index => generated 1 bytes in 2 msecs (HTTP/1.1 200) 3 headers in 98 bytes (1 switches on core 0)
Jul 30 13:49:29.569284 np0000031751 devstack@n-api-meta.service[77546]: DEBUG nova.api.metadata.handler [None req-7530d00f-4ac2-4dba-8f74-019518a60655 None None] Metadata request headers: {'Host': '192.168.1.129:8775', 'User-Agent': 'python-requests/2.32.3', 'Accept-Encoding': 'gzip, deflate', 'Accept': '*/*', 'Connection': 'keep-alive', 'X-Forwarded-For': '10.1.0.9', 'X-Instance-Id': '8b7622ba-ee82-408d-8447-688a5b8973e1', 'X-Tenant-Id': '50409ff15deb4708aaf97383cc8e1135', 'X-Instance-Id-Signature': '31885016d97ee47d1b217b410fa2a390358667d183d3f16145a7225ad097c5cc'} {{(pid=77546) __call__ /opt/stack/nova/nova/api/metadata/handler.py:109}}
Jul 30 13:49:29.570654 np0000031751 devstack@n-api-meta.service[77546]: DEBUG nova.api.metadata.handler [None req-7530d00f-4ac2-4dba-8f74-019518a60655 None None] Using cached metadata for instance 8b7622ba-ee82-408d-8447-688a5b8973e1 {{(pid=77546) get_metadata_by_instance_id /opt/stack/nova/nova/api/metadata/handler.py:84}}
Jul 30 13:49:29.570998 np0000031751 devstack@n-api-meta.service[77546]: [pid: 77546|app: 0|req: 3/6] 192.168.1.129 () {40 vars in 685 bytes} [Wed Jul 30 13:49:29 2025] GET /2009-04-04/meta-data/instance-type => generated 7 bytes in 2 msecs (HTTP/1.1 200) 3 headers in 98 bytes (1 switches on core 0)
Jul 30 13:49:29.697201 np0000031751 devstack@n-api-meta.service[77545]: DEBUG nova.api.metadata.handler [None req-81619556-c007-4b81-a1da-45640a505142 None None] Metadata request headers: {'Host': '192.168.1.129:8775', 'User-Agent': 'python-requests/2.32.3', 'Accept-Encoding': 'gzip, deflate', 'Accept': '*/*', 'Connection': 'keep-alive', 'X-Forwarded-For': '10.1.0.9', 'X-Instance-Id': '8b7622ba-ee82-408d-8447-688a5b8973e1', 'X-Tenant-Id': '50409ff15deb4708aaf97383cc8e1135', 'X-Instance-Id-Signature': '31885016d97ee47d1b217b410fa2a390358667d183d3f16145a7225ad097c5cc'} {{(pid=77545) __call__ /opt/stack/nova/nova/api/metadata/handler.py:109}}
Jul 30 13:49:29.698226 np0000031751 devstack@n-api-meta.service[77545]: DEBUG nova.api.metadata.handler [None req-81619556-c007-4b81-a1da-45640a505142 None None] Using cached metadata for instance 8b7622ba-ee82-408d-8447-688a5b8973e1 {{(pid=77545) get_metadata_by_instance_id /opt/stack/nova/nova/api/metadata/handler.py:84}}
Jul 30 13:49:29.698558 np0000031751 devstack@n-api-meta.service[77545]: [pid: 77545|app: 0|req: 4/7] 192.168.1.129 () {40 vars in 679 bytes} [Wed Jul 30 13:49:29 2025] GET /2009-04-04/meta-data/local-ipv4 => generated 8 bytes in 2 msecs (HTTP/1.1 200) 3 headers in 98 bytes (1 switches on core 0)
Jul 30 13:49:29.824069 np0000031751 devstack@n-api-meta.service[77546]: DEBUG nova.api.metadata.handler [None req-7530d00f-4ac2-4dba-8f74-019518a60655 None None] Metadata request headers: {'Host': '192.168.1.129:8775', 'User-Agent': 'python-requests/2.32.3', 'Accept-Encoding': 'gzip, deflate', 'Accept': '*/*', 'Connection': 'keep-alive', 'X-Forwarded-For': '10.1.0.9', 'X-Instance-Id': '8b7622ba-ee82-408d-8447-688a5b8973e1', 'X-Tenant-Id': '50409ff15deb4708aaf97383cc8e1135', 'X-Instance-Id-Signature': '31885016d97ee47d1b217b410fa2a390358667d183d3f16145a7225ad097c5cc'} {{(pid=77546) __call__ /opt/stack/nova/nova/api/metadata/handler.py:109}}
Jul 30 13:49:29.825302 np0000031751 devstack@n-api-meta.service[77546]: DEBUG nova.api.metadata.handler [None req-7530d00f-4ac2-4dba-8f74-019518a60655 None None] Using cached metadata for instance 8b7622ba-ee82-408d-8447-688a5b8973e1 {{(pid=77546) get_metadata_by_instance_id /opt/stack/nova/nova/api/metadata/handler.py:84}}
Jul 30 13:49:29.825636 np0000031751 devstack@n-api-meta.service[77546]: [pid: 77546|app: 0|req: 4/8] 192.168.1.129 () {40 vars in 681 bytes} [Wed Jul 30 13:49:29 2025] GET /2009-04-04/meta-data/public-ipv4 => generated 12 bytes in 2 msecs (HTTP/1.1 200) 3 headers in 99 bytes (1 switches on core 0)
Jul 30 13:49:29.954809 np0000031751 devstack@n-api-meta.service[77545]: DEBUG nova.api.metadata.handler [None req-81619556-c007-4b81-a1da-45640a505142 None None] Metadata request headers: {'Host': '192.168.1.129:8775', 'User-Agent': 'python-requests/2.32.3', 'Accept-Encoding': 'gzip, deflate', 'Accept': '*/*', 'Connection': 'keep-alive', 'X-Forwarded-For': '10.1.0.9', 'X-Instance-Id': '8b7622ba-ee82-408d-8447-688a5b8973e1', 'X-Tenant-Id': '50409ff15deb4708aaf97383cc8e1135', 'X-Instance-Id-Signature': '31885016d97ee47d1b217b410fa2a390358667d183d3f16145a7225ad097c5cc'} {{(pid=77545) __call__ /opt/stack/nova/nova/api/metadata/handler.py:109}}
Jul 30 13:49:29.955859 np0000031751 devstack@n-api-meta.service[77545]: DEBUG nova.api.metadata.handler [None req-81619556-c007-4b81-a1da-45640a505142 None None] Using cached metadata for instance 8b7622ba-ee82-408d-8447-688a5b8973e1 {{(pid=77545) get_metadata_by_instance_id /opt/stack/nova/nova/api/metadata/handler.py:84}}
Jul 30 13:49:29.956190 np0000031751 devstack@n-api-meta.service[77545]: [pid: 77545|app: 0|req: 5/9] 192.168.1.129 () {40 vars in 675 bytes} [Wed Jul 30 13:49:29 2025] GET /2009-04-04/meta-data/hostname => generated 49 bytes in 2 msecs (HTTP/1.1 200) 3 headers in 99 bytes (1 switches on core 0)
Jul 30 13:49:30.086208 np0000031751 devstack@n-api-meta.service[77546]: DEBUG nova.api.metadata.handler [None req-7530d00f-4ac2-4dba-8f74-019518a60655 None None] Metadata request headers: {'Host': '192.168.1.129:8775', 'User-Agent': 'python-requests/2.32.3', 'Accept-Encoding': 'gzip, deflate', 'Accept': '*/*', 'Connection': 'keep-alive', 'X-Forwarded-For': '10.1.0.9', 'X-Instance-Id': '8b7622ba-ee82-408d-8447-688a5b8973e1', 'X-Tenant-Id': '50409ff15deb4708aaf97383cc8e1135', 'X-Instance-Id-Signature': '31885016d97ee47d1b217b410fa2a390358667d183d3f16145a7225ad097c5cc'} {{(pid=77546) __call__ /opt/stack/nova/nova/api/metadata/handler.py:109}}
Jul 30 13:49:30.087674 np0000031751 devstack@n-api-meta.service[77546]: DEBUG nova.api.metadata.handler [None req-7530d00f-4ac2-4dba-8f74-019518a60655 None None] Using cached metadata for instance 8b7622ba-ee82-408d-8447-688a5b8973e1 {{(pid=77546) get_metadata_by_instance_id /opt/stack/nova/nova/api/metadata/handler.py:84}}
Jul 30 13:49:30.088015 np0000031751 devstack@n-api-meta.service[77546]: [pid: 77546|app: 0|req: 5/10] 192.168.1.129 () {40 vars in 686 bytes} [Wed Jul 30 13:49:30 2025] GET /2009-04-04/meta-data/local-hostname => generated 49 bytes in 2 msecs (HTTP/1.1 200) 3 headers in 99 bytes (1 switches on core 0)
Jul 30 13:49:30.331300 np0000031751 devstack@n-api-meta.service[77545]: DEBUG nova.api.metadata.handler [None req-81619556-c007-4b81-a1da-45640a505142 None None] Metadata request headers: {'Host': '192.168.1.129:8775', 'User-Agent': 'python-requests/2.32.3', 'Accept-Encoding': 'gzip, deflate', 'Accept': '*/*', 'Connection': 'keep-alive', 'X-Forwarded-For': '10.1.0.9', 'X-Instance-Id': '8b7622ba-ee82-408d-8447-688a5b8973e1', 'X-Tenant-Id': '50409ff15deb4708aaf97383cc8e1135', 'X-Instance-Id-Signature': '31885016d97ee47d1b217b410fa2a390358667d183d3f16145a7225ad097c5cc'} {{(pid=77545) __call__ /opt/stack/nova/nova/api/metadata/handler.py:109}}
Jul 30 13:49:30.332325 np0000031751 devstack@n-api-meta.service[77545]: DEBUG nova.api.metadata.handler [None req-81619556-c007-4b81-a1da-45640a505142 None None] Using cached metadata for instance 8b7622ba-ee82-408d-8447-688a5b8973e1 {{(pid=77545) get_metadata_by_instance_id /opt/stack/nova/nova/api/metadata/handler.py:84}}
Jul 30 13:49:30.332650 np0000031751 devstack@n-api-meta.service[77545]: [pid: 77545|app: 0|req: 6/11] 192.168.1.129 () {40 vars in 656 bytes} [Wed Jul 30 13:49:30 2025] GET /2009-04-04/user-data => generated 95 bytes in 1 msecs (HTTP/1.1 200) 3 headers in 99 bytes (1 switches on core 0)
Jul 30 13:49:30.572315 np0000031751 devstack@n-api-meta.service[77546]: DEBUG nova.api.metadata.handler [None req-7530d00f-4ac2-4dba-8f74-019518a60655 None None] Metadata request headers: {'Host': '192.168.1.129:8775', 'User-Agent': 'python-requests/2.32.3', 'Accept-Encoding': 'gzip, deflate', 'Accept': '*/*', 'Connection': 'keep-alive', 'X-Forwarded-For': '10.1.0.9', 'X-Instance-Id': '8b7622ba-ee82-408d-8447-688a5b8973e1', 'X-Tenant-Id': '50409ff15deb4708aaf97383cc8e1135', 'X-Instance-Id-Signature': '31885016d97ee47d1b217b410fa2a390358667d183d3f16145a7225ad097c5cc'} {{(pid=77546) __call__ /opt/stack/nova/nova/api/metadata/handler.py:109}}
Jul 30 13:49:30.573872 np0000031751 devstack@n-api-meta.service[77546]: DEBUG nova.api.metadata.handler [None req-7530d00f-4ac2-4dba-8f74-019518a60655 None None] Using cached metadata for instance 8b7622ba-ee82-408d-8447-688a5b8973e1 {{(pid=77546) get_metadata_by_instance_id /opt/stack/nova/nova/api/metadata/handler.py:84}}
Jul 30 13:49:30.574209 np0000031751 devstack@n-api-meta.service[77546]: [pid: 77546|app: 0|req: 6/12] 192.168.1.129 () {40 vars in 698 bytes} [Wed Jul 30 13:49:30 2025] GET /2009-04-04/meta-data/block-device-mapping => generated 8 bytes in 2 msecs (HTTP/1.1 200) 3 headers in 98 bytes (1 switches on core 0)
Jul 30 13:49:30.682419 np0000031751 devstack@n-api-meta.service[77545]: DEBUG nova.api.metadata.handler [None req-81619556-c007-4b81-a1da-45640a505142 None None] Metadata request headers: {'Host': '192.168.1.129:8775', 'User-Agent': 'python-requests/2.32.3', 'Accept-Encoding': 'gzip, deflate', 'Accept': '*/*', 'Connection': 'keep-alive', 'X-Forwarded-For': '10.1.0.9', 'X-Instance-Id': '8b7622ba-ee82-408d-8447-688a5b8973e1', 'X-Tenant-Id': '50409ff15deb4708aaf97383cc8e1135', 'X-Instance-Id-Signature': '31885016d97ee47d1b217b410fa2a390358667d183d3f16145a7225ad097c5cc'} {{(pid=77545) __call__ /opt/stack/nova/nova/api/metadata/handler.py:109}}
Jul 30 13:49:30.683450 np0000031751 devstack@n-api-meta.service[77545]: DEBUG nova.api.metadata.handler [None req-81619556-c007-4b81-a1da-45640a505142 None None] Using cached metadata for instance 8b7622ba-ee82-408d-8447-688a5b8973e1 {{(pid=77545) get_metadata_by_instance_id /opt/stack/nova/nova/api/metadata/handler.py:84}}
Jul 30 13:49:30.683778 np0000031751 devstack@n-api-meta.service[77545]: [pid: 77545|app: 0|req: 7/13] 192.168.1.129 () {40 vars in 706 bytes} [Wed Jul 30 13:49:30 2025] GET /2009-04-04/meta-data/block-device-mapping/ami => generated 3 bytes in 2 msecs (HTTP/1.1 200) 3 headers in 98 bytes (1 switches on core 0)
Jul 30 13:49:30.781217 np0000031751 devstack@n-api-meta.service[77546]: DEBUG nova.api.metadata.handler [None req-7530d00f-4ac2-4dba-8f74-019518a60655 None None] Metadata request headers: {'Host': '192.168.1.129:8775', 'User-Agent': 'python-requests/2.32.3', 'Accept-Encoding': 'gzip, deflate', 'Accept': '*/*', 'Connection': 'keep-alive', 'X-Forwarded-For': '10.1.0.9', 'X-Instance-Id': '8b7622ba-ee82-408d-8447-688a5b8973e1', 'X-Tenant-Id': '50409ff15deb4708aaf97383cc8e1135', 'X-Instance-Id-Signature': '31885016d97ee47d1b217b410fa2a390358667d183d3f16145a7225ad097c5cc'} {{(pid=77546) __call__ /opt/stack/nova/nova/api/metadata/handler.py:109}}
Jul 30 13:49:30.782638 np0000031751 devstack@n-api-meta.service[77546]: DEBUG nova.api.metadata.handler [None req-7530d00f-4ac2-4dba-8f74-019518a60655 None None] Using cached metadata for instance 8b7622ba-ee82-408d-8447-688a5b8973e1 {{(pid=77546) get_metadata_by_instance_id /opt/stack/nova/nova/api/metadata/handler.py:84}}
Jul 30 13:49:30.783047 np0000031751 devstack@n-api-meta.service[77546]: [pid: 77546|app: 0|req: 7/14] 192.168.1.129 () {40 vars in 708 bytes} [Wed Jul 30 13:49:30 2025] GET /2009-04-04/meta-data/block-device-mapping/root => generated 8 bytes in 2 msecs (HTTP/1.1 200) 3 headers in 98 bytes (1 switches on core 0)
Jul 30 13:49:30.915496 np0000031751 devstack@n-api-meta.service[77545]: DEBUG nova.api.metadata.handler [None req-81619556-c007-4b81-a1da-45640a505142 None None] Metadata request headers: {'Host': '192.168.1.129:8775', 'User-Agent': 'python-requests/2.32.3', 'Accept-Encoding': 'gzip, deflate', 'Accept': '*/*', 'Connection': 'keep-alive', 'X-Forwarded-For': '10.1.0.9', 'X-Instance-Id': '8b7622ba-ee82-408d-8447-688a5b8973e1', 'X-Tenant-Id': '50409ff15deb4708aaf97383cc8e1135', 'X-Instance-Id-Signature': '31885016d97ee47d1b217b410fa2a390358667d183d3f16145a7225ad097c5cc'} {{(pid=77545) __call__ /opt/stack/nova/nova/api/metadata/handler.py:109}}
Jul 30 13:49:30.916541 np0000031751 devstack@n-api-meta.service[77545]: DEBUG nova.api.metadata.handler [None req-81619556-c007-4b81-a1da-45640a505142 None None] Using cached metadata for instance 8b7622ba-ee82-408d-8447-688a5b8973e1 {{(pid=77545) get_metadata_by_instance_id /opt/stack/nova/nova/api/metadata/handler.py:84}}
Jul 30 13:49:30.916884 np0000031751 devstack@n-api-meta.service[77545]: [pid: 77545|app: 0|req: 8/15] 192.168.1.129 () {40 vars in 689 bytes} [Wed Jul 30 13:49:30 2025] GET /2009-04-04/meta-data/public-hostname => generated 49 bytes in 2 msecs (HTTP/1.1 200) 3 headers in 99 bytes (1 switches on core 0)
