Jul 30 20:29:43.541706 np0000032025 systemd[1]: Starting devstack@g-api.service - Devstack devstack@g-api.service...
Jul 30 20:29:43.545274 np0000032025 devstack@g-api.service[80357]: [uWSGI] getting INI configuration from /etc/glance/glance-uwsgi.ini
Jul 30 20:29:43.547253 np0000032025 devstack@g-api.service[80357]: *** Starting uWSGI 2.0.24-debian (64bit) on [Wed Jul 30 20:29:43 2025] ***
Jul 30 20:29:43.547253 np0000032025 devstack@g-api.service[80357]: compiled with version: 13.2.0 on 17 April 2024 16:23:48
Jul 30 20:29:43.547253 np0000032025 devstack@g-api.service[80357]: os: Linux-6.8.0-71-generic #71-Ubuntu SMP PREEMPT_DYNAMIC Tue Jul 22 16:52:38 UTC 2025
Jul 30 20:29:43.547253 np0000032025 devstack@g-api.service[80357]: nodename: np0000032025
Jul 30 20:29:43.547253 np0000032025 devstack@g-api.service[80357]: machine: x86_64
Jul 30 20:29:43.547253 np0000032025 devstack@g-api.service[80357]: clock source: unix
Jul 30 20:29:43.547253 np0000032025 devstack@g-api.service[80357]: pcre jit disabled
Jul 30 20:29:43.547253 np0000032025 devstack@g-api.service[80357]: detected number of CPU cores: 8
Jul 30 20:29:43.547253 np0000032025 devstack@g-api.service[80357]: current working directory: /
Jul 30 20:29:43.547253 np0000032025 devstack@g-api.service[80357]: detected binary path: /usr/bin/uwsgi-core
Jul 30 20:29:43.547253 np0000032025 devstack@g-api.service[80357]: your processes number limit is 31483
Jul 30 20:29:43.547253 np0000032025 devstack@g-api.service[80357]: your memory page size is 4096 bytes
Jul 30 20:29:43.547253 np0000032025 devstack@g-api.service[80357]: detected max file descriptor number: 2048
Jul 30 20:29:43.547482 np0000032025 devstack@g-api.service[80357]: lock engine: pthread robust mutexes
Jul 30 20:29:43.547482 np0000032025 devstack@g-api.service[80357]: thunder lock: enabled
Jul 30 20:29:43.547482 np0000032025 devstack@g-api.service[80357]: uwsgi socket 0 bound to TCP address 127.0.0.1:60999 fd 4
Jul 30 20:29:43.547482 np0000032025 devstack@g-api.service[80357]: Python version: 3.12.3 (main, Jun 18 2025, 17:59:45) [GCC 13.3.0]
Jul 30 20:29:43.547482 np0000032025 devstack@g-api.service[80357]: PEP 405 virtualenv detected: /opt/stack/data/venv
Jul 30 20:29:43.547482 np0000032025 devstack@g-api.service[80357]: Set PythonHome to /opt/stack/data/venv
Jul 30 20:29:43.573500 np0000032025 devstack@g-api.service[80357]: Python main interpreter initialized at 0x7d67da0a39e8
Jul 30 20:29:43.573553 np0000032025 devstack@g-api.service[80357]: python threads support enabled
Jul 30 20:29:43.573553 np0000032025 devstack@g-api.service[80357]: your server socket listen backlog is limited to 100 connections
Jul 30 20:29:43.573553 np0000032025 devstack@g-api.service[80357]: your mercy for graceful operations on workers is 80 seconds
Jul 30 20:29:43.573687 np0000032025 devstack@g-api.service[80357]: mapped 403077 bytes (393 KB) for 2 cores
Jul 30 20:29:43.573733 np0000032025 devstack@g-api.service[80357]: *** Operational MODE: preforking ***
Jul 30 20:29:43.573891 np0000032025 devstack@g-api.service[80357]: *** uWSGI is running in multiple interpreter mode ***
Jul 30 20:29:43.573891 np0000032025 devstack@g-api.service[80357]: spawned uWSGI master process (pid: 80357)
Jul 30 20:29:43.573956 np0000032025 systemd[1]: Started devstack@g-api.service - Devstack devstack@g-api.service.
Jul 30 20:29:43.574234 np0000032025 devstack@g-api.service[80357]: spawned uWSGI worker 1 (pid: 80358, cores: 1)
Jul 30 20:29:43.574372 np0000032025 devstack@g-api.service[80357]: spawned uWSGI worker 2 (pid: 80359, cores: 1)
Jul 30 20:29:43.574422 np0000032025 devstack@g-api.service[80357]: running "unix_signal:15 gracefully_kill_them_all" (master-start)...
Jul 30 20:29:44.184183 np0000032025 devstack@g-api.service[80359]: INFO glance.async_ [-] Threadpool model set to 'NativeThreadPoolModel'
Jul 30 20:29:44.184419 np0000032025 devstack@g-api.service[80358]: INFO glance.async_ [-] Threadpool model set to 'NativeThreadPoolModel'
Jul 30 20:29:44.237554 np0000032025 devstack@g-api.service[80359]: DEBUG oslo_concurrency.processutils [-] Running cmd (subprocess): grep -F node.session.scan /sbin/iscsiadm {{(pid=80359) execute /opt/stack/data/venv/lib/python3.12/site-packages/oslo_concurrency/processutils.py:349}}
Jul 30 20:29:44.237645 np0000032025 devstack@g-api.service[80358]: DEBUG oslo_concurrency.processutils [-] Running cmd (subprocess): grep -F node.session.scan /sbin/iscsiadm {{(pid=80358) execute /opt/stack/data/venv/lib/python3.12/site-packages/oslo_concurrency/processutils.py:349}}
Jul 30 20:29:44.243336 np0000032025 devstack@g-api.service[80359]: DEBUG oslo_concurrency.processutils [-] CMD "grep -F node.session.scan /sbin/iscsiadm" returned: 0 in 0.006s {{(pid=80359) execute /opt/stack/data/venv/lib/python3.12/site-packages/oslo_concurrency/processutils.py:372}}
Jul 30 20:29:44.243420 np0000032025 devstack@g-api.service[80358]: DEBUG oslo_concurrency.processutils [-] CMD "grep -F node.session.scan /sbin/iscsiadm" returned: 0 in 0.006s {{(pid=80358) execute /opt/stack/data/venv/lib/python3.12/site-packages/oslo_concurrency/processutils.py:372}}
Jul 30 20:29:44.287897 np0000032025 devstack@g-api.service[80359]: DEBUG glance_store.common.attachment_state_manager [-] Initialising _AttachmentStateManager {{(pid=80359) __init__ /opt/stack/data/venv/lib/python3.12/site-packages/glance_store/common/attachment_state_manager.py:86}}
Jul 30 20:29:44.287978 np0000032025 devstack@g-api.service[80358]: DEBUG glance_store.common.attachment_state_manager [-] Initialising _AttachmentStateManager {{(pid=80358) __init__ /opt/stack/data/venv/lib/python3.12/site-packages/glance_store/common/attachment_state_manager.py:86}}
Jul 30 20:29:44.497038 np0000032025 devstack@g-api.service[80359]: DEBUG glance_store.backend [-] Attempting to import store cinder {{(pid=80359) _load_store /opt/stack/data/venv/lib/python3.12/site-packages/glance_store/backend.py:216}}
Jul 30 20:29:44.497134 np0000032025 devstack@g-api.service[80358]: DEBUG glance_store.backend [-] Attempting to import store cinder {{(pid=80358) _load_store /opt/stack/data/venv/lib/python3.12/site-packages/glance_store/backend.py:216}}
Jul 30 20:29:44.497158 np0000032025 devstack@g-api.service[80359]: DEBUG glance_store.backend [-] Attempting to import store file {{(pid=80359) _load_store /opt/stack/data/venv/lib/python3.12/site-packages/glance_store/backend.py:216}}
Jul 30 20:29:44.497177 np0000032025 devstack@g-api.service[80358]: DEBUG glance_store.backend [-] Attempting to import store file {{(pid=80358) _load_store /opt/stack/data/venv/lib/python3.12/site-packages/glance_store/backend.py:216}}
Jul 30 20:29:44.497196 np0000032025 devstack@g-api.service[80359]: DEBUG glance_store.backend [-] Attempting to import store glance.store.cinder.Store {{(pid=80359) _load_store /opt/stack/data/venv/lib/python3.12/site-packages/glance_store/backend.py:216}}
Jul 30 20:29:44.497215 np0000032025 devstack@g-api.service[80358]: DEBUG glance_store.backend [-] Attempting to import store glance.store.cinder.Store {{(pid=80358) _load_store /opt/stack/data/venv/lib/python3.12/site-packages/glance_store/backend.py:216}}
Jul 30 20:29:44.497235 np0000032025 devstack@g-api.service[80359]: DEBUG glance_store.backend [-] Attempting to import store glance.store.filesystem.Store {{(pid=80359) _load_store /opt/stack/data/venv/lib/python3.12/site-packages/glance_store/backend.py:216}}
Jul 30 20:29:44.497255 np0000032025 devstack@g-api.service[80358]: DEBUG glance_store.backend [-] Attempting to import store glance.store.filesystem.Store {{(pid=80358) _load_store /opt/stack/data/venv/lib/python3.12/site-packages/glance_store/backend.py:216}}
Jul 30 20:29:44.497288 np0000032025 devstack@g-api.service[80359]: DEBUG glance_store.backend [-] Attempting to import store glance.store.http.Store {{(pid=80359) _load_store /opt/stack/data/venv/lib/python3.12/site-packages/glance_store/backend.py:216}}
Jul 30 20:29:44.497308 np0000032025 devstack@g-api.service[80358]: DEBUG glance_store.backend [-] Attempting to import store glance.store.http.Store {{(pid=80358) _load_store /opt/stack/data/venv/lib/python3.12/site-packages/glance_store/backend.py:216}}
Jul 30 20:29:44.497345 np0000032025 devstack@g-api.service[80359]: DEBUG glance_store.backend [-] Attempting to import store glance.store.rbd.Store {{(pid=80359) _load_store /opt/stack/data/venv/lib/python3.12/site-packages/glance_store/backend.py:216}}
Jul 30 20:29:44.497365 np0000032025 devstack@g-api.service[80358]: DEBUG glance_store.backend [-] Attempting to import store glance.store.rbd.Store {{(pid=80358) _load_store /opt/stack/data/venv/lib/python3.12/site-packages/glance_store/backend.py:216}}
Jul 30 20:29:44.497392 np0000032025 devstack@g-api.service[80359]: DEBUG glance_store.backend [-] Attempting to import store glance.store.s3.Store {{(pid=80359) _load_store /opt/stack/data/venv/lib/python3.12/site-packages/glance_store/backend.py:216}}
Jul 30 20:29:44.497416 np0000032025 devstack@g-api.service[80358]: DEBUG glance_store.backend [-] Attempting to import store glance.store.s3.Store {{(pid=80358) _load_store /opt/stack/data/venv/lib/python3.12/site-packages/glance_store/backend.py:216}}
Jul 30 20:29:44.497449 np0000032025 devstack@g-api.service[80359]: DEBUG glance_store.backend [-] Attempting to import store glance.store.swift.Store {{(pid=80359) _load_store /opt/stack/data/venv/lib/python3.12/site-packages/glance_store/backend.py:216}}
Jul 30 20:29:44.497468 np0000032025 devstack@g-api.service[80358]: DEBUG glance_store.backend [-] Attempting to import store glance.store.swift.Store {{(pid=80358) _load_store /opt/stack/data/venv/lib/python3.12/site-packages/glance_store/backend.py:216}}
Jul 30 20:29:44.497513 np0000032025 devstack@g-api.service[80359]: DEBUG glance_store.backend [-] Attempting to import store glance.store.vmware_datastore.Store {{(pid=80359) _load_store /opt/stack/data/venv/lib/python3.12/site-packages/glance_store/backend.py:216}}
Jul 30 20:29:44.497533 np0000032025 devstack@g-api.service[80358]: DEBUG glance_store.backend [-] Attempting to import store glance.store.vmware_datastore.Store {{(pid=80358) _load_store /opt/stack/data/venv/lib/python3.12/site-packages/glance_store/backend.py:216}}
Jul 30 20:29:44.497573 np0000032025 devstack@g-api.service[80359]: DEBUG glance_store.backend [-] Attempting to import store http {{(pid=80359) _load_store /opt/stack/data/venv/lib/python3.12/site-packages/glance_store/backend.py:216}}
Jul 30 20:29:44.497600 np0000032025 devstack@g-api.service[80358]: DEBUG glance_store.backend [-] Attempting to import store http {{(pid=80358) _load_store /opt/stack/data/venv/lib/python3.12/site-packages/glance_store/backend.py:216}}
Jul 30 20:29:44.497619 np0000032025 devstack@g-api.service[80359]: DEBUG glance_store.backend [-] Attempting to import store no_conf {{(pid=80359) _load_store /opt/stack/data/venv/lib/python3.12/site-packages/glance_store/backend.py:216}}
Jul 30 20:29:44.497634 np0000032025 devstack@g-api.service[80358]: DEBUG glance_store.backend [-] Attempting to import store no_conf {{(pid=80358) _load_store /opt/stack/data/venv/lib/python3.12/site-packages/glance_store/backend.py:216}}
Jul 30 20:29:44.497673 np0000032025 devstack@g-api.service[80359]: DEBUG glance_store.backend [-] Attempting to import store rbd {{(pid=80359) _load_store /opt/stack/data/venv/lib/python3.12/site-packages/glance_store/backend.py:216}}
Jul 30 20:29:44.497701 np0000032025 devstack@g-api.service[80358]: DEBUG glance_store.backend [-] Attempting to import store rbd {{(pid=80358) _load_store /opt/stack/data/venv/lib/python3.12/site-packages/glance_store/backend.py:216}}
Jul 30 20:29:44.497725 np0000032025 devstack@g-api.service[80359]: DEBUG glance_store.backend [-] Attempting to import store s3 {{(pid=80359) _load_store /opt/stack/data/venv/lib/python3.12/site-packages/glance_store/backend.py:216}}
Jul 30 20:29:44.497740 np0000032025 devstack@g-api.service[80358]: DEBUG glance_store.backend [-] Attempting to import store s3 {{(pid=80358) _load_store /opt/stack/data/venv/lib/python3.12/site-packages/glance_store/backend.py:216}}
Jul 30 20:29:44.497774 np0000032025 devstack@g-api.service[80359]: DEBUG glance_store.backend [-] Attempting to import store swift {{(pid=80359) _load_store /opt/stack/data/venv/lib/python3.12/site-packages/glance_store/backend.py:216}}
Jul 30 20:29:44.497793 np0000032025 devstack@g-api.service[80358]: DEBUG glance_store.backend [-] Attempting to import store swift {{(pid=80358) _load_store /opt/stack/data/venv/lib/python3.12/site-packages/glance_store/backend.py:216}}
Jul 30 20:29:44.497826 np0000032025 devstack@g-api.service[80358]: DEBUG glance_store.backend [-] Attempting to import store vmware {{(pid=80358) _load_store /opt/stack/data/venv/lib/python3.12/site-packages/glance_store/backend.py:216}}
Jul 30 20:29:44.497845 np0000032025 devstack@g-api.service[80359]: DEBUG glance_store.backend [-] Attempting to import store vmware {{(pid=80359) _load_store /opt/stack/data/venv/lib/python3.12/site-packages/glance_store/backend.py:216}}
Jul 30 20:29:44.497888 np0000032025 devstack@g-api.service[80359]: DEBUG glance_store.backend [-] Registering options for group glance_store {{(pid=80359) register_opts /opt/stack/data/venv/lib/python3.12/site-packages/glance_store/backend.py:145}}
Jul 30 20:29:44.497906 np0000032025 devstack@g-api.service[80358]: DEBUG glance_store.backend [-] Registering options for group glance_store {{(pid=80358) register_opts /opt/stack/data/venv/lib/python3.12/site-packages/glance_store/backend.py:145}}
Jul 30 20:29:44.498072 np0000032025 devstack@g-api.service[80358]: DEBUG glance_store.backend [-] Registering options for group glance_store {{(pid=80358) register_opts /opt/stack/data/venv/lib/python3.12/site-packages/glance_store/backend.py:145}}
Jul 30 20:29:44.498093 np0000032025 devstack@g-api.service[80359]: DEBUG glance_store.backend [-] Registering options for group glance_store {{(pid=80359) register_opts /opt/stack/data/venv/lib/python3.12/site-packages/glance_store/backend.py:145}}
Jul 30 20:29:44.498348 np0000032025 devstack@g-api.service[80358]: DEBUG glance_store.backend [-] Attempting to import store http {{(pid=80358) _load_store /opt/stack/data/venv/lib/python3.12/site-packages/glance_store/backend.py:216}}
Jul 30 20:29:44.498368 np0000032025 devstack@g-api.service[80359]: DEBUG glance_store.backend [-] Attempting to import store http {{(pid=80359) _load_store /opt/stack/data/venv/lib/python3.12/site-packages/glance_store/backend.py:216}}
Jul 30 20:29:44.498530 np0000032025 devstack@g-api.service[80359]: DEBUG glance_store.capabilities [-] Store glance_store._drivers.http.Store doesn't support updating dynamic storage capabilities. Please overwrite 'update_capabilities' method of the store to implement updating logics if needed. {{(pid=80359) update_capabilities /opt/stack/data/venv/lib/python3.12/site-packages/glance_store/capabilities.py:91}}
Jul 30 20:29:44.498557 np0000032025 devstack@g-api.service[80358]: DEBUG glance_store.capabilities [-] Store glance_store._drivers.http.Store doesn't support updating dynamic storage capabilities. Please overwrite 'update_capabilities' method of the store to implement updating logics if needed. {{(pid=80358) update_capabilities /opt/stack/data/venv/lib/python3.12/site-packages/glance_store/capabilities.py:91}}
Jul 30 20:29:44.498576 np0000032025 devstack@g-api.service[80358]: DEBUG glance_store.backend [-] Registering store http with schemes ('http', 'https') {{(pid=80358) create_stores /opt/stack/data/venv/lib/python3.12/site-packages/glance_store/backend.py:262}}
Jul 30 20:29:44.498597 np0000032025 devstack@g-api.service[80359]: DEBUG glance_store.backend [-] Registering store http with schemes ('http', 'https') {{(pid=80359) create_stores /opt/stack/data/venv/lib/python3.12/site-packages/glance_store/backend.py:262}}
Jul 30 20:29:44.498615 np0000032025 devstack@g-api.service[80358]: DEBUG glance_store.driver [-] Late loading location class glance_store._drivers.http.StoreLocation {{(pid=80358) get_store_location_class /opt/stack/data/venv/lib/python3.12/site-packages/glance_store/driver.py:136}}
Jul 30 20:29:44.498633 np0000032025 devstack@g-api.service[80359]: DEBUG glance_store.driver [-] Late loading location class glance_store._drivers.http.StoreLocation {{(pid=80359) get_store_location_class /opt/stack/data/venv/lib/python3.12/site-packages/glance_store/driver.py:136}}
Jul 30 20:29:44.498664 np0000032025 devstack@g-api.service[80359]: DEBUG glance_store.location [-] Registering scheme http with {'store': <glance_store._drivers.http.Store object at 0x7d67d6cb6ba0>, 'location_class': <class 'glance_store._drivers.http.StoreLocation'>, 'store_entry': 'http'} {{(pid=80359) register_scheme_map /opt/stack/data/venv/lib/python3.12/site-packages/glance_store/location.py:146}}
Jul 30 20:29:44.498691 np0000032025 devstack@g-api.service[80358]: DEBUG glance_store.location [-] Registering scheme http with {'store': <glance_store._drivers.http.Store object at 0x7d67d53544d0>, 'location_class': <class 'glance_store._drivers.http.StoreLocation'>, 'store_entry': 'http'} {{(pid=80358) register_scheme_map /opt/stack/data/venv/lib/python3.12/site-packages/glance_store/location.py:146}}
Jul 30 20:29:44.498711 np0000032025 devstack@g-api.service[80359]: DEBUG glance_store.location [-] Registering scheme https with {'store': <glance_store._drivers.http.Store object at 0x7d67d6cb6ba0>, 'location_class': <class 'glance_store._drivers.http.StoreLocation'>, 'store_entry': 'http'} {{(pid=80359) register_scheme_map /opt/stack/data/venv/lib/python3.12/site-packages/glance_store/location.py:146}}
Jul 30 20:29:44.498727 np0000032025 devstack@g-api.service[80358]: DEBUG glance_store.location [-] Registering scheme https with {'store': <glance_store._drivers.http.Store object at 0x7d67d53544d0>, 'location_class': <class 'glance_store._drivers.http.StoreLocation'>, 'store_entry': 'http'} {{(pid=80358) register_scheme_map /opt/stack/data/venv/lib/python3.12/site-packages/glance_store/location.py:146}}
Jul 30 20:29:44.498742 np0000032025 devstack@g-api.service[80359]: DEBUG glance_store.backend [-] Attempting to import store file {{(pid=80359) _load_store /opt/stack/data/venv/lib/python3.12/site-packages/glance_store/backend.py:216}}
Jul 30 20:29:44.498756 np0000032025 devstack@g-api.service[80358]: DEBUG glance_store.backend [-] Attempting to import store file {{(pid=80358) _load_store /opt/stack/data/venv/lib/python3.12/site-packages/glance_store/backend.py:216}}
Jul 30 20:29:44.499024 np0000032025 devstack@g-api.service[80359]: DEBUG glance_store.capabilities [-] Store glance_store._drivers.filesystem.Store doesn't support updating dynamic storage capabilities. Please overwrite 'update_capabilities' method of the store to implement updating logics if needed. {{(pid=80359) update_capabilities /opt/stack/data/venv/lib/python3.12/site-packages/glance_store/capabilities.py:91}}
Jul 30 20:29:44.499047 np0000032025 devstack@g-api.service[80358]: DEBUG glance_store.capabilities [-] Store glance_store._drivers.filesystem.Store doesn't support updating dynamic storage capabilities. Please overwrite 'update_capabilities' method of the store to implement updating logics if needed. {{(pid=80358) update_capabilities /opt/stack/data/venv/lib/python3.12/site-packages/glance_store/capabilities.py:91}}
Jul 30 20:29:44.499063 np0000032025 devstack@g-api.service[80359]: DEBUG glance_store.backend [-] Registering store file with schemes ('file', 'filesystem') {{(pid=80359) create_stores /opt/stack/data/venv/lib/python3.12/site-packages/glance_store/backend.py:262}}
Jul 30 20:29:44.499088 np0000032025 devstack@g-api.service[80358]: DEBUG glance_store.backend [-] Registering store file with schemes ('file', 'filesystem') {{(pid=80358) create_stores /opt/stack/data/venv/lib/python3.12/site-packages/glance_store/backend.py:262}}
Jul 30 20:29:44.499104 np0000032025 devstack@g-api.service[80359]: DEBUG glance_store.driver [-] Late loading location class glance_store._drivers.filesystem.StoreLocation {{(pid=80359) get_store_location_class /opt/stack/data/venv/lib/python3.12/site-packages/glance_store/driver.py:136}}
Jul 30 20:29:44.499118 np0000032025 devstack@g-api.service[80358]: DEBUG glance_store.driver [-] Late loading location class glance_store._drivers.filesystem.StoreLocation {{(pid=80358) get_store_location_class /opt/stack/data/venv/lib/python3.12/site-packages/glance_store/driver.py:136}}
Jul 30 20:29:44.499155 np0000032025 devstack@g-api.service[80359]: DEBUG glance_store.location [-] Registering scheme file with {'store': <glance_store._drivers.filesystem.Store object at 0x7d67d54044d0>, 'location_class': <class 'glance_store._drivers.filesystem.StoreLocation'>, 'store_entry': 'file'} {{(pid=80359) register_scheme_map /opt/stack/data/venv/lib/python3.12/site-packages/glance_store/location.py:146}}
Jul 30 20:29:44.499173 np0000032025 devstack@g-api.service[80358]: DEBUG glance_store.location [-] Registering scheme file with {'store': <glance_store._drivers.filesystem.Store object at 0x7d67d5ba2ae0>, 'location_class': <class 'glance_store._drivers.filesystem.StoreLocation'>, 'store_entry': 'file'} {{(pid=80358) register_scheme_map /opt/stack/data/venv/lib/python3.12/site-packages/glance_store/location.py:146}}
Jul 30 20:29:44.499188 np0000032025 devstack@g-api.service[80358]: DEBUG glance_store.location [-] Registering scheme filesystem with {'store': <glance_store._drivers.filesystem.Store object at 0x7d67d5ba2ae0>, 'location_class': <class 'glance_store._drivers.filesystem.StoreLocation'>, 'store_entry': 'file'} {{(pid=80358) register_scheme_map /opt/stack/data/venv/lib/python3.12/site-packages/glance_store/location.py:146}}
Jul 30 20:29:44.499203 np0000032025 devstack@g-api.service[80359]: DEBUG glance_store.location [-] Registering scheme filesystem with {'store': <glance_store._drivers.filesystem.Store object at 0x7d67d54044d0>, 'location_class': <class 'glance_store._drivers.filesystem.StoreLocation'>, 'store_entry': 'file'} {{(pid=80359) register_scheme_map /opt/stack/data/venv/lib/python3.12/site-packages/glance_store/location.py:146}}
Jul 30 20:29:44.499416 np0000032025 devstack@g-api.service[80358]: DEBUG glance.sqlite_migration [-] SQLite caching database not located, skipping migration {{(pid=80358) get_db_path /opt/stack/glance/glance/sqlite_migration.py:68}}
Jul 30 20:29:44.499434 np0000032025 devstack@g-api.service[80359]: DEBUG glance.sqlite_migration [-] SQLite caching database not located, skipping migration {{(pid=80359) get_db_path /opt/stack/glance/glance/sqlite_migration.py:68}}
Jul 30 20:29:44.499572 np0000032025 devstack@g-api.service[80358]: WARNING glance.common.wsgi_app [-] Import methods are enabled but staging directory /tmp/staging/ does not exist; Imports will fail!
Jul 30 20:29:44.499591 np0000032025 devstack@g-api.service[80359]: WARNING glance.common.wsgi_app [-] Import methods are enabled but staging directory /tmp/staging/ does not exist; Imports will fail!
Jul 30 20:29:44.723035 np0000032025 devstack@g-api.service[80359]: DEBUG glance.common.config [None req-6c03f21f-2bb0-477e-9279-c83673c6a7da None None] Loading glance-api-keystone+cachemanagement from /etc/glance/glance-api-paste.ini {{(pid=80359) load_paste_app /opt/stack/glance/glance/common/config.py:750}}
Jul 30 20:29:44.724072 np0000032025 devstack@g-api.service[80358]: DEBUG glance.common.config [None req-37faf85a-d113-4562-a228-1d67beb81bf7 None None] Loading glance-api-keystone+cachemanagement from /etc/glance/glance-api-paste.ini {{(pid=80358) load_paste_app /opt/stack/glance/glance/common/config.py:750}}
Jul 30 20:29:45.206515 np0000032025 devstack@g-api.service[80358]: INFO glance.image_cache [None req-37faf85a-d113-4562-a228-1d67beb81bf7 None None] Image cache loaded driver 'centralized_db'.
Jul 30 20:29:45.226390 np0000032025 devstack@g-api.service[80359]: INFO glance.image_cache [None req-6c03f21f-2bb0-477e-9279-c83673c6a7da None None] Image cache loaded driver 'centralized_db'.
Jul 30 20:29:45.237811 np0000032025 devstack@g-api.service[80358]: INFO dbcounter [None req-37faf85a-d113-4562-a228-1d67beb81bf7 None None] Registered counter for database glance
Jul 30 20:29:45.246223 np0000032025 devstack@g-api.service[80358]: DEBUG oslo_db.sqlalchemy.engines [None req-37faf85a-d113-4562-a228-1d67beb81bf7 None None] MySQL server mode set to STRICT_TRANS_TABLES,STRICT_ALL_TABLES,NO_ZERO_IN_DATE,NO_ZERO_DATE,ERROR_FOR_DIVISION_BY_ZERO,TRADITIONAL,NO_ENGINE_SUBSTITUTION {{(pid=80358) _check_effective_sql_mode /opt/stack/data/venv/lib/python3.12/site-packages/oslo_db/sqlalchemy/engines.py:397}}
Jul 30 20:29:45.257469 np0000032025 devstack@g-api.service[80359]: INFO dbcounter [None req-6c03f21f-2bb0-477e-9279-c83673c6a7da None None] Registered counter for database glance
Jul 30 20:29:45.263147 np0000032025 devstack@g-api.service[80358]: DEBUG dbcounter [-] [80358] Writer thread running {{(pid=80358) stat_writer /opt/stack/data/venv/lib/python3.12/site-packages/dbcounter.py:102}}
Jul 30 20:29:45.265474 np0000032025 devstack@g-api.service[80359]: DEBUG oslo_db.sqlalchemy.engines [None req-6c03f21f-2bb0-477e-9279-c83673c6a7da None None] MySQL server mode set to STRICT_TRANS_TABLES,STRICT_ALL_TABLES,NO_ZERO_IN_DATE,NO_ZERO_DATE,ERROR_FOR_DIVISION_BY_ZERO,TRADITIONAL,NO_ENGINE_SUBSTITUTION {{(pid=80359) _check_effective_sql_mode /opt/stack/data/venv/lib/python3.12/site-packages/oslo_db/sqlalchemy/engines.py:397}}
Jul 30 20:29:45.274924 np0000032025 devstack@g-api.service[80358]: INFO glance.image_cache [None req-37faf85a-d113-4562-a228-1d67beb81bf7 None None] Image cache loaded driver 'centralized_db'.
Jul 30 20:29:45.281070 np0000032025 devstack@g-api.service[80358]: DEBUG glance.image_cache.drivers.centralized_db [None req-37faf85a-d113-4562-a228-1d67beb81bf7 None None] Node reference is already recorded, ignoring it {{(pid=80358) configure /opt/stack/glance/glance/image_cache/drivers/centralized_db.py:71}}
Jul 30 20:29:45.282537 np0000032025 devstack@g-api.service[80359]: DEBUG dbcounter [-] [80359] Writer thread running {{(pid=80359) stat_writer /opt/stack/data/venv/lib/python3.12/site-packages/dbcounter.py:102}}
Jul 30 20:29:45.284791 np0000032025 devstack@g-api.service[80359]: DEBUG glance.image_cache.drivers.centralized_db [None req-6c03f21f-2bb0-477e-9279-c83673c6a7da None None] Node reference is already recorded, ignoring it {{(pid=80359) configure /opt/stack/glance/glance/image_cache/drivers/centralized_db.py:71}}
Jul 30 20:29:45.285044 np0000032025 devstack@g-api.service[80358]: DEBUG glance.api.v2.cached_images [None req-37faf85a-d113-4562-a228-1d67beb81bf7 None None] Started cache worker thread {{(pid=80358) __init__ /opt/stack/glance/glance/api/v2/cached_images.py:69}}
Jul 30 20:29:45.285569 np0000032025 devstack@g-api.service[80358]: INFO glance.image_cache [None req-37faf85a-d113-4562-a228-1d67beb81bf7 None None] Image cache loaded driver 'centralized_db'.
Jul 30 20:29:45.290001 np0000032025 devstack@g-api.service[80359]: INFO glance.image_cache [None req-6c03f21f-2bb0-477e-9279-c83673c6a7da None None] Image cache loaded driver 'centralized_db'.
Jul 30 20:29:45.291205 np0000032025 devstack@g-api.service[80358]: DEBUG glance.image_cache.drivers.centralized_db [None req-37faf85a-d113-4562-a228-1d67beb81bf7 None None] Node reference is already recorded, ignoring it {{(pid=80358) configure /opt/stack/glance/glance/image_cache/drivers/centralized_db.py:71}}
Jul 30 20:29:45.295168 np0000032025 devstack@g-api.service[80358]: INFO glance.api.middleware.cache_manage [None req-37faf85a-d113-4562-a228-1d67beb81bf7 None None] Initialized image cache management middleware
Jul 30 20:29:45.295283 np0000032025 devstack@g-api.service[80358]: INFO glance.image_cache [None req-37faf85a-d113-4562-a228-1d67beb81bf7 None None] Image cache loaded driver 'centralized_db'.
Jul 30 20:29:45.295859 np0000032025 devstack@g-api.service[80359]: DEBUG glance.image_cache.drivers.centralized_db [None req-6c03f21f-2bb0-477e-9279-c83673c6a7da None None] Node reference is already recorded, ignoring it {{(pid=80359) configure /opt/stack/glance/glance/image_cache/drivers/centralized_db.py:71}}
Jul 30 20:29:45.299880 np0000032025 devstack@g-api.service[80359]: DEBUG glance.api.v2.cached_images [None req-6c03f21f-2bb0-477e-9279-c83673c6a7da None None] Started cache worker thread {{(pid=80359) __init__ /opt/stack/glance/glance/api/v2/cached_images.py:69}}
Jul 30 20:29:45.300382 np0000032025 devstack@g-api.service[80359]: INFO glance.image_cache [None req-6c03f21f-2bb0-477e-9279-c83673c6a7da None None] Image cache loaded driver 'centralized_db'.
Jul 30 20:29:45.300703 np0000032025 devstack@g-api.service[80358]: DEBUG glance.image_cache.drivers.centralized_db [None req-37faf85a-d113-4562-a228-1d67beb81bf7 None None] Node reference is already recorded, ignoring it {{(pid=80358) configure /opt/stack/glance/glance/image_cache/drivers/centralized_db.py:71}}
Jul 30 20:29:45.304477 np0000032025 devstack@g-api.service[80358]: INFO glance.api.middleware.cache [None req-37faf85a-d113-4562-a228-1d67beb81bf7 None None] Initialized image cache middleware
Jul 30 20:29:45.305709 np0000032025 devstack@g-api.service[80359]: DEBUG glance.image_cache.drivers.centralized_db [None req-6c03f21f-2bb0-477e-9279-c83673c6a7da None None] Node reference is already recorded, ignoring it {{(pid=80359) configure /opt/stack/glance/glance/image_cache/drivers/centralized_db.py:71}}
Jul 30 20:29:45.309120 np0000032025 devstack@g-api.service[80358]: WARNING keystonemiddleware.auth_token [None req-37faf85a-d113-4562-a228-1d67beb81bf7 None None] AuthToken middleware is set with keystone_authtoken.service_token_roles_required set to False. This is backwards compatible but deprecated behaviour. Please set this to True.
Jul 30 20:29:45.309616 np0000032025 devstack@g-api.service[80359]: INFO glance.api.middleware.cache_manage [None req-6c03f21f-2bb0-477e-9279-c83673c6a7da None None] Initialized image cache management middleware
Jul 30 20:29:45.309734 np0000032025 devstack@g-api.service[80359]: INFO glance.image_cache [None req-6c03f21f-2bb0-477e-9279-c83673c6a7da None None] Image cache loaded driver 'centralized_db'.
Jul 30 20:29:45.312197 np0000032025 devstack@g-api.service[80358]: WARNING keystonemiddleware.auth_token [None req-37faf85a-d113-4562-a228-1d67beb81bf7 None None] Configuring www_authenticate_uri to point to the public identity endpoint is required; clients may not be able to authenticate against an admin endpoint
Jul 30 20:29:45.314843 np0000032025 devstack@g-api.service[80358]: DEBUG glance.common.config [None req-37faf85a-d113-4562-a228-1d67beb81bf7 None None] ******************************************************************************** {{(pid=80358) log_opt_values /opt/stack/data/venv/lib/python3.12/site-packages/oslo_config/cfg.py:2804}}
Jul 30 20:29:45.314914 np0000032025 devstack@g-api.service[80358]: DEBUG glance.common.config [None req-37faf85a-d113-4562-a228-1d67beb81bf7 None None] Configuration options gathered from: {{(pid=80358) log_opt_values /opt/stack/data/venv/lib/python3.12/site-packages/oslo_config/cfg.py:2805}}
Jul 30 20:29:45.315160 np0000032025 devstack@g-api.service[80358]: DEBUG glance.common.config [None req-37faf85a-d113-4562-a228-1d67beb81bf7 None None] command line args: [] {{(pid=80358) log_opt_values /opt/stack/data/venv/lib/python3.12/site-packages/oslo_config/cfg.py:2806}}
Jul 30 20:29:45.315259 np0000032025 devstack@g-api.service[80358]: DEBUG glance.common.config [None req-37faf85a-d113-4562-a228-1d67beb81bf7 None None] config files: ['/etc/glance/glance-image-import.conf', '/etc/glance/glance-api.conf'] {{(pid=80358) log_opt_values /opt/stack/data/venv/lib/python3.12/site-packages/oslo_config/cfg.py:2807}}
Jul 30 20:29:45.315309 np0000032025 devstack@g-api.service[80358]: DEBUG glance.common.config [None req-37faf85a-d113-4562-a228-1d67beb81bf7 None None] ================================================================================ {{(pid=80358) log_opt_values /opt/stack/data/venv/lib/python3.12/site-packages/oslo_config/cfg.py:2809}}
Jul 30 20:29:45.315406 np0000032025 devstack@g-api.service[80358]: DEBUG glance.common.config [None req-37faf85a-d113-4562-a228-1d67beb81bf7 None None] allow_anonymous_access         = False {{(pid=80358) log_opt_values /opt/stack/data/venv/lib/python3.12/site-packages/oslo_config/cfg.py:2817}}
Jul 30 20:29:45.315482 np0000032025 devstack@g-api.service[80358]: DEBUG glance.common.config [None req-37faf85a-d113-4562-a228-1d67beb81bf7 None None] api_limit_max                  = 1000 {{(pid=80358) log_opt_values /opt/stack/data/venv/lib/python3.12/site-packages/oslo_config/cfg.py:2817}}
Jul 30 20:29:45.315570 np0000032025 devstack@g-api.service[80358]: DEBUG glance.common.config [None req-37faf85a-d113-4562-a228-1d67beb81bf7 None None] backlog                        = 4096 {{(pid=80358) log_opt_values /opt/stack/data/venv/lib/python3.12/site-packages/oslo_config/cfg.py:2817}}
Jul 30 20:29:45.315670 np0000032025 devstack@g-api.service[80358]: DEBUG glance.common.config [None req-37faf85a-d113-4562-a228-1d67beb81bf7 None None] bind_host                      = 0.0.0.0 {{(pid=80358) log_opt_values /opt/stack/data/venv/lib/python3.12/site-packages/oslo_config/cfg.py:2817}}
Jul 30 20:29:45.315713 np0000032025 devstack@g-api.service[80359]: DEBUG glance.image_cache.drivers.centralized_db [None req-6c03f21f-2bb0-477e-9279-c83673c6a7da None None] Node reference is already recorded, ignoring it {{(pid=80359) configure /opt/stack/glance/glance/image_cache/drivers/centralized_db.py:71}}
Jul 30 20:29:45.315754 np0000032025 devstack@g-api.service[80358]: DEBUG glance.common.config [None req-37faf85a-d113-4562-a228-1d67beb81bf7 None None] bind_port                      = 19292 {{(pid=80358) log_opt_values /opt/stack/data/venv/lib/python3.12/site-packages/oslo_config/cfg.py:2817}}
Jul 30 20:29:45.315828 np0000032025 devstack@g-api.service[80358]: DEBUG glance.common.config [None req-37faf85a-d113-4562-a228-1d67beb81bf7 None None] client_socket_timeout          = 900 {{(pid=80358) log_opt_values /opt/stack/data/venv/lib/python3.12/site-packages/oslo_config/cfg.py:2817}}
Jul 30 20:29:45.315904 np0000032025 devstack@g-api.service[80358]: DEBUG glance.common.config [None req-37faf85a-d113-4562-a228-1d67beb81bf7 None None] config_dir                     = [] {{(pid=80358) log_opt_values /opt/stack/data/venv/lib/python3.12/site-packages/oslo_config/cfg.py:2817}}
Jul 30 20:29:45.315959 np0000032025 devstack@g-api.service[80358]: DEBUG glance.common.config [None req-37faf85a-d113-4562-a228-1d67beb81bf7 None None] config_file                    = ['/etc/glance/glance-image-import.conf', '/etc/glance/glance-api.conf'] {{(pid=80358) log_opt_values /opt/stack/data/venv/lib/python3.12/site-packages/oslo_config/cfg.py:2817}}
Jul 30 20:29:45.316038 np0000032025 devstack@g-api.service[80358]: DEBUG glance.common.config [None req-37faf85a-d113-4562-a228-1d67beb81bf7 None None] config_source                  = [] {{(pid=80358) log_opt_values /opt/stack/data/venv/lib/python3.12/site-packages/oslo_config/cfg.py:2817}}
Jul 30 20:29:45.316113 np0000032025 devstack@g-api.service[80358]: DEBUG glance.common.config [None req-37faf85a-d113-4562-a228-1d67beb81bf7 None None] control_exchange               = glance {{(pid=80358) log_opt_values /opt/stack/data/venv/lib/python3.12/site-packages/oslo_config/cfg.py:2817}}
Jul 30 20:29:45.316164 np0000032025 devstack@g-api.service[80358]: DEBUG glance.common.config [None req-37faf85a-d113-4562-a228-1d67beb81bf7 None None] debug                          = True {{(pid=80358) log_opt_values /opt/stack/data/venv/lib/python3.12/site-packages/oslo_config/cfg.py:2817}}
Jul 30 20:29:45.316288 np0000032025 devstack@g-api.service[80358]: DEBUG glance.common.config [None req-37faf85a-d113-4562-a228-1d67beb81bf7 None None] default_log_levels             = ['amqp=WARN', 'amqplib=WARN', 'boto=WARN', 'qpid=WARN', 'sqlalchemy=WARN', 'suds=INFO', 'oslo.messaging=INFO', 'oslo_messaging=INFO', 'iso8601=WARN', 'requests.packages.urllib3.connectionpool=WARN', 'urllib3.connectionpool=WARN', 'websocket=WARN', 'requests.packages.urllib3.util.retry=WARN', 'urllib3.util.retry=WARN', 'keystonemiddleware=WARN', 'routes.middleware=WARN', 'stevedore=WARN', 'taskflow=WARN', 'keystoneauth=WARN', 'oslo.cache=INFO', 'oslo_policy=INFO', 'dogpile.core.dogpile=INFO'] {{(pid=80358) log_opt_values /opt/stack/data/venv/lib/python3.12/site-packages/oslo_config/cfg.py:2817}}
Jul 30 20:29:45.316371 np0000032025 devstack@g-api.service[80358]: DEBUG glance.common.config [None req-37faf85a-d113-4562-a228-1d67beb81bf7 None None] default_publisher_id           = image.localhost {{(pid=80358) log_opt_values /opt/stack/data/venv/lib/python3.12/site-packages/oslo_config/cfg.py:2817}}
Jul 30 20:29:45.316429 np0000032025 devstack@g-api.service[80358]: DEBUG glance.common.config [None req-37faf85a-d113-4562-a228-1d67beb81bf7 None None] delayed_delete                 = False {{(pid=80358) log_opt_values /opt/stack/data/venv/lib/python3.12/site-packages/oslo_config/cfg.py:2817}}
Jul 30 20:29:45.316509 np0000032025 devstack@g-api.service[80358]: DEBUG glance.common.config [None req-37faf85a-d113-4562-a228-1d67beb81bf7 None None] digest_algorithm               = sha256 {{(pid=80358) log_opt_values /opt/stack/data/venv/lib/python3.12/site-packages/oslo_config/cfg.py:2817}}
Jul 30 20:29:45.316581 np0000032025 devstack@g-api.service[80358]: DEBUG glance.common.config [None req-37faf85a-d113-4562-a228-1d67beb81bf7 None None] disabled_notifications         = [] {{(pid=80358) log_opt_values /opt/stack/data/venv/lib/python3.12/site-packages/oslo_config/cfg.py:2817}}
Jul 30 20:29:45.316649 np0000032025 devstack@g-api.service[80358]: DEBUG glance.common.config [None req-37faf85a-d113-4562-a228-1d67beb81bf7 None None] do_secure_hash                 = True {{(pid=80358) log_opt_values /opt/stack/data/venv/lib/python3.12/site-packages/oslo_config/cfg.py:2817}}
Jul 30 20:29:45.316717 np0000032025 devstack@g-api.service[80358]: DEBUG glance.common.config [None req-37faf85a-d113-4562-a228-1d67beb81bf7 None None] enabled_backends               = None {{(pid=80358) log_opt_values /opt/stack/data/venv/lib/python3.12/site-packages/oslo_config/cfg.py:2817}}
Jul 30 20:29:45.316798 np0000032025 devstack@g-api.service[80358]: DEBUG glance.common.config [None req-37faf85a-d113-4562-a228-1d67beb81bf7 None None] enabled_import_methods         = ['glance-direct', 'web-download', 'copy-image'] {{(pid=80358) log_opt_values /opt/stack/data/venv/lib/python3.12/site-packages/oslo_config/cfg.py:2817}}
Jul 30 20:29:45.316870 np0000032025 devstack@g-api.service[80358]: DEBUG glance.common.config [None req-37faf85a-d113-4562-a228-1d67beb81bf7 None None] hashing_algorithm              = sha512 {{(pid=80358) log_opt_values /opt/stack/data/venv/lib/python3.12/site-packages/oslo_config/cfg.py:2817}}
Jul 30 20:29:45.316938 np0000032025 devstack@g-api.service[80358]: DEBUG glance.common.config [None req-37faf85a-d113-4562-a228-1d67beb81bf7 None None] http_keepalive                 = True {{(pid=80358) log_opt_values /opt/stack/data/venv/lib/python3.12/site-packages/oslo_config/cfg.py:2817}}
Jul 30 20:29:45.317007 np0000032025 devstack@g-api.service[80358]: DEBUG glance.common.config [None req-37faf85a-d113-4562-a228-1d67beb81bf7 None None] http_retries                   = 3 {{(pid=80358) log_opt_values /opt/stack/data/venv/lib/python3.12/site-packages/oslo_config/cfg.py:2817}}
Jul 30 20:29:45.317085 np0000032025 devstack@g-api.service[80358]: DEBUG glance.common.config [None req-37faf85a-d113-4562-a228-1d67beb81bf7 None None] image_cache_dir                = /opt/stack/data/glance/cache/ {{(pid=80358) log_opt_values /opt/stack/data/venv/lib/python3.12/site-packages/oslo_config/cfg.py:2817}}
Jul 30 20:29:45.317157 np0000032025 devstack@g-api.service[80358]: DEBUG glance.common.config [None req-37faf85a-d113-4562-a228-1d67beb81bf7 None None] image_cache_driver             = centralized_db {{(pid=80358) log_opt_values /opt/stack/data/venv/lib/python3.12/site-packages/oslo_config/cfg.py:2817}}
Jul 30 20:29:45.317225 np0000032025 devstack@g-api.service[80358]: DEBUG glance.common.config [None req-37faf85a-d113-4562-a228-1d67beb81bf7 None None] image_cache_max_size           = 10737418240 {{(pid=80358) log_opt_values /opt/stack/data/venv/lib/python3.12/site-packages/oslo_config/cfg.py:2817}}
Jul 30 20:29:45.317297 np0000032025 devstack@g-api.service[80358]: DEBUG glance.common.config [None req-37faf85a-d113-4562-a228-1d67beb81bf7 None None] image_cache_sqlite_db          = cache.db {{(pid=80358) log_opt_values /opt/stack/data/venv/lib/python3.12/site-packages/oslo_config/cfg.py:2817}}
Jul 30 20:29:45.317368 np0000032025 devstack@g-api.service[80358]: DEBUG glance.common.config [None req-37faf85a-d113-4562-a228-1d67beb81bf7 None None] image_cache_stall_time         = 86400 {{(pid=80358) log_opt_values /opt/stack/data/venv/lib/python3.12/site-packages/oslo_config/cfg.py:2817}}
Jul 30 20:29:45.317436 np0000032025 devstack@g-api.service[80358]: DEBUG glance.common.config [None req-37faf85a-d113-4562-a228-1d67beb81bf7 None None] image_location_quota           = 10 {{(pid=80358) log_opt_values /opt/stack/data/venv/lib/python3.12/site-packages/oslo_config/cfg.py:2817}}
Jul 30 20:29:45.317524 np0000032025 devstack@g-api.service[80358]: DEBUG glance.common.config [None req-37faf85a-d113-4562-a228-1d67beb81bf7 None None] image_member_quota             = 128 {{(pid=80358) log_opt_values /opt/stack/data/venv/lib/python3.12/site-packages/oslo_config/cfg.py:2817}}
Jul 30 20:29:45.317595 np0000032025 devstack@g-api.service[80358]: DEBUG glance.common.config [None req-37faf85a-d113-4562-a228-1d67beb81bf7 None None] image_property_quota           = 128 {{(pid=80358) log_opt_values /opt/stack/data/venv/lib/python3.12/site-packages/oslo_config/cfg.py:2817}}
Jul 30 20:29:45.317665 np0000032025 devstack@g-api.service[80358]: DEBUG glance.common.config [None req-37faf85a-d113-4562-a228-1d67beb81bf7 None None] image_size_cap                 = 1099511627776 {{(pid=80358) log_opt_values /opt/stack/data/venv/lib/python3.12/site-packages/oslo_config/cfg.py:2817}}
Jul 30 20:29:45.317733 np0000032025 devstack@g-api.service[80358]: DEBUG glance.common.config [None req-37faf85a-d113-4562-a228-1d67beb81bf7 None None] image_tag_quota                = 128 {{(pid=80358) log_opt_values /opt/stack/data/venv/lib/python3.12/site-packages/oslo_config/cfg.py:2817}}
Jul 30 20:29:45.317805 np0000032025 devstack@g-api.service[80358]: DEBUG glance.common.config [None req-37faf85a-d113-4562-a228-1d67beb81bf7 None None] instance_format                = [instance: %(uuid)s]  {{(pid=80358) log_opt_values /opt/stack/data/venv/lib/python3.12/site-packages/oslo_config/cfg.py:2817}}
Jul 30 20:29:45.317876 np0000032025 devstack@g-api.service[80358]: DEBUG glance.common.config [None req-37faf85a-d113-4562-a228-1d67beb81bf7 None None] instance_uuid_format           = [instance: %(uuid)s]  {{(pid=80358) log_opt_values /opt/stack/data/venv/lib/python3.12/site-packages/oslo_config/cfg.py:2817}}
Jul 30 20:29:45.317944 np0000032025 devstack@g-api.service[80358]: DEBUG glance.common.config [None req-37faf85a-d113-4562-a228-1d67beb81bf7 None None] limit_param_default            = 25 {{(pid=80358) log_opt_values /opt/stack/data/venv/lib/python3.12/site-packages/oslo_config/cfg.py:2817}}
Jul 30 20:29:45.318023 np0000032025 devstack@g-api.service[80358]: DEBUG glance.common.config [None req-37faf85a-d113-4562-a228-1d67beb81bf7 None None] log_color                      = False {{(pid=80358) log_opt_values /opt/stack/data/venv/lib/python3.12/site-packages/oslo_config/cfg.py:2817}}
Jul 30 20:29:45.318101 np0000032025 devstack@g-api.service[80358]: DEBUG glance.common.config [None req-37faf85a-d113-4562-a228-1d67beb81bf7 None None] log_config_append              = None {{(pid=80358) log_opt_values /opt/stack/data/venv/lib/python3.12/site-packages/oslo_config/cfg.py:2817}}
Jul 30 20:29:45.318176 np0000032025 devstack@g-api.service[80358]: DEBUG glance.common.config [None req-37faf85a-d113-4562-a228-1d67beb81bf7 None None] log_date_format                = %Y-%m-%d %H:%M:%S {{(pid=80358) log_opt_values /opt/stack/data/venv/lib/python3.12/site-packages/oslo_config/cfg.py:2817}}
Jul 30 20:29:45.318248 np0000032025 devstack@g-api.service[80358]: DEBUG glance.common.config [None req-37faf85a-d113-4562-a228-1d67beb81bf7 None None] log_dir                        = None {{(pid=80358) log_opt_values /opt/stack/data/venv/lib/python3.12/site-packages/oslo_config/cfg.py:2817}}
Jul 30 20:29:45.318319 np0000032025 devstack@g-api.service[80358]: DEBUG glance.common.config [None req-37faf85a-d113-4562-a228-1d67beb81bf7 None None] log_file                       = None {{(pid=80358) log_opt_values /opt/stack/data/venv/lib/python3.12/site-packages/oslo_config/cfg.py:2817}}
Jul 30 20:29:45.318389 np0000032025 devstack@g-api.service[80358]: DEBUG glance.common.config [None req-37faf85a-d113-4562-a228-1d67beb81bf7 None None] log_rotate_interval            = 1 {{(pid=80358) log_opt_values /opt/stack/data/venv/lib/python3.12/site-packages/oslo_config/cfg.py:2817}}
Jul 30 20:29:45.318463 np0000032025 devstack@g-api.service[80358]: DEBUG glance.common.config [None req-37faf85a-d113-4562-a228-1d67beb81bf7 None None] log_rotate_interval_type       = days {{(pid=80358) log_opt_values /opt/stack/data/venv/lib/python3.12/site-packages/oslo_config/cfg.py:2817}}
Jul 30 20:29:45.318542 np0000032025 devstack@g-api.service[80358]: DEBUG glance.common.config [None req-37faf85a-d113-4562-a228-1d67beb81bf7 None None] log_rotation_type              = none {{(pid=80358) log_opt_values /opt/stack/data/venv/lib/python3.12/site-packages/oslo_config/cfg.py:2817}}
Jul 30 20:29:45.318598 np0000032025 devstack@g-api.service[80358]: DEBUG glance.common.config [None req-37faf85a-d113-4562-a228-1d67beb81bf7 None None] logging_context_format_string  = %(color)s%(levelname)s %(name)s [%(global_request_id)s %(request_id)s %(project_name)s %(user_name)s%(color)s] %(instance)s%(color)s%(message)s {{(pid=80358) log_opt_values /opt/stack/data/venv/lib/python3.12/site-packages/oslo_config/cfg.py:2817}}
Jul 30 20:29:45.318650 np0000032025 devstack@g-api.service[80358]: DEBUG glance.common.config [None req-37faf85a-d113-4562-a228-1d67beb81bf7 None None] logging_debug_format_suffix    = {{(pid=%(process)d) %(funcName)s %(pathname)s:%(lineno)d}} {{(pid=80358) log_opt_values /opt/stack/data/venv/lib/python3.12/site-packages/oslo_config/cfg.py:2817}}
Jul 30 20:29:45.318725 np0000032025 devstack@g-api.service[80358]: DEBUG glance.common.config [None req-37faf85a-d113-4562-a228-1d67beb81bf7 None None] logging_default_format_string  = %(color)s%(levelname)s %(name)s [-%(color)s] %(instance)s%(color)s%(message)s {{(pid=80358) log_opt_values /opt/stack/data/venv/lib/python3.12/site-packages/oslo_config/cfg.py:2817}}
Jul 30 20:29:45.318800 np0000032025 devstack@g-api.service[80358]: DEBUG glance.common.config [None req-37faf85a-d113-4562-a228-1d67beb81bf7 None None] logging_exception_prefix       = ERROR %(name)s %(instance)s {{(pid=80358) log_opt_values /opt/stack/data/venv/lib/python3.12/site-packages/oslo_config/cfg.py:2817}}
Jul 30 20:29:45.318849 np0000032025 devstack@g-api.service[80359]: INFO glance.api.middleware.cache [None req-6c03f21f-2bb0-477e-9279-c83673c6a7da None None] Initialized image cache middleware
Jul 30 20:29:45.318867 np0000032025 devstack@g-api.service[80358]: DEBUG glance.common.config [None req-37faf85a-d113-4562-a228-1d67beb81bf7 None None] logging_user_identity_format   = %(user)s %(project)s %(domain)s %(system_scope)s %(user_domain)s %(project_domain)s {{(pid=80358) log_opt_values /opt/stack/data/venv/lib/python3.12/site-packages/oslo_config/cfg.py:2817}}
Jul 30 20:29:45.318922 np0000032025 devstack@g-api.service[80358]: DEBUG glance.common.config [None req-37faf85a-d113-4562-a228-1d67beb81bf7 None None] max_header_line                = 16384 {{(pid=80358) log_opt_values /opt/stack/data/venv/lib/python3.12/site-packages/oslo_config/cfg.py:2817}}
Jul 30 20:29:45.318993 np0000032025 devstack@g-api.service[80358]: DEBUG glance.common.config [None req-37faf85a-d113-4562-a228-1d67beb81bf7 None None] max_logfile_count              = 30 {{(pid=80358) log_opt_values /opt/stack/data/venv/lib/python3.12/site-packages/oslo_config/cfg.py:2817}}
Jul 30 20:29:45.319067 np0000032025 devstack@g-api.service[80358]: DEBUG glance.common.config [None req-37faf85a-d113-4562-a228-1d67beb81bf7 None None] max_logfile_size_mb            = 200 {{(pid=80358) log_opt_values /opt/stack/data/venv/lib/python3.12/site-packages/oslo_config/cfg.py:2817}}
Jul 30 20:29:45.319135 np0000032025 devstack@g-api.service[80358]: DEBUG glance.common.config [None req-37faf85a-d113-4562-a228-1d67beb81bf7 None None] max_request_id_length          = 64 {{(pid=80358) log_opt_values /opt/stack/data/venv/lib/python3.12/site-packages/oslo_config/cfg.py:2817}}
Jul 30 20:29:45.319206 np0000032025 devstack@g-api.service[80358]: DEBUG glance.common.config [None req-37faf85a-d113-4562-a228-1d67beb81bf7 None None] metadata_encryption_key        = **** {{(pid=80358) log_opt_values /opt/stack/data/venv/lib/python3.12/site-packages/oslo_config/cfg.py:2817}}
Jul 30 20:29:45.319277 np0000032025 devstack@g-api.service[80358]: DEBUG glance.common.config [None req-37faf85a-d113-4562-a228-1d67beb81bf7 None None] node_staging_uri               = file:///tmp/staging/ {{(pid=80358) log_opt_values /opt/stack/data/venv/lib/python3.12/site-packages/oslo_config/cfg.py:2817}}
Jul 30 20:29:45.319344 np0000032025 devstack@g-api.service[80358]: DEBUG glance.common.config [None req-37faf85a-d113-4562-a228-1d67beb81bf7 None None] property_protection_file       = None {{(pid=80358) log_opt_values /opt/stack/data/venv/lib/python3.12/site-packages/oslo_config/cfg.py:2817}}
