Jul 29 16:53:23.076315 np0000031960 devstack@n-api-meta.service[77272]: DEBUG nova.api.openstack.wsgi_app [-] oslo_messaging_rabbit.rabbit_quorum_delivery_limit = 0 {{(pid=77272) log_opt_values /opt/stack/data/venv/lib/python3.12/site-packages/oslo_config/cfg.py:2824}}
Jul 29 16:53:23.076394 np0000031960 devstack@n-api-meta.service[77272]: DEBUG nova.api.openstack.wsgi_app [-] oslo_messaging_rabbit.rabbit_quorum_max_memory_bytes = 0 {{(pid=77272) log_opt_values /opt/stack/data/venv/lib/python3.12/site-packages/oslo_config/cfg.py:2824}}
Jul 29 16:53:23.076481 np0000031960 devstack@n-api-meta.service[77272]: DEBUG nova.api.openstack.wsgi_app [-] oslo_messaging_rabbit.rabbit_quorum_max_memory_length = 0 {{(pid=77272) log_opt_values /opt/stack/data/venv/lib/python3.12/site-packages/oslo_config/cfg.py:2824}}
Jul 29 16:53:23.076561 np0000031960 devstack@n-api-meta.service[77272]: DEBUG nova.api.openstack.wsgi_app [-] oslo_messaging_rabbit.rabbit_quorum_queue = False {{(pid=77272) log_opt_values /opt/stack/data/venv/lib/python3.12/site-packages/oslo_config/cfg.py:2824}}
Jul 29 16:53:23.076638 np0000031960 devstack@n-api-meta.service[77272]: DEBUG nova.api.openstack.wsgi_app [-] oslo_messaging_rabbit.rabbit_retry_backoff = 2 {{(pid=77272) log_opt_values /opt/stack/data/venv/lib/python3.12/site-packages/oslo_config/cfg.py:2824}}
Jul 29 16:53:23.076717 np0000031960 devstack@n-api-meta.service[77272]: DEBUG nova.api.openstack.wsgi_app [-] oslo_messaging_rabbit.rabbit_retry_interval = 1 {{(pid=77272) log_opt_values /opt/stack/data/venv/lib/python3.12/site-packages/oslo_config/cfg.py:2824}}
Jul 29 16:53:23.076796 np0000031960 devstack@n-api-meta.service[77272]: DEBUG nova.api.openstack.wsgi_app [-] oslo_messaging_rabbit.rabbit_stream_fanout = False {{(pid=77272) log_opt_values /opt/stack/data/venv/lib/python3.12/site-packages/oslo_config/cfg.py:2824}}
Jul 29 16:53:23.076874 np0000031960 devstack@n-api-meta.service[77272]: DEBUG nova.api.openstack.wsgi_app [-] oslo_messaging_rabbit.rabbit_transient_queues_ttl = 1800 {{(pid=77272) log_opt_values /opt/stack/data/venv/lib/python3.12/site-packages/oslo_config/cfg.py:2824}}
Jul 29 16:53:23.076953 np0000031960 devstack@n-api-meta.service[77272]: DEBUG nova.api.openstack.wsgi_app [-] oslo_messaging_rabbit.rabbit_transient_quorum_queue = False {{(pid=77272) log_opt_values /opt/stack/data/venv/lib/python3.12/site-packages/oslo_config/cfg.py:2824}}
Jul 29 16:53:23.077040 np0000031960 devstack@n-api-meta.service[77272]: DEBUG nova.api.openstack.wsgi_app [-] oslo_messaging_rabbit.rpc_conn_pool_size = 30 {{(pid=77272) log_opt_values /opt/stack/data/venv/lib/python3.12/site-packages/oslo_config/cfg.py:2824}}
Jul 29 16:53:23.077122 np0000031960 devstack@n-api-meta.service[77272]: DEBUG nova.api.openstack.wsgi_app [-] oslo_messaging_rabbit.ssl      = False {{(pid=77272) log_opt_values /opt/stack/data/venv/lib/python3.12/site-packages/oslo_config/cfg.py:2824}}
Jul 29 16:53:23.077205 np0000031960 devstack@n-api-meta.service[77272]: DEBUG nova.api.openstack.wsgi_app [-] oslo_messaging_rabbit.ssl_ca_file =  {{(pid=77272) log_opt_values /opt/stack/data/venv/lib/python3.12/site-packages/oslo_config/cfg.py:2824}}
Jul 29 16:53:23.077287 np0000031960 devstack@n-api-meta.service[77272]: DEBUG nova.api.openstack.wsgi_app [-] oslo_messaging_rabbit.ssl_cert_file =  {{(pid=77272) log_opt_values /opt/stack/data/venv/lib/python3.12/site-packages/oslo_config/cfg.py:2824}}
Jul 29 16:53:23.077365 np0000031960 devstack@n-api-meta.service[77272]: DEBUG nova.api.openstack.wsgi_app [-] oslo_messaging_rabbit.ssl_enforce_fips_mode = False {{(pid=77272) log_opt_values /opt/stack/data/venv/lib/python3.12/site-packages/oslo_config/cfg.py:2824}}
Jul 29 16:53:23.077452 np0000031960 devstack@n-api-meta.service[77272]: DEBUG nova.api.openstack.wsgi_app [-] oslo_messaging_rabbit.ssl_key_file =  {{(pid=77272) log_opt_values /opt/stack/data/venv/lib/python3.12/site-packages/oslo_config/cfg.py:2824}}
Jul 29 16:53:23.077526 np0000031960 devstack@n-api-meta.service[77273]: DEBUG nova.context [None req-7840d9ea-4044-48ec-b799-466d591dc7d5 None None] Found 2 cells: 00000000-0000-0000-0000-000000000000(cell0),47053e3e-b2c6-4e1e-b6e3-aaf979a33609(cell1) {{(pid=77273) load_cells /opt/stack/nova/nova/context.py:472}}
Jul 29 16:53:23.077544 np0000031960 devstack@n-api-meta.service[77272]: DEBUG nova.api.openstack.wsgi_app [-] oslo_messaging_rabbit.ssl_version =  {{(pid=77272) log_opt_values /opt/stack/data/venv/lib/python3.12/site-packages/oslo_config/cfg.py:2824}}
Jul 29 16:53:23.077612 np0000031960 devstack@n-api-meta.service[77272]: DEBUG nova.api.openstack.wsgi_app [-] oslo_messaging_rabbit.use_queue_manager = False {{(pid=77272) log_opt_values /opt/stack/data/venv/lib/python3.12/site-packages/oslo_config/cfg.py:2824}}
Jul 29 16:53:23.077710 np0000031960 devstack@n-api-meta.service[77272]: DEBUG nova.api.openstack.wsgi_app [-] oslo_messaging_notifications.driver = ['messagingv2'] {{(pid=77272) log_opt_values /opt/stack/data/venv/lib/python3.12/site-packages/oslo_config/cfg.py:2824}}
Jul 29 16:53:23.077729 np0000031960 devstack@n-api-meta.service[77273]: INFO nova.utils [None req-7840d9ea-4044-48ec-b799-466d591dc7d5 None None] The cell worker thread pool MainProcess.cell_worker is initialized
Jul 29 16:53:23.077796 np0000031960 devstack@n-api-meta.service[77272]: DEBUG nova.api.openstack.wsgi_app [-] oslo_messaging_notifications.retry = -1 {{(pid=77272) log_opt_values /opt/stack/data/venv/lib/python3.12/site-packages/oslo_config/cfg.py:2824}}
Jul 29 16:53:23.077886 np0000031960 devstack@n-api-meta.service[77272]: DEBUG nova.api.openstack.wsgi_app [-] oslo_messaging_notifications.topics = ['notifications'] {{(pid=77272) log_opt_values /opt/stack/data/venv/lib/python3.12/site-packages/oslo_config/cfg.py:2824}}
Jul 29 16:53:23.077971 np0000031960 devstack@n-api-meta.service[77272]: DEBUG nova.api.openstack.wsgi_app [-] oslo_messaging_notifications.transport_url = **** {{(pid=77272) log_opt_values /opt/stack/data/venv/lib/python3.12/site-packages/oslo_config/cfg.py:2824}}
Jul 29 16:53:23.078103 np0000031960 devstack@n-api-meta.service[77272]: DEBUG nova.api.openstack.wsgi_app [-] oslo_reports.file_event_handler = None {{(pid=77272) log_opt_values /opt/stack/data/venv/lib/python3.12/site-packages/oslo_config/cfg.py:2824}}
Jul 29 16:53:23.078187 np0000031960 devstack@n-api-meta.service[77272]: DEBUG nova.api.openstack.wsgi_app [-] oslo_reports.file_event_handler_interval = 1 {{(pid=77272) log_opt_values /opt/stack/data/venv/lib/python3.12/site-packages/oslo_config/cfg.py:2824}}
Jul 29 16:53:23.078266 np0000031960 devstack@n-api-meta.service[77272]: DEBUG nova.api.openstack.wsgi_app [-] oslo_reports.log_dir           = None {{(pid=77272) log_opt_values /opt/stack/data/venv/lib/python3.12/site-packages/oslo_config/cfg.py:2824}}
Jul 29 16:53:23.078332 np0000031960 devstack@n-api-meta.service[77272]: DEBUG nova.api.openstack.wsgi_app [-] ******************************************************************************** {{(pid=77272) log_opt_values /opt/stack/data/venv/lib/python3.12/site-packages/oslo_config/cfg.py:2828}}
Jul 29 16:53:23.079181 np0000031960 devstack@n-api-meta.service[77273]: DEBUG oslo_concurrency.lockutils [None req-7840d9ea-4044-48ec-b799-466d591dc7d5 None None] Acquiring lock "00000000-0000-0000-0000-000000000000" by "nova.context.set_target_cell.<locals>.get_or_set_cached_cell_and_set_connections" {{(pid=77273) inner /opt/stack/data/venv/lib/python3.12/site-packages/oslo_concurrency/lockutils.py:405}}
Jul 29 16:53:23.079346 np0000031960 devstack@n-api-meta.service[77273]: DEBUG oslo_concurrency.lockutils [None req-7840d9ea-4044-48ec-b799-466d591dc7d5 None None] Lock "00000000-0000-0000-0000-000000000000" acquired by "nova.context.set_target_cell.<locals>.get_or_set_cached_cell_and_set_connections" :: waited 0.000s {{(pid=77273) inner /opt/stack/data/venv/lib/python3.12/site-packages/oslo_concurrency/lockutils.py:410}}
Jul 29 16:53:23.079683 np0000031960 devstack@n-api-meta.service[77273]: DEBUG oslo_concurrency.lockutils [None req-7840d9ea-4044-48ec-b799-466d591dc7d5 None None] Lock "00000000-0000-0000-0000-000000000000" "released" by "nova.context.set_target_cell.<locals>.get_or_set_cached_cell_and_set_connections" :: held 0.000s {{(pid=77273) inner /opt/stack/data/venv/lib/python3.12/site-packages/oslo_concurrency/lockutils.py:424}}
Jul 29 16:53:23.079980 np0000031960 devstack@n-api-meta.service[77273]: DEBUG oslo_concurrency.lockutils [None req-7840d9ea-4044-48ec-b799-466d591dc7d5 None None] Acquiring lock "47053e3e-b2c6-4e1e-b6e3-aaf979a33609" by "nova.context.set_target_cell.<locals>.get_or_set_cached_cell_and_set_connections" {{(pid=77273) inner /opt/stack/data/venv/lib/python3.12/site-packages/oslo_concurrency/lockutils.py:405}}
Jul 29 16:53:23.080117 np0000031960 devstack@n-api-meta.service[77273]: DEBUG oslo_concurrency.lockutils [None req-7840d9ea-4044-48ec-b799-466d591dc7d5 None None] Lock "47053e3e-b2c6-4e1e-b6e3-aaf979a33609" acquired by "nova.context.set_target_cell.<locals>.get_or_set_cached_cell_and_set_connections" :: waited 0.000s {{(pid=77273) inner /opt/stack/data/venv/lib/python3.12/site-packages/oslo_concurrency/lockutils.py:410}}
Jul 29 16:53:23.080808 np0000031960 devstack@n-api-meta.service[77273]: DEBUG oslo_concurrency.lockutils [None req-7840d9ea-4044-48ec-b799-466d591dc7d5 None None] Lock "47053e3e-b2c6-4e1e-b6e3-aaf979a33609" "released" by "nova.context.set_target_cell.<locals>.get_or_set_cached_cell_and_set_connections" :: held 0.001s {{(pid=77273) inner /opt/stack/data/venv/lib/python3.12/site-packages/oslo_concurrency/lockutils.py:424}}
Jul 29 16:53:23.081924 np0000031960 devstack@n-api-meta.service[77273]: INFO dbcounter [None req-7840d9ea-4044-48ec-b799-466d591dc7d5 None None] Registered counter for database nova_cell0
Jul 29 16:53:23.083782 np0000031960 devstack@n-api-meta.service[77273]: INFO dbcounter [None req-7840d9ea-4044-48ec-b799-466d591dc7d5 None None] Registered counter for database nova_cell1
Jul 29 16:53:23.087921 np0000031960 devstack@n-api-meta.service[77273]: DEBUG oslo_db.sqlalchemy.engines [None req-7840d9ea-4044-48ec-b799-466d591dc7d5 None None] MySQL server mode set to STRICT_TRANS_TABLES,STRICT_ALL_TABLES,NO_ZERO_IN_DATE,NO_ZERO_DATE,ERROR_FOR_DIVISION_BY_ZERO,TRADITIONAL,NO_ENGINE_SUBSTITUTION {{(pid=77273) _check_effective_sql_mode /opt/stack/data/venv/lib/python3.12/site-packages/oslo_db/sqlalchemy/engines.py:397}}
Jul 29 16:53:23.090625 np0000031960 devstack@n-api-meta.service[77273]: DEBUG oslo_db.sqlalchemy.engines [None req-7840d9ea-4044-48ec-b799-466d591dc7d5 None None] MySQL server mode set to STRICT_TRANS_TABLES,STRICT_ALL_TABLES,NO_ZERO_IN_DATE,NO_ZERO_DATE,ERROR_FOR_DIVISION_BY_ZERO,TRADITIONAL,NO_ENGINE_SUBSTITUTION {{(pid=77273) _check_effective_sql_mode /opt/stack/data/venv/lib/python3.12/site-packages/oslo_db/sqlalchemy/engines.py:397}}
Jul 29 16:53:23.110666 np0000031960 devstack@n-api-meta.service[77272]: INFO dbcounter [None req-9ab313c9-b412-40bf-bb7c-67ed5dac7d9c None None] Registered counter for database nova_api
Jul 29 16:53:23.121845 np0000031960 devstack@n-api-meta.service[77272]: DEBUG oslo_db.sqlalchemy.engines [None req-9ab313c9-b412-40bf-bb7c-67ed5dac7d9c None None] MySQL server mode set to STRICT_TRANS_TABLES,STRICT_ALL_TABLES,NO_ZERO_IN_DATE,NO_ZERO_DATE,ERROR_FOR_DIVISION_BY_ZERO,TRADITIONAL,NO_ENGINE_SUBSTITUTION {{(pid=77272) _check_effective_sql_mode /opt/stack/data/venv/lib/python3.12/site-packages/oslo_db/sqlalchemy/engines.py:397}}
Jul 29 16:53:23.147519 np0000031960 devstack@n-api-meta.service[77272]: DEBUG dbcounter [-] [77272] Writer thread running {{(pid=77272) stat_writer /opt/stack/data/venv/lib/python3.12/site-packages/dbcounter.py:102}}
Jul 29 16:53:23.148210 np0000031960 devstack@n-api-meta.service[77272]: DEBUG nova.context [None req-9ab313c9-b412-40bf-bb7c-67ed5dac7d9c None None] Found 2 cells: 00000000-0000-0000-0000-000000000000(cell0),47053e3e-b2c6-4e1e-b6e3-aaf979a33609(cell1) {{(pid=77272) load_cells /opt/stack/nova/nova/context.py:472}}
Jul 29 16:53:23.148404 np0000031960 devstack@n-api-meta.service[77272]: INFO nova.utils [None req-9ab313c9-b412-40bf-bb7c-67ed5dac7d9c None None] The cell worker thread pool MainProcess.cell_worker is initialized
Jul 29 16:53:23.149908 np0000031960 devstack@n-api-meta.service[77272]: DEBUG oslo_concurrency.lockutils [None req-9ab313c9-b412-40bf-bb7c-67ed5dac7d9c None None] Acquiring lock "00000000-0000-0000-0000-000000000000" by "nova.context.set_target_cell.<locals>.get_or_set_cached_cell_and_set_connections" {{(pid=77272) inner /opt/stack/data/venv/lib/python3.12/site-packages/oslo_concurrency/lockutils.py:405}}
Jul 29 16:53:23.150091 np0000031960 devstack@n-api-meta.service[77272]: DEBUG oslo_concurrency.lockutils [None req-9ab313c9-b412-40bf-bb7c-67ed5dac7d9c None None] Lock "00000000-0000-0000-0000-000000000000" acquired by "nova.context.set_target_cell.<locals>.get_or_set_cached_cell_and_set_connections" :: waited 0.000s {{(pid=77272) inner /opt/stack/data/venv/lib/python3.12/site-packages/oslo_concurrency/lockutils.py:410}}
Jul 29 16:53:23.150413 np0000031960 devstack@n-api-meta.service[77272]: DEBUG oslo_concurrency.lockutils [None req-9ab313c9-b412-40bf-bb7c-67ed5dac7d9c None None] Lock "00000000-0000-0000-0000-000000000000" "released" by "nova.context.set_target_cell.<locals>.get_or_set_cached_cell_and_set_connections" :: held 0.000s {{(pid=77272) inner /opt/stack/data/venv/lib/python3.12/site-packages/oslo_concurrency/lockutils.py:424}}
Jul 29 16:53:23.150761 np0000031960 devstack@n-api-meta.service[77272]: DEBUG oslo_concurrency.lockutils [None req-9ab313c9-b412-40bf-bb7c-67ed5dac7d9c None None] Acquiring lock "47053e3e-b2c6-4e1e-b6e3-aaf979a33609" by "nova.context.set_target_cell.<locals>.get_or_set_cached_cell_and_set_connections" {{(pid=77272) inner /opt/stack/data/venv/lib/python3.12/site-packages/oslo_concurrency/lockutils.py:405}}
Jul 29 16:53:23.150892 np0000031960 devstack@n-api-meta.service[77272]: DEBUG oslo_concurrency.lockutils [None req-9ab313c9-b412-40bf-bb7c-67ed5dac7d9c None None] Lock "47053e3e-b2c6-4e1e-b6e3-aaf979a33609" acquired by "nova.context.set_target_cell.<locals>.get_or_set_cached_cell_and_set_connections" :: waited 0.000s {{(pid=77272) inner /opt/stack/data/venv/lib/python3.12/site-packages/oslo_concurrency/lockutils.py:410}}
Jul 29 16:53:23.151267 np0000031960 devstack@n-api-meta.service[77273]: DEBUG dbcounter [-] [77273] Writer thread running {{(pid=77273) stat_writer /opt/stack/data/venv/lib/python3.12/site-packages/dbcounter.py:102}}
Jul 29 16:53:23.151607 np0000031960 devstack@n-api-meta.service[77272]: DEBUG oslo_concurrency.lockutils [None req-9ab313c9-b412-40bf-bb7c-67ed5dac7d9c None None] Lock "47053e3e-b2c6-4e1e-b6e3-aaf979a33609" "released" by "nova.context.set_target_cell.<locals>.get_or_set_cached_cell_and_set_connections" :: held 0.001s {{(pid=77272) inner /opt/stack/data/venv/lib/python3.12/site-packages/oslo_concurrency/lockutils.py:424}}
Jul 29 16:53:23.152754 np0000031960 devstack@n-api-meta.service[77272]: INFO dbcounter [None req-9ab313c9-b412-40bf-bb7c-67ed5dac7d9c None None] Registered counter for database nova_cell0
Jul 29 16:53:23.154616 np0000031960 devstack@n-api-meta.service[77272]: INFO dbcounter [None req-9ab313c9-b412-40bf-bb7c-67ed5dac7d9c None None] Registered counter for database nova_cell1
Jul 29 16:53:23.154971 np0000031960 devstack@n-api-meta.service[77273]: DEBUG dbcounter [-] [77273] Writer thread running {{(pid=77273) stat_writer /opt/stack/data/venv/lib/python3.12/site-packages/dbcounter.py:102}}
Jul 29 16:53:23.156896 np0000031960 devstack@n-api-meta.service[77273]: INFO dbcounter [None req-7840d9ea-4044-48ec-b799-466d591dc7d5 None None] Registered counter for database nova_cell0
Jul 29 16:53:23.158737 np0000031960 devstack@n-api-meta.service[77272]: DEBUG oslo_db.sqlalchemy.engines [None req-9ab313c9-b412-40bf-bb7c-67ed5dac7d9c None None] MySQL server mode set to STRICT_TRANS_TABLES,STRICT_ALL_TABLES,NO_ZERO_IN_DATE,NO_ZERO_DATE,ERROR_FOR_DIVISION_BY_ZERO,TRADITIONAL,NO_ENGINE_SUBSTITUTION {{(pid=77272) _check_effective_sql_mode /opt/stack/data/venv/lib/python3.12/site-packages/oslo_db/sqlalchemy/engines.py:397}}
Jul 29 16:53:23.162278 np0000031960 devstack@n-api-meta.service[77273]: DEBUG oslo_db.sqlalchemy.engines [None req-7840d9ea-4044-48ec-b799-466d591dc7d5 None None] MySQL server mode set to STRICT_TRANS_TABLES,STRICT_ALL_TABLES,NO_ZERO_IN_DATE,NO_ZERO_DATE,ERROR_FOR_DIVISION_BY_ZERO,TRADITIONAL,NO_ENGINE_SUBSTITUTION {{(pid=77273) _check_effective_sql_mode /opt/stack/data/venv/lib/python3.12/site-packages/oslo_db/sqlalchemy/engines.py:397}}
Jul 29 16:53:23.165900 np0000031960 devstack@n-api-meta.service[77273]: DEBUG dbcounter [-] [77273] Writer thread running {{(pid=77273) stat_writer /opt/stack/data/venv/lib/python3.12/site-packages/dbcounter.py:102}}
Jul 29 16:53:23.195261 np0000031960 devstack@n-api-meta.service[77273]: WARNING nova.api.metadata.handler [None req-7840d9ea-4044-48ec-b799-466d591dc7d5 None None] metadata_proxy_shared_secret is not configured, the metadata information returned by the proxy cannot be trusted
Jul 29 16:53:23.196872 np0000031960 devstack@n-api-meta.service[77273]: WSGI app 0 (mountpoint='') ready in 2 seconds on interpreter 0x7c0d896a39e8 pid: 77273 (default app)
Jul 29 16:53:23.220590 np0000031960 devstack@n-api-meta.service[77272]: DEBUG oslo_db.sqlalchemy.engines [None req-9ab313c9-b412-40bf-bb7c-67ed5dac7d9c None None] MySQL server mode set to STRICT_TRANS_TABLES,STRICT_ALL_TABLES,NO_ZERO_IN_DATE,NO_ZERO_DATE,ERROR_FOR_DIVISION_BY_ZERO,TRADITIONAL,NO_ENGINE_SUBSTITUTION {{(pid=77272) _check_effective_sql_mode /opt/stack/data/venv/lib/python3.12/site-packages/oslo_db/sqlalchemy/engines.py:397}}
Jul 29 16:53:23.220981 np0000031960 devstack@n-api-meta.service[77272]: DEBUG dbcounter [-] [77272] Writer thread running {{(pid=77272) stat_writer /opt/stack/data/venv/lib/python3.12/site-packages/dbcounter.py:102}}
Jul 29 16:53:23.224573 np0000031960 devstack@n-api-meta.service[77272]: DEBUG dbcounter [-] [77272] Writer thread running {{(pid=77272) stat_writer /opt/stack/data/venv/lib/python3.12/site-packages/dbcounter.py:102}}
Jul 29 16:53:23.226477 np0000031960 devstack@n-api-meta.service[77272]: INFO dbcounter [None req-9ab313c9-b412-40bf-bb7c-67ed5dac7d9c None None] Registered counter for database nova_cell0
Jul 29 16:53:23.229436 np0000031960 devstack@n-api-meta.service[77272]: DEBUG oslo_db.sqlalchemy.engines [None req-9ab313c9-b412-40bf-bb7c-67ed5dac7d9c None None] MySQL server mode set to STRICT_TRANS_TABLES,STRICT_ALL_TABLES,NO_ZERO_IN_DATE,NO_ZERO_DATE,ERROR_FOR_DIVISION_BY_ZERO,TRADITIONAL,NO_ENGINE_SUBSTITUTION {{(pid=77272) _check_effective_sql_mode /opt/stack/data/venv/lib/python3.12/site-packages/oslo_db/sqlalchemy/engines.py:397}}
Jul 29 16:53:23.233026 np0000031960 devstack@n-api-meta.service[77272]: DEBUG dbcounter [-] [77272] Writer thread running {{(pid=77272) stat_writer /opt/stack/data/venv/lib/python3.12/site-packages/dbcounter.py:102}}
Jul 29 16:53:23.252980 np0000031960 devstack@n-api-meta.service[77272]: WARNING nova.api.metadata.handler [None req-9ab313c9-b412-40bf-bb7c-67ed5dac7d9c None None] metadata_proxy_shared_secret is not configured, the metadata information returned by the proxy cannot be trusted
Jul 29 16:53:23.254596 np0000031960 devstack@n-api-meta.service[77272]: WSGI app 0 (mountpoint='') ready in 2 seconds on interpreter 0x7c0d896a39e8 pid: 77272 (default app)
Jul 29 16:55:59.082604 np0000031960 devstack@n-api-meta.service[77273]: DEBUG nova.api.metadata.handler [None req-7840d9ea-4044-48ec-b799-466d591dc7d5 None None] Metadata request headers: {'Host': '10.241.128.121:8775', 'User-Agent': 'python-requests/2.32.4', 'Accept-Encoding': 'gzip, deflate', 'Accept': '*/*', 'Connection': 'keep-alive', 'X-Forwarded-For': '10.1.0.12', 'X-Instance-Id': 'db0a0884-8b5a-44b0-b1b4-37b50cbb57bc', 'X-Tenant-Id': '656e0ea72701436ca58497732544fd5c', 'X-Instance-Id-Signature': 'ae93e19c2382d38dd5a784f9d92c319a9a41b33d1fc9c07014ea54cc137ac426'} {{(pid=77273) __call__ /opt/stack/nova/nova/api/metadata/handler.py:109}}
Jul 29 16:55:59.087019 np0000031960 devstack@n-api-meta.service[77273]: DEBUG dbcounter [-] [77273] Writing DB stats nova_api:SELECT=1 {{(pid=77273) stat_writer /opt/stack/data/venv/lib/python3.12/site-packages/dbcounter.py:115}}
Jul 29 16:55:59.087676 np0000031960 devstack@n-api-meta.service[77273]: DEBUG dbcounter [-] [77273] Writing DB stats nova_cell0:SELECT=1 {{(pid=77273) stat_writer /opt/stack/data/venv/lib/python3.12/site-packages/dbcounter.py:115}}
Jul 29 16:55:59.088333 np0000031960 devstack@n-api-meta.service[77273]: DEBUG dbcounter [-] [77273] Writing DB stats nova_cell1:SELECT=1 {{(pid=77273) stat_writer /opt/stack/data/venv/lib/python3.12/site-packages/dbcounter.py:115}}
Jul 29 16:55:59.088897 np0000031960 devstack@n-api-meta.service[77273]: DEBUG dbcounter [-] [77273] Writing DB stats nova_cell0:SELECT=2,nova_cell0:INSERT=1 {{(pid=77273) stat_writer /opt/stack/data/venv/lib/python3.12/site-packages/dbcounter.py:115}}
Jul 29 16:55:59.100312 np0000031960 devstack@n-api-meta.service[77273]: DEBUG oslo_concurrency.lockutils [None req-1ce93342-20b4-4069-a292-b60e02576859 None None] Acquiring lock "47053e3e-b2c6-4e1e-b6e3-aaf979a33609" by "nova.context.set_target_cell.<locals>.get_or_set_cached_cell_and_set_connections" {{(pid=77273) inner /opt/stack/data/venv/lib/python3.12/site-packages/oslo_concurrency/lockutils.py:405}}
Jul 29 16:55:59.100586 np0000031960 devstack@n-api-meta.service[77273]: DEBUG oslo_concurrency.lockutils [None req-1ce93342-20b4-4069-a292-b60e02576859 None None] Lock "47053e3e-b2c6-4e1e-b6e3-aaf979a33609" acquired by "nova.context.set_target_cell.<locals>.get_or_set_cached_cell_and_set_connections" :: waited 0.000s {{(pid=77273) inner /opt/stack/data/venv/lib/python3.12/site-packages/oslo_concurrency/lockutils.py:410}}
Jul 29 16:55:59.100773 np0000031960 devstack@n-api-meta.service[77273]: DEBUG oslo_concurrency.lockutils [None req-1ce93342-20b4-4069-a292-b60e02576859 None None] Lock "47053e3e-b2c6-4e1e-b6e3-aaf979a33609" "released" by "nova.context.set_target_cell.<locals>.get_or_set_cached_cell_and_set_connections" :: held 0.000s {{(pid=77273) inner /opt/stack/data/venv/lib/python3.12/site-packages/oslo_concurrency/lockutils.py:424}}
Jul 29 16:55:59.227276 np0000031960 devstack@n-api-meta.service[77273]: WARNING neutronclient.v2_0.client [None req-1ce93342-20b4-4069-a292-b60e02576859 None None] The python binding code in neutronclient is deprecated in favor of OpenstackSDK, please use that as this will be removed in a future release.
Jul 29 16:55:59.394050 np0000031960 devstack@n-api-meta.service[77273]: [pid: 77273|app: 0|req: 1/1] 10.241.128.121 () {40 vars in 683 bytes} [Tue Jul 29 16:55:59 2025] GET /2009-04-04/meta-data/instance-id => generated 10 bytes in 313 msecs (HTTP/1.1 200) 3 headers in 99 bytes (1 switches on core 0)
Jul 29 16:55:59.567472 np0000031960 devstack@n-api-meta.service[77272]: DEBUG nova.api.metadata.handler [None req-9ab313c9-b412-40bf-bb7c-67ed5dac7d9c None None] Metadata request headers: {'Host': '10.241.128.121:8775', 'User-Agent': 'python-requests/2.32.4', 'Accept-Encoding': 'gzip, deflate', 'Accept': '*/*', 'Connection': 'keep-alive', 'X-Forwarded-For': '10.1.0.12', 'X-Instance-Id': 'db0a0884-8b5a-44b0-b1b4-37b50cbb57bc', 'X-Tenant-Id': '656e0ea72701436ca58497732544fd5c', 'X-Instance-Id-Signature': 'ae93e19c2382d38dd5a784f9d92c319a9a41b33d1fc9c07014ea54cc137ac426'} {{(pid=77272) __call__ /opt/stack/nova/nova/api/metadata/handler.py:109}}
Jul 29 16:55:59.567708 np0000031960 devstack@n-api-meta.service[77272]: DEBUG dbcounter [-] [77272] Writing DB stats nova_api:SELECT=1 {{(pid=77272) stat_writer /opt/stack/data/venv/lib/python3.12/site-packages/dbcounter.py:115}}
Jul 29 16:55:59.568148 np0000031960 devstack@n-api-meta.service[77272]: DEBUG dbcounter [-] [77272] Writing DB stats nova_cell0:SELECT=1 {{(pid=77272) stat_writer /opt/stack/data/venv/lib/python3.12/site-packages/dbcounter.py:115}}
Jul 29 16:55:59.568650 np0000031960 devstack@n-api-meta.service[77272]: DEBUG dbcounter [-] [77272] Writing DB stats nova_cell1:SELECT=1 {{(pid=77272) stat_writer /opt/stack/data/venv/lib/python3.12/site-packages/dbcounter.py:115}}
Jul 29 16:55:59.568972 np0000031960 devstack@n-api-meta.service[77272]: DEBUG dbcounter [-] [77272] Writing DB stats nova_cell0:SELECT=1 {{(pid=77272) stat_writer /opt/stack/data/venv/lib/python3.12/site-packages/dbcounter.py:115}}
Jul 29 16:55:59.570677 np0000031960 devstack@n-api-meta.service[77272]: DEBUG nova.api.metadata.handler [None req-9ab313c9-b412-40bf-bb7c-67ed5dac7d9c None None] Using cached metadata for instance db0a0884-8b5a-44b0-b1b4-37b50cbb57bc {{(pid=77272) get_metadata_by_instance_id /opt/stack/nova/nova/api/metadata/handler.py:84}}
Jul 29 16:55:59.571092 np0000031960 devstack@n-api-meta.service[77272]: [pid: 77272|app: 0|req: 1/2] 10.241.128.121 () {40 vars in 683 bytes} [Tue Jul 29 16:55:59 2025] GET /2009-04-04/meta-data/public-keys => generated 28 bytes in 6 msecs (HTTP/1.1 200) 3 headers in 99 bytes (1 switches on core 0)
Jul 29 16:55:59.666982 np0000031960 devstack@n-api-meta.service[77273]: DEBUG nova.api.metadata.handler [None req-1ce93342-20b4-4069-a292-b60e02576859 None None] Metadata request headers: {'Host': '10.241.128.121:8775', 'User-Agent': 'python-requests/2.32.4', 'Accept-Encoding': 'gzip, deflate', 'Accept': '*/*', 'Connection': 'keep-alive', 'X-Forwarded-For': '10.1.0.12', 'X-Instance-Id': 'db0a0884-8b5a-44b0-b1b4-37b50cbb57bc', 'X-Tenant-Id': '656e0ea72701436ca58497732544fd5c', 'X-Instance-Id-Signature': 'ae93e19c2382d38dd5a784f9d92c319a9a41b33d1fc9c07014ea54cc137ac426'} {{(pid=77273) __call__ /opt/stack/nova/nova/api/metadata/handler.py:109}}
Jul 29 16:55:59.668246 np0000031960 devstack@n-api-meta.service[77273]: DEBUG nova.api.metadata.handler [None req-1ce93342-20b4-4069-a292-b60e02576859 None None] Using cached metadata for instance db0a0884-8b5a-44b0-b1b4-37b50cbb57bc {{(pid=77273) get_metadata_by_instance_id /opt/stack/nova/nova/api/metadata/handler.py:84}}
Jul 29 16:55:59.668684 np0000031960 devstack@n-api-meta.service[77273]: [pid: 77273|app: 0|req: 2/3] 10.241.128.121 () {40 vars in 711 bytes} [Tue Jul 29 16:55:59 2025] GET /2009-04-04/meta-data/public-keys/0/openssh-key => generated 204 bytes in 3 msecs (HTTP/1.1 200) 3 headers in 100 bytes (1 switches on core 0)
Jul 29 16:55:59.785873 np0000031960 devstack@n-api-meta.service[77272]: DEBUG nova.api.metadata.handler [None req-9ab313c9-b412-40bf-bb7c-67ed5dac7d9c None None] Metadata request headers: {'Host': '10.241.128.121:8775', 'User-Agent': 'python-requests/2.32.4', 'Accept-Encoding': 'gzip, deflate', 'Accept': '*/*', 'Connection': 'keep-alive', 'X-Forwarded-For': '10.1.0.12', 'X-Instance-Id': 'db0a0884-8b5a-44b0-b1b4-37b50cbb57bc', 'X-Tenant-Id': '656e0ea72701436ca58497732544fd5c', 'X-Instance-Id-Signature': 'ae93e19c2382d38dd5a784f9d92c319a9a41b33d1fc9c07014ea54cc137ac426'} {{(pid=77272) __call__ /opt/stack/nova/nova/api/metadata/handler.py:109}}
Jul 29 16:55:59.787374 np0000031960 devstack@n-api-meta.service[77272]: DEBUG nova.api.metadata.handler [None req-9ab313c9-b412-40bf-bb7c-67ed5dac7d9c None None] Using cached metadata for instance db0a0884-8b5a-44b0-b1b4-37b50cbb57bc {{(pid=77272) get_metadata_by_instance_id /opt/stack/nova/nova/api/metadata/handler.py:84}}
Jul 29 16:55:59.787708 np0000031960 devstack@n-api-meta.service[77272]: [pid: 77272|app: 0|req: 2/4] 10.241.128.121 () {40 vars in 684 bytes} [Tue Jul 29 16:55:59 2025] GET /2009-04-04/meta-data/instance-id => generated 10 bytes in 2 msecs (HTTP/1.1 200) 3 headers in 99 bytes (1 switches on core 0)
Jul 29 16:55:59.904733 np0000031960 devstack@n-api-meta.service[77273]: DEBUG nova.api.metadata.handler [None req-1ce93342-20b4-4069-a292-b60e02576859 None None] Metadata request headers: {'Host': '10.241.128.121:8775', 'User-Agent': 'python-requests/2.32.4', 'Accept-Encoding': 'gzip, deflate', 'Accept': '*/*', 'Connection': 'keep-alive', 'X-Forwarded-For': '10.1.0.12', 'X-Instance-Id': 'db0a0884-8b5a-44b0-b1b4-37b50cbb57bc', 'X-Tenant-Id': '656e0ea72701436ca58497732544fd5c', 'X-Instance-Id-Signature': 'ae93e19c2382d38dd5a784f9d92c319a9a41b33d1fc9c07014ea54cc137ac426'} {{(pid=77273) __call__ /opt/stack/nova/nova/api/metadata/handler.py:109}}
Jul 29 16:55:59.905787 np0000031960 devstack@n-api-meta.service[77273]: DEBUG nova.api.metadata.handler [None req-1ce93342-20b4-4069-a292-b60e02576859 None None] Using cached metadata for instance db0a0884-8b5a-44b0-b1b4-37b50cbb57bc {{(pid=77273) get_metadata_by_instance_id /opt/stack/nova/nova/api/metadata/handler.py:84}}
Jul 29 16:55:59.906096 np0000031960 devstack@n-api-meta.service[77273]: [pid: 77273|app: 0|req: 3/5] 10.241.128.121 () {40 vars in 694 bytes} [Tue Jul 29 16:55:59 2025] GET /2009-04-04/meta-data/ami-launch-index => generated 1 bytes in 1 msecs (HTTP/1.1 200) 3 headers in 98 bytes (1 switches on core 0)
Jul 29 16:56:00.020625 np0000031960 devstack@n-api-meta.service[77272]: DEBUG nova.api.metadata.handler [None req-9ab313c9-b412-40bf-bb7c-67ed5dac7d9c None None] Metadata request headers: {'Host': '10.241.128.121:8775', 'User-Agent': 'python-requests/2.32.4', 'Accept-Encoding': 'gzip, deflate', 'Accept': '*/*', 'Connection': 'keep-alive', 'X-Forwarded-For': '10.1.0.12', 'X-Instance-Id': 'db0a0884-8b5a-44b0-b1b4-37b50cbb57bc', 'X-Tenant-Id': '656e0ea72701436ca58497732544fd5c', 'X-Instance-Id-Signature': 'ae93e19c2382d38dd5a784f9d92c319a9a41b33d1fc9c07014ea54cc137ac426'} {{(pid=77272) __call__ /opt/stack/nova/nova/api/metadata/handler.py:109}}
Jul 29 16:56:00.022011 np0000031960 devstack@n-api-meta.service[77272]: DEBUG nova.api.metadata.handler [None req-9ab313c9-b412-40bf-bb7c-67ed5dac7d9c None None] Using cached metadata for instance db0a0884-8b5a-44b0-b1b4-37b50cbb57bc {{(pid=77272) get_metadata_by_instance_id /opt/stack/nova/nova/api/metadata/handler.py:84}}
Jul 29 16:56:00.022338 np0000031960 devstack@n-api-meta.service[77272]: [pid: 77272|app: 0|req: 3/6] 10.241.128.121 () {40 vars in 688 bytes} [Tue Jul 29 16:56:00 2025] GET /2009-04-04/meta-data/instance-type => generated 7 bytes in 2 msecs (HTTP/1.1 200) 3 headers in 98 bytes (1 switches on core 0)
Jul 29 16:56:00.139499 np0000031960 devstack@n-api-meta.service[77273]: DEBUG nova.api.metadata.handler [None req-1ce93342-20b4-4069-a292-b60e02576859 None None] Metadata request headers: {'Host': '10.241.128.121:8775', 'User-Agent': 'python-requests/2.32.4', 'Accept-Encoding': 'gzip, deflate', 'Accept': '*/*', 'Connection': 'keep-alive', 'X-Forwarded-For': '10.1.0.12', 'X-Instance-Id': 'db0a0884-8b5a-44b0-b1b4-37b50cbb57bc', 'X-Tenant-Id': '656e0ea72701436ca58497732544fd5c', 'X-Instance-Id-Signature': 'ae93e19c2382d38dd5a784f9d92c319a9a41b33d1fc9c07014ea54cc137ac426'} {{(pid=77273) __call__ /opt/stack/nova/nova/api/metadata/handler.py:109}}
Jul 29 16:56:00.140741 np0000031960 devstack@n-api-meta.service[77273]: DEBUG nova.api.metadata.handler [None req-1ce93342-20b4-4069-a292-b60e02576859 None None] Using cached metadata for instance db0a0884-8b5a-44b0-b1b4-37b50cbb57bc {{(pid=77273) get_metadata_by_instance_id /opt/stack/nova/nova/api/metadata/handler.py:84}}
Jul 29 16:56:00.141076 np0000031960 devstack@n-api-meta.service[77273]: [pid: 77273|app: 0|req: 4/7] 10.241.128.121 () {40 vars in 682 bytes} [Tue Jul 29 16:56:00 2025] GET /2009-04-04/meta-data/local-ipv4 => generated 9 bytes in 2 msecs (HTTP/1.1 200) 3 headers in 98 bytes (1 switches on core 0)
Jul 29 16:56:00.390201 np0000031960 devstack@n-api-meta.service[77272]: DEBUG nova.api.metadata.handler [None req-9ab313c9-b412-40bf-bb7c-67ed5dac7d9c None None] Metadata request headers: {'Host': '10.241.128.121:8775', 'User-Agent': 'python-requests/2.32.4', 'Accept-Encoding': 'gzip, deflate', 'Accept': '*/*', 'Connection': 'keep-alive', 'X-Forwarded-For': '10.1.0.12', 'X-Instance-Id': 'db0a0884-8b5a-44b0-b1b4-37b50cbb57bc', 'X-Tenant-Id': '656e0ea72701436ca58497732544fd5c', 'X-Instance-Id-Signature': 'ae93e19c2382d38dd5a784f9d92c319a9a41b33d1fc9c07014ea54cc137ac426'} {{(pid=77272) __call__ /opt/stack/nova/nova/api/metadata/handler.py:109}}
Jul 29 16:56:00.391252 np0000031960 devstack@n-api-meta.service[77272]: DEBUG nova.api.metadata.handler [None req-9ab313c9-b412-40bf-bb7c-67ed5dac7d9c None None] Using cached metadata for instance db0a0884-8b5a-44b0-b1b4-37b50cbb57bc {{(pid=77272) get_metadata_by_instance_id /opt/stack/nova/nova/api/metadata/handler.py:84}}
Jul 29 16:56:00.391578 np0000031960 devstack@n-api-meta.service[77272]: [pid: 77272|app: 0|req: 4/8] 10.241.128.121 () {40 vars in 684 bytes} [Tue Jul 29 16:56:00 2025] GET /2009-04-04/meta-data/public-ipv4 => generated 11 bytes in 1 msecs (HTTP/1.1 200) 3 headers in 99 bytes (1 switches on core 0)
Jul 29 16:56:00.621222 np0000031960 devstack@n-api-meta.service[77273]: DEBUG nova.api.metadata.handler [None req-1ce93342-20b4-4069-a292-b60e02576859 None None] Metadata request headers: {'Host': '10.241.128.121:8775', 'User-Agent': 'python-requests/2.32.4', 'Accept-Encoding': 'gzip, deflate', 'Accept': '*/*', 'Connection': 'keep-alive', 'X-Forwarded-For': '10.1.0.12', 'X-Instance-Id': 'db0a0884-8b5a-44b0-b1b4-37b50cbb57bc', 'X-Tenant-Id': '656e0ea72701436ca58497732544fd5c', 'X-Instance-Id-Signature': 'ae93e19c2382d38dd5a784f9d92c319a9a41b33d1fc9c07014ea54cc137ac426'} {{(pid=77273) __call__ /opt/stack/nova/nova/api/metadata/handler.py:109}}
Jul 29 16:56:00.622311 np0000031960 devstack@n-api-meta.service[77273]: DEBUG nova.api.metadata.handler [None req-1ce93342-20b4-4069-a292-b60e02576859 None None] Using cached metadata for instance db0a0884-8b5a-44b0-b1b4-37b50cbb57bc {{(pid=77273) get_metadata_by_instance_id /opt/stack/nova/nova/api/metadata/handler.py:84}}
Jul 29 16:56:00.622607 np0000031960 devstack@n-api-meta.service[77273]: [pid: 77273|app: 0|req: 5/9] 10.241.128.121 () {40 vars in 678 bytes} [Tue Jul 29 16:56:00 2025] GET /2009-04-04/meta-data/hostname => generated 53 bytes in 1 msecs (HTTP/1.1 200) 3 headers in 99 bytes (1 switches on core 0)
Jul 29 16:56:00.753135 np0000031960 devstack@n-api-meta.service[77272]: DEBUG nova.api.metadata.handler [None req-9ab313c9-b412-40bf-bb7c-67ed5dac7d9c None None] Metadata request headers: {'Host': '10.241.128.121:8775', 'User-Agent': 'python-requests/2.32.4', 'Accept-Encoding': 'gzip, deflate', 'Accept': '*/*', 'Connection': 'keep-alive', 'X-Forwarded-For': '10.1.0.12', 'X-Instance-Id': 'db0a0884-8b5a-44b0-b1b4-37b50cbb57bc', 'X-Tenant-Id': '656e0ea72701436ca58497732544fd5c', 'X-Instance-Id-Signature': 'ae93e19c2382d38dd5a784f9d92c319a9a41b33d1fc9c07014ea54cc137ac426'} {{(pid=77272) __call__ /opt/stack/nova/nova/api/metadata/handler.py:109}}
Jul 29 16:56:00.754690 np0000031960 devstack@n-api-meta.service[77272]: DEBUG nova.api.metadata.handler [None req-9ab313c9-b412-40bf-bb7c-67ed5dac7d9c None None] Using cached metadata for instance db0a0884-8b5a-44b0-b1b4-37b50cbb57bc {{(pid=77272) get_metadata_by_instance_id /opt/stack/nova/nova/api/metadata/handler.py:84}}
Jul 29 16:56:00.755536 np0000031960 devstack@n-api-meta.service[77272]: [pid: 77272|app: 0|req: 5/10] 10.241.128.121 () {40 vars in 690 bytes} [Tue Jul 29 16:56:00 2025] GET /2009-04-04/meta-data/local-hostname => generated 53 bytes in 2 msecs (HTTP/1.1 200) 3 headers in 99 bytes (1 switches on core 0)
Jul 29 16:56:00.879542 np0000031960 devstack@n-api-meta.service[77273]: DEBUG nova.api.metadata.handler [None req-1ce93342-20b4-4069-a292-b60e02576859 None None] Metadata request headers: {'Host': '10.241.128.121:8775', 'User-Agent': 'python-requests/2.32.4', 'Accept-Encoding': 'gzip, deflate', 'Accept': '*/*', 'Connection': 'keep-alive', 'X-Forwarded-For': '10.1.0.12', 'X-Instance-Id': 'db0a0884-8b5a-44b0-b1b4-37b50cbb57bc', 'X-Tenant-Id': '656e0ea72701436ca58497732544fd5c', 'X-Instance-Id-Signature': 'ae93e19c2382d38dd5a784f9d92c319a9a41b33d1fc9c07014ea54cc137ac426'} {{(pid=77273) __call__ /opt/stack/nova/nova/api/metadata/handler.py:109}}
Jul 29 16:56:00.879542 np0000031960 devstack@n-api-meta.service[77273]: DEBUG nova.api.metadata.handler [None req-1ce93342-20b4-4069-a292-b60e02576859 None None] Using cached metadata for instance db0a0884-8b5a-44b0-b1b4-37b50cbb57bc {{(pid=77273) get_metadata_by_instance_id /opt/stack/nova/nova/api/metadata/handler.py:84}}
Jul 29 16:56:00.880616 np0000031960 devstack@n-api-meta.service[77273]: [pid: 77273|app: 0|req: 6/11] 10.241.128.121 () {40 vars in 660 bytes} [Tue Jul 29 16:56:00 2025] GET /2009-04-04/user-data => generated 95 bytes in 3 msecs (HTTP/1.1 200) 3 headers in 99 bytes (1 switches on core 0)
Jul 29 16:56:01.002459 np0000031960 devstack@n-api-meta.service[77272]: DEBUG nova.api.metadata.handler [None req-9ab313c9-b412-40bf-bb7c-67ed5dac7d9c None None] Metadata request headers: {'Host': '10.241.128.121:8775', 'User-Agent': 'python-requests/2.32.4', 'Accept-Encoding': 'gzip, deflate', 'Accept': '*/*', 'Connection': 'keep-alive', 'X-Forwarded-For': '10.1.0.12', 'X-Instance-Id': 'db0a0884-8b5a-44b0-b1b4-37b50cbb57bc', 'X-Tenant-Id': '656e0ea72701436ca58497732544fd5c', 'X-Instance-Id-Signature': 'ae93e19c2382d38dd5a784f9d92c319a9a41b33d1fc9c07014ea54cc137ac426'} {{(pid=77272) __call__ /opt/stack/nova/nova/api/metadata/handler.py:109}}
Jul 29 16:56:01.003914 np0000031960 devstack@n-api-meta.service[77272]: DEBUG nova.api.metadata.handler [None req-9ab313c9-b412-40bf-bb7c-67ed5dac7d9c None None] Using cached metadata for instance db0a0884-8b5a-44b0-b1b4-37b50cbb57bc {{(pid=77272) get_metadata_by_instance_id /opt/stack/nova/nova/api/metadata/handler.py:84}}
Jul 29 16:56:01.004228 np0000031960 devstack@n-api-meta.service[77272]: [pid: 77272|app: 0|req: 6/12] 10.241.128.121 () {40 vars in 702 bytes} [Tue Jul 29 16:56:01 2025] GET /2009-04-04/meta-data/block-device-mapping => generated 8 bytes in 2 msecs (HTTP/1.1 200) 3 headers in 98 bytes (1 switches on core 0)
Jul 29 16:56:01.140622 np0000031960 devstack@n-api-meta.service[77273]: DEBUG nova.api.metadata.handler [None req-1ce93342-20b4-4069-a292-b60e02576859 None None] Metadata request headers: {'Host': '10.241.128.121:8775', 'User-Agent': 'python-requests/2.32.4', 'Accept-Encoding': 'gzip, deflate', 'Accept': '*/*', 'Connection': 'keep-alive', 'X-Forwarded-For': '10.1.0.12', 'X-Instance-Id': 'db0a0884-8b5a-44b0-b1b4-37b50cbb57bc', 'X-Tenant-Id': '656e0ea72701436ca58497732544fd5c', 'X-Instance-Id-Signature': 'ae93e19c2382d38dd5a784f9d92c319a9a41b33d1fc9c07014ea54cc137ac426'} {{(pid=77273) __call__ /opt/stack/nova/nova/api/metadata/handler.py:109}}
Jul 29 16:56:01.140622 np0000031960 devstack@n-api-meta.service[77273]: DEBUG nova.api.metadata.handler [None req-1ce93342-20b4-4069-a292-b60e02576859 None None] Using cached metadata for instance db0a0884-8b5a-44b0-b1b4-37b50cbb57bc {{(pid=77273) get_metadata_by_instance_id /opt/stack/nova/nova/api/metadata/handler.py:84}}
Jul 29 16:56:01.140622 np0000031960 devstack@n-api-meta.service[77273]: [pid: 77273|app: 0|req: 7/13] 10.241.128.121 () {40 vars in 710 bytes} [Tue Jul 29 16:56:01 2025] GET /2009-04-04/meta-data/block-device-mapping/ami => generated 3 bytes in 1 msecs (HTTP/1.1 200) 3 headers in 98 bytes (1 switches on core 0)
Jul 29 16:56:01.269054 np0000031960 devstack@n-api-meta.service[77272]: DEBUG nova.api.metadata.handler [None req-9ab313c9-b412-40bf-bb7c-67ed5dac7d9c None None] Metadata request headers: {'Host': '10.241.128.121:8775', 'User-Agent': 'python-requests/2.32.4', 'Accept-Encoding': 'gzip, deflate', 'Accept': '*/*', 'Connection': 'keep-alive', 'X-Forwarded-For': '10.1.0.12', 'X-Instance-Id': 'db0a0884-8b5a-44b0-b1b4-37b50cbb57bc', 'X-Tenant-Id': '656e0ea72701436ca58497732544fd5c', 'X-Instance-Id-Signature': 'ae93e19c2382d38dd5a784f9d92c319a9a41b33d1fc9c07014ea54cc137ac426'} {{(pid=77272) __call__ /opt/stack/nova/nova/api/metadata/handler.py:109}}
Jul 29 16:56:01.269054 np0000031960 devstack@n-api-meta.service[77272]: DEBUG nova.api.metadata.handler [None req-9ab313c9-b412-40bf-bb7c-67ed5dac7d9c None None] Using cached metadata for instance db0a0884-8b5a-44b0-b1b4-37b50cbb57bc {{(pid=77272) get_metadata_by_instance_id /opt/stack/nova/nova/api/metadata/handler.py:84}}
Jul 29 16:56:01.269054 np0000031960 devstack@n-api-meta.service[77272]: [pid: 77272|app: 0|req: 7/14] 10.241.128.121 () {40 vars in 712 bytes} [Tue Jul 29 16:56:01 2025] GET /2009-04-04/meta-data/block-device-mapping/root => generated 8 bytes in 2 msecs (HTTP/1.1 200) 3 headers in 98 bytes (1 switches on core 0)
Jul 29 16:56:01.392423 np0000031960 devstack@n-api-meta.service[77273]: DEBUG nova.api.metadata.handler [None req-1ce93342-20b4-4069-a292-b60e02576859 None None] Metadata request headers: {'Host': '10.241.128.121:8775', 'User-Agent': 'python-requests/2.32.4', 'Accept-Encoding': 'gzip, deflate', 'Accept': '*/*', 'Connection': 'keep-alive', 'X-Forwarded-For': '10.1.0.12', 'X-Instance-Id': 'db0a0884-8b5a-44b0-b1b4-37b50cbb57bc', 'X-Tenant-Id': '656e0ea72701436ca58497732544fd5c', 'X-Instance-Id-Signature': 'ae93e19c2382d38dd5a784f9d92c319a9a41b33d1fc9c07014ea54cc137ac426'} {{(pid=77273) __call__ /opt/stack/nova/nova/api/metadata/handler.py:109}}
Jul 29 16:56:01.393497 np0000031960 devstack@n-api-meta.service[77273]: DEBUG nova.api.metadata.handler [None req-1ce93342-20b4-4069-a292-b60e02576859 None None] Using cached metadata for instance db0a0884-8b5a-44b0-b1b4-37b50cbb57bc {{(pid=77273) get_metadata_by_instance_id /opt/stack/nova/nova/api/metadata/handler.py:84}}
Jul 29 16:56:01.394270 np0000031960 devstack@n-api-meta.service[77273]: [pid: 77273|app: 0|req: 8/15] 10.241.128.121 () {40 vars in 692 bytes} [Tue Jul 29 16:56:01 2025] GET /2009-04-04/meta-data/public-hostname => generated 53 bytes in 1 msecs (HTTP/1.1 200) 3 headers in 99 bytes (1 switches on core 0)
Jul 29 16:56:01.512522 np0000031960 devstack@n-api-meta.service[77272]: DEBUG nova.api.metadata.handler [None req-9ab313c9-b412-40bf-bb7c-67ed5dac7d9c None None] Metadata request headers: {'Host': '10.241.128.121:8775', 'User-Agent': 'python-requests/2.32.4', 'Accept-Encoding': 'gzip, deflate', 'Accept': '*/*', 'Connection': 'keep-alive', 'X-Forwarded-For': '10.1.0.12', 'X-Instance-Id': 'db0a0884-8b5a-44b0-b1b4-37b50cbb57bc', 'X-Tenant-Id': '656e0ea72701436ca58497732544fd5c', 'X-Instance-Id-Signature': 'ae93e19c2382d38dd5a784f9d92c319a9a41b33d1fc9c07014ea54cc137ac426'} {{(pid=77272) __call__ /opt/stack/nova/nova/api/metadata/handler.py:109}}
Jul 29 16:56:01.512522 np0000031960 devstack@n-api-meta.service[77272]: DEBUG nova.api.metadata.handler [None req-9ab313c9-b412-40bf-bb7c-67ed5dac7d9c None None] Using cached metadata for instance db0a0884-8b5a-44b0-b1b4-37b50cbb57bc {{(pid=77272) get_metadata_by_instance_id /opt/stack/nova/nova/api/metadata/handler.py:84}}
Jul 29 16:56:01.512522 np0000031960 devstack@n-api-meta.service[77272]: [pid: 77272|app: 0|req: 8/16] 10.241.128.121 () {40 vars in 716 bytes} [Tue Jul 29 16:56:01 2025] GET /2009-04-04/meta-data/placement/availability-zone => generated 4 bytes in 2 msecs (HTTP/1.1 200) 3 headers in 98 bytes (1 switches on core 0)
Jul 29 16:56:19.811226 np0000031960 devstack@n-api-meta.service[77273]: DEBUG nova.api.metadata.handler [None req-1ce93342-20b4-4069-a292-b60e02576859 None None] Metadata request headers: {'Host': '10.241.128.121:8775', 'User-Agent': 'python-requests/2.32.4', 'Accept-Encoding': 'gzip, deflate', 'Accept': '*/*', 'Connection': 'keep-alive', 'X-Forwarded-For': '10.1.0.7', 'X-Instance-Id': 'e0937c46-37a6-4a3b-bddd-fa700397a1bf', 'X-Tenant-Id': 'ef38b238d8454e1f856ac3ed7cea4605', 'X-Instance-Id-Signature': '157a13131e403e856a4e9dafc5ea2ccf15bea5bad3fae76da8d5506d10de3e01'} {{(pid=77273) __call__ /opt/stack/nova/nova/api/metadata/handler.py:109}}
Jul 29 16:56:19.811726 np0000031960 devstack@n-api-meta.service[77273]: DEBUG dbcounter [-] [77273] Writing DB stats nova_api:SELECT=1 {{(pid=77273) stat_writer /opt/stack/data/venv/lib/python3.12/site-packages/dbcounter.py:115}}
Jul 29 16:56:19.813675 np0000031960 devstack@n-api-meta.service[77273]: DEBUG dbcounter [-] [77273] Writing DB stats nova_cell1:SELECT=4 {{(pid=77273) stat_writer /opt/stack/data/venv/lib/python3.12/site-packages/dbcounter.py:115}}
Jul 29 16:56:19.817431 np0000031960 devstack@n-api-meta.service[77273]: DEBUG oslo_concurrency.lockutils [None req-a87e9f81-2316-443b-9b3b-419112fb04c0 None None] Acquiring lock "47053e3e-b2c6-4e1e-b6e3-aaf979a33609" by "nova.context.set_target_cell.<locals>.get_or_set_cached_cell_and_set_connections" {{(pid=77273) inner /opt/stack/data/venv/lib/python3.12/site-packages/oslo_concurrency/lockutils.py:405}}
Jul 29 16:56:19.817611 np0000031960 devstack@n-api-meta.service[77273]: DEBUG oslo_concurrency.lockutils [None req-a87e9f81-2316-443b-9b3b-419112fb04c0 None None] Lock "47053e3e-b2c6-4e1e-b6e3-aaf979a33609" acquired by "nova.context.set_target_cell.<locals>.get_or_set_cached_cell_and_set_connections" :: waited 0.000s {{(pid=77273) inner /opt/stack/data/venv/lib/python3.12/site-packages/oslo_concurrency/lockutils.py:410}}
Jul 29 16:56:19.817734 np0000031960 devstack@n-api-meta.service[77273]: DEBUG oslo_concurrency.lockutils [None req-a87e9f81-2316-443b-9b3b-419112fb04c0 None None] Lock "47053e3e-b2c6-4e1e-b6e3-aaf979a33609" "released" by "nova.context.set_target_cell.<locals>.get_or_set_cached_cell_and_set_connections" :: held 0.000s {{(pid=77273) inner /opt/stack/data/venv/lib/python3.12/site-packages/oslo_concurrency/lockutils.py:424}}
Jul 29 16:56:19.830700 np0000031960 devstack@n-api-meta.service[77273]: WARNING neutronclient.v2_0.client [None req-a87e9f81-2316-443b-9b3b-419112fb04c0 None None] The python binding code in neutronclient is deprecated in favor of OpenstackSDK, please use that as this will be removed in a future release.
Jul 29 16:56:19.880202 np0000031960 devstack@n-api-meta.service[77273]: [pid: 77273|app: 0|req: 9/17] 10.241.128.121 () {40 vars in 683 bytes} [Tue Jul 29 16:56:19 2025] GET /2009-04-04/meta-data/instance-id => generated 10 bytes in 69 msecs (HTTP/1.1 200) 3 headers in 99 bytes (1 switches on core 0)
Jul 29 16:56:20.029832 np0000031960 devstack@n-api-meta.service[77272]: DEBUG nova.api.metadata.handler [None req-9ab313c9-b412-40bf-bb7c-67ed5dac7d9c None None] Metadata request headers: {'Host': '10.241.128.121:8775', 'User-Agent': 'python-requests/2.32.4', 'Accept-Encoding': 'gzip, deflate', 'Accept': '*/*', 'Connection': 'keep-alive', 'X-Forwarded-For': '10.1.0.7', 'X-Instance-Id': 'e0937c46-37a6-4a3b-bddd-fa700397a1bf', 'X-Tenant-Id': 'ef38b238d8454e1f856ac3ed7cea4605', 'X-Instance-Id-Signature': '157a13131e403e856a4e9dafc5ea2ccf15bea5bad3fae76da8d5506d10de3e01'} {{(pid=77272) __call__ /opt/stack/nova/nova/api/metadata/handler.py:109}}
Jul 29 16:56:20.031455 np0000031960 devstack@n-api-meta.service[77272]: DEBUG nova.api.metadata.handler [None req-9ab313c9-b412-40bf-bb7c-67ed5dac7d9c None None] Using cached metadata for instance e0937c46-37a6-4a3b-bddd-fa700397a1bf {{(pid=77272) get_metadata_by_instance_id /opt/stack/nova/nova/api/metadata/handler.py:84}}
Jul 29 16:56:20.031819 np0000031960 devstack@n-api-meta.service[77272]: [pid: 77272|app: 0|req: 9/18] 10.241.128.121 () {40 vars in 683 bytes} [Tue Jul 29 16:56:20 2025] GET /2009-04-04/meta-data/public-keys => generated 28 bytes in 2 msecs (HTTP/1.1 200) 3 headers in 99 bytes (1 switches on core 0)
Jul 29 16:56:20.124655 np0000031960 devstack@n-api-meta.service[77273]: DEBUG nova.api.metadata.handler [None req-a87e9f81-2316-443b-9b3b-419112fb04c0 None None] Metadata request headers: {'Host': '10.241.128.121:8775', 'User-Agent': 'python-requests/2.32.4', 'Accept-Encoding': 'gzip, deflate', 'Accept': '*/*', 'Connection': 'keep-alive', 'X-Forwarded-For': '10.1.0.7', 'X-Instance-Id': 'e0937c46-37a6-4a3b-bddd-fa700397a1bf', 'X-Tenant-Id': 'ef38b238d8454e1f856ac3ed7cea4605', 'X-Instance-Id-Signature': '157a13131e403e856a4e9dafc5ea2ccf15bea5bad3fae76da8d5506d10de3e01'} {{(pid=77273) __call__ /opt/stack/nova/nova/api/metadata/handler.py:109}}
Jul 29 16:56:20.125679 np0000031960 devstack@n-api-meta.service[77273]: DEBUG nova.api.metadata.handler [None req-a87e9f81-2316-443b-9b3b-419112fb04c0 None None] Using cached metadata for instance e0937c46-37a6-4a3b-bddd-fa700397a1bf {{(pid=77273) get_metadata_by_instance_id /opt/stack/nova/nova/api/metadata/handler.py:84}}
Jul 29 16:56:20.125979 np0000031960 devstack@n-api-meta.service[77273]: [pid: 77273|app: 0|req: 10/19] 10.241.128.121 () {40 vars in 711 bytes} [Tue Jul 29 16:56:20 2025] GET /2009-04-04/meta-data/public-keys/0/openssh-key => generated 204 bytes in 1 msecs (HTTP/1.1 200) 3 headers in 100 bytes (1 switches on core 0)
Jul 29 16:56:20.244030 np0000031960 devstack@n-api-meta.service[77272]: DEBUG nova.api.metadata.handler [None req-9ab313c9-b412-40bf-bb7c-67ed5dac7d9c None None] Metadata request headers: {'Host': '10.241.128.121:8775', 'User-Agent': 'python-requests/2.32.4', 'Accept-Encoding': 'gzip, deflate', 'Accept': '*/*', 'Connection': 'keep-alive', 'X-Forwarded-For': '10.1.0.7', 'X-Instance-Id': 'e0937c46-37a6-4a3b-bddd-fa700397a1bf', 'X-Tenant-Id': 'ef38b238d8454e1f856ac3ed7cea4605', 'X-Instance-Id-Signature': '157a13131e403e856a4e9dafc5ea2ccf15bea5bad3fae76da8d5506d10de3e01'} {{(pid=77272) __call__ /opt/stack/nova/nova/api/metadata/handler.py:109}}
Jul 29 16:56:20.245890 np0000031960 devstack@n-api-meta.service[77272]: DEBUG nova.api.metadata.handler [None req-9ab313c9-b412-40bf-bb7c-67ed5dac7d9c None None] Using cached metadata for instance e0937c46-37a6-4a3b-bddd-fa700397a1bf {{(pid=77272) get_metadata_by_instance_id /opt/stack/nova/nova/api/metadata/handler.py:84}}
Jul 29 16:56:20.246525 np0000031960 devstack@n-api-meta.service[77272]: [pid: 77272|app: 0|req: 10/20] 10.241.128.121 () {40 vars in 683 bytes} [Tue Jul 29 16:56:20 2025] GET /2009-04-04/meta-data/instance-id => generated 10 bytes in 3 msecs (HTTP/1.1 200) 3 headers in 99 bytes (1 switches on core 0)
