Jul 29 16:53:34.447645 np0000031960 systemd[1]: Starting devstack@g-api.service - Devstack devstack@g-api.service...
Jul 29 16:53:34.450936 np0000031960 devstack@g-api.service[83232]: [uWSGI] getting INI configuration from /etc/glance/glance-uwsgi.ini
Jul 29 16:53:34.453172 np0000031960 devstack@g-api.service[83232]: *** Starting uWSGI 2.0.24-debian (64bit) on [Tue Jul 29 16:53:34 2025] ***
Jul 29 16:53:34.453172 np0000031960 devstack@g-api.service[83232]: compiled with version: 13.2.0 on 17 April 2024 16:23:48
Jul 29 16:53:34.453172 np0000031960 devstack@g-api.service[83232]: os: Linux-6.8.0-71-generic #71-Ubuntu SMP PREEMPT_DYNAMIC Tue Jul 22 16:52:38 UTC 2025
Jul 29 16:53:34.453172 np0000031960 devstack@g-api.service[83232]: nodename: np0000031960
Jul 29 16:53:34.453172 np0000031960 devstack@g-api.service[83232]: machine: x86_64
Jul 29 16:53:34.453172 np0000031960 devstack@g-api.service[83232]: clock source: unix
Jul 29 16:53:34.453172 np0000031960 devstack@g-api.service[83232]: pcre jit disabled
Jul 29 16:53:34.453172 np0000031960 devstack@g-api.service[83232]: detected number of CPU cores: 8
Jul 29 16:53:34.453172 np0000031960 devstack@g-api.service[83232]: current working directory: /
Jul 29 16:53:34.453172 np0000031960 devstack@g-api.service[83232]: detected binary path: /usr/bin/uwsgi-core
Jul 29 16:53:34.453172 np0000031960 devstack@g-api.service[83232]: your processes number limit is 31482
Jul 29 16:53:34.453342 np0000031960 devstack@g-api.service[83232]: your memory page size is 4096 bytes
Jul 29 16:53:34.453342 np0000031960 devstack@g-api.service[83232]: detected max file descriptor number: 2048
Jul 29 16:53:34.453342 np0000031960 devstack@g-api.service[83232]: lock engine: pthread robust mutexes
Jul 29 16:53:34.453342 np0000031960 devstack@g-api.service[83232]: thunder lock: enabled
Jul 29 16:53:34.453399 np0000031960 devstack@g-api.service[83232]: uwsgi socket 0 bound to TCP address 127.0.0.1:60999 fd 4
Jul 29 16:53:34.453399 np0000031960 devstack@g-api.service[83232]: Python version: 3.12.3 (main, Jun 18 2025, 17:59:45) [GCC 13.3.0]
Jul 29 16:53:34.453426 np0000031960 devstack@g-api.service[83232]: PEP 405 virtualenv detected: /opt/stack/data/venv
Jul 29 16:53:34.453426 np0000031960 devstack@g-api.service[83232]: Set PythonHome to /opt/stack/data/venv
Jul 29 16:53:34.480716 np0000031960 devstack@g-api.service[83232]: Python main interpreter initialized at 0x7da558ea39e8
Jul 29 16:53:34.480716 np0000031960 devstack@g-api.service[83232]: python threads support enabled
Jul 29 16:53:34.480716 np0000031960 devstack@g-api.service[83232]: your server socket listen backlog is limited to 100 connections
Jul 29 16:53:34.480716 np0000031960 devstack@g-api.service[83232]: your mercy for graceful operations on workers is 80 seconds
Jul 29 16:53:34.480911 np0000031960 devstack@g-api.service[83232]: mapped 403077 bytes (393 KB) for 2 cores
Jul 29 16:53:34.480968 np0000031960 devstack@g-api.service[83232]: *** Operational MODE: preforking ***
Jul 29 16:53:34.481110 np0000031960 devstack@g-api.service[83232]: *** uWSGI is running in multiple interpreter mode ***
Jul 29 16:53:34.481110 np0000031960 devstack@g-api.service[83232]: spawned uWSGI master process (pid: 83232)
Jul 29 16:53:34.481165 np0000031960 systemd[1]: Started devstack@g-api.service - Devstack devstack@g-api.service.
Jul 29 16:53:34.481414 np0000031960 devstack@g-api.service[83232]: spawned uWSGI worker 1 (pid: 83233, cores: 1)
Jul 29 16:53:34.484629 np0000031960 devstack@g-api.service[83232]: spawned uWSGI worker 2 (pid: 83234, cores: 1)
Jul 29 16:53:34.484629 np0000031960 devstack@g-api.service[83232]: running "unix_signal:15 gracefully_kill_them_all" (master-start)...
Jul 29 16:53:35.099319 np0000031960 devstack@g-api.service[83234]: INFO glance.async_ [-] Threadpool model set to 'NativeThreadPoolModel'
Jul 29 16:53:35.099562 np0000031960 devstack@g-api.service[83233]: INFO glance.async_ [-] Threadpool model set to 'NativeThreadPoolModel'
Jul 29 16:53:35.154435 np0000031960 devstack@g-api.service[83234]: DEBUG oslo_concurrency.processutils [-] Running cmd (subprocess): grep -F node.session.scan /sbin/iscsiadm {{(pid=83234) execute /opt/stack/data/venv/lib/python3.12/site-packages/oslo_concurrency/processutils.py:349}}
Jul 29 16:53:35.155724 np0000031960 devstack@g-api.service[83233]: DEBUG oslo_concurrency.processutils [-] Running cmd (subprocess): grep -F node.session.scan /sbin/iscsiadm {{(pid=83233) execute /opt/stack/data/venv/lib/python3.12/site-packages/oslo_concurrency/processutils.py:349}}
Jul 29 16:53:35.159746 np0000031960 devstack@g-api.service[83234]: DEBUG oslo_concurrency.processutils [-] CMD "grep -F node.session.scan /sbin/iscsiadm" returned: 0 in 0.005s {{(pid=83234) execute /opt/stack/data/venv/lib/python3.12/site-packages/oslo_concurrency/processutils.py:372}}
Jul 29 16:53:35.160478 np0000031960 devstack@g-api.service[83233]: DEBUG oslo_concurrency.processutils [-] CMD "grep -F node.session.scan /sbin/iscsiadm" returned: 0 in 0.005s {{(pid=83233) execute /opt/stack/data/venv/lib/python3.12/site-packages/oslo_concurrency/processutils.py:372}}
Jul 29 16:53:35.204543 np0000031960 devstack@g-api.service[83234]: DEBUG glance_store.common.attachment_state_manager [-] Initialising _AttachmentStateManager {{(pid=83234) __init__ /opt/stack/data/venv/lib/python3.12/site-packages/glance_store/common/attachment_state_manager.py:86}}
Jul 29 16:53:35.204916 np0000031960 devstack@g-api.service[83233]: DEBUG glance_store.common.attachment_state_manager [-] Initialising _AttachmentStateManager {{(pid=83233) __init__ /opt/stack/data/venv/lib/python3.12/site-packages/glance_store/common/attachment_state_manager.py:86}}
Jul 29 16:53:35.415176 np0000031960 devstack@g-api.service[83234]: DEBUG glance_store.backend [-] Attempting to import store cinder {{(pid=83234) _load_store /opt/stack/data/venv/lib/python3.12/site-packages/glance_store/backend.py:216}}
Jul 29 16:53:35.415282 np0000031960 devstack@g-api.service[83233]: DEBUG glance_store.backend [-] Attempting to import store cinder {{(pid=83233) _load_store /opt/stack/data/venv/lib/python3.12/site-packages/glance_store/backend.py:216}}
Jul 29 16:53:35.415282 np0000031960 devstack@g-api.service[83233]: DEBUG glance_store.backend [-] Attempting to import store file {{(pid=83233) _load_store /opt/stack/data/venv/lib/python3.12/site-packages/glance_store/backend.py:216}}
Jul 29 16:53:35.415330 np0000031960 devstack@g-api.service[83234]: DEBUG glance_store.backend [-] Attempting to import store file {{(pid=83234) _load_store /opt/stack/data/venv/lib/python3.12/site-packages/glance_store/backend.py:216}}
Jul 29 16:53:35.415355 np0000031960 devstack@g-api.service[83233]: DEBUG glance_store.backend [-] Attempting to import store glance.store.cinder.Store {{(pid=83233) _load_store /opt/stack/data/venv/lib/python3.12/site-packages/glance_store/backend.py:216}}
Jul 29 16:53:35.415376 np0000031960 devstack@g-api.service[83234]: DEBUG glance_store.backend [-] Attempting to import store glance.store.cinder.Store {{(pid=83234) _load_store /opt/stack/data/venv/lib/python3.12/site-packages/glance_store/backend.py:216}}
Jul 29 16:53:35.415406 np0000031960 devstack@g-api.service[83234]: DEBUG glance_store.backend [-] Attempting to import store glance.store.filesystem.Store {{(pid=83234) _load_store /opt/stack/data/venv/lib/python3.12/site-packages/glance_store/backend.py:216}}
Jul 29 16:53:35.415429 np0000031960 devstack@g-api.service[83233]: DEBUG glance_store.backend [-] Attempting to import store glance.store.filesystem.Store {{(pid=83233) _load_store /opt/stack/data/venv/lib/python3.12/site-packages/glance_store/backend.py:216}}
Jul 29 16:53:35.415466 np0000031960 devstack@g-api.service[83234]: DEBUG glance_store.backend [-] Attempting to import store glance.store.http.Store {{(pid=83234) _load_store /opt/stack/data/venv/lib/python3.12/site-packages/glance_store/backend.py:216}}
Jul 29 16:53:35.415487 np0000031960 devstack@g-api.service[83233]: DEBUG glance_store.backend [-] Attempting to import store glance.store.http.Store {{(pid=83233) _load_store /opt/stack/data/venv/lib/python3.12/site-packages/glance_store/backend.py:216}}
Jul 29 16:53:35.415521 np0000031960 devstack@g-api.service[83234]: DEBUG glance_store.backend [-] Attempting to import store glance.store.rbd.Store {{(pid=83234) _load_store /opt/stack/data/venv/lib/python3.12/site-packages/glance_store/backend.py:216}}
Jul 29 16:53:35.415541 np0000031960 devstack@g-api.service[83233]: DEBUG glance_store.backend [-] Attempting to import store glance.store.rbd.Store {{(pid=83233) _load_store /opt/stack/data/venv/lib/python3.12/site-packages/glance_store/backend.py:216}}
Jul 29 16:53:35.415588 np0000031960 devstack@g-api.service[83234]: DEBUG glance_store.backend [-] Attempting to import store glance.store.s3.Store {{(pid=83234) _load_store /opt/stack/data/venv/lib/python3.12/site-packages/glance_store/backend.py:216}}
Jul 29 16:53:35.415613 np0000031960 devstack@g-api.service[83233]: DEBUG glance_store.backend [-] Attempting to import store glance.store.s3.Store {{(pid=83233) _load_store /opt/stack/data/venv/lib/python3.12/site-packages/glance_store/backend.py:216}}
Jul 29 16:53:35.415648 np0000031960 devstack@g-api.service[83234]: DEBUG glance_store.backend [-] Attempting to import store glance.store.swift.Store {{(pid=83234) _load_store /opt/stack/data/venv/lib/python3.12/site-packages/glance_store/backend.py:216}}
Jul 29 16:53:35.415669 np0000031960 devstack@g-api.service[83233]: DEBUG glance_store.backend [-] Attempting to import store glance.store.swift.Store {{(pid=83233) _load_store /opt/stack/data/venv/lib/python3.12/site-packages/glance_store/backend.py:216}}
Jul 29 16:53:35.415704 np0000031960 devstack@g-api.service[83234]: DEBUG glance_store.backend [-] Attempting to import store glance.store.vmware_datastore.Store {{(pid=83234) _load_store /opt/stack/data/venv/lib/python3.12/site-packages/glance_store/backend.py:216}}
Jul 29 16:53:35.415724 np0000031960 devstack@g-api.service[83233]: DEBUG glance_store.backend [-] Attempting to import store glance.store.vmware_datastore.Store {{(pid=83233) _load_store /opt/stack/data/venv/lib/python3.12/site-packages/glance_store/backend.py:216}}
Jul 29 16:53:35.415757 np0000031960 devstack@g-api.service[83234]: DEBUG glance_store.backend [-] Attempting to import store http {{(pid=83234) _load_store /opt/stack/data/venv/lib/python3.12/site-packages/glance_store/backend.py:216}}
Jul 29 16:53:35.415780 np0000031960 devstack@g-api.service[83233]: DEBUG glance_store.backend [-] Attempting to import store http {{(pid=83233) _load_store /opt/stack/data/venv/lib/python3.12/site-packages/glance_store/backend.py:216}}
Jul 29 16:53:35.415811 np0000031960 devstack@g-api.service[83233]: DEBUG glance_store.backend [-] Attempting to import store no_conf {{(pid=83233) _load_store /opt/stack/data/venv/lib/python3.12/site-packages/glance_store/backend.py:216}}
Jul 29 16:53:35.415833 np0000031960 devstack@g-api.service[83234]: DEBUG glance_store.backend [-] Attempting to import store no_conf {{(pid=83234) _load_store /opt/stack/data/venv/lib/python3.12/site-packages/glance_store/backend.py:216}}
Jul 29 16:53:35.415865 np0000031960 devstack@g-api.service[83233]: DEBUG glance_store.backend [-] Attempting to import store rbd {{(pid=83233) _load_store /opt/stack/data/venv/lib/python3.12/site-packages/glance_store/backend.py:216}}
Jul 29 16:53:35.415886 np0000031960 devstack@g-api.service[83234]: DEBUG glance_store.backend [-] Attempting to import store rbd {{(pid=83234) _load_store /opt/stack/data/venv/lib/python3.12/site-packages/glance_store/backend.py:216}}
Jul 29 16:53:35.415917 np0000031960 devstack@g-api.service[83234]: DEBUG glance_store.backend [-] Attempting to import store s3 {{(pid=83234) _load_store /opt/stack/data/venv/lib/python3.12/site-packages/glance_store/backend.py:216}}
Jul 29 16:53:35.415936 np0000031960 devstack@g-api.service[83233]: DEBUG glance_store.backend [-] Attempting to import store s3 {{(pid=83233) _load_store /opt/stack/data/venv/lib/python3.12/site-packages/glance_store/backend.py:216}}
Jul 29 16:53:35.415967 np0000031960 devstack@g-api.service[83234]: DEBUG glance_store.backend [-] Attempting to import store swift {{(pid=83234) _load_store /opt/stack/data/venv/lib/python3.12/site-packages/glance_store/backend.py:216}}
Jul 29 16:53:35.415987 np0000031960 devstack@g-api.service[83233]: DEBUG glance_store.backend [-] Attempting to import store swift {{(pid=83233) _load_store /opt/stack/data/venv/lib/python3.12/site-packages/glance_store/backend.py:216}}
Jul 29 16:53:35.416018 np0000031960 devstack@g-api.service[83234]: DEBUG glance_store.backend [-] Attempting to import store vmware {{(pid=83234) _load_store /opt/stack/data/venv/lib/python3.12/site-packages/glance_store/backend.py:216}}
Jul 29 16:53:35.416044 np0000031960 devstack@g-api.service[83233]: DEBUG glance_store.backend [-] Attempting to import store vmware {{(pid=83233) _load_store /opt/stack/data/venv/lib/python3.12/site-packages/glance_store/backend.py:216}}
Jul 29 16:53:35.416090 np0000031960 devstack@g-api.service[83234]: DEBUG glance_store.backend [-] Registering options for group glance_store {{(pid=83234) register_opts /opt/stack/data/venv/lib/python3.12/site-packages/glance_store/backend.py:145}}
Jul 29 16:53:35.416111 np0000031960 devstack@g-api.service[83233]: DEBUG glance_store.backend [-] Registering options for group glance_store {{(pid=83233) register_opts /opt/stack/data/venv/lib/python3.12/site-packages/glance_store/backend.py:145}}
Jul 29 16:53:35.416263 np0000031960 devstack@g-api.service[83233]: DEBUG glance_store.backend [-] Registering options for group glance_store {{(pid=83233) register_opts /opt/stack/data/venv/lib/python3.12/site-packages/glance_store/backend.py:145}}
Jul 29 16:53:35.416284 np0000031960 devstack@g-api.service[83234]: DEBUG glance_store.backend [-] Registering options for group glance_store {{(pid=83234) register_opts /opt/stack/data/venv/lib/python3.12/site-packages/glance_store/backend.py:145}}
Jul 29 16:53:35.416554 np0000031960 devstack@g-api.service[83233]: DEBUG glance_store.backend [-] Attempting to import store file {{(pid=83233) _load_store /opt/stack/data/venv/lib/python3.12/site-packages/glance_store/backend.py:216}}
Jul 29 16:53:35.416575 np0000031960 devstack@g-api.service[83234]: DEBUG glance_store.backend [-] Attempting to import store file {{(pid=83234) _load_store /opt/stack/data/venv/lib/python3.12/site-packages/glance_store/backend.py:216}}
Jul 29 16:53:35.416882 np0000031960 devstack@g-api.service[83233]: DEBUG glance_store.capabilities [-] Store glance_store._drivers.filesystem.Store doesn't support updating dynamic storage capabilities. Please overwrite 'update_capabilities' method of the store to implement updating logics if needed. {{(pid=83233) update_capabilities /opt/stack/data/venv/lib/python3.12/site-packages/glance_store/capabilities.py:91}}
Jul 29 16:53:35.416907 np0000031960 devstack@g-api.service[83234]: DEBUG glance_store.capabilities [-] Store glance_store._drivers.filesystem.Store doesn't support updating dynamic storage capabilities. Please overwrite 'update_capabilities' method of the store to implement updating logics if needed. {{(pid=83234) update_capabilities /opt/stack/data/venv/lib/python3.12/site-packages/glance_store/capabilities.py:91}}
Jul 29 16:53:35.416925 np0000031960 devstack@g-api.service[83233]: DEBUG glance_store.backend [-] Registering store file with schemes ('file', 'filesystem') {{(pid=83233) create_stores /opt/stack/data/venv/lib/python3.12/site-packages/glance_store/backend.py:262}}
Jul 29 16:53:35.416942 np0000031960 devstack@g-api.service[83234]: DEBUG glance_store.backend [-] Registering store file with schemes ('file', 'filesystem') {{(pid=83234) create_stores /opt/stack/data/venv/lib/python3.12/site-packages/glance_store/backend.py:262}}
Jul 29 16:53:35.416978 np0000031960 devstack@g-api.service[83233]: DEBUG glance_store.driver [-] Late loading location class glance_store._drivers.filesystem.StoreLocation {{(pid=83233) get_store_location_class /opt/stack/data/venv/lib/python3.12/site-packages/glance_store/driver.py:136}}
Jul 29 16:53:35.417002 np0000031960 devstack@g-api.service[83234]: DEBUG glance_store.driver [-] Late loading location class glance_store._drivers.filesystem.StoreLocation {{(pid=83234) get_store_location_class /opt/stack/data/venv/lib/python3.12/site-packages/glance_store/driver.py:136}}
Jul 29 16:53:35.417036 np0000031960 devstack@g-api.service[83234]: DEBUG glance_store.location [-] Registering scheme file with {'store': <glance_store._drivers.filesystem.Store object at 0x7da5555f4290>, 'location_class': <class 'glance_store._drivers.filesystem.StoreLocation'>, 'store_entry': 'file'} {{(pid=83234) register_scheme_map /opt/stack/data/venv/lib/python3.12/site-packages/glance_store/location.py:146}}
Jul 29 16:53:35.417056 np0000031960 devstack@g-api.service[83233]: DEBUG glance_store.location [-] Registering scheme file with {'store': <glance_store._drivers.filesystem.Store object at 0x7da555195b20>, 'location_class': <class 'glance_store._drivers.filesystem.StoreLocation'>, 'store_entry': 'file'} {{(pid=83233) register_scheme_map /opt/stack/data/venv/lib/python3.12/site-packages/glance_store/location.py:146}}
Jul 29 16:53:35.417077 np0000031960 devstack@g-api.service[83233]: DEBUG glance_store.location [-] Registering scheme filesystem with {'store': <glance_store._drivers.filesystem.Store object at 0x7da555195b20>, 'location_class': <class 'glance_store._drivers.filesystem.StoreLocation'>, 'store_entry': 'file'} {{(pid=83233) register_scheme_map /opt/stack/data/venv/lib/python3.12/site-packages/glance_store/location.py:146}}
Jul 29 16:53:35.417097 np0000031960 devstack@g-api.service[83234]: DEBUG glance_store.location [-] Registering scheme filesystem with {'store': <glance_store._drivers.filesystem.Store object at 0x7da5555f4290>, 'location_class': <class 'glance_store._drivers.filesystem.StoreLocation'>, 'store_entry': 'file'} {{(pid=83234) register_scheme_map /opt/stack/data/venv/lib/python3.12/site-packages/glance_store/location.py:146}}
Jul 29 16:53:35.417114 np0000031960 devstack@g-api.service[83234]: DEBUG glance_store.backend [-] Attempting to import store http {{(pid=83234) _load_store /opt/stack/data/venv/lib/python3.12/site-packages/glance_store/backend.py:216}}
Jul 29 16:53:35.417132 np0000031960 devstack@g-api.service[83233]: DEBUG glance_store.backend [-] Attempting to import store http {{(pid=83233) _load_store /opt/stack/data/venv/lib/python3.12/site-packages/glance_store/backend.py:216}}
Jul 29 16:53:35.417263 np0000031960 devstack@g-api.service[83234]: DEBUG glance_store.capabilities [-] Store glance_store._drivers.http.Store doesn't support updating dynamic storage capabilities. Please overwrite 'update_capabilities' method of the store to implement updating logics if needed. {{(pid=83234) update_capabilities /opt/stack/data/venv/lib/python3.12/site-packages/glance_store/capabilities.py:91}}
Jul 29 16:53:35.417288 np0000031960 devstack@g-api.service[83233]: DEBUG glance_store.capabilities [-] Store glance_store._drivers.http.Store doesn't support updating dynamic storage capabilities. Please overwrite 'update_capabilities' method of the store to implement updating logics if needed. {{(pid=83233) update_capabilities /opt/stack/data/venv/lib/python3.12/site-packages/glance_store/capabilities.py:91}}
Jul 29 16:53:35.417305 np0000031960 devstack@g-api.service[83234]: DEBUG glance_store.backend [-] Registering store http with schemes ('http', 'https') {{(pid=83234) create_stores /opt/stack/data/venv/lib/python3.12/site-packages/glance_store/backend.py:262}}
Jul 29 16:53:35.417325 np0000031960 devstack@g-api.service[83233]: DEBUG glance_store.backend [-] Registering store http with schemes ('http', 'https') {{(pid=83233) create_stores /opt/stack/data/venv/lib/python3.12/site-packages/glance_store/backend.py:262}}
Jul 29 16:53:35.417342 np0000031960 devstack@g-api.service[83234]: DEBUG glance_store.driver [-] Late loading location class glance_store._drivers.http.StoreLocation {{(pid=83234) get_store_location_class /opt/stack/data/venv/lib/python3.12/site-packages/glance_store/driver.py:136}}
Jul 29 16:53:35.417359 np0000031960 devstack@g-api.service[83233]: DEBUG glance_store.driver [-] Late loading location class glance_store._drivers.http.StoreLocation {{(pid=83233) get_store_location_class /opt/stack/data/venv/lib/python3.12/site-packages/glance_store/driver.py:136}}
Jul 29 16:53:35.417379 np0000031960 devstack@g-api.service[83234]: DEBUG glance_store.location [-] Registering scheme http with {'store': <glance_store._drivers.http.Store object at 0x7da5546707a0>, 'location_class': <class 'glance_store._drivers.http.StoreLocation'>, 'store_entry': 'http'} {{(pid=83234) register_scheme_map /opt/stack/data/venv/lib/python3.12/site-packages/glance_store/location.py:146}}
Jul 29 16:53:35.417399 np0000031960 devstack@g-api.service[83233]: DEBUG glance_store.location [-] Registering scheme http with {'store': <glance_store._drivers.http.Store object at 0x7da555e5af00>, 'location_class': <class 'glance_store._drivers.http.StoreLocation'>, 'store_entry': 'http'} {{(pid=83233) register_scheme_map /opt/stack/data/venv/lib/python3.12/site-packages/glance_store/location.py:146}}
Jul 29 16:53:35.417418 np0000031960 devstack@g-api.service[83234]: DEBUG glance_store.location [-] Registering scheme https with {'store': <glance_store._drivers.http.Store object at 0x7da5546707a0>, 'location_class': <class 'glance_store._drivers.http.StoreLocation'>, 'store_entry': 'http'} {{(pid=83234) register_scheme_map /opt/stack/data/venv/lib/python3.12/site-packages/glance_store/location.py:146}}
Jul 29 16:53:35.417437 np0000031960 devstack@g-api.service[83233]: DEBUG glance_store.location [-] Registering scheme https with {'store': <glance_store._drivers.http.Store object at 0x7da555e5af00>, 'location_class': <class 'glance_store._drivers.http.StoreLocation'>, 'store_entry': 'http'} {{(pid=83233) register_scheme_map /opt/stack/data/venv/lib/python3.12/site-packages/glance_store/location.py:146}}
Jul 29 16:53:35.417640 np0000031960 devstack@g-api.service[83234]: DEBUG glance.sqlite_migration [-] SQLite caching database not located, skipping migration {{(pid=83234) get_db_path /opt/stack/glance/glance/sqlite_migration.py:68}}
Jul 29 16:53:35.417664 np0000031960 devstack@g-api.service[83233]: DEBUG glance.sqlite_migration [-] SQLite caching database not located, skipping migration {{(pid=83233) get_db_path /opt/stack/glance/glance/sqlite_migration.py:68}}
Jul 29 16:53:35.417782 np0000031960 devstack@g-api.service[83233]: WARNING glance.common.wsgi_app [-] Import methods are enabled but staging directory /tmp/staging/ does not exist; Imports will fail!
Jul 29 16:53:35.417805 np0000031960 devstack@g-api.service[83234]: WARNING glance.common.wsgi_app [-] Import methods are enabled but staging directory /tmp/staging/ does not exist; Imports will fail!
Jul 29 16:53:35.643696 np0000031960 devstack@g-api.service[83234]: DEBUG glance.common.config [None req-c580ec92-350e-4723-b204-2a878659ba66 None None] Loading glance-api-keystone+cachemanagement from /etc/glance/glance-api-paste.ini {{(pid=83234) load_paste_app /opt/stack/glance/glance/common/config.py:750}}
Jul 29 16:53:35.650670 np0000031960 devstack@g-api.service[83233]: DEBUG glance.common.config [None req-35830dff-dcf3-4a44-929e-c2b842d8e9d9 None None] Loading glance-api-keystone+cachemanagement from /etc/glance/glance-api-paste.ini {{(pid=83233) load_paste_app /opt/stack/glance/glance/common/config.py:750}}
Jul 29 16:53:36.128298 np0000031960 devstack@g-api.service[83234]: INFO glance.image_cache [None req-c580ec92-350e-4723-b204-2a878659ba66 None None] Image cache loaded driver 'centralized_db'.
Jul 29 16:53:36.132308 np0000031960 devstack@g-api.service[83233]: INFO glance.image_cache [None req-35830dff-dcf3-4a44-929e-c2b842d8e9d9 None None] Image cache loaded driver 'centralized_db'.
Jul 29 16:53:36.160411 np0000031960 devstack@g-api.service[83234]: INFO dbcounter [None req-c580ec92-350e-4723-b204-2a878659ba66 None None] Registered counter for database glance
Jul 29 16:53:36.167037 np0000031960 devstack@g-api.service[83233]: INFO dbcounter [None req-35830dff-dcf3-4a44-929e-c2b842d8e9d9 None None] Registered counter for database glance
Jul 29 16:53:36.169140 np0000031960 devstack@g-api.service[83234]: DEBUG oslo_db.sqlalchemy.engines [None req-c580ec92-350e-4723-b204-2a878659ba66 None None] MySQL server mode set to STRICT_TRANS_TABLES,STRICT_ALL_TABLES,NO_ZERO_IN_DATE,NO_ZERO_DATE,ERROR_FOR_DIVISION_BY_ZERO,TRADITIONAL,NO_ENGINE_SUBSTITUTION {{(pid=83234) _check_effective_sql_mode /opt/stack/data/venv/lib/python3.12/site-packages/oslo_db/sqlalchemy/engines.py:397}}
Jul 29 16:53:36.175890 np0000031960 devstack@g-api.service[83233]: DEBUG oslo_db.sqlalchemy.engines [None req-35830dff-dcf3-4a44-929e-c2b842d8e9d9 None None] MySQL server mode set to STRICT_TRANS_TABLES,STRICT_ALL_TABLES,NO_ZERO_IN_DATE,NO_ZERO_DATE,ERROR_FOR_DIVISION_BY_ZERO,TRADITIONAL,NO_ENGINE_SUBSTITUTION {{(pid=83233) _check_effective_sql_mode /opt/stack/data/venv/lib/python3.12/site-packages/oslo_db/sqlalchemy/engines.py:397}}
Jul 29 16:53:36.186682 np0000031960 devstack@g-api.service[83234]: DEBUG dbcounter [-] [83234] Writer thread running {{(pid=83234) stat_writer /opt/stack/data/venv/lib/python3.12/site-packages/dbcounter.py:102}}
Jul 29 16:53:36.195004 np0000031960 devstack@g-api.service[83233]: DEBUG dbcounter [-] [83233] Writer thread running {{(pid=83233) stat_writer /opt/stack/data/venv/lib/python3.12/site-packages/dbcounter.py:102}}
Jul 29 16:53:36.197108 np0000031960 devstack@g-api.service[83233]: DEBUG glance.image_cache.drivers.centralized_db [None req-35830dff-dcf3-4a44-929e-c2b842d8e9d9 None None] Node reference is already recorded, ignoring it {{(pid=83233) configure /opt/stack/glance/glance/image_cache/drivers/centralized_db.py:71}}
Jul 29 16:53:36.198539 np0000031960 devstack@g-api.service[83234]: INFO glance.image_cache [None req-c580ec92-350e-4723-b204-2a878659ba66 None None] Image cache loaded driver 'centralized_db'.
Jul 29 16:53:36.201783 np0000031960 devstack@g-api.service[83233]: INFO glance.image_cache [None req-35830dff-dcf3-4a44-929e-c2b842d8e9d9 None None] Image cache loaded driver 'centralized_db'.
Jul 29 16:53:36.204039 np0000031960 devstack@g-api.service[83234]: DEBUG glance.image_cache.drivers.centralized_db [None req-c580ec92-350e-4723-b204-2a878659ba66 None None] Node reference is already recorded, ignoring it {{(pid=83234) configure /opt/stack/glance/glance/image_cache/drivers/centralized_db.py:71}}
Jul 29 16:53:36.207910 np0000031960 devstack@g-api.service[83234]: DEBUG glance.api.v2.cached_images [None req-c580ec92-350e-4723-b204-2a878659ba66 None None] Started cache worker thread {{(pid=83234) __init__ /opt/stack/glance/glance/api/v2/cached_images.py:69}}
Jul 29 16:53:36.208405 np0000031960 devstack@g-api.service[83234]: INFO glance.image_cache [None req-c580ec92-350e-4723-b204-2a878659ba66 None None] Image cache loaded driver 'centralized_db'.
Jul 29 16:53:36.209258 np0000031960 devstack@g-api.service[83233]: DEBUG glance.image_cache.drivers.centralized_db [None req-35830dff-dcf3-4a44-929e-c2b842d8e9d9 None None] Node reference is already recorded, ignoring it {{(pid=83233) configure /opt/stack/glance/glance/image_cache/drivers/centralized_db.py:71}}
Jul 29 16:53:36.213236 np0000031960 devstack@g-api.service[83233]: DEBUG glance.api.v2.cached_images [None req-35830dff-dcf3-4a44-929e-c2b842d8e9d9 None None] Started cache worker thread {{(pid=83233) __init__ /opt/stack/glance/glance/api/v2/cached_images.py:69}}
Jul 29 16:53:36.213643 np0000031960 devstack@g-api.service[83234]: DEBUG glance.image_cache.drivers.centralized_db [None req-c580ec92-350e-4723-b204-2a878659ba66 None None] Node reference is already recorded, ignoring it {{(pid=83234) configure /opt/stack/glance/glance/image_cache/drivers/centralized_db.py:71}}
Jul 29 16:53:36.213675 np0000031960 devstack@g-api.service[83233]: INFO glance.image_cache [None req-35830dff-dcf3-4a44-929e-c2b842d8e9d9 None None] Image cache loaded driver 'centralized_db'.
Jul 29 16:53:36.217453 np0000031960 devstack@g-api.service[83234]: INFO glance.api.middleware.cache_manage [None req-c580ec92-350e-4723-b204-2a878659ba66 None None] Initialized image cache management middleware
Jul 29 16:53:36.217574 np0000031960 devstack@g-api.service[83234]: INFO glance.image_cache [None req-c580ec92-350e-4723-b204-2a878659ba66 None None] Image cache loaded driver 'centralized_db'.
Jul 29 16:53:36.219105 np0000031960 devstack@g-api.service[83233]: DEBUG glance.image_cache.drivers.centralized_db [None req-35830dff-dcf3-4a44-929e-c2b842d8e9d9 None None] Node reference is already recorded, ignoring it {{(pid=83233) configure /opt/stack/glance/glance/image_cache/drivers/centralized_db.py:71}}
Jul 29 16:53:36.222612 np0000031960 devstack@g-api.service[83234]: DEBUG glance.image_cache.drivers.centralized_db [None req-c580ec92-350e-4723-b204-2a878659ba66 None None] Node reference is already recorded, ignoring it {{(pid=83234) configure /opt/stack/glance/glance/image_cache/drivers/centralized_db.py:71}}
Jul 29 16:53:36.223074 np0000031960 devstack@g-api.service[83233]: INFO glance.api.middleware.cache_manage [None req-35830dff-dcf3-4a44-929e-c2b842d8e9d9 None None] Initialized image cache management middleware
Jul 29 16:53:36.223206 np0000031960 devstack@g-api.service[83233]: INFO glance.image_cache [None req-35830dff-dcf3-4a44-929e-c2b842d8e9d9 None None] Image cache loaded driver 'centralized_db'.
Jul 29 16:53:36.226348 np0000031960 devstack@g-api.service[83234]: INFO glance.api.middleware.cache [None req-c580ec92-350e-4723-b204-2a878659ba66 None None] Initialized image cache middleware
Jul 29 16:53:36.228484 np0000031960 devstack@g-api.service[83233]: DEBUG glance.image_cache.drivers.centralized_db [None req-35830dff-dcf3-4a44-929e-c2b842d8e9d9 None None] Node reference is already recorded, ignoring it {{(pid=83233) configure /opt/stack/glance/glance/image_cache/drivers/centralized_db.py:71}}
Jul 29 16:53:36.230937 np0000031960 devstack@g-api.service[83234]: WARNING keystonemiddleware.auth_token [None req-c580ec92-350e-4723-b204-2a878659ba66 None None] AuthToken middleware is set with keystone_authtoken.service_token_roles_required set to False. This is backwards compatible but deprecated behaviour. Please set this to True.
Jul 29 16:53:36.231637 np0000031960 devstack@g-api.service[83233]: INFO glance.api.middleware.cache [None req-35830dff-dcf3-4a44-929e-c2b842d8e9d9 None None] Initialized image cache middleware
Jul 29 16:53:36.233872 np0000031960 devstack@g-api.service[83234]: WARNING keystonemiddleware.auth_token [None req-c580ec92-350e-4723-b204-2a878659ba66 None None] Configuring www_authenticate_uri to point to the public identity endpoint is required; clients may not be able to authenticate against an admin endpoint
Jul 29 16:53:36.236425 np0000031960 devstack@g-api.service[83234]: DEBUG glance.common.config [None req-c580ec92-350e-4723-b204-2a878659ba66 None None] ******************************************************************************** {{(pid=83234) log_opt_values /opt/stack/data/venv/lib/python3.12/site-packages/oslo_config/cfg.py:2804}}
Jul 29 16:53:36.236512 np0000031960 devstack@g-api.service[83234]: DEBUG glance.common.config [None req-c580ec92-350e-4723-b204-2a878659ba66 None None] Configuration options gathered from: {{(pid=83234) log_opt_values /opt/stack/data/venv/lib/python3.12/site-packages/oslo_config/cfg.py:2805}}
Jul 29 16:53:36.236731 np0000031960 devstack@g-api.service[83234]: DEBUG glance.common.config [None req-c580ec92-350e-4723-b204-2a878659ba66 None None] command line args: [] {{(pid=83234) log_opt_values /opt/stack/data/venv/lib/python3.12/site-packages/oslo_config/cfg.py:2806}}
Jul 29 16:53:36.236825 np0000031960 devstack@g-api.service[83234]: DEBUG glance.common.config [None req-c580ec92-350e-4723-b204-2a878659ba66 None None] config files: ['/etc/glance/glance-image-import.conf', '/etc/glance/glance-api.conf'] {{(pid=83234) log_opt_values /opt/stack/data/venv/lib/python3.12/site-packages/oslo_config/cfg.py:2807}}
Jul 29 16:53:36.236847 np0000031960 devstack@g-api.service[83233]: WARNING keystonemiddleware.auth_token [None req-35830dff-dcf3-4a44-929e-c2b842d8e9d9 None None] AuthToken middleware is set with keystone_authtoken.service_token_roles_required set to False. This is backwards compatible but deprecated behaviour. Please set this to True.
Jul 29 16:53:36.236894 np0000031960 devstack@g-api.service[83234]: DEBUG glance.common.config [None req-c580ec92-350e-4723-b204-2a878659ba66 None None] ================================================================================ {{(pid=83234) log_opt_values /opt/stack/data/venv/lib/python3.12/site-packages/oslo_config/cfg.py:2809}}
Jul 29 16:53:36.236971 np0000031960 devstack@g-api.service[83234]: DEBUG glance.common.config [None req-c580ec92-350e-4723-b204-2a878659ba66 None None] allow_anonymous_access         = False {{(pid=83234) log_opt_values /opt/stack/data/venv/lib/python3.12/site-packages/oslo_config/cfg.py:2817}}
Jul 29 16:53:36.237066 np0000031960 devstack@g-api.service[83234]: DEBUG glance.common.config [None req-c580ec92-350e-4723-b204-2a878659ba66 None None] api_limit_max                  = 1000 {{(pid=83234) log_opt_values /opt/stack/data/venv/lib/python3.12/site-packages/oslo_config/cfg.py:2817}}
Jul 29 16:53:36.237141 np0000031960 devstack@g-api.service[83234]: DEBUG glance.common.config [None req-c580ec92-350e-4723-b204-2a878659ba66 None None] backlog                        = 4096 {{(pid=83234) log_opt_values /opt/stack/data/venv/lib/python3.12/site-packages/oslo_config/cfg.py:2817}}
Jul 29 16:53:36.237244 np0000031960 devstack@g-api.service[83234]: DEBUG glance.common.config [None req-c580ec92-350e-4723-b204-2a878659ba66 None None] bind_host                      = 0.0.0.0 {{(pid=83234) log_opt_values /opt/stack/data/venv/lib/python3.12/site-packages/oslo_config/cfg.py:2817}}
Jul 29 16:53:36.237330 np0000031960 devstack@g-api.service[83234]: DEBUG glance.common.config [None req-c580ec92-350e-4723-b204-2a878659ba66 None None] bind_port                      = 19292 {{(pid=83234) log_opt_values /opt/stack/data/venv/lib/python3.12/site-packages/oslo_config/cfg.py:2817}}
Jul 29 16:53:36.237404 np0000031960 devstack@g-api.service[83234]: DEBUG glance.common.config [None req-c580ec92-350e-4723-b204-2a878659ba66 None None] client_socket_timeout          = 900 {{(pid=83234) log_opt_values /opt/stack/data/venv/lib/python3.12/site-packages/oslo_config/cfg.py:2817}}
Jul 29 16:53:36.237490 np0000031960 devstack@g-api.service[83234]: DEBUG glance.common.config [None req-c580ec92-350e-4723-b204-2a878659ba66 None None] config_dir                     = [] {{(pid=83234) log_opt_values /opt/stack/data/venv/lib/python3.12/site-packages/oslo_config/cfg.py:2817}}
Jul 29 16:53:36.237547 np0000031960 devstack@g-api.service[83234]: DEBUG glance.common.config [None req-c580ec92-350e-4723-b204-2a878659ba66 None None] config_file                    = ['/etc/glance/glance-image-import.conf', '/etc/glance/glance-api.conf'] {{(pid=83234) log_opt_values /opt/stack/data/venv/lib/python3.12/site-packages/oslo_config/cfg.py:2817}}
Jul 29 16:53:36.237622 np0000031960 devstack@g-api.service[83234]: DEBUG glance.common.config [None req-c580ec92-350e-4723-b204-2a878659ba66 None None] config_source                  = [] {{(pid=83234) log_opt_values /opt/stack/data/venv/lib/python3.12/site-packages/oslo_config/cfg.py:2817}}
Jul 29 16:53:36.237700 np0000031960 devstack@g-api.service[83234]: DEBUG glance.common.config [None req-c580ec92-350e-4723-b204-2a878659ba66 None None] control_exchange               = glance {{(pid=83234) log_opt_values /opt/stack/data/venv/lib/python3.12/site-packages/oslo_config/cfg.py:2817}}
Jul 29 16:53:36.237751 np0000031960 devstack@g-api.service[83234]: DEBUG glance.common.config [None req-c580ec92-350e-4723-b204-2a878659ba66 None None] debug                          = True {{(pid=83234) log_opt_values /opt/stack/data/venv/lib/python3.12/site-packages/oslo_config/cfg.py:2817}}
Jul 29 16:53:36.237880 np0000031960 devstack@g-api.service[83234]: DEBUG glance.common.config [None req-c580ec92-350e-4723-b204-2a878659ba66 None None] default_log_levels             = ['amqp=WARN', 'amqplib=WARN', 'boto=WARN', 'qpid=WARN', 'sqlalchemy=WARN', 'suds=INFO', 'oslo.messaging=INFO', 'oslo_messaging=INFO', 'iso8601=WARN', 'requests.packages.urllib3.connectionpool=WARN', 'urllib3.connectionpool=WARN', 'websocket=WARN', 'requests.packages.urllib3.util.retry=WARN', 'urllib3.util.retry=WARN', 'keystonemiddleware=WARN', 'routes.middleware=WARN', 'stevedore=WARN', 'taskflow=WARN', 'keystoneauth=WARN', 'oslo.cache=INFO', 'oslo_policy=INFO', 'dogpile.core.dogpile=INFO'] {{(pid=83234) log_opt_values /opt/stack/data/venv/lib/python3.12/site-packages/oslo_config/cfg.py:2817}}
Jul 29 16:53:36.237952 np0000031960 devstack@g-api.service[83234]: DEBUG glance.common.config [None req-c580ec92-350e-4723-b204-2a878659ba66 None None] default_publisher_id           = image.localhost {{(pid=83234) log_opt_values /opt/stack/data/venv/lib/python3.12/site-packages/oslo_config/cfg.py:2817}}
Jul 29 16:53:36.238030 np0000031960 devstack@g-api.service[83234]: DEBUG glance.common.config [None req-c580ec92-350e-4723-b204-2a878659ba66 None None] delayed_delete                 = False {{(pid=83234) log_opt_values /opt/stack/data/venv/lib/python3.12/site-packages/oslo_config/cfg.py:2817}}
Jul 29 16:53:36.238104 np0000031960 devstack@g-api.service[83234]: DEBUG glance.common.config [None req-c580ec92-350e-4723-b204-2a878659ba66 None None] digest_algorithm               = sha256 {{(pid=83234) log_opt_values /opt/stack/data/venv/lib/python3.12/site-packages/oslo_config/cfg.py:2817}}
Jul 29 16:53:36.238176 np0000031960 devstack@g-api.service[83234]: DEBUG glance.common.config [None req-c580ec92-350e-4723-b204-2a878659ba66 None None] disabled_notifications         = [] {{(pid=83234) log_opt_values /opt/stack/data/venv/lib/python3.12/site-packages/oslo_config/cfg.py:2817}}
Jul 29 16:53:36.238246 np0000031960 devstack@g-api.service[83234]: DEBUG glance.common.config [None req-c580ec92-350e-4723-b204-2a878659ba66 None None] do_secure_hash                 = True {{(pid=83234) log_opt_values /opt/stack/data/venv/lib/python3.12/site-packages/oslo_config/cfg.py:2817}}
Jul 29 16:53:36.238316 np0000031960 devstack@g-api.service[83234]: DEBUG glance.common.config [None req-c580ec92-350e-4723-b204-2a878659ba66 None None] enabled_backends               = None {{(pid=83234) log_opt_values /opt/stack/data/venv/lib/python3.12/site-packages/oslo_config/cfg.py:2817}}
Jul 29 16:53:36.238399 np0000031960 devstack@g-api.service[83234]: DEBUG glance.common.config [None req-c580ec92-350e-4723-b204-2a878659ba66 None None] enabled_import_methods         = ['glance-direct', 'web-download', 'copy-image'] {{(pid=83234) log_opt_values /opt/stack/data/venv/lib/python3.12/site-packages/oslo_config/cfg.py:2817}}
Jul 29 16:53:36.238481 np0000031960 devstack@g-api.service[83234]: DEBUG glance.common.config [None req-c580ec92-350e-4723-b204-2a878659ba66 None None] hashing_algorithm              = sha512 {{(pid=83234) log_opt_values /opt/stack/data/venv/lib/python3.12/site-packages/oslo_config/cfg.py:2817}}
Jul 29 16:53:36.238551 np0000031960 devstack@g-api.service[83234]: DEBUG glance.common.config [None req-c580ec92-350e-4723-b204-2a878659ba66 None None] http_keepalive                 = True {{(pid=83234) log_opt_values /opt/stack/data/venv/lib/python3.12/site-packages/oslo_config/cfg.py:2817}}
Jul 29 16:53:36.238622 np0000031960 devstack@g-api.service[83234]: DEBUG glance.common.config [None req-c580ec92-350e-4723-b204-2a878659ba66 None None] http_retries                   = 3 {{(pid=83234) log_opt_values /opt/stack/data/venv/lib/python3.12/site-packages/oslo_config/cfg.py:2817}}
Jul 29 16:53:36.238694 np0000031960 devstack@g-api.service[83234]: DEBUG glance.common.config [None req-c580ec92-350e-4723-b204-2a878659ba66 None None] image_cache_dir                = /opt/stack/data/glance/cache/ {{(pid=83234) log_opt_values /opt/stack/data/venv/lib/python3.12/site-packages/oslo_config/cfg.py:2817}}
Jul 29 16:53:36.238765 np0000031960 devstack@g-api.service[83234]: DEBUG glance.common.config [None req-c580ec92-350e-4723-b204-2a878659ba66 None None] image_cache_driver             = centralized_db {{(pid=83234) log_opt_values /opt/stack/data/venv/lib/python3.12/site-packages/oslo_config/cfg.py:2817}}
Jul 29 16:53:36.238834 np0000031960 devstack@g-api.service[83234]: DEBUG glance.common.config [None req-c580ec92-350e-4723-b204-2a878659ba66 None None] image_cache_max_size           = 10737418240 {{(pid=83234) log_opt_values /opt/stack/data/venv/lib/python3.12/site-packages/oslo_config/cfg.py:2817}}
Jul 29 16:53:36.238905 np0000031960 devstack@g-api.service[83234]: DEBUG glance.common.config [None req-c580ec92-350e-4723-b204-2a878659ba66 None None] image_cache_sqlite_db          = cache.db {{(pid=83234) log_opt_values /opt/stack/data/venv/lib/python3.12/site-packages/oslo_config/cfg.py:2817}}
Jul 29 16:53:36.238976 np0000031960 devstack@g-api.service[83234]: DEBUG glance.common.config [None req-c580ec92-350e-4723-b204-2a878659ba66 None None] image_cache_stall_time         = 86400 {{(pid=83234) log_opt_values /opt/stack/data/venv/lib/python3.12/site-packages/oslo_config/cfg.py:2817}}
Jul 29 16:53:36.239050 np0000031960 devstack@g-api.service[83234]: DEBUG glance.common.config [None req-c580ec92-350e-4723-b204-2a878659ba66 None None] image_location_quota           = 10 {{(pid=83234) log_opt_values /opt/stack/data/venv/lib/python3.12/site-packages/oslo_config/cfg.py:2817}}
Jul 29 16:53:36.239119 np0000031960 devstack@g-api.service[83234]: DEBUG glance.common.config [None req-c580ec92-350e-4723-b204-2a878659ba66 None None] image_member_quota             = 128 {{(pid=83234) log_opt_values /opt/stack/data/venv/lib/python3.12/site-packages/oslo_config/cfg.py:2817}}
Jul 29 16:53:36.239186 np0000031960 devstack@g-api.service[83234]: DEBUG glance.common.config [None req-c580ec92-350e-4723-b204-2a878659ba66 None None] image_property_quota           = 128 {{(pid=83234) log_opt_values /opt/stack/data/venv/lib/python3.12/site-packages/oslo_config/cfg.py:2817}}
Jul 29 16:53:36.239256 np0000031960 devstack@g-api.service[83234]: DEBUG glance.common.config [None req-c580ec92-350e-4723-b204-2a878659ba66 None None] image_size_cap                 = 1099511627776 {{(pid=83234) log_opt_values /opt/stack/data/venv/lib/python3.12/site-packages/oslo_config/cfg.py:2817}}
Jul 29 16:53:36.239324 np0000031960 devstack@g-api.service[83234]: DEBUG glance.common.config [None req-c580ec92-350e-4723-b204-2a878659ba66 None None] image_tag_quota                = 128 {{(pid=83234) log_opt_values /opt/stack/data/venv/lib/python3.12/site-packages/oslo_config/cfg.py:2817}}
Jul 29 16:53:36.239394 np0000031960 devstack@g-api.service[83234]: DEBUG glance.common.config [None req-c580ec92-350e-4723-b204-2a878659ba66 None None] instance_format                = [instance: %(uuid)s]  {{(pid=83234) log_opt_values /opt/stack/data/venv/lib/python3.12/site-packages/oslo_config/cfg.py:2817}}
Jul 29 16:53:36.239476 np0000031960 devstack@g-api.service[83234]: DEBUG glance.common.config [None req-c580ec92-350e-4723-b204-2a878659ba66 None None] instance_uuid_format           = [instance: %(uuid)s]  {{(pid=83234) log_opt_values /opt/stack/data/venv/lib/python3.12/site-packages/oslo_config/cfg.py:2817}}
Jul 29 16:53:36.239547 np0000031960 devstack@g-api.service[83234]: DEBUG glance.common.config [None req-c580ec92-350e-4723-b204-2a878659ba66 None None] limit_param_default            = 25 {{(pid=83234) log_opt_values /opt/stack/data/venv/lib/python3.12/site-packages/oslo_config/cfg.py:2817}}
Jul 29 16:53:36.239623 np0000031960 devstack@g-api.service[83234]: DEBUG glance.common.config [None req-c580ec92-350e-4723-b204-2a878659ba66 None None] log_color                      = False {{(pid=83234) log_opt_values /opt/stack/data/venv/lib/python3.12/site-packages/oslo_config/cfg.py:2817}}
Jul 29 16:53:36.239698 np0000031960 devstack@g-api.service[83234]: DEBUG glance.common.config [None req-c580ec92-350e-4723-b204-2a878659ba66 None None] log_config_append              = None {{(pid=83234) log_opt_values /opt/stack/data/venv/lib/python3.12/site-packages/oslo_config/cfg.py:2817}}
Jul 29 16:53:36.239745 np0000031960 devstack@g-api.service[83233]: WARNING keystonemiddleware.auth_token [None req-35830dff-dcf3-4a44-929e-c2b842d8e9d9 None None] Configuring www_authenticate_uri to point to the public identity endpoint is required; clients may not be able to authenticate against an admin endpoint
Jul 29 16:53:36.239777 np0000031960 devstack@g-api.service[83234]: DEBUG glance.common.config [None req-c580ec92-350e-4723-b204-2a878659ba66 None None] log_date_format                = %Y-%m-%d %H:%M:%S {{(pid=83234) log_opt_values /opt/stack/data/venv/lib/python3.12/site-packages/oslo_config/cfg.py:2817}}
Jul 29 16:53:36.239847 np0000031960 devstack@g-api.service[83234]: DEBUG glance.common.config [None req-c580ec92-350e-4723-b204-2a878659ba66 None None] log_dir                        = None {{(pid=83234) log_opt_values /opt/stack/data/venv/lib/python3.12/site-packages/oslo_config/cfg.py:2817}}
Jul 29 16:53:36.239945 np0000031960 devstack@g-api.service[83234]: DEBUG glance.common.config [None req-c580ec92-350e-4723-b204-2a878659ba66 None None] log_file                       = None {{(pid=83234) log_opt_values /opt/stack/data/venv/lib/python3.12/site-packages/oslo_config/cfg.py:2817}}
Jul 29 16:53:36.239990 np0000031960 devstack@g-api.service[83234]: DEBUG glance.common.config [None req-c580ec92-350e-4723-b204-2a878659ba66 None None] log_rotate_interval            = 1 {{(pid=83234) log_opt_values /opt/stack/data/venv/lib/python3.12/site-packages/oslo_config/cfg.py:2817}}
Jul 29 16:53:36.240068 np0000031960 devstack@g-api.service[83234]: DEBUG glance.common.config [None req-c580ec92-350e-4723-b204-2a878659ba66 None None] log_rotate_interval_type       = days {{(pid=83234) log_opt_values /opt/stack/data/venv/lib/python3.12/site-packages/oslo_config/cfg.py:2817}}
Jul 29 16:53:36.240141 np0000031960 devstack@g-api.service[83234]: DEBUG glance.common.config [None req-c580ec92-350e-4723-b204-2a878659ba66 None None] log_rotation_type              = none {{(pid=83234) log_opt_values /opt/stack/data/venv/lib/python3.12/site-packages/oslo_config/cfg.py:2817}}
Jul 29 16:53:36.240196 np0000031960 devstack@g-api.service[83234]: DEBUG glance.common.config [None req-c580ec92-350e-4723-b204-2a878659ba66 None None] logging_context_format_string  = %(color)s%(levelname)s %(name)s [%(global_request_id)s %(request_id)s %(project_name)s %(user_name)s%(color)s] %(instance)s%(color)s%(message)s {{(pid=83234) log_opt_values /opt/stack/data/venv/lib/python3.12/site-packages/oslo_config/cfg.py:2817}}
Jul 29 16:53:36.240249 np0000031960 devstack@g-api.service[83234]: DEBUG glance.common.config [None req-c580ec92-350e-4723-b204-2a878659ba66 None None] logging_debug_format_suffix    = {{(pid=%(process)d) %(funcName)s %(pathname)s:%(lineno)d}} {{(pid=83234) log_opt_values /opt/stack/data/venv/lib/python3.12/site-packages/oslo_config/cfg.py:2817}}
Jul 29 16:53:36.240323 np0000031960 devstack@g-api.service[83234]: DEBUG glance.common.config [None req-c580ec92-350e-4723-b204-2a878659ba66 None None] logging_default_format_string  = %(color)s%(levelname)s %(name)s [-%(color)s] %(instance)s%(color)s%(message)s {{(pid=83234) log_opt_values /opt/stack/data/venv/lib/python3.12/site-packages/oslo_config/cfg.py:2817}}
Jul 29 16:53:36.240396 np0000031960 devstack@g-api.service[83234]: DEBUG glance.common.config [None req-c580ec92-350e-4723-b204-2a878659ba66 None None] logging_exception_prefix       = ERROR %(name)s %(instance)s {{(pid=83234) log_opt_values /opt/stack/data/venv/lib/python3.12/site-packages/oslo_config/cfg.py:2817}}
Jul 29 16:53:36.240452 np0000031960 devstack@g-api.service[83234]: DEBUG glance.common.config [None req-c580ec92-350e-4723-b204-2a878659ba66 None None] logging_user_identity_format   = %(user)s %(project)s %(domain)s %(system_scope)s %(user_domain)s %(project_domain)s {{(pid=83234) log_opt_values /opt/stack/data/venv/lib/python3.12/site-packages/oslo_config/cfg.py:2817}}
Jul 29 16:53:36.240526 np0000031960 devstack@g-api.service[83234]: DEBUG glance.common.config [None req-c580ec92-350e-4723-b204-2a878659ba66 None None] max_header_line                = 16384 {{(pid=83234) log_opt_values /opt/stack/data/venv/lib/python3.12/site-packages/oslo_config/cfg.py:2817}}
Jul 29 16:53:36.240596 np0000031960 devstack@g-api.service[83234]: DEBUG glance.common.config [None req-c580ec92-350e-4723-b204-2a878659ba66 None None] max_logfile_count              = 30 {{(pid=83234) log_opt_values /opt/stack/data/venv/lib/python3.12/site-packages/oslo_config/cfg.py:2817}}
Jul 29 16:53:36.240666 np0000031960 devstack@g-api.service[83234]: DEBUG glance.common.config [None req-c580ec92-350e-4723-b204-2a878659ba66 None None] max_logfile_size_mb            = 200 {{(pid=83234) log_opt_values /opt/stack/data/venv/lib/python3.12/site-packages/oslo_config/cfg.py:2817}}
Jul 29 16:53:36.240734 np0000031960 devstack@g-api.service[83234]: DEBUG glance.common.config [None req-c580ec92-350e-4723-b204-2a878659ba66 None None] max_request_id_length          = 64 {{(pid=83234) log_opt_values /opt/stack/data/venv/lib/python3.12/site-packages/oslo_config/cfg.py:2817}}
